[DBG] {"category": "QUEUE", "component": "queue", "event": "BEGIN:transfer_queue_init", "host": "d6b2a058c4be", "pid": 222419, "rank": null, "run_id": "smoke01", "ts": "2026-10-04 16:42:23"}
[DBG] {"category": "QUEUE", "component": "queue", "event": "watchdog_armed", "host": "d6b2a058c4be", "pid": 222419, "rank": null, "stage": "transfer_queue_init", "timeout_sec": 30.0, "ts": "2026-10-04 16:42:23"}
[DBG] {"category": "QUEUE", "component": "queue", "elapsed_sec": 7.009627, "event": "END:transfer_queue_init", "host": "d6b2a058c4be", "pid": 222419, "rank": null, "ts": "2026-10-04 16:42:30"}
[DBG] {"category": "QUEUE", "component": "queue", "event": "broker_ready", "host": "d6b2a058c4be", "pid": 222419, "queues": {"preference": "preference", "rollout": "rollout"}, "rank": null, "ts": "2026-10-04 16:42:30"}
[DBG] {"category": "QUEUE", "component": "queue", "current_version": null, "event": "BEGIN:queue_list_for_pop", "exact": false, "host": "d6b2a058c4be", "max_lag": null, "pid": 222419, "queue": "rollout", "rank": null, "requested": 1, "ts": "2026-10-04 16:43:10"}
[DBG] {"category": "QUEUE", "component": "queue", "event": "watchdog_armed", "host": "d6b2a058c4be", "pid": 222419, "rank": null, "stage": "queue_list_for_pop", "timeout_sec": 30.0, "ts": "2026-10-04 16:43:10"}
[DBG] {"category": "QUEUE", "component": "queue", "elapsed_sec": 0.004949, "event": "END:queue_list_for_pop", "host": "d6b2a058c4be", "pid": 222419, "rank": null, "ts": "2026-10-04 16:43:10"}
[DBG] {"available": 0, "category": "QUEUE", "component": "queue", "event": "pop_scan", "exact": false, "host": "d6b2a058c4be", "pid": 222419, "queue": "rollout", "rank": null, "requested": 1, "selected": 0, "selected_keys": [], "stale": 0, "stale_keys": [], "ts": "2026-10-04 16:43:10"}
[DBG] {"category": "QUEUE", "component": "queue", "event": "pop_done", "host": "d6b2a058c4be", "item_ids": [], "pid": 222419, "queue": "rollout", "rank": null, "remaining": 0, "returned": 0, "stale": 0, "ts": "2026-10-04 16:43:10"}
[DBG] {"category": "QUEUE", "component": "queue", "event": "size_changed", "host": "d6b2a058c4be", "pid": 222419, "queue": "rollout", "rank": null, "size": 0, "ts": "2026-10-04 16:43:10"}
[DBG] {"category": "QUEUE", "component": "queue", "current_version": null, "event": "BEGIN:queue_list_for_pop", "exact": false, "host": "d6b2a058c4be", "max_lag": null, "pid": 222419, "queue": "rollout", "rank": null, "requested": 1, "ts": "2026-10-04 16:43:10"}
[DBG] {"category": "QUEUE", "component": "queue", "event": "watchdog_armed", "host": "d6b2a058c4be", "pid": 222419, "rank": null, "stage": "queue_list_for_pop", "timeout_sec": 30.0, "ts": "2026-10-04 16:43:10"}
[DBG] {"category": "QUEUE", "component": "queue", "elapsed_sec": 0.00236, "event": "END:queue_list_for_pop", "host": "d6b2a058c4be", "pid": 222419, "rank": null, "ts": "2026-10-04 16:43:10"}
[DBG] {"available": 0, "category": "QUEUE", "component": "queue", "event": "pop_scan", "exact": false, "host": "d6b2a058c4be", "pid": 222419, "queue": "rollout", "rank": null, "requested": 1, "selected": 0, "selected_keys": [], "stale": 0, "stale_keys": [], "ts": "2026-10-04 16:43:10"}
[DBG] {"category": "QUEUE", "component": "queue", "event": "pop_done", "host": "d6b2a058c4be", "item_ids": [], "pid": 222419, "queue": "rollout", "rank": null, "remaining": 0, "returned": 0, "stale": 0, "ts": "2026-10-04 16:43:10"}
[DBG] {"category": "QUEUE", "component": "queue", "current_version": null, "event": "BEGIN:queue_list_for_pop", "exact": false, "host": "d6b2a058c4be", "max_lag": null, "pid": 222419, "queue": "rollout", "rank": null, "requested": 1, "ts": "2026-10-04 16:43:10"}
[DBG] {"category": "QUEUE", "component": "queue", "event": "watchdog_armed", "host": "d6b2a058c4be", "pid": 222419, "rank": null, "stage": "queue_list_for_pop", "timeout_sec": 30.0, "ts": "2026-10-04 16:43:10"}
[DBG] {"category": "QUEUE", "component": "queue", "elapsed_sec": 0.002369, "event": "END:queue_list_for_pop", "host": "d6b2a058c4be", "pid": 222419, "rank": null, "ts": "2026-10-04 16:43:10"}
[DBG] {"available": 0, "category": "QUEUE", "component": "queue", "event": "pop_scan", "exact": false, "host": "d6b2a058c4be", "pid": 222419, "queue": "rollout", "rank": null, "requested": 1, "selected": 0, "selected_keys": [], "stale": 0, "stale_keys": [], "ts": "2026-10-04 16:43:10"}
[DBG] {"category": "QUEUE", "component": "queue", "event": "pop_done", "host": "d6b2a058c4be", "item_ids": [], "pid": 222419, "queue": "rollout", "rank": null, "remaining": 0, "returned": 0, "stale": 0, "ts": "2026-10-04 16:43:10"}
[DBG] {"category": "QUEUE", "component": "queue", "current_version": null, "event": "BEGIN:queue_list_for_pop", "exact": false, "host": "d6b2a058c4be", "max_lag": null, "pid": 222419, "queue": "rollout", "rank": null, "requested": 1, "ts": "2026-10-04 16:43:10"}
[DBG] {"category": "QUEUE", "component": "queue", "event": "watchdog_armed", "host": "d6b2a058c4be", "pid": 222419, "rank": null, "stage": "queue_list_for_pop", "timeout_sec": 30.0, "ts": "2026-10-04 16:43:10"}
[DBG] {"category": "QUEUE", "component": "queue", "elapsed_sec": 0.002532, "event": "END:queue_list_for_pop", "host": "d6b2a058c4be", "pid": 222419, "rank": null, "ts": "2026-10-04 16:43:10"}
[DBG] {"available": 0, "category": "QUEUE", "component": "queue", "event": "pop_scan", "exact": false, "host": "d6b2a058c4be", "pid": 222419, "queue": "rollout", "rank": null, "requested": 1, "selected": 0, "selected_keys": [], "stale": 0, "stale_keys": [], "ts": "2026-10-04 16:43:10"}
[DBG] {"category": "QUEUE", "component": "queue", "event": "pop_done", "host": "d6b2a058c4be", "item_ids": [], "pid": 222419, "queue": "rollout", "rank": null, "remaining": 0, "returned": 0, "stale": 0, "ts": "2026-10-04 16:43:10"}
[DBG] {"category": "QUEUE", "component": "queue", "current_version": null, "event": "BEGIN:queue_list_for_pop", "exact": false, "host": "d6b2a058c4be", "max_lag": null, "pid": 222419, "queue": "rollout", "rank": null, "requested": 1, "ts": "2026-10-04 16:43:10"}
[DBG] {"category": "QUEUE", "component": "queue", "event": "watchdog_armed", "host": "d6b2a058c4be", "pid": 222419, "rank": null, "stage": "queue_list_for_pop", "timeout_sec": 30.0, "ts": "2026-10-04 16:43:10"}
[DBG] {"category": "QUEUE", "component": "queue", "elapsed_sec": 0.002384, "event": "END:queue_list_for_pop", "host": "d6b2a058c4be", "pid": 222419, "rank": null, "ts": "2026-10-04 16:43:10"}
[DBG] {"available": 0, "category": "QUEUE", "component": "queue", "event": "pop_scan", "exact": false, "host": "d6b2a058c4be", "pid": 222419, "queue": "rollout", "rank": null, "requested": 1, "selected": 0, "selected_keys": [], "stale": 0, "stale_keys": [], "ts": "2026-10-04 16:43:10"}
[DBG] {"category": "QUEUE", "component": "queue", "event": "pop_done", "host": "d6b2a058c4be", "item_ids": [], "pid": 222419, "queue": "rollout", "rank": null, "remaining": 0, "returned": 0, "stale": 0, "ts": "2026-10-04 16:43:10"}
[DBG] {"category": "QUEUE", "component": "queue", "current_version": null, "event": "BEGIN:queue_list_for_pop", "exact": false, "host": "d6b2a058c4be", "max_lag": null, "pid": 222419, "queue": "rollout", "rank": null, "requested": 1, "ts": "2026-10-04 16:43:11"}
[DBG] {"category": "QUEUE", "component": "queue", "event": "watchdog_armed", "host": "d6b2a058c4be", "pid": 222419, "rank": null, "stage": "queue_list_for_pop", "timeout_sec": 30.0, "ts": "2026-10-04 16:43:11"}
[DBG] {"category": "QUEUE", "component": "queue", "elapsed_sec": 0.001873, "event": "END:queue_list_for_pop", "host": "d6b2a058c4be", "pid": 222419, "rank": null, "ts": "2026-10-04 16:43:11"}
[DBG] {"available": 0, "category": "QUEUE", "component": "queue", "event": "pop_scan", "exact": false, "host": "d6b2a058c4be", "pid": 222419, "queue": "rollout", "rank": null, "requested": 1, "selected": 0, "selected_keys": [], "stale": 0, "stale_keys": [], "ts": "2026-10-04 16:43:11"}
[DBG] {"category": "QUEUE", "component": "queue", "event": "pop_done", "host": "d6b2a058c4be", "item_ids": [], "pid": 222419, "queue": "rollout", "rank": null, "remaining": 0, "returned": 0, "stale": 0, "ts": "2026-10-04 16:43:11"}
[DBG] {"category": "QUEUE", "component": "queue", "current_version": null, "event": "BEGIN:queue_list_for_pop", "exact": false, "host": "d6b2a058c4be", "max_lag": null, "pid": 222419, "queue": "rollout", "rank": null, "requested": 1, "ts": "2026-10-04 16:43:11"}
[DBG] {"category": "QUEUE", "component": "queue", "event": "watchdog_armed", "host": "d6b2a058c4be", "pid": 222419, "rank": null, "stage": "queue_list_for_pop", "timeout_sec": 30.0, "ts": "2026-10-04 16:43:11"}
[DBG] {"category": "QUEUE", "component": "queue", "elapsed_sec": 0.001884, "event": "END:queue_list_for_pop", "host": "d6b2a058c4be", "pid": 222419, "rank": null, "ts": "2026-10-04 16:43:11"}
[DBG] {"available": 0, "category": "QUEUE", "component": "queue", "event": "pop_scan", "exact": false, "host": "d6b2a058c4be", "pid": 222419, "queue": "rollout", "rank": null, "requested": 1, "selected": 0, "selected_keys": [], "stale": 0, "stale_keys": [], "ts": "2026-10-04 16:43:11"}
[DBG] {"category": "QUEUE", "component": "queue", "event": "pop_done", "host": "d6b2a058c4be", "item_ids": [], "pid": 222419, "queue": "rollout", "rank": null, "remaining": 0, "returned": 0, "stale": 0, "ts": "2026-10-04 16:43:11"}
[DBG] {"category": "QUEUE", "component": "queue", "current_version": null, "event": "BEGIN:queue_list_for_pop", "exact": false, "host": "d6b2a058c4be", "max_lag": null, "pid": 222419, "queue": "rollout", "rank": null, "requested": 1, "ts": "2026-10-04 16:43:11"}
[DBG] {"category": "QUEUE", "component": "queue", "event": "watchdog_armed", "host": "d6b2a058c4be", "pid": 222419, "rank": null, "stage": "queue_list_for_pop", "timeout_sec": 30.0, "ts": "2026-10-04 16:43:11"}
[DBG] {"category": "QUEUE", "component": "queue", "elapsed_sec": 0.001825, "event": "END:queue_list_for_pop", "host": "d6b2a058c4be", "pid": 222419, "rank": null, "ts": "2026-10-04 16:43:11"}
[DBG] {"available": 0, "category": "QUEUE", "component": "queue", "event": "pop_scan", "exact": false, "host": "d6b2a058c4be", "pid": 222419, "queue": "rollout", "rank": null, "requested": 1, "selected": 0, "selected_keys": [], "stale": 0, "stale_keys": [], "ts": "2026-10-04 16:43:11"}
[DBG] {"category": "QUEUE", "component": "queue", "event": "pop_done", "host": "d6b2a058c4be", "item_ids": [], "pid": 222419, "queue": "rollout", "rank": null, "remaining": 0, "returned": 0, "stale": 0, "ts": "2026-10-04 16:43:11"}
[DBG] {"category": "QUEUE", "component": "queue", "current_version": null, "event": "BEGIN:queue_list_for_pop", "exact": false, "host": "d6b2a058c4be", "max_lag": null, "pid": 222419, "queue": "rollout", "rank": null, "requested": 1, "ts": "2026-10-04 16:43:11"}
[DBG] {"category": "QUEUE", "component": "queue", "event": "watchdog_armed", "host": "d6b2a058c4be", "pid": 222419, "rank": null, "stage": "queue_list_for_pop", "timeout_sec": 30.0, "ts": "2026-10-04 16:43:11"}
[DBG] {"category": "QUEUE", "component": "queue", "elapsed_sec": 0.001808, "event": "END:queue_list_for_pop", "host": "d6b2a058c4be", "pid": 222419, "rank": null, "ts": "2026-10-04 16:43:11"}
[DBG] {"available": 0, "category": "QUEUE", "component": "queue", "event": "pop_scan", "exact": false, "host": "d6b2a058c4be", "pid": 222419, "queue": "rollout", "rank": null, "requested": 1, "selected": 0, "selected_keys": [], "stale": 0, "stale_keys": [], "ts": "2026-10-04 16:43:11"}
[DBG] {"category": "QUEUE", "component": "queue", "event": "pop_done", "host": "d6b2a058c4be", "item_ids": [], "pid": 222419, "queue": "rollout", "rank": null, "remaining": 0, "returned": 0, "stale": 0, "ts": "2026-10-04 16:43:11"}
[DBG] {"category": "QUEUE", "component": "queue", "current_version": null, "event": "BEGIN:queue_list_for_pop", "exact": false, "host": "d6b2a058c4be", "max_lag": null, "pid": 222419, "queue": "rollout", "rank": null, "requested": 1, "ts": "2026-10-04 16:43:11"}
[DBG] {"category": "QUEUE", "component": "queue", "event": "watchdog_armed", "host": "d6b2a058c4be", "pid": 222419, "rank": null, "stage": "queue_list_for_pop", "timeout_sec": 30.0, "ts": "2026-10-04 16:43:11"}
[DBG] {"category": "QUEUE", "component": "queue", "elapsed_sec": 0.00181, "event": "END:queue_list_for_pop", "host": "d6b2a058c4be", "pid": 222419, "rank": null, "ts": "2026-10-04 16:43:11"}
[DBG] {"available": 0, "category": "QUEUE", "component": "queue", "event": "pop_scan", "exact": false, "host": "d6b2a058c4be", "pid": 222419, "queue": "rollout", "rank": null, "requested": 1, "selected": 0, "selected_keys": [], "stale": 0, "stale_keys": [], "ts": "2026-10-04 16:43:11"}
[DBG] {"category": "QUEUE", "component": "queue", "event": "pop_done", "host": "d6b2a058c4be", "item_ids": [], "pid": 222419, "queue": "rollout", "rank": null, "remaining": 0, "returned": 0, "stale": 0, "ts": "2026-10-04 16:43:11"}
[DBG] {"category": "QUEUE", "component": "queue", "current_version": null, "event": "BEGIN:queue_list_for_pop", "exact": false, "host": "d6b2a058c4be", "max_lag": null, "pid": 222419, "queue": "rollout", "rank": null, "requested": 1, "ts": "2026-10-04 16:43:12"}
[DBG] {"category": "QUEUE", "component": "queue", "event": "watchdog_armed", "host": "d6b2a058c4be", "pid": 222419, "rank": null, "stage": "queue_list_for_pop", "timeout_sec": 30.0, "ts": "2026-10-04 16:43:12"}
[DBG] {"category": "QUEUE", "component": "queue", "elapsed_sec": 0.001763, "event": "END:queue_list_for_pop", "host": "d6b2a058c4be", "pid": 222419, "rank": null, "ts": "2026-10-04 16:43:12"}
[DBG] {"available": 0, "category": "QUEUE", "component": "queue", "event": "pop_scan", "exact": false, "host": "d6b2a058c4be", "pid": 222419, "queue": "rollout", "rank": null, "requested": 1, "selected": 0, "selected_keys": [], "stale": 0, "stale_keys": [], "ts": "2026-10-04 16:43:12"}
[DBG] {"category": "QUEUE", "component": "queue", "event": "pop_done", "host": "d6b2a058c4be", "item_ids": [], "pid": 222419, "queue": "rollout", "rank": null, "remaining": 0, "returned": 0, "stale": 0, "ts": "2026-10-04 16:43:12"}
[DBG] {"category": "QUEUE", "component": "queue", "current_version": null, "event": "BEGIN:queue_list_for_pop", "exact": false, "host": "d6b2a058c4be", "max_lag": null, "pid": 222419, "queue": "rollout", "rank": null, "requested": 1, "ts": "2026-10-04 16:43:12"}
[DBG] {"category": "QUEUE", "component": "queue", "event": "watchdog_armed", "host": "d6b2a058c4be", "pid": 222419, "rank": null, "stage": "queue_list_for_pop", "timeout_sec": 30.0, "ts": "2026-10-04 16:43:12"}
[DBG] {"category": "QUEUE", "component": "queue", "elapsed_sec": 0.00181, "event": "END:queue_list_for_pop", "host": "d6b2a058c4be", "pid": 222419, "rank": null, "ts": "2026-10-04 16:43:12"}
[DBG] {"available": 0, "category": "QUEUE", "component": "queue", "event": "pop_scan", "exact": false, "host": "d6b2a058c4be", "pid": 222419, "queue": "rollout", "rank": null, "requested": 1, "selected": 0, "selected_keys": [], "stale": 0, "stale_keys": [], "ts": "2026-10-04 16:43:12"}
[DBG] {"category": "QUEUE", "component": "queue", "event": "pop_done", "host": "d6b2a058c4be", "item_ids": [], "pid": 222419, "queue": "rollout", "rank": null, "remaining": 0, "returned": 0, "stale": 0, "ts": "2026-10-04 16:43:12"}
[DBG] {"category": "QUEUE", "component": "queue", "event": "put_prepare", "host": "d6b2a058c4be", "item_id": "6d1998bbf38e4cbebb4fc472ba67fa0d", "partition": "smoke01:rollout", "payload_bytes": 2115, "pid": 222419, "policy_version": 0, "queue": "rollout", "rank": null, "ts": "2026-10-04 16:43:12"}
[DBG] {"category": "QUEUE", "component": "queue", "event": "BEGIN:queue_put", "host": "d6b2a058c4be", "item_id": "6d1998bbf38e4cbebb4fc472ba67fa0d", "pid": 222419, "queue": "rollout", "rank": null, "ts": "2026-10-04 16:43:12"}
[DBG] {"category": "QUEUE", "component": "queue", "event": "watchdog_armed", "host": "d6b2a058c4be", "pid": 222419, "rank": null, "stage": "queue_put", "timeout_sec": 30.0, "ts": "2026-10-04 16:43:12"}
[DBG] {"category": "QUEUE", "component": "queue", "elapsed_sec": 0.028069, "event": "END:queue_put", "host": "d6b2a058c4be", "pid": 222419, "rank": null, "ts": "2026-10-04 16:43:12"}
[DBG] {"category": "QUEUE", "component": "queue", "event": "put_done", "host": "d6b2a058c4be", "key": "smoke01:rollout:6d1998bbf38e4cbebb4fc472ba67fa0d", "pid": 222419, "policy_version": 0, "queue": "rollout", "rank": null, "ts": "2026-10-04 16:43:12"}
[DBG] {"category": "QUEUE", "component": "queue", "event": "put_prepare", "host": "d6b2a058c4be", "item_id": "0744ce98df1c4585a269421240fc9e53", "partition": "smoke01:rollout", "payload_bytes": 2907, "pid": 222419, "policy_version": 0, "queue": "rollout", "rank": null, "ts": "2026-10-04 16:43:12"}
[DBG] {"category": "QUEUE", "component": "queue", "event": "BEGIN:queue_put", "host": "d6b2a058c4be", "item_id": "0744ce98df1c4585a269421240fc9e53", "pid": 222419, "queue": "rollout", "rank": null, "ts": "2026-10-04 16:43:12"}
[DBG] {"category": "QUEUE", "component": "queue", "event": "watchdog_armed", "host": "d6b2a058c4be", "pid": 222419, "rank": null, "stage": "queue_put", "timeout_sec": 30.0, "ts": "2026-10-04 16:43:12"}
[DBG] {"category": "QUEUE", "component": "queue", "elapsed_sec": 0.029289, "event": "END:queue_put", "host": "d6b2a058c4be", "pid": 222419, "rank": null, "ts": "2026-10-04 16:43:12"}
[DBG] {"category": "QUEUE", "component": "queue", "event": "put_done", "host": "d6b2a058c4be", "key": "smoke01:rollout:0744ce98df1c4585a269421240fc9e53", "pid": 222419, "policy_version": 0, "queue": "rollout", "rank": null, "ts": "2026-10-04 16:43:12"}
[DBG] {"category": "QUEUE", "component": "queue", "event": "size_changed", "host": "d6b2a058c4be", "pid": 222419, "queue": "rollout", "rank": null, "size": 2, "ts": "2026-10-04 16:43:12"}
[DBG] {"category": "QUEUE", "component": "queue", "current_version": null, "event": "BEGIN:queue_list_for_pop", "exact": false, "host": "d6b2a058c4be", "max_lag": null, "pid": 222419, "queue": "rollout", "rank": null, "requested": 1, "ts": "2026-10-04 16:43:12"}
[DBG] {"category": "QUEUE", "component": "queue", "event": "watchdog_armed", "host": "d6b2a058c4be", "pid": 222419, "rank": null, "stage": "queue_list_for_pop", "timeout_sec": 30.0, "ts": "2026-10-04 16:43:12"}
[DBG] {"category": "QUEUE", "component": "queue", "elapsed_sec": 0.002162, "event": "END:queue_list_for_pop", "host": "d6b2a058c4be", "pid": 222419, "rank": null, "ts": "2026-10-04 16:43:12"}
[DBG] {"available": 2, "category": "QUEUE", "component": "queue", "event": "pop_scan", "exact": false, "host": "d6b2a058c4be", "pid": 222419, "queue": "rollout", "rank": null, "requested": 1, "selected": 1, "selected_keys": ["smoke01:rollout:6d1998bbf38e4cbebb4fc472ba67fa0d"], "stale": 0, "stale_keys": [], "ts": "2026-10-04 16:43:12"}
[DBG] {"category": "QUEUE", "component": "queue", "event": "BEGIN:queue_get", "host": "d6b2a058c4be", "key": "smoke01:rollout:6d1998bbf38e4cbebb4fc472ba67fa0d", "pid": 222419, "queue": "rollout", "rank": null, "ts": "2026-10-04 16:43:12"}
[DBG] {"category": "QUEUE", "component": "queue", "event": "watchdog_armed", "host": "d6b2a058c4be", "pid": 222419, "rank": null, "stage": "queue_get", "timeout_sec": 30.0, "ts": "2026-10-04 16:43:12"}
[DBG] {"category": "QUEUE", "component": "queue", "elapsed_sec": 0.037079, "event": "END:queue_get", "host": "d6b2a058c4be", "pid": 222419, "rank": null, "ts": "2026-10-04 16:43:12"}
[DBG] {"category": "QUEUE", "component": "queue", "event": "queue_item_decoded", "host": "d6b2a058c4be", "item_id": "6d1998bbf38e4cbebb4fc472ba67fa0d", "key": "smoke01:rollout:6d1998bbf38e4cbebb4fc472ba67fa0d", "pid": 222419, "policy_version": 0, "queue": "rollout", "rank": null, "ts": "2026-10-04 16:43:12"}
[DBG] {"category": "QUEUE", "component": "queue", "count": 1, "event": "BEGIN:clear_popped", "host": "d6b2a058c4be", "pid": 222419, "queue": "rollout", "rank": null, "ts": "2026-10-04 16:43:12"}
[DBG] {"category": "QUEUE", "component": "queue", "event": "watchdog_armed", "host": "d6b2a058c4be", "pid": 222419, "rank": null, "stage": "clear_popped", "timeout_sec": 30.0, "ts": "2026-10-04 16:43:12"}
[DBG] {"category": "QUEUE", "component": "queue", "elapsed_sec": 0.016202, "event": "END:clear_popped", "host": "d6b2a058c4be", "pid": 222419, "rank": null, "ts": "2026-10-04 16:43:12"}
[DBG] {"category": "QUEUE", "component": "queue", "event": "pop_done", "host": "d6b2a058c4be", "item_ids": ["6d1998bbf38e4cbebb4fc472ba67fa0d"], "pid": 222419, "queue": "rollout", "rank": null, "remaining": 1, "returned": 1, "stale": 0, "ts": "2026-10-04 16:43:12"}
[DBG] {"category": "QUEUE", "component": "queue", "event": "put_prepare", "host": "d6b2a058c4be", "item_id": "b03e27d30bf94139b69e3cb4e10e8188", "partition": "smoke01:rollout", "payload_bytes": 2940, "pid": 222419, "policy_version": 0, "queue": "rollout", "rank": null, "ts": "2026-10-04 16:43:12"}
[DBG] {"category": "QUEUE", "component": "queue", "event": "BEGIN:queue_put", "host": "d6b2a058c4be", "item_id": "b03e27d30bf94139b69e3cb4e10e8188", "pid": 222419, "queue": "rollout", "rank": null, "ts": "2026-10-04 16:43:12"}
[DBG] {"category": "QUEUE", "component": "queue", "event": "watchdog_armed", "host": "d6b2a058c4be", "pid": 222419, "rank": null, "stage": "queue_put", "timeout_sec": 30.0, "ts": "2026-10-04 16:43:12"}
[DBG] {"category": "QUEUE", "component": "queue", "elapsed_sec": 0.027976, "event": "END:queue_put", "host": "d6b2a058c4be", "pid": 222419, "rank": null, "ts": "2026-10-04 16:43:13"}
[DBG] {"category": "QUEUE", "component": "queue", "event": "put_done", "host": "d6b2a058c4be", "key": "smoke01:rollout:b03e27d30bf94139b69e3cb4e10e8188", "pid": 222419, "policy_version": 0, "queue": "rollout", "rank": null, "ts": "2026-10-04 16:43:13"}
[DBG] {"category": "QUEUE", "component": "queue", "event": "put_prepare", "host": "d6b2a058c4be", "item_id": "952243f8a9e740eab9156b07ec8bcd20", "partition": "smoke01:rollout", "payload_bytes": 2592, "pid": 222419, "policy_version": 0, "queue": "rollout", "rank": null, "ts": "2026-10-04 16:43:13"}
[DBG] {"category": "QUEUE", "component": "queue", "event": "BEGIN:queue_put", "host": "d6b2a058c4be", "item_id": "952243f8a9e740eab9156b07ec8bcd20", "pid": 222419, "queue": "rollout", "rank": null, "ts": "2026-10-04 16:43:13"}
[DBG] {"category": "QUEUE", "component": "queue", "event": "watchdog_armed", "host": "d6b2a058c4be", "pid": 222419, "rank": null, "stage": "queue_put", "timeout_sec": 30.0, "ts": "2026-10-04 16:43:13"}
[DBG] {"category": "QUEUE", "component": "queue", "elapsed_sec": 0.027137, "event": "END:queue_put", "host": "d6b2a058c4be", "pid": 222419, "rank": null, "ts": "2026-10-04 16:43:13"}
[DBG] {"category": "QUEUE", "component": "queue", "event": "put_done", "host": "d6b2a058c4be", "key": "smoke01:rollout:952243f8a9e740eab9156b07ec8bcd20", "pid": 222419, "policy_version": 0, "queue": "rollout", "rank": null, "ts": "2026-10-04 16:43:13"}
[DBG] {"category": "QUEUE", "component": "queue", "event": "size_changed", "host": "d6b2a058c4be", "pid": 222419, "queue": "rollout", "rank": null, "size": 3, "ts": "2026-10-04 16:43:13"}
[DBG] {"category": "QUEUE", "component": "queue", "event": "put_prepare", "host": "d6b2a058c4be", "item_id": "22cc9de107874bcfb552488260ec0048", "partition": "smoke01:rollout", "payload_bytes": 1897, "pid": 222419, "policy_version": 0, "queue": "rollout", "rank": null, "ts": "2026-10-04 16:43:13"}
[DBG] {"category": "QUEUE", "component": "queue", "event": "BEGIN:queue_put", "host": "d6b2a058c4be", "item_id": "22cc9de107874bcfb552488260ec0048", "pid": 222419, "queue": "rollout", "rank": null, "ts": "2026-10-04 16:43:13"}
[DBG] {"category": "QUEUE", "component": "queue", "event": "watchdog_armed", "host": "d6b2a058c4be", "pid": 222419, "rank": null, "stage": "queue_put", "timeout_sec": 30.0, "ts": "2026-10-04 16:43:13"}
[DBG] {"category": "QUEUE", "component": "queue", "elapsed_sec": 0.027717, "event": "END:queue_put", "host": "d6b2a058c4be", "pid": 222419, "rank": null, "ts": "2026-10-04 16:43:13"}
[DBG] {"category": "QUEUE", "component": "queue", "event": "put_done", "host": "d6b2a058c4be", "key": "smoke01:rollout:22cc9de107874bcfb552488260ec0048", "pid": 222419, "policy_version": 0, "queue": "rollout", "rank": null, "ts": "2026-10-04 16:43:13"}
[DBG] {"category": "QUEUE", "component": "queue", "event": "put_prepare", "host": "d6b2a058c4be", "item_id": "e1765c74bb824e83b150f1d0847d5a27", "partition": "smoke01:rollout", "payload_bytes": 2505, "pid": 222419, "policy_version": 0, "queue": "rollout", "rank": null, "ts": "2026-10-04 16:43:13"}
[DBG] {"category": "QUEUE", "component": "queue", "event": "BEGIN:queue_put", "host": "d6b2a058c4be", "item_id": "e1765c74bb824e83b150f1d0847d5a27", "pid": 222419, "queue": "rollout", "rank": null, "ts": "2026-10-04 16:43:13"}
[DBG] {"category": "QUEUE", "component": "queue", "event": "watchdog_armed", "host": "d6b2a058c4be", "pid": 222419, "rank": null, "stage": "queue_put", "timeout_sec": 30.0, "ts": "2026-10-04 16:43:13"}
[DBG] {"category": "QUEUE", "component": "queue", "elapsed_sec": 0.026381, "event": "END:queue_put", "host": "d6b2a058c4be", "pid": 222419, "rank": null, "ts": "2026-10-04 16:43:13"}
[DBG] {"category": "QUEUE", "component": "queue", "event": "put_done", "host": "d6b2a058c4be", "key": "smoke01:rollout:e1765c74bb824e83b150f1d0847d5a27", "pid": 222419, "policy_version": 0, "queue": "rollout", "rank": null, "ts": "2026-10-04 16:43:13"}
[DBG] {"category": "QUEUE", "component": "queue", "event": "size_changed", "host": "d6b2a058c4be", "pid": 222419, "queue": "rollout", "rank": null, "size": 5, "ts": "2026-10-04 16:43:13"}
[DBG] {"category": "QUEUE", "component": "queue", "event": "put_prepare", "host": "d6b2a058c4be", "item_id": "af29684fad8b4570ad2e560c031e3a9b", "partition": "smoke01:rollout", "payload_bytes": 2108, "pid": 222419, "policy_version": 0, "queue": "rollout", "rank": null, "ts": "2026-10-04 16:43:14"}
[DBG] {"category": "QUEUE", "component": "queue", "event": "BEGIN:queue_put", "host": "d6b2a058c4be", "item_id": "af29684fad8b4570ad2e560c031e3a9b", "pid": 222419, "queue": "rollout", "rank": null, "ts": "2026-10-04 16:43:14"}
[DBG] {"category": "QUEUE", "component": "queue", "event": "watchdog_armed", "host": "d6b2a058c4be", "pid": 222419, "rank": null, "stage": "queue_put", "timeout_sec": 30.0, "ts": "2026-10-04 16:43:14"}
[DBG] {"category": "QUEUE", "component": "queue", "elapsed_sec": 0.023792, "event": "END:queue_put", "host": "d6b2a058c4be", "pid": 222419, "rank": null, "ts": "2026-10-04 16:43:14"}
[DBG] {"category": "QUEUE", "component": "queue", "event": "put_done", "host": "d6b2a058c4be", "key": "smoke01:rollout:af29684fad8b4570ad2e560c031e3a9b", "pid": 222419, "policy_version": 0, "queue": "rollout", "rank": null, "ts": "2026-10-04 16:43:14"}
[DBG] {"category": "QUEUE", "component": "queue", "event": "put_prepare", "host": "d6b2a058c4be", "item_id": "20f0377fdff94b438f383adda6b7fe56", "partition": "smoke01:rollout", "payload_bytes": 2785, "pid": 222419, "policy_version": 0, "queue": "rollout", "rank": null, "ts": "2026-10-04 16:43:14"}
[DBG] {"category": "QUEUE", "component": "queue", "event": "BEGIN:queue_put", "host": "d6b2a058c4be", "item_id": "20f0377fdff94b438f383adda6b7fe56", "pid": 222419, "queue": "rollout", "rank": null, "ts": "2026-10-04 16:43:14"}
[DBG] {"category": "QUEUE", "component": "queue", "event": "watchdog_armed", "host": "d6b2a058c4be", "pid": 222419, "rank": null, "stage": "queue_put", "timeout_sec": 30.0, "ts": "2026-10-04 16:43:14"}
[DBG] {"category": "QUEUE", "component": "queue", "elapsed_sec": 0.025278, "event": "END:queue_put", "host": "d6b2a058c4be", "pid": 222419, "rank": null, "ts": "2026-10-04 16:43:14"}
[DBG] {"category": "QUEUE", "component": "queue", "event": "put_done", "host": "d6b2a058c4be", "key": "smoke01:rollout:20f0377fdff94b438f383adda6b7fe56", "pid": 222419, "policy_version": 0, "queue": "rollout", "rank": null, "ts": "2026-10-04 16:43:14"}
[DBG] {"category": "QUEUE", "component": "queue", "event": "size_changed", "host": "d6b2a058c4be", "pid": 222419, "queue": "rollout", "rank": null, "size": 7, "ts": "2026-10-04 16:43:14"}
[DBG] {"category": "QUEUE", "component": "queue", "event": "put_prepare", "host": "d6b2a058c4be", "item_id": "afb0122869af465ca8f8854a08f77906", "partition": "smoke01:rollout", "payload_bytes": 2525, "pid": 222419, "policy_version": 0, "queue": "rollout", "rank": null, "ts": "2026-10-04 16:43:14"}
[DBG] {"category": "QUEUE", "component": "queue", "event": "BEGIN:queue_put", "host": "d6b2a058c4be", "item_id": "afb0122869af465ca8f8854a08f77906", "pid": 222419, "queue": "rollout", "rank": null, "ts": "2026-10-04 16:43:14"}
[DBG] {"category": "QUEUE", "component": "queue", "event": "watchdog_armed", "host": "d6b2a058c4be", "pid": 222419, "rank": null, "stage": "queue_put", "timeout_sec": 30.0, "ts": "2026-10-04 16:43:14"}
[DBG] {"category": "QUEUE", "component": "queue", "elapsed_sec": 0.027548, "event": "END:queue_put", "host": "d6b2a058c4be", "pid": 222419, "rank": null, "ts": "2026-10-04 16:43:14"}
[DBG] {"category": "QUEUE", "component": "queue", "event": "put_done", "host": "d6b2a058c4be", "key": "smoke01:rollout:afb0122869af465ca8f8854a08f77906", "pid": 222419, "policy_version": 0, "queue": "rollout", "rank": null, "ts": "2026-10-04 16:43:14"}
[DBG] {"category": "QUEUE", "component": "queue", "event": "put_prepare", "host": "d6b2a058c4be", "item_id": "f04d83d00d3d4b8286909ddb04673bf4", "partition": "smoke01:rollout", "payload_bytes": 2973, "pid": 222419, "policy_version": 0, "queue": "rollout", "rank": null, "ts": "2026-10-04 16:43:14"}
[DBG] {"category": "QUEUE", "component": "queue", "event": "BEGIN:queue_put", "host": "d6b2a058c4be", "item_id": "f04d83d00d3d4b8286909ddb04673bf4", "pid": 222419, "queue": "rollout", "rank": null, "ts": "2026-10-04 16:43:14"}
[DBG] {"category": "QUEUE", "component": "queue", "event": "watchdog_armed", "host": "d6b2a058c4be", "pid": 222419, "rank": null, "stage": "queue_put", "timeout_sec": 30.0, "ts": "2026-10-04 16:43:14"}
[DBG] {"category": "QUEUE", "component": "queue", "elapsed_sec": 0.028758, "event": "END:queue_put", "host": "d6b2a058c4be", "pid": 222419, "rank": null, "ts": "2026-10-04 16:43:14"}
[DBG] {"category": "QUEUE", "component": "queue", "event": "put_done", "host": "d6b2a058c4be", "key": "smoke01:rollout:f04d83d00d3d4b8286909ddb04673bf4", "pid": 222419, "policy_version": 0, "queue": "rollout", "rank": null, "ts": "2026-10-04 16:43:14"}
[DBG] {"category": "QUEUE", "component": "queue", "event": "size_changed", "host": "d6b2a058c4be", "pid": 222419, "queue": "rollout", "rank": null, "size": 9, "ts": "2026-10-04 16:43:14"}
[DBG] {"category": "QUEUE", "component": "queue", "event": "size_changed", "host": "d6b2a058c4be", "pid": 222419, "queue": "preference", "rank": null, "size": 0, "ts": "2026-10-04 16:43:18"}
[DBG] {"category": "QUEUE", "component": "queue", "event": "put_prepare", "host": "d6b2a058c4be", "item_id": "6d1998bbf38e4cbebb4fc472ba67fa0d", "partition": "smoke01:preference", "payload_bytes": 1344, "pid": 222419, "policy_version": 0, "queue": "preference", "rank": null, "ts": "2026-10-04 16:43:18"}
[DBG] {"category": "QUEUE", "component": "queue", "event": "BEGIN:queue_put", "host": "d6b2a058c4be", "item_id": "6d1998bbf38e4cbebb4fc472ba67fa0d", "pid": 222419, "queue": "preference", "rank": null, "ts": "2026-10-04 16:43:18"}
[DBG] {"category": "QUEUE", "component": "queue", "event": "watchdog_armed", "host": "d6b2a058c4be", "pid": 222419, "rank": null, "stage": "queue_put", "timeout_sec": 30.0, "ts": "2026-10-04 16:43:18"}
[DBG] {"category": "QUEUE", "component": "queue", "elapsed_sec": 0.026867, "event": "END:queue_put", "host": "d6b2a058c4be", "pid": 222419, "rank": null, "ts": "2026-10-04 16:43:18"}
[DBG] {"category": "QUEUE", "component": "queue", "event": "put_done", "host": "d6b2a058c4be", "key": "smoke01:preference:6d1998bbf38e4cbebb4fc472ba67fa0d", "pid": 222419, "policy_version": 0, "queue": "preference", "rank": null, "ts": "2026-10-04 16:43:18"}
[DBG] {"category": "QUEUE", "component": "queue", "event": "size_changed", "host": "d6b2a058c4be", "pid": 222419, "queue": "preference", "rank": null, "size": 1, "ts": "2026-10-04 16:43:18"}
[DBG] {"category": "QUEUE", "component": "queue", "current_version": null, "event": "BEGIN:queue_list_for_pop", "exact": false, "host": "d6b2a058c4be", "max_lag": null, "pid": 222419, "queue": "rollout", "rank": null, "requested": 1, "ts": "2026-10-04 16:43:19"}
[DBG] {"category": "QUEUE", "component": "queue", "event": "watchdog_armed", "host": "d6b2a058c4be", "pid": 222419, "rank": null, "stage": "queue_list_for_pop", "timeout_sec": 30.0, "ts": "2026-10-04 16:43:19"}
[DBG] {"category": "QUEUE", "component": "queue", "elapsed_sec": 0.002084, "event": "END:queue_list_for_pop", "host": "d6b2a058c4be", "pid": 222419, "rank": null, "ts": "2026-10-04 16:43:19"}
[DBG] {"available": 9, "category": "QUEUE", "component": "queue", "event": "pop_scan", "exact": false, "host": "d6b2a058c4be", "pid": 222419, "queue": "rollout", "rank": null, "requested": 1, "selected": 1, "selected_keys": ["smoke01:rollout:0744ce98df1c4585a269421240fc9e53"], "stale": 0, "stale_keys": [], "ts": "2026-10-04 16:43:19"}
[DBG] {"category": "QUEUE", "component": "queue", "event": "BEGIN:queue_get", "host": "d6b2a058c4be", "key": "smoke01:rollout:0744ce98df1c4585a269421240fc9e53", "pid": 222419, "queue": "rollout", "rank": null, "ts": "2026-10-04 16:43:19"}
[DBG] {"category": "QUEUE", "component": "queue", "event": "watchdog_armed", "host": "d6b2a058c4be", "pid": 222419, "rank": null, "stage": "queue_get", "timeout_sec": 30.0, "ts": "2026-10-04 16:43:19"}
[DBG] {"category": "QUEUE", "component": "queue", "elapsed_sec": 0.025528, "event": "END:queue_get", "host": "d6b2a058c4be", "pid": 222419, "rank": null, "ts": "2026-10-04 16:43:19"}
[DBG] {"category": "QUEUE", "component": "queue", "event": "queue_item_decoded", "host": "d6b2a058c4be", "item_id": "0744ce98df1c4585a269421240fc9e53", "key": "smoke01:rollout:0744ce98df1c4585a269421240fc9e53", "pid": 222419, "policy_version": 0, "queue": "rollout", "rank": null, "ts": "2026-10-04 16:43:19"}
[DBG] {"category": "QUEUE", "component": "queue", "count": 1, "event": "BEGIN:clear_popped", "host": "d6b2a058c4be", "pid": 222419, "queue": "rollout", "rank": null, "ts": "2026-10-04 16:43:19"}
[DBG] {"category": "QUEUE", "component": "queue", "event": "watchdog_armed", "host": "d6b2a058c4be", "pid": 222419, "rank": null, "stage": "clear_popped", "timeout_sec": 30.0, "ts": "2026-10-04 16:43:19"}
[DBG] {"category": "QUEUE", "component": "queue", "elapsed_sec": 0.008625, "event": "END:clear_popped", "host": "d6b2a058c4be", "pid": 222419, "rank": null, "ts": "2026-10-04 16:43:19"}
[DBG] {"category": "QUEUE", "component": "queue", "event": "pop_done", "host": "d6b2a058c4be", "item_ids": ["0744ce98df1c4585a269421240fc9e53"], "pid": 222419, "queue": "rollout", "rank": null, "remaining": 8, "returned": 1, "stale": 0, "ts": "2026-10-04 16:43:19"}
[DBG] {"category": "QUEUE", "component": "queue", "event": "size_changed", "host": "d6b2a058c4be", "pid": 222419, "queue": "rollout", "rank": null, "size": 8, "ts": "2026-10-04 16:43:19"}
[DBG] {"category": "QUEUE", "component": "queue", "event": "put_prepare", "host": "d6b2a058c4be", "item_id": "0744ce98df1c4585a269421240fc9e53", "partition": "smoke01:preference", "payload_bytes": 1625, "pid": 222419, "policy_version": 0, "queue": "preference", "rank": null, "ts": "2026-10-04 16:43:21"}
[DBG] {"category": "QUEUE", "component": "queue", "event": "BEGIN:queue_put", "host": "d6b2a058c4be", "item_id": "0744ce98df1c4585a269421240fc9e53", "pid": 222419, "queue": "preference", "rank": null, "ts": "2026-10-04 16:43:21"}
[DBG] {"category": "QUEUE", "component": "queue", "event": "watchdog_armed", "host": "d6b2a058c4be", "pid": 222419, "rank": null, "stage": "queue_put", "timeout_sec": 30.0, "ts": "2026-10-04 16:43:21"}
[DBG] {"category": "QUEUE", "component": "queue", "elapsed_sec": 0.012964, "event": "END:queue_put", "host": "d6b2a058c4be", "pid": 222419, "rank": null, "ts": "2026-10-04 16:43:21"}
[DBG] {"category": "QUEUE", "component": "queue", "event": "put_done", "host": "d6b2a058c4be", "key": "smoke01:preference:0744ce98df1c4585a269421240fc9e53", "pid": 222419, "policy_version": 0, "queue": "preference", "rank": null, "ts": "2026-10-04 16:43:21"}
[DBG] {"category": "QUEUE", "component": "queue", "event": "size_changed", "host": "d6b2a058c4be", "pid": 222419, "queue": "preference", "rank": null, "size": 2, "ts": "2026-10-04 16:43:21"}
[DBG] {"category": "QUEUE", "component": "queue", "current_version": null, "event": "BEGIN:queue_list_for_pop", "exact": false, "host": "d6b2a058c4be", "max_lag": null, "pid": 222419, "queue": "rollout", "rank": null, "requested": 1, "ts": "2026-10-04 16:43:22"}
[DBG] {"category": "QUEUE", "component": "queue", "event": "watchdog_armed", "host": "d6b2a058c4be", "pid": 222419, "rank": null, "stage": "queue_list_for_pop", "timeout_sec": 30.0, "ts": "2026-10-04 16:43:22"}
[DBG] {"category": "QUEUE", "component": "queue", "elapsed_sec": 0.002585, "event": "END:queue_list_for_pop", "host": "d6b2a058c4be", "pid": 222419, "rank": null, "ts": "2026-10-04 16:43:22"}
[DBG] {"available": 8, "category": "QUEUE", "component": "queue", "event": "pop_scan", "exact": false, "host": "d6b2a058c4be", "pid": 222419, "queue": "rollout", "rank": null, "requested": 1, "selected": 1, "selected_keys": ["smoke01:rollout:b03e27d30bf94139b69e3cb4e10e8188"], "stale": 0, "stale_keys": [], "ts": "2026-10-04 16:43:22"}
[DBG] {"category": "QUEUE", "component": "queue", "event": "BEGIN:queue_get", "host": "d6b2a058c4be", "key": "smoke01:rollout:b03e27d30bf94139b69e3cb4e10e8188", "pid": 222419, "queue": "rollout", "rank": null, "ts": "2026-10-04 16:43:22"}
[DBG] {"category": "QUEUE", "component": "queue", "event": "watchdog_armed", "host": "d6b2a058c4be", "pid": 222419, "rank": null, "stage": "queue_get", "timeout_sec": 30.0, "ts": "2026-10-04 16:43:22"}
[DBG] {"category": "QUEUE", "component": "queue", "elapsed_sec": 0.025894, "event": "END:queue_get", "host": "d6b2a058c4be", "pid": 222419, "rank": null, "ts": "2026-10-04 16:43:22"}
[DBG] {"category": "QUEUE", "component": "queue", "event": "queue_item_decoded", "host": "d6b2a058c4be", "item_id": "b03e27d30bf94139b69e3cb4e10e8188", "key": "smoke01:rollout:b03e27d30bf94139b69e3cb4e10e8188", "pid": 222419, "policy_version": 0, "queue": "rollout", "rank": null, "ts": "2026-10-04 16:43:22"}
[DBG] {"category": "QUEUE", "component": "queue", "count": 1, "event": "BEGIN:clear_popped", "host": "d6b2a058c4be", "pid": 222419, "queue": "rollout", "rank": null, "ts": "2026-10-04 16:43:22"}
[DBG] {"category": "QUEUE", "component": "queue", "event": "watchdog_armed", "host": "d6b2a058c4be", "pid": 222419, "rank": null, "stage": "clear_popped", "timeout_sec": 30.0, "ts": "2026-10-04 16:43:22"}
[DBG] {"category": "QUEUE", "component": "queue", "elapsed_sec": 0.016426, "event": "END:clear_popped", "host": "d6b2a058c4be", "pid": 222419, "rank": null, "ts": "2026-10-04 16:43:22"}
[DBG] {"category": "QUEUE", "component": "queue", "event": "pop_done", "host": "d6b2a058c4be", "item_ids": ["b03e27d30bf94139b69e3cb4e10e8188"], "pid": 222419, "queue": "rollout", "rank": null, "remaining": 7, "returned": 1, "stale": 0, "ts": "2026-10-04 16:43:22"}
[DBG] {"category": "QUEUE", "component": "queue", "event": "size_changed", "host": "d6b2a058c4be", "pid": 222419, "queue": "rollout", "rank": null, "size": 7, "ts": "2026-10-04 16:43:22"}
[DBG] {"category": "QUEUE", "component": "queue", "event": "put_prepare", "host": "d6b2a058c4be", "item_id": "5446642874a9431691f5b8ece47164b7", "partition": "smoke01:rollout", "payload_bytes": 2411, "pid": 222419, "policy_version": 0, "queue": "rollout", "rank": null, "ts": "2026-10-04 16:43:22"}
[DBG] {"category": "QUEUE", "component": "queue", "event": "BEGIN:queue_put", "host": "d6b2a058c4be", "item_id": "5446642874a9431691f5b8ece47164b7", "pid": 222419, "queue": "rollout", "rank": null, "ts": "2026-10-04 16:43:22"}
[DBG] {"category": "QUEUE", "component": "queue", "event": "watchdog_armed", "host": "d6b2a058c4be", "pid": 222419, "rank": null, "stage": "queue_put", "timeout_sec": 30.0, "ts": "2026-10-04 16:43:22"}
[DBG] {"category": "QUEUE", "component": "queue", "elapsed_sec": 0.027785, "event": "END:queue_put", "host": "d6b2a058c4be", "pid": 222419, "rank": null, "ts": "2026-10-04 16:43:23"}
[DBG] {"category": "QUEUE", "component": "queue", "event": "put_done", "host": "d6b2a058c4be", "key": "smoke01:rollout:5446642874a9431691f5b8ece47164b7", "pid": 222419, "policy_version": 0, "queue": "rollout", "rank": null, "ts": "2026-10-04 16:43:23"}
[DBG] {"category": "QUEUE", "component": "queue", "event": "put_prepare", "host": "d6b2a058c4be", "item_id": "32260018196340709daf8a6f6776ccff", "partition": "smoke01:rollout", "payload_bytes": 2589, "pid": 222419, "policy_version": 0, "queue": "rollout", "rank": null, "ts": "2026-10-04 16:43:23"}
[DBG] {"category": "QUEUE", "component": "queue", "event": "BEGIN:queue_put", "host": "d6b2a058c4be", "item_id": "32260018196340709daf8a6f6776ccff", "pid": 222419, "queue": "rollout", "rank": null, "ts": "2026-10-04 16:43:23"}
[DBG] {"category": "QUEUE", "component": "queue", "event": "watchdog_armed", "host": "d6b2a058c4be", "pid": 222419, "rank": null, "stage": "queue_put", "timeout_sec": 30.0, "ts": "2026-10-04 16:43:23"}
[DBG] {"category": "QUEUE", "component": "queue", "elapsed_sec": 0.026036, "event": "END:queue_put", "host": "d6b2a058c4be", "pid": 222419, "rank": null, "ts": "2026-10-04 16:43:23"}
[DBG] {"category": "QUEUE", "component": "queue", "event": "put_done", "host": "d6b2a058c4be", "key": "smoke01:rollout:32260018196340709daf8a6f6776ccff", "pid": 222419, "policy_version": 0, "queue": "rollout", "rank": null, "ts": "2026-10-04 16:43:23"}
[DBG] {"category": "QUEUE", "component": "queue", "event": "size_changed", "host": "d6b2a058c4be", "pid": 222419, "queue": "rollout", "rank": null, "size": 9, "ts": "2026-10-04 16:43:23"}
[DBG] {"category": "QUEUE", "component": "queue", "event": "put_prepare", "host": "d6b2a058c4be", "item_id": "b03e27d30bf94139b69e3cb4e10e8188", "partition": "smoke01:preference", "payload_bytes": 1641, "pid": 222419, "policy_version": 0, "queue": "preference", "rank": null, "ts": "2026-10-04 16:43:23"}
[DBG] {"category": "QUEUE", "component": "queue", "event": "BEGIN:queue_put", "host": "d6b2a058c4be", "item_id": "b03e27d30bf94139b69e3cb4e10e8188", "pid": 222419, "queue": "preference", "rank": null, "ts": "2026-10-04 16:43:23"}
[DBG] {"category": "QUEUE", "component": "queue", "event": "watchdog_armed", "host": "d6b2a058c4be", "pid": 222419, "rank": null, "stage": "queue_put", "timeout_sec": 30.0, "ts": "2026-10-04 16:43:23"}
[DBG] {"category": "QUEUE", "component": "queue", "elapsed_sec": 0.027084, "event": "END:queue_put", "host": "d6b2a058c4be", "pid": 222419, "rank": null, "ts": "2026-10-04 16:43:23"}
[DBG] {"category": "QUEUE", "component": "queue", "event": "put_done", "host": "d6b2a058c4be", "key": "smoke01:preference:b03e27d30bf94139b69e3cb4e10e8188", "pid": 222419, "policy_version": 0, "queue": "preference", "rank": null, "ts": "2026-10-04 16:43:23"}
[DBG] {"category": "QUEUE", "component": "queue", "event": "size_changed", "host": "d6b2a058c4be", "pid": 222419, "queue": "preference", "rank": null, "size": 3, "ts": "2026-10-04 16:43:23"}
[DBG] {"category": "QUEUE", "component": "queue", "current_version": null, "event": "BEGIN:queue_list_for_pop", "exact": false, "host": "d6b2a058c4be", "max_lag": null, "pid": 222419, "queue": "rollout", "rank": null, "requested": 1, "ts": "2026-10-04 16:43:24"}
[DBG] {"category": "QUEUE", "component": "queue", "event": "watchdog_armed", "host": "d6b2a058c4be", "pid": 222419, "rank": null, "stage": "queue_list_for_pop", "timeout_sec": 30.0, "ts": "2026-10-04 16:43:24"}
[DBG] {"category": "QUEUE", "component": "queue", "elapsed_sec": 0.00239, "event": "END:queue_list_for_pop", "host": "d6b2a058c4be", "pid": 222419, "rank": null, "ts": "2026-10-04 16:43:24"}
[DBG] {"available": 9, "category": "QUEUE", "component": "queue", "event": "pop_scan", "exact": false, "host": "d6b2a058c4be", "pid": 222419, "queue": "rollout", "rank": null, "requested": 1, "selected": 1, "selected_keys": ["smoke01:rollout:952243f8a9e740eab9156b07ec8bcd20"], "stale": 0, "stale_keys": [], "ts": "2026-10-04 16:43:24"}
[DBG] {"category": "QUEUE", "component": "queue", "event": "BEGIN:queue_get", "host": "d6b2a058c4be", "key": "smoke01:rollout:952243f8a9e740eab9156b07ec8bcd20", "pid": 222419, "queue": "rollout", "rank": null, "ts": "2026-10-04 16:43:24"}
[DBG] {"category": "QUEUE", "component": "queue", "event": "watchdog_armed", "host": "d6b2a058c4be", "pid": 222419, "rank": null, "stage": "queue_get", "timeout_sec": 30.0, "ts": "2026-10-04 16:43:24"}
[DBG] {"category": "QUEUE", "component": "queue", "elapsed_sec": 0.023857, "event": "END:queue_get", "host": "d6b2a058c4be", "pid": 222419, "rank": null, "ts": "2026-10-04 16:43:24"}
[DBG] {"category": "QUEUE", "component": "queue", "event": "queue_item_decoded", "host": "d6b2a058c4be", "item_id": "952243f8a9e740eab9156b07ec8bcd20", "key": "smoke01:rollout:952243f8a9e740eab9156b07ec8bcd20", "pid": 222419, "policy_version": 0, "queue": "rollout", "rank": null, "ts": "2026-10-04 16:43:24"}
[DBG] {"category": "QUEUE", "component": "queue", "count": 1, "event": "BEGIN:clear_popped", "host": "d6b2a058c4be", "pid": 222419, "queue": "rollout", "rank": null, "ts": "2026-10-04 16:43:24"}
[DBG] {"category": "QUEUE", "component": "queue", "event": "watchdog_armed", "host": "d6b2a058c4be", "pid": 222419, "rank": null, "stage": "clear_popped", "timeout_sec": 30.0, "ts": "2026-10-04 16:43:24"}
[DBG] {"category": "QUEUE", "component": "queue", "elapsed_sec": 0.01639, "event": "END:clear_popped", "host": "d6b2a058c4be", "pid": 222419, "rank": null, "ts": "2026-10-04 16:43:24"}
[DBG] {"category": "QUEUE", "component": "queue", "event": "pop_done", "host": "d6b2a058c4be", "item_ids": ["952243f8a9e740eab9156b07ec8bcd20"], "pid": 222419, "queue": "rollout", "rank": null, "remaining": 8, "returned": 1, "stale": 0, "ts": "2026-10-04 16:43:24"}
[DBG] {"category": "QUEUE", "component": "queue", "event": "size_changed", "host": "d6b2a058c4be", "pid": 222419, "queue": "rollout", "rank": null, "size": 8, "ts": "2026-10-04 16:43:24"}
[DBG] {"category": "QUEUE", "component": "queue", "event": "put_prepare", "host": "d6b2a058c4be", "item_id": "952243f8a9e740eab9156b07ec8bcd20", "partition": "smoke01:preference", "payload_bytes": 1363, "pid": 222419, "policy_version": 0, "queue": "preference", "rank": null, "ts": "2026-10-04 16:43:25"}
[DBG] {"category": "QUEUE", "component": "queue", "event": "BEGIN:queue_put", "host": "d6b2a058c4be", "item_id": "952243f8a9e740eab9156b07ec8bcd20", "pid": 222419, "queue": "preference", "rank": null, "ts": "2026-10-04 16:43:25"}
[DBG] {"category": "QUEUE", "component": "queue", "event": "watchdog_armed", "host": "d6b2a058c4be", "pid": 222419, "rank": null, "stage": "queue_put", "timeout_sec": 30.0, "ts": "2026-10-04 16:43:25"}
[DBG] {"category": "QUEUE", "component": "queue", "elapsed_sec": 0.031453, "event": "END:queue_put", "host": "d6b2a058c4be", "pid": 222419, "rank": null, "ts": "2026-10-04 16:43:25"}
[DBG] {"category": "QUEUE", "component": "queue", "event": "put_done", "host": "d6b2a058c4be", "key": "smoke01:preference:952243f8a9e740eab9156b07ec8bcd20", "pid": 222419, "policy_version": 0, "queue": "preference", "rank": null, "ts": "2026-10-04 16:43:25"}
[DBG] {"category": "QUEUE", "component": "queue", "event": "size_changed", "host": "d6b2a058c4be", "pid": 222419, "queue": "preference", "rank": null, "size": 4, "ts": "2026-10-04 16:43:25"}
[DBG] {"category": "QUEUE", "component": "queue", "current_version": 0, "event": "BEGIN:queue_list_for_pop", "exact": true, "host": "d6b2a058c4be", "max_lag": 3, "pid": 222419, "queue": "preference", "rank": null, "requested": 4, "ts": "2026-10-04 16:43:32"}
[DBG] {"category": "QUEUE", "component": "queue", "event": "watchdog_armed", "host": "d6b2a058c4be", "pid": 222419, "rank": null, "stage": "queue_list_for_pop", "timeout_sec": 30.0, "ts": "2026-10-04 16:43:32"}
[DBG] {"category": "QUEUE", "component": "queue", "elapsed_sec": 0.001922, "event": "END:queue_list_for_pop", "host": "d6b2a058c4be", "pid": 222419, "rank": null, "ts": "2026-10-04 16:43:32"}
[DBG] {"available": 4, "category": "QUEUE", "component": "queue", "event": "pop_scan", "exact": true, "host": "d6b2a058c4be", "pid": 222419, "queue": "preference", "rank": null, "requested": 4, "selected": 4, "selected_keys": ["smoke01:preference:6d1998bbf38e4cbebb4fc472ba67fa0d", "smoke01:preference:0744ce98df1c4585a269421240fc9e53", "smoke01:preference:b03e27d30bf94139b69e3cb4e10e8188", "smoke01:preference:952243f8a9e740eab9156b07ec8bcd20"], "stale": 0, "stale_keys": [], "ts": "2026-10-04 16:43:32"}
[DBG] {"category": "QUEUE", "component": "queue", "event": "BEGIN:queue_get", "host": "d6b2a058c4be", "key": "smoke01:preference:6d1998bbf38e4cbebb4fc472ba67fa0d", "pid": 222419, "queue": "preference", "rank": null, "ts": "2026-10-04 16:43:32"}
[DBG] {"category": "QUEUE", "component": "queue", "event": "watchdog_armed", "host": "d6b2a058c4be", "pid": 222419, "rank": null, "stage": "queue_get", "timeout_sec": 30.0, "ts": "2026-10-04 16:43:32"}
[DBG] {"category": "QUEUE", "component": "queue", "elapsed_sec": 0.032559, "event": "END:queue_get", "host": "d6b2a058c4be", "pid": 222419, "rank": null, "ts": "2026-10-04 16:43:32"}
[DBG] {"category": "QUEUE", "component": "queue", "event": "queue_item_decoded", "host": "d6b2a058c4be", "item_id": "6d1998bbf38e4cbebb4fc472ba67fa0d", "key": "smoke01:preference:6d1998bbf38e4cbebb4fc472ba67fa0d", "pid": 222419, "policy_version": 0, "queue": "preference", "rank": null, "ts": "2026-10-04 16:43:32"}
[DBG] {"category": "QUEUE", "component": "queue", "event": "BEGIN:queue_get", "host": "d6b2a058c4be", "key": "smoke01:preference:0744ce98df1c4585a269421240fc9e53", "pid": 222419, "queue": "preference", "rank": null, "ts": "2026-10-04 16:43:32"}
[DBG] {"category": "QUEUE", "component": "queue", "event": "watchdog_armed", "host": "d6b2a058c4be", "pid": 222419, "rank": null, "stage": "queue_get", "timeout_sec": 30.0, "ts": "2026-10-04 16:43:32"}
[DBG] {"category": "QUEUE", "component": "queue", "elapsed_sec": 0.024625, "event": "END:queue_get", "host": "d6b2a058c4be", "pid": 222419, "rank": null, "ts": "2026-10-04 16:43:32"}
[DBG] {"category": "QUEUE", "component": "queue", "event": "queue_item_decoded", "host": "d6b2a058c4be", "item_id": "0744ce98df1c4585a269421240fc9e53", "key": "smoke01:preference:0744ce98df1c4585a269421240fc9e53", "pid": 222419, "policy_version": 0, "queue": "preference", "rank": null, "ts": "2026-10-04 16:43:32"}
[DBG] {"category": "QUEUE", "component": "queue", "event": "BEGIN:queue_get", "host": "d6b2a058c4be", "key": "smoke01:preference:b03e27d30bf94139b69e3cb4e10e8188", "pid": 222419, "queue": "preference", "rank": null, "ts": "2026-10-04 16:43:32"}
[DBG] {"category": "QUEUE", "component": "queue", "event": "watchdog_armed", "host": "d6b2a058c4be", "pid": 222419, "rank": null, "stage": "queue_get", "timeout_sec": 30.0, "ts": "2026-10-04 16:43:32"}
[DBG] {"category": "QUEUE", "component": "queue", "elapsed_sec": 0.024161, "event": "END:queue_get", "host": "d6b2a058c4be", "pid": 222419, "rank": null, "ts": "2026-10-04 16:43:32"}
[DBG] {"category": "QUEUE", "component": "queue", "event": "queue_item_decoded", "host": "d6b2a058c4be", "item_id": "b03e27d30bf94139b69e3cb4e10e8188", "key": "smoke01:preference:b03e27d30bf94139b69e3cb4e10e8188", "pid": 222419, "policy_version": 0, "queue": "preference", "rank": null, "ts": "2026-10-04 16:43:32"}
[DBG] {"category": "QUEUE", "component": "queue", "event": "BEGIN:queue_get", "host": "d6b2a058c4be", "key": "smoke01:preference:952243f8a9e740eab9156b07ec8bcd20", "pid": 222419, "queue": "preference", "rank": null, "ts": "2026-10-04 16:43:32"}
[DBG] {"category": "QUEUE", "component": "queue", "event": "watchdog_armed", "host": "d6b2a058c4be", "pid": 222419, "rank": null, "stage": "queue_get", "timeout_sec": 30.0, "ts": "2026-10-04 16:43:32"}
[DBG] {"category": "QUEUE", "component": "queue", "elapsed_sec": 0.024098, "event": "END:queue_get", "host": "d6b2a058c4be", "pid": 222419, "rank": null, "ts": "2026-10-04 16:43:32"}
[DBG] {"category": "QUEUE", "component": "queue", "event": "queue_item_decoded", "host": "d6b2a058c4be", "item_id": "952243f8a9e740eab9156b07ec8bcd20", "key": "smoke01:preference:952243f8a9e740eab9156b07ec8bcd20", "pid": 222419, "policy_version": 0, "queue": "preference", "rank": null, "ts": "2026-10-04 16:43:32"}
[DBG] {"category": "QUEUE", "component": "queue", "count": 4, "event": "BEGIN:clear_popped", "host": "d6b2a058c4be", "pid": 222419, "queue": "preference", "rank": null, "ts": "2026-10-04 16:43:32"}
[DBG] {"category": "QUEUE", "component": "queue", "event": "watchdog_armed", "host": "d6b2a058c4be", "pid": 222419, "rank": null, "stage": "clear_popped", "timeout_sec": 30.0, "ts": "2026-10-04 16:43:32"}
[DBG] {"category": "QUEUE", "component": "queue", "elapsed_sec": 0.016144, "event": "END:clear_popped", "host": "d6b2a058c4be", "pid": 222419, "rank": null, "ts": "2026-10-04 16:43:32"}
[DBG] {"category": "QUEUE", "component": "queue", "event": "pop_done", "host": "d6b2a058c4be", "item_ids": ["6d1998bbf38e4cbebb4fc472ba67fa0d", "0744ce98df1c4585a269421240fc9e53", "b03e27d30bf94139b69e3cb4e10e8188", "952243f8a9e740eab9156b07ec8bcd20"], "pid": 222419, "queue": "preference", "rank": null, "remaining": 0, "returned": 4, "stale": 0, "ts": "2026-10-04 16:43:32"}
[DBG] {"category": "QUEUE", "component": "queue", "current_version": null, "event": "BEGIN:queue_list_for_pop", "exact": false, "host": "d6b2a058c4be", "max_lag": null, "pid": 222419, "queue": "rollout", "rank": null, "requested": 1, "ts": "2026-10-04 16:44:04"}
[DBG] {"category": "QUEUE", "component": "queue", "event": "watchdog_armed", "host": "d6b2a058c4be", "pid": 222419, "rank": null, "stage": "queue_list_for_pop", "timeout_sec": 30.0, "ts": "2026-10-04 16:44:04"}
[DBG] {"category": "QUEUE", "component": "queue", "elapsed_sec": 0.001231, "event": "END:queue_list_for_pop", "host": "d6b2a058c4be", "pid": 222419, "rank": null, "ts": "2026-10-04 16:44:04"}
[DBG] {"available": 8, "category": "QUEUE", "component": "queue", "event": "pop_scan", "exact": false, "host": "d6b2a058c4be", "pid": 222419, "queue": "rollout", "rank": null, "requested": 1, "selected": 1, "selected_keys": ["smoke01:rollout:22cc9de107874bcfb552488260ec0048"], "stale": 0, "stale_keys": [], "ts": "2026-10-04 16:44:04"}
[DBG] {"category": "QUEUE", "component": "queue", "event": "BEGIN:queue_get", "host": "d6b2a058c4be", "key": "smoke01:rollout:22cc9de107874bcfb552488260ec0048", "pid": 222419, "queue": "rollout", "rank": null, "ts": "2026-10-04 16:44:04"}
[DBG] {"category": "QUEUE", "component": "queue", "event": "watchdog_armed", "host": "d6b2a058c4be", "pid": 222419, "rank": null, "stage": "queue_get", "timeout_sec": 30.0, "ts": "2026-10-04 16:44:04"}
[DBG] {"category": "QUEUE", "component": "queue", "elapsed_sec": 0.011068, "event": "END:queue_get", "host": "d6b2a058c4be", "pid": 222419, "rank": null, "ts": "2026-10-04 16:44:04"}
[DBG] {"category": "QUEUE", "component": "queue", "event": "queue_item_decoded", "host": "d6b2a058c4be", "item_id": "22cc9de107874bcfb552488260ec0048", "key": "smoke01:rollout:22cc9de107874bcfb552488260ec0048", "pid": 222419, "policy_version": 0, "queue": "rollout", "rank": null, "ts": "2026-10-04 16:44:04"}
[DBG] {"category": "QUEUE", "component": "queue", "count": 1, "event": "BEGIN:clear_popped", "host": "d6b2a058c4be", "pid": 222419, "queue": "rollout", "rank": null, "ts": "2026-10-04 16:44:04"}
[DBG] {"category": "QUEUE", "component": "queue", "event": "watchdog_armed", "host": "d6b2a058c4be", "pid": 222419, "rank": null, "stage": "clear_popped", "timeout_sec": 30.0, "ts": "2026-10-04 16:44:04"}
[DBG] {"category": "QUEUE", "component": "queue", "elapsed_sec": 0.013115, "event": "END:clear_popped", "host": "d6b2a058c4be", "pid": 222419, "rank": null, "ts": "2026-10-04 16:44:04"}
[DBG] {"category": "QUEUE", "component": "queue", "event": "pop_done", "host": "d6b2a058c4be", "item_ids": ["22cc9de107874bcfb552488260ec0048"], "pid": 222419, "queue": "rollout", "rank": null, "remaining": 7, "returned": 1, "stale": 0, "ts": "2026-10-04 16:44:04"}
[DBG] {"category": "QUEUE", "component": "queue", "event": "size_changed", "host": "d6b2a058c4be", "pid": 222419, "queue": "rollout", "rank": null, "size": 7, "ts": "2026-10-04 16:44:04"}
[DBG] {"category": "QUEUE", "component": "queue", "event": "put_prepare", "host": "d6b2a058c4be", "item_id": "e526f959e4f64c0fac58b568642eaa68", "partition": "smoke01:rollout", "payload_bytes": 2614, "pid": 222419, "policy_version": 0, "queue": "rollout", "rank": null, "ts": "2026-10-04 16:44:04"}
[DBG] {"category": "QUEUE", "component": "queue", "event": "BEGIN:queue_put", "host": "d6b2a058c4be", "item_id": "e526f959e4f64c0fac58b568642eaa68", "pid": 222419, "queue": "rollout", "rank": null, "ts": "2026-10-04 16:44:04"}
[DBG] {"category": "QUEUE", "component": "queue", "event": "watchdog_armed", "host": "d6b2a058c4be", "pid": 222419, "rank": null, "stage": "queue_put", "timeout_sec": 30.0, "ts": "2026-10-04 16:44:04"}
[DBG] {"category": "QUEUE", "component": "queue", "elapsed_sec": 0.026513, "event": "END:queue_put", "host": "d6b2a058c4be", "pid": 222419, "rank": null, "ts": "2026-10-04 16:44:04"}
[DBG] {"category": "QUEUE", "component": "queue", "event": "put_done", "host": "d6b2a058c4be", "key": "smoke01:rollout:e526f959e4f64c0fac58b568642eaa68", "pid": 222419, "policy_version": 0, "queue": "rollout", "rank": null, "ts": "2026-10-04 16:44:04"}
[DBG] {"category": "QUEUE", "component": "queue", "event": "put_prepare", "host": "d6b2a058c4be", "item_id": "6f7b32e508174d129f965a81a15e8319", "partition": "smoke01:rollout", "payload_bytes": 1489, "pid": 222419, "policy_version": 0, "queue": "rollout", "rank": null, "ts": "2026-10-04 16:44:04"}
[DBG] {"category": "QUEUE", "component": "queue", "event": "BEGIN:queue_put", "host": "d6b2a058c4be", "item_id": "6f7b32e508174d129f965a81a15e8319", "pid": 222419, "queue": "rollout", "rank": null, "ts": "2026-10-04 16:44:04"}
[DBG] {"category": "QUEUE", "component": "queue", "event": "watchdog_armed", "host": "d6b2a058c4be", "pid": 222419, "rank": null, "stage": "queue_put", "timeout_sec": 30.0, "ts": "2026-10-04 16:44:04"}
[DBG] {"category": "QUEUE", "component": "queue", "elapsed_sec": 0.019405, "event": "END:queue_put", "host": "d6b2a058c4be", "pid": 222419, "rank": null, "ts": "2026-10-04 16:44:04"}
[DBG] {"category": "QUEUE", "component": "queue", "event": "put_done", "host": "d6b2a058c4be", "key": "smoke01:rollout:6f7b32e508174d129f965a81a15e8319", "pid": 222419, "policy_version": 0, "queue": "rollout", "rank": null, "ts": "2026-10-04 16:44:04"}
[DBG] {"category": "QUEUE", "component": "queue", "event": "size_changed", "host": "d6b2a058c4be", "pid": 222419, "queue": "rollout", "rank": null, "size": 9, "ts": "2026-10-04 16:44:04"}
[DBG] {"category": "QUEUE", "component": "queue", "event": "size_changed", "host": "d6b2a058c4be", "pid": 222419, "queue": "preference", "rank": null, "size": 0, "ts": "2026-10-04 16:44:16"}
[DBG] {"category": "QUEUE", "component": "queue", "event": "put_prepare", "host": "d6b2a058c4be", "item_id": "22cc9de107874bcfb552488260ec0048", "partition": "smoke01:preference", "payload_bytes": 1269, "pid": 222419, "policy_version": 0, "queue": "preference", "rank": null, "ts": "2026-10-04 16:44:16"}
[DBG] {"category": "QUEUE", "component": "queue", "event": "BEGIN:queue_put", "host": "d6b2a058c4be", "item_id": "22cc9de107874bcfb552488260ec0048", "pid": 222419, "queue": "preference", "rank": null, "ts": "2026-10-04 16:44:16"}
[DBG] {"category": "QUEUE", "component": "queue", "event": "watchdog_armed", "host": "d6b2a058c4be", "pid": 222419, "rank": null, "stage": "queue_put", "timeout_sec": 30.0, "ts": "2026-10-04 16:44:16"}
[DBG] {"category": "QUEUE", "component": "queue", "elapsed_sec": 0.026946, "event": "END:queue_put", "host": "d6b2a058c4be", "pid": 222419, "rank": null, "ts": "2026-10-04 16:44:16"}
[DBG] {"category": "QUEUE", "component": "queue", "event": "put_done", "host": "d6b2a058c4be", "key": "smoke01:preference:22cc9de107874bcfb552488260ec0048", "pid": 222419, "policy_version": 0, "queue": "preference", "rank": null, "ts": "2026-10-04 16:44:16"}
[DBG] {"category": "QUEUE", "component": "queue", "event": "size_changed", "host": "d6b2a058c4be", "pid": 222419, "queue": "preference", "rank": null, "size": 1, "ts": "2026-10-04 16:44:16"}
[DBG] {"category": "QUEUE", "component": "queue", "current_version": null, "event": "BEGIN:queue_list_for_pop", "exact": false, "host": "d6b2a058c4be", "max_lag": null, "pid": 222419, "queue": "rollout", "rank": null, "requested": 1, "ts": "2026-10-04 16:44:17"}
[DBG] {"category": "QUEUE", "component": "queue", "event": "watchdog_armed", "host": "d6b2a058c4be", "pid": 222419, "rank": null, "stage": "queue_list_for_pop", "timeout_sec": 30.0, "ts": "2026-10-04 16:44:17"}
[DBG] {"category": "QUEUE", "component": "queue", "elapsed_sec": 0.002296, "event": "END:queue_list_for_pop", "host": "d6b2a058c4be", "pid": 222419, "rank": null, "ts": "2026-10-04 16:44:17"}
[DBG] {"available": 9, "category": "QUEUE", "component": "queue", "event": "pop_scan", "exact": false, "host": "d6b2a058c4be", "pid": 222419, "queue": "rollout", "rank": null, "requested": 1, "selected": 1, "selected_keys": ["smoke01:rollout:e1765c74bb824e83b150f1d0847d5a27"], "stale": 0, "stale_keys": [], "ts": "2026-10-04 16:44:17"}
[DBG] {"category": "QUEUE", "component": "queue", "event": "BEGIN:queue_get", "host": "d6b2a058c4be", "key": "smoke01:rollout:e1765c74bb824e83b150f1d0847d5a27", "pid": 222419, "queue": "rollout", "rank": null, "ts": "2026-10-04 16:44:17"}
[DBG] {"category": "QUEUE", "component": "queue", "event": "watchdog_armed", "host": "d6b2a058c4be", "pid": 222419, "rank": null, "stage": "queue_get", "timeout_sec": 30.0, "ts": "2026-10-04 16:44:17"}
[DBG] {"category": "QUEUE", "component": "queue", "elapsed_sec": 0.024918, "event": "END:queue_get", "host": "d6b2a058c4be", "pid": 222419, "rank": null, "ts": "2026-10-04 16:44:17"}
[DBG] {"category": "QUEUE", "component": "queue", "event": "queue_item_decoded", "host": "d6b2a058c4be", "item_id": "e1765c74bb824e83b150f1d0847d5a27", "key": "smoke01:rollout:e1765c74bb824e83b150f1d0847d5a27", "pid": 222419, "policy_version": 0, "queue": "rollout", "rank": null, "ts": "2026-10-04 16:44:17"}
[DBG] {"category": "QUEUE", "component": "queue", "count": 1, "event": "BEGIN:clear_popped", "host": "d6b2a058c4be", "pid": 222419, "queue": "rollout", "rank": null, "ts": "2026-10-04 16:44:17"}
[DBG] {"category": "QUEUE", "component": "queue", "event": "watchdog_armed", "host": "d6b2a058c4be", "pid": 222419, "rank": null, "stage": "clear_popped", "timeout_sec": 30.0, "ts": "2026-10-04 16:44:17"}
[DBG] {"category": "QUEUE", "component": "queue", "elapsed_sec": 0.015451, "event": "END:clear_popped", "host": "d6b2a058c4be", "pid": 222419, "rank": null, "ts": "2026-10-04 16:44:17"}
[DBG] {"category": "QUEUE", "component": "queue", "event": "pop_done", "host": "d6b2a058c4be", "item_ids": ["e1765c74bb824e83b150f1d0847d5a27"], "pid": 222419, "queue": "rollout", "rank": null, "remaining": 8, "returned": 1, "stale": 0, "ts": "2026-10-04 16:44:17"}
[DBG] {"category": "QUEUE", "component": "queue", "event": "size_changed", "host": "d6b2a058c4be", "pid": 222419, "queue": "rollout", "rank": null, "size": 8, "ts": "2026-10-04 16:44:17"}
