[DBG] {"category": "QUEUE", "component": "queue", "event": "BEGIN:transfer_queue_init", "host": "d6b2a058c4be", "pid": 58753, "rank": null, "run_id": "smoke01", "ts": "2026-10-04 13:16:10"}
[DBG] {"category": "QUEUE", "component": "queue", "event": "watchdog_armed", "host": "d6b2a058c4be", "pid": 58753, "rank": null, "stage": "transfer_queue_init", "timeout_sec": 30.0, "ts": "2026-10-04 13:16:10"}
[DBG] {"category": "QUEUE", "component": "queue", "elapsed_sec": 5.599335, "event": "END:transfer_queue_init", "host": "d6b2a058c4be", "pid": 58753, "rank": null, "ts": "2026-10-04 13:16:16"}
[DBG] {"category": "QUEUE", "component": "queue", "event": "broker_ready", "host": "d6b2a058c4be", "pid": 58753, "queues": {"preference": "preference", "rollout": "rollout"}, "rank": null, "ts": "2026-10-04 13:16:16"}
[DBG] {"category": "QUEUE", "component": "queue", "current_version": null, "event": "BEGIN:queue_list_for_pop", "exact": false, "host": "d6b2a058c4be", "max_lag": null, "pid": 58753, "queue": "rollout", "rank": null, "requested": 1, "ts": "2026-10-04 13:16:56"}
[DBG] {"category": "QUEUE", "component": "queue", "event": "watchdog_armed", "host": "d6b2a058c4be", "pid": 58753, "rank": null, "stage": "queue_list_for_pop", "timeout_sec": 30.0, "ts": "2026-10-04 13:16:56"}
[DBG] {"category": "QUEUE", "component": "queue", "elapsed_sec": 0.018643, "event": "END:queue_list_for_pop", "host": "d6b2a058c4be", "pid": 58753, "rank": null, "ts": "2026-10-04 13:16:56"}
[DBG] {"available": 0, "category": "QUEUE", "component": "queue", "event": "pop_scan", "exact": false, "host": "d6b2a058c4be", "pid": 58753, "queue": "rollout", "rank": null, "requested": 1, "selected": 0, "stale": 0, "ts": "2026-10-04 13:16:56"}
[DBG] {"category": "QUEUE", "component": "queue", "event": "pop_done", "host": "d6b2a058c4be", "pid": 58753, "queue": "rollout", "rank": null, "returned": 0, "stale": 0, "ts": "2026-10-04 13:16:56"}
[DBG] {"category": "QUEUE", "component": "queue", "event": "size_changed", "host": "d6b2a058c4be", "pid": 58753, "queue": "rollout", "rank": null, "size": 0, "ts": "2026-10-04 13:16:56"}
[DBG] {"category": "QUEUE", "component": "queue", "current_version": null, "event": "BEGIN:queue_list_for_pop", "exact": false, "host": "d6b2a058c4be", "max_lag": null, "pid": 58753, "queue": "rollout", "rank": null, "requested": 1, "ts": "2026-10-04 13:16:56"}
[DBG] {"category": "QUEUE", "component": "queue", "event": "watchdog_armed", "host": "d6b2a058c4be", "pid": 58753, "rank": null, "stage": "queue_list_for_pop", "timeout_sec": 30.0, "ts": "2026-10-04 13:16:56"}
[DBG] {"category": "QUEUE", "component": "queue", "elapsed_sec": 0.002358, "event": "END:queue_list_for_pop", "host": "d6b2a058c4be", "pid": 58753, "rank": null, "ts": "2026-10-04 13:16:56"}
[DBG] {"available": 0, "category": "QUEUE", "component": "queue", "event": "pop_scan", "exact": false, "host": "d6b2a058c4be", "pid": 58753, "queue": "rollout", "rank": null, "requested": 1, "selected": 0, "stale": 0, "ts": "2026-10-04 13:16:56"}
[DBG] {"category": "QUEUE", "component": "queue", "event": "pop_done", "host": "d6b2a058c4be", "pid": 58753, "queue": "rollout", "rank": null, "returned": 0, "stale": 0, "ts": "2026-10-04 13:16:56"}
[DBG] {"category": "QUEUE", "component": "queue", "current_version": null, "event": "BEGIN:queue_list_for_pop", "exact": false, "host": "d6b2a058c4be", "max_lag": null, "pid": 58753, "queue": "rollout", "rank": null, "requested": 1, "ts": "2026-10-04 13:16:56"}
[DBG] {"category": "QUEUE", "component": "queue", "event": "watchdog_armed", "host": "d6b2a058c4be", "pid": 58753, "rank": null, "stage": "queue_list_for_pop", "timeout_sec": 30.0, "ts": "2026-10-04 13:16:56"}
[DBG] {"category": "QUEUE", "component": "queue", "elapsed_sec": 0.00259, "event": "END:queue_list_for_pop", "host": "d6b2a058c4be", "pid": 58753, "rank": null, "ts": "2026-10-04 13:16:56"}
[DBG] {"available": 0, "category": "QUEUE", "component": "queue", "event": "pop_scan", "exact": false, "host": "d6b2a058c4be", "pid": 58753, "queue": "rollout", "rank": null, "requested": 1, "selected": 0, "stale": 0, "ts": "2026-10-04 13:16:56"}
[DBG] {"category": "QUEUE", "component": "queue", "event": "pop_done", "host": "d6b2a058c4be", "pid": 58753, "queue": "rollout", "rank": null, "returned": 0, "stale": 0, "ts": "2026-10-04 13:16:56"}
[DBG] {"category": "QUEUE", "component": "queue", "current_version": null, "event": "BEGIN:queue_list_for_pop", "exact": false, "host": "d6b2a058c4be", "max_lag": null, "pid": 58753, "queue": "rollout", "rank": null, "requested": 1, "ts": "2026-10-04 13:16:57"}
[DBG] {"category": "QUEUE", "component": "queue", "event": "watchdog_armed", "host": "d6b2a058c4be", "pid": 58753, "rank": null, "stage": "queue_list_for_pop", "timeout_sec": 30.0, "ts": "2026-10-04 13:16:57"}
[DBG] {"category": "QUEUE", "component": "queue", "elapsed_sec": 0.002919, "event": "END:queue_list_for_pop", "host": "d6b2a058c4be", "pid": 58753, "rank": null, "ts": "2026-10-04 13:16:57"}
[DBG] {"available": 0, "category": "QUEUE", "component": "queue", "event": "pop_scan", "exact": false, "host": "d6b2a058c4be", "pid": 58753, "queue": "rollout", "rank": null, "requested": 1, "selected": 0, "stale": 0, "ts": "2026-10-04 13:16:57"}
[DBG] {"category": "QUEUE", "component": "queue", "event": "pop_done", "host": "d6b2a058c4be", "pid": 58753, "queue": "rollout", "rank": null, "returned": 0, "stale": 0, "ts": "2026-10-04 13:16:57"}
[DBG] {"category": "QUEUE", "component": "queue", "current_version": null, "event": "BEGIN:queue_list_for_pop", "exact": false, "host": "d6b2a058c4be", "max_lag": null, "pid": 58753, "queue": "rollout", "rank": null, "requested": 1, "ts": "2026-10-04 13:16:57"}
[DBG] {"category": "QUEUE", "component": "queue", "event": "watchdog_armed", "host": "d6b2a058c4be", "pid": 58753, "rank": null, "stage": "queue_list_for_pop", "timeout_sec": 30.0, "ts": "2026-10-04 13:16:57"}
[DBG] {"category": "QUEUE", "component": "queue", "elapsed_sec": 0.002005, "event": "END:queue_list_for_pop", "host": "d6b2a058c4be", "pid": 58753, "rank": null, "ts": "2026-10-04 13:16:57"}
[DBG] {"available": 0, "category": "QUEUE", "component": "queue", "event": "pop_scan", "exact": false, "host": "d6b2a058c4be", "pid": 58753, "queue": "rollout", "rank": null, "requested": 1, "selected": 0, "stale": 0, "ts": "2026-10-04 13:16:57"}
[DBG] {"category": "QUEUE", "component": "queue", "event": "pop_done", "host": "d6b2a058c4be", "pid": 58753, "queue": "rollout", "rank": null, "returned": 0, "stale": 0, "ts": "2026-10-04 13:16:57"}
[DBG] {"category": "QUEUE", "component": "queue", "current_version": null, "event": "BEGIN:queue_list_for_pop", "exact": false, "host": "d6b2a058c4be", "max_lag": null, "pid": 58753, "queue": "rollout", "rank": null, "requested": 1, "ts": "2026-10-04 13:16:57"}
[DBG] {"category": "QUEUE", "component": "queue", "event": "watchdog_armed", "host": "d6b2a058c4be", "pid": 58753, "rank": null, "stage": "queue_list_for_pop", "timeout_sec": 30.0, "ts": "2026-10-04 13:16:57"}
[DBG] {"category": "QUEUE", "component": "queue", "elapsed_sec": 0.002596, "event": "END:queue_list_for_pop", "host": "d6b2a058c4be", "pid": 58753, "rank": null, "ts": "2026-10-04 13:16:57"}
[DBG] {"available": 0, "category": "QUEUE", "component": "queue", "event": "pop_scan", "exact": false, "host": "d6b2a058c4be", "pid": 58753, "queue": "rollout", "rank": null, "requested": 1, "selected": 0, "stale": 0, "ts": "2026-10-04 13:16:57"}
[DBG] {"category": "QUEUE", "component": "queue", "event": "pop_done", "host": "d6b2a058c4be", "pid": 58753, "queue": "rollout", "rank": null, "returned": 0, "stale": 0, "ts": "2026-10-04 13:16:57"}
[DBG] {"category": "QUEUE", "component": "queue", "current_version": null, "event": "BEGIN:queue_list_for_pop", "exact": false, "host": "d6b2a058c4be", "max_lag": null, "pid": 58753, "queue": "rollout", "rank": null, "requested": 1, "ts": "2026-10-04 13:16:57"}
[DBG] {"category": "QUEUE", "component": "queue", "event": "watchdog_armed", "host": "d6b2a058c4be", "pid": 58753, "rank": null, "stage": "queue_list_for_pop", "timeout_sec": 30.0, "ts": "2026-10-04 13:16:57"}
[DBG] {"category": "QUEUE", "component": "queue", "elapsed_sec": 0.002677, "event": "END:queue_list_for_pop", "host": "d6b2a058c4be", "pid": 58753, "rank": null, "ts": "2026-10-04 13:16:57"}
[DBG] {"available": 0, "category": "QUEUE", "component": "queue", "event": "pop_scan", "exact": false, "host": "d6b2a058c4be", "pid": 58753, "queue": "rollout", "rank": null, "requested": 1, "selected": 0, "stale": 0, "ts": "2026-10-04 13:16:57"}
[DBG] {"category": "QUEUE", "component": "queue", "event": "pop_done", "host": "d6b2a058c4be", "pid": 58753, "queue": "rollout", "rank": null, "returned": 0, "stale": 0, "ts": "2026-10-04 13:16:57"}
[DBG] {"category": "QUEUE", "component": "queue", "current_version": null, "event": "BEGIN:queue_list_for_pop", "exact": false, "host": "d6b2a058c4be", "max_lag": null, "pid": 58753, "queue": "rollout", "rank": null, "requested": 1, "ts": "2026-10-04 13:16:57"}
[DBG] {"category": "QUEUE", "component": "queue", "event": "watchdog_armed", "host": "d6b2a058c4be", "pid": 58753, "rank": null, "stage": "queue_list_for_pop", "timeout_sec": 30.0, "ts": "2026-10-04 13:16:57"}
[DBG] {"category": "QUEUE", "component": "queue", "elapsed_sec": 0.00243, "event": "END:queue_list_for_pop", "host": "d6b2a058c4be", "pid": 58753, "rank": null, "ts": "2026-10-04 13:16:57"}
[DBG] {"available": 0, "category": "QUEUE", "component": "queue", "event": "pop_scan", "exact": false, "host": "d6b2a058c4be", "pid": 58753, "queue": "rollout", "rank": null, "requested": 1, "selected": 0, "stale": 0, "ts": "2026-10-04 13:16:57"}
[DBG] {"category": "QUEUE", "component": "queue", "event": "pop_done", "host": "d6b2a058c4be", "pid": 58753, "queue": "rollout", "rank": null, "returned": 0, "stale": 0, "ts": "2026-10-04 13:16:57"}
[DBG] {"category": "QUEUE", "component": "queue", "current_version": null, "event": "BEGIN:queue_list_for_pop", "exact": false, "host": "d6b2a058c4be", "max_lag": null, "pid": 58753, "queue": "rollout", "rank": null, "requested": 1, "ts": "2026-10-04 13:16:58"}
[DBG] {"category": "QUEUE", "component": "queue", "event": "watchdog_armed", "host": "d6b2a058c4be", "pid": 58753, "rank": null, "stage": "queue_list_for_pop", "timeout_sec": 30.0, "ts": "2026-10-04 13:16:58"}
[DBG] {"category": "QUEUE", "component": "queue", "elapsed_sec": 0.00237, "event": "END:queue_list_for_pop", "host": "d6b2a058c4be", "pid": 58753, "rank": null, "ts": "2026-10-04 13:16:58"}
[DBG] {"available": 0, "category": "QUEUE", "component": "queue", "event": "pop_scan", "exact": false, "host": "d6b2a058c4be", "pid": 58753, "queue": "rollout", "rank": null, "requested": 1, "selected": 0, "stale": 0, "ts": "2026-10-04 13:16:58"}
[DBG] {"category": "QUEUE", "component": "queue", "event": "pop_done", "host": "d6b2a058c4be", "pid": 58753, "queue": "rollout", "rank": null, "returned": 0, "stale": 0, "ts": "2026-10-04 13:16:58"}
[DBG] {"category": "QUEUE", "component": "queue", "current_version": null, "event": "BEGIN:queue_list_for_pop", "exact": false, "host": "d6b2a058c4be", "max_lag": null, "pid": 58753, "queue": "rollout", "rank": null, "requested": 1, "ts": "2026-10-04 13:16:58"}
[DBG] {"category": "QUEUE", "component": "queue", "event": "watchdog_armed", "host": "d6b2a058c4be", "pid": 58753, "rank": null, "stage": "queue_list_for_pop", "timeout_sec": 30.0, "ts": "2026-10-04 13:16:58"}
[DBG] {"category": "QUEUE", "component": "queue", "elapsed_sec": 0.002289, "event": "END:queue_list_for_pop", "host": "d6b2a058c4be", "pid": 58753, "rank": null, "ts": "2026-10-04 13:16:58"}
[DBG] {"available": 0, "category": "QUEUE", "component": "queue", "event": "pop_scan", "exact": false, "host": "d6b2a058c4be", "pid": 58753, "queue": "rollout", "rank": null, "requested": 1, "selected": 0, "stale": 0, "ts": "2026-10-04 13:16:58"}
[DBG] {"category": "QUEUE", "component": "queue", "event": "pop_done", "host": "d6b2a058c4be", "pid": 58753, "queue": "rollout", "rank": null, "returned": 0, "stale": 0, "ts": "2026-10-04 13:16:58"}
[DBG] {"category": "QUEUE", "component": "queue", "current_version": null, "event": "BEGIN:queue_list_for_pop", "exact": false, "host": "d6b2a058c4be", "max_lag": null, "pid": 58753, "queue": "rollout", "rank": null, "requested": 1, "ts": "2026-10-04 13:16:58"}
[DBG] {"category": "QUEUE", "component": "queue", "event": "watchdog_armed", "host": "d6b2a058c4be", "pid": 58753, "rank": null, "stage": "queue_list_for_pop", "timeout_sec": 30.0, "ts": "2026-10-04 13:16:58"}
[DBG] {"category": "QUEUE", "component": "queue", "elapsed_sec": 0.002195, "event": "END:queue_list_for_pop", "host": "d6b2a058c4be", "pid": 58753, "rank": null, "ts": "2026-10-04 13:16:58"}
[DBG] {"available": 0, "category": "QUEUE", "component": "queue", "event": "pop_scan", "exact": false, "host": "d6b2a058c4be", "pid": 58753, "queue": "rollout", "rank": null, "requested": 1, "selected": 0, "stale": 0, "ts": "2026-10-04 13:16:58"}
[DBG] {"category": "QUEUE", "component": "queue", "event": "pop_done", "host": "d6b2a058c4be", "pid": 58753, "queue": "rollout", "rank": null, "returned": 0, "stale": 0, "ts": "2026-10-04 13:16:58"}
[DBG] {"category": "QUEUE", "component": "queue", "current_version": null, "event": "BEGIN:queue_list_for_pop", "exact": false, "host": "d6b2a058c4be", "max_lag": null, "pid": 58753, "queue": "rollout", "rank": null, "requested": 1, "ts": "2026-10-04 13:16:58"}
[DBG] {"category": "QUEUE", "component": "queue", "event": "watchdog_armed", "host": "d6b2a058c4be", "pid": 58753, "rank": null, "stage": "queue_list_for_pop", "timeout_sec": 30.0, "ts": "2026-10-04 13:16:58"}
[DBG] {"category": "QUEUE", "component": "queue", "elapsed_sec": 0.002172, "event": "END:queue_list_for_pop", "host": "d6b2a058c4be", "pid": 58753, "rank": null, "ts": "2026-10-04 13:16:58"}
[DBG] {"available": 0, "category": "QUEUE", "component": "queue", "event": "pop_scan", "exact": false, "host": "d6b2a058c4be", "pid": 58753, "queue": "rollout", "rank": null, "requested": 1, "selected": 0, "stale": 0, "ts": "2026-10-04 13:16:58"}
[DBG] {"category": "QUEUE", "component": "queue", "event": "pop_done", "host": "d6b2a058c4be", "pid": 58753, "queue": "rollout", "rank": null, "returned": 0, "stale": 0, "ts": "2026-10-04 13:16:58"}
[DBG] {"category": "QUEUE", "component": "queue", "event": "BEGIN:queue_put", "host": "d6b2a058c4be", "item_id": "57b8f802ce0647a3a4583f262006628e", "pid": 58753, "queue": "rollout", "rank": null, "ts": "2026-10-04 13:16:58"}
[DBG] {"category": "QUEUE", "component": "queue", "event": "watchdog_armed", "host": "d6b2a058c4be", "pid": 58753, "rank": null, "stage": "queue_put", "timeout_sec": 30.0, "ts": "2026-10-04 13:16:58"}
[DBG] {"category": "QUEUE", "component": "queue", "elapsed_sec": 0.032302, "event": "END:queue_put", "host": "d6b2a058c4be", "pid": 58753, "rank": null, "ts": "2026-10-04 13:16:58"}
[DBG] {"category": "QUEUE", "component": "queue", "event": "put_done", "host": "d6b2a058c4be", "key": "smoke01:rollout:57b8f802ce0647a3a4583f262006628e", "pid": 58753, "policy_version": 0, "queue": "rollout", "rank": null, "ts": "2026-10-04 13:16:58"}
[DBG] {"category": "QUEUE", "component": "queue", "event": "BEGIN:queue_put", "host": "d6b2a058c4be", "item_id": "abaed0bdca204551b064a421389636e3", "pid": 58753, "queue": "rollout", "rank": null, "ts": "2026-10-04 13:16:58"}
[DBG] {"category": "QUEUE", "component": "queue", "event": "watchdog_armed", "host": "d6b2a058c4be", "pid": 58753, "rank": null, "stage": "queue_put", "timeout_sec": 30.0, "ts": "2026-10-04 13:16:58"}
[DBG] {"category": "QUEUE", "component": "queue", "elapsed_sec": 0.028877, "event": "END:queue_put", "host": "d6b2a058c4be", "pid": 58753, "rank": null, "ts": "2026-10-04 13:16:58"}
[DBG] {"category": "QUEUE", "component": "queue", "event": "put_done", "host": "d6b2a058c4be", "key": "smoke01:rollout:abaed0bdca204551b064a421389636e3", "pid": 58753, "policy_version": 0, "queue": "rollout", "rank": null, "ts": "2026-10-04 13:16:58"}
[DBG] {"category": "QUEUE", "component": "queue", "current_version": null, "event": "BEGIN:queue_list_for_pop", "exact": false, "host": "d6b2a058c4be", "max_lag": null, "pid": 58753, "queue": "rollout", "rank": null, "requested": 1, "ts": "2026-10-04 13:16:58"}
[DBG] {"category": "QUEUE", "component": "queue", "event": "watchdog_armed", "host": "d6b2a058c4be", "pid": 58753, "rank": null, "stage": "queue_list_for_pop", "timeout_sec": 30.0, "ts": "2026-10-04 13:16:58"}
[DBG] {"category": "QUEUE", "component": "queue", "elapsed_sec": 0.001786, "event": "END:queue_list_for_pop", "host": "d6b2a058c4be", "pid": 58753, "rank": null, "ts": "2026-10-04 13:16:58"}
[DBG] {"available": 2, "category": "QUEUE", "component": "queue", "event": "pop_scan", "exact": false, "host": "d6b2a058c4be", "pid": 58753, "queue": "rollout", "rank": null, "requested": 1, "selected": 1, "stale": 0, "ts": "2026-10-04 13:16:58"}
[DBG] {"category": "QUEUE", "component": "queue", "event": "BEGIN:queue_get", "host": "d6b2a058c4be", "key": "smoke01:rollout:57b8f802ce0647a3a4583f262006628e", "pid": 58753, "queue": "rollout", "rank": null, "ts": "2026-10-04 13:16:58"}
[DBG] {"category": "QUEUE", "component": "queue", "event": "watchdog_armed", "host": "d6b2a058c4be", "pid": 58753, "rank": null, "stage": "queue_get", "timeout_sec": 30.0, "ts": "2026-10-04 13:16:58"}
[DBG] {"category": "QUEUE", "component": "queue", "elapsed_sec": 0.040469, "event": "END:queue_get", "host": "d6b2a058c4be", "pid": 58753, "rank": null, "ts": "2026-10-04 13:16:58"}
[DBG] {"category": "QUEUE", "component": "queue", "count": 1, "event": "BEGIN:clear_popped", "host": "d6b2a058c4be", "pid": 58753, "queue": "rollout", "rank": null, "ts": "2026-10-04 13:16:58"}
[DBG] {"category": "QUEUE", "component": "queue", "event": "watchdog_armed", "host": "d6b2a058c4be", "pid": 58753, "rank": null, "stage": "clear_popped", "timeout_sec": 30.0, "ts": "2026-10-04 13:16:58"}
[DBG] {"category": "QUEUE", "component": "queue", "elapsed_sec": 0.020009, "event": "END:clear_popped", "host": "d6b2a058c4be", "pid": 58753, "rank": null, "ts": "2026-10-04 13:16:58"}
[DBG] {"category": "QUEUE", "component": "queue", "event": "pop_done", "host": "d6b2a058c4be", "pid": 58753, "queue": "rollout", "rank": null, "returned": 1, "stale": 0, "ts": "2026-10-04 13:16:58"}
[DBG] {"category": "QUEUE", "component": "queue", "event": "size_changed", "host": "d6b2a058c4be", "pid": 58753, "queue": "rollout", "rank": null, "size": 1, "ts": "2026-10-04 13:16:58"}
[DBG] {"category": "QUEUE", "component": "queue", "event": "BEGIN:queue_put", "host": "d6b2a058c4be", "item_id": "7c5f963e5f374b74a5c4c4080d283317", "pid": 58753, "queue": "rollout", "rank": null, "ts": "2026-10-04 13:16:59"}
[DBG] {"category": "QUEUE", "component": "queue", "event": "watchdog_armed", "host": "d6b2a058c4be", "pid": 58753, "rank": null, "stage": "queue_put", "timeout_sec": 30.0, "ts": "2026-10-04 13:16:59"}
[DBG] {"category": "QUEUE", "component": "queue", "elapsed_sec": 0.029178, "event": "END:queue_put", "host": "d6b2a058c4be", "pid": 58753, "rank": null, "ts": "2026-10-04 13:16:59"}
[DBG] {"category": "QUEUE", "component": "queue", "event": "put_done", "host": "d6b2a058c4be", "key": "smoke01:rollout:7c5f963e5f374b74a5c4c4080d283317", "pid": 58753, "policy_version": 0, "queue": "rollout", "rank": null, "ts": "2026-10-04 13:16:59"}
[DBG] {"category": "QUEUE", "component": "queue", "event": "BEGIN:queue_put", "host": "d6b2a058c4be", "item_id": "782dea8ce3c24576a6eb2ea44f757d85", "pid": 58753, "queue": "rollout", "rank": null, "ts": "2026-10-04 13:16:59"}
[DBG] {"category": "QUEUE", "component": "queue", "event": "watchdog_armed", "host": "d6b2a058c4be", "pid": 58753, "rank": null, "stage": "queue_put", "timeout_sec": 30.0, "ts": "2026-10-04 13:16:59"}
[DBG] {"category": "QUEUE", "component": "queue", "elapsed_sec": 0.02628, "event": "END:queue_put", "host": "d6b2a058c4be", "pid": 58753, "rank": null, "ts": "2026-10-04 13:16:59"}
[DBG] {"category": "QUEUE", "component": "queue", "event": "put_done", "host": "d6b2a058c4be", "key": "smoke01:rollout:782dea8ce3c24576a6eb2ea44f757d85", "pid": 58753, "policy_version": 0, "queue": "rollout", "rank": null, "ts": "2026-10-04 13:16:59"}
[DBG] {"category": "QUEUE", "component": "queue", "event": "size_changed", "host": "d6b2a058c4be", "pid": 58753, "queue": "rollout", "rank": null, "size": 3, "ts": "2026-10-04 13:16:59"}
[DBG] {"category": "QUEUE", "component": "queue", "event": "BEGIN:queue_put", "host": "d6b2a058c4be", "item_id": "e46ef42183c54c0a9a0af731d2894283", "pid": 58753, "queue": "rollout", "rank": null, "ts": "2026-10-04 13:17:00"}
[DBG] {"category": "QUEUE", "component": "queue", "event": "watchdog_armed", "host": "d6b2a058c4be", "pid": 58753, "rank": null, "stage": "queue_put", "timeout_sec": 30.0, "ts": "2026-10-04 13:17:00"}
[DBG] {"category": "QUEUE", "component": "queue", "elapsed_sec": 0.027733, "event": "END:queue_put", "host": "d6b2a058c4be", "pid": 58753, "rank": null, "ts": "2026-10-04 13:17:00"}
[DBG] {"category": "QUEUE", "component": "queue", "event": "put_done", "host": "d6b2a058c4be", "key": "smoke01:rollout:e46ef42183c54c0a9a0af731d2894283", "pid": 58753, "policy_version": 0, "queue": "rollout", "rank": null, "ts": "2026-10-04 13:17:00"}
[DBG] {"category": "QUEUE", "component": "queue", "event": "BEGIN:queue_put", "host": "d6b2a058c4be", "item_id": "37dc3d656fd74947a334f284c470d552", "pid": 58753, "queue": "rollout", "rank": null, "ts": "2026-10-04 13:17:00"}
[DBG] {"category": "QUEUE", "component": "queue", "event": "watchdog_armed", "host": "d6b2a058c4be", "pid": 58753, "rank": null, "stage": "queue_put", "timeout_sec": 30.0, "ts": "2026-10-04 13:17:00"}
[DBG] {"category": "QUEUE", "component": "queue", "elapsed_sec": 0.026384, "event": "END:queue_put", "host": "d6b2a058c4be", "pid": 58753, "rank": null, "ts": "2026-10-04 13:17:00"}
[DBG] {"category": "QUEUE", "component": "queue", "event": "put_done", "host": "d6b2a058c4be", "key": "smoke01:rollout:37dc3d656fd74947a334f284c470d552", "pid": 58753, "policy_version": 0, "queue": "rollout", "rank": null, "ts": "2026-10-04 13:17:00"}
[DBG] {"category": "QUEUE", "component": "queue", "event": "size_changed", "host": "d6b2a058c4be", "pid": 58753, "queue": "rollout", "rank": null, "size": 5, "ts": "2026-10-04 13:17:00"}
[DBG] {"category": "QUEUE", "component": "queue", "event": "BEGIN:queue_put", "host": "d6b2a058c4be", "item_id": "d4e96a11cce848a9b41c3fb2751812ba", "pid": 58753, "queue": "rollout", "rank": null, "ts": "2026-10-04 13:17:00"}
[DBG] {"category": "QUEUE", "component": "queue", "event": "watchdog_armed", "host": "d6b2a058c4be", "pid": 58753, "rank": null, "stage": "queue_put", "timeout_sec": 30.0, "ts": "2026-10-04 13:17:00"}
[DBG] {"category": "QUEUE", "component": "queue", "elapsed_sec": 0.028749, "event": "END:queue_put", "host": "d6b2a058c4be", "pid": 58753, "rank": null, "ts": "2026-10-04 13:17:00"}
[DBG] {"category": "QUEUE", "component": "queue", "event": "put_done", "host": "d6b2a058c4be", "key": "smoke01:rollout:d4e96a11cce848a9b41c3fb2751812ba", "pid": 58753, "policy_version": 0, "queue": "rollout", "rank": null, "ts": "2026-10-04 13:17:00"}
[DBG] {"category": "QUEUE", "component": "queue", "event": "BEGIN:queue_put", "host": "d6b2a058c4be", "item_id": "596f10dd886c48048a4bf8739474ecb2", "pid": 58753, "queue": "rollout", "rank": null, "ts": "2026-10-04 13:17:00"}
[DBG] {"category": "QUEUE", "component": "queue", "event": "watchdog_armed", "host": "d6b2a058c4be", "pid": 58753, "rank": null, "stage": "queue_put", "timeout_sec": 30.0, "ts": "2026-10-04 13:17:00"}
[DBG] {"category": "QUEUE", "component": "queue", "elapsed_sec": 0.028197, "event": "END:queue_put", "host": "d6b2a058c4be", "pid": 58753, "rank": null, "ts": "2026-10-04 13:17:00"}
[DBG] {"category": "QUEUE", "component": "queue", "event": "put_done", "host": "d6b2a058c4be", "key": "smoke01:rollout:596f10dd886c48048a4bf8739474ecb2", "pid": 58753, "policy_version": 0, "queue": "rollout", "rank": null, "ts": "2026-10-04 13:17:00"}
[DBG] {"category": "QUEUE", "component": "queue", "event": "size_changed", "host": "d6b2a058c4be", "pid": 58753, "queue": "rollout", "rank": null, "size": 7, "ts": "2026-10-04 13:17:00"}
[DBG] {"category": "QUEUE", "component": "queue", "event": "BEGIN:queue_put", "host": "d6b2a058c4be", "item_id": "57f438ada13a4d81ba51571ce37175dc", "pid": 58753, "queue": "rollout", "rank": null, "ts": "2026-10-04 13:17:01"}
[DBG] {"category": "QUEUE", "component": "queue", "event": "watchdog_armed", "host": "d6b2a058c4be", "pid": 58753, "rank": null, "stage": "queue_put", "timeout_sec": 30.0, "ts": "2026-10-04 13:17:01"}
[DBG] {"category": "QUEUE", "component": "queue", "elapsed_sec": 0.028029, "event": "END:queue_put", "host": "d6b2a058c4be", "pid": 58753, "rank": null, "ts": "2026-10-04 13:17:01"}
[DBG] {"category": "QUEUE", "component": "queue", "event": "put_done", "host": "d6b2a058c4be", "key": "smoke01:rollout:57f438ada13a4d81ba51571ce37175dc", "pid": 58753, "policy_version": 0, "queue": "rollout", "rank": null, "ts": "2026-10-04 13:17:01"}
[DBG] {"category": "QUEUE", "component": "queue", "event": "BEGIN:queue_put", "host": "d6b2a058c4be", "item_id": "cb0feaef00d749b9a578aa4a3f0592b2", "pid": 58753, "queue": "rollout", "rank": null, "ts": "2026-10-04 13:17:01"}
[DBG] {"category": "QUEUE", "component": "queue", "event": "watchdog_armed", "host": "d6b2a058c4be", "pid": 58753, "rank": null, "stage": "queue_put", "timeout_sec": 30.0, "ts": "2026-10-04 13:17:01"}
[DBG] {"category": "QUEUE", "component": "queue", "elapsed_sec": 0.029302, "event": "END:queue_put", "host": "d6b2a058c4be", "pid": 58753, "rank": null, "ts": "2026-10-04 13:17:01"}
[DBG] {"category": "QUEUE", "component": "queue", "event": "put_done", "host": "d6b2a058c4be", "key": "smoke01:rollout:cb0feaef00d749b9a578aa4a3f0592b2", "pid": 58753, "policy_version": 0, "queue": "rollout", "rank": null, "ts": "2026-10-04 13:17:01"}
[DBG] {"category": "QUEUE", "component": "queue", "event": "size_changed", "host": "d6b2a058c4be", "pid": 58753, "queue": "rollout", "rank": null, "size": 9, "ts": "2026-10-04 13:17:01"}
[DBG] {"category": "QUEUE", "component": "queue", "event": "BEGIN:queue_put", "host": "d6b2a058c4be", "item_id": "57b8f802ce0647a3a4583f262006628e", "pid": 58753, "queue": "preference", "rank": null, "ts": "2026-10-04 13:17:02"}
[DBG] {"category": "QUEUE", "component": "queue", "event": "watchdog_armed", "host": "d6b2a058c4be", "pid": 58753, "rank": null, "stage": "queue_put", "timeout_sec": 30.0, "ts": "2026-10-04 13:17:02"}
[DBG] {"category": "QUEUE", "component": "queue", "elapsed_sec": 0.024337, "event": "END:queue_put", "host": "d6b2a058c4be", "pid": 58753, "rank": null, "ts": "2026-10-04 13:17:02"}
[DBG] {"category": "QUEUE", "component": "queue", "event": "put_done", "host": "d6b2a058c4be", "key": "smoke01:preference:57b8f802ce0647a3a4583f262006628e", "pid": 58753, "policy_version": 0, "queue": "preference", "rank": null, "ts": "2026-10-04 13:17:02"}
[DBG] {"category": "QUEUE", "component": "queue", "event": "size_changed", "host": "d6b2a058c4be", "pid": 58753, "queue": "preference", "rank": null, "size": 1, "ts": "2026-10-04 13:17:02"}
[DBG] {"category": "QUEUE", "component": "queue", "current_version": null, "event": "BEGIN:queue_list_for_pop", "exact": false, "host": "d6b2a058c4be", "max_lag": null, "pid": 58753, "queue": "rollout", "rank": null, "requested": 1, "ts": "2026-10-04 13:17:02"}
[DBG] {"category": "QUEUE", "component": "queue", "event": "watchdog_armed", "host": "d6b2a058c4be", "pid": 58753, "rank": null, "stage": "queue_list_for_pop", "timeout_sec": 30.0, "ts": "2026-10-04 13:17:02"}
[DBG] {"category": "QUEUE", "component": "queue", "elapsed_sec": 0.001748, "event": "END:queue_list_for_pop", "host": "d6b2a058c4be", "pid": 58753, "rank": null, "ts": "2026-10-04 13:17:02"}
[DBG] {"available": 9, "category": "QUEUE", "component": "queue", "event": "pop_scan", "exact": false, "host": "d6b2a058c4be", "pid": 58753, "queue": "rollout", "rank": null, "requested": 1, "selected": 1, "stale": 0, "ts": "2026-10-04 13:17:02"}
[DBG] {"category": "QUEUE", "component": "queue", "event": "BEGIN:queue_get", "host": "d6b2a058c4be", "key": "smoke01:rollout:abaed0bdca204551b064a421389636e3", "pid": 58753, "queue": "rollout", "rank": null, "ts": "2026-10-04 13:17:02"}
[DBG] {"category": "QUEUE", "component": "queue", "event": "watchdog_armed", "host": "d6b2a058c4be", "pid": 58753, "rank": null, "stage": "queue_get", "timeout_sec": 30.0, "ts": "2026-10-04 13:17:02"}
[DBG] {"category": "QUEUE", "component": "queue", "elapsed_sec": 0.021378, "event": "END:queue_get", "host": "d6b2a058c4be", "pid": 58753, "rank": null, "ts": "2026-10-04 13:17:02"}
[DBG] {"category": "QUEUE", "component": "queue", "count": 1, "event": "BEGIN:clear_popped", "host": "d6b2a058c4be", "pid": 58753, "queue": "rollout", "rank": null, "ts": "2026-10-04 13:17:02"}
[DBG] {"category": "QUEUE", "component": "queue", "event": "watchdog_armed", "host": "d6b2a058c4be", "pid": 58753, "rank": null, "stage": "clear_popped", "timeout_sec": 30.0, "ts": "2026-10-04 13:17:02"}
[DBG] {"category": "QUEUE", "component": "queue", "elapsed_sec": 0.012479, "event": "END:clear_popped", "host": "d6b2a058c4be", "pid": 58753, "rank": null, "ts": "2026-10-04 13:17:02"}
[DBG] {"category": "QUEUE", "component": "queue", "event": "pop_done", "host": "d6b2a058c4be", "pid": 58753, "queue": "rollout", "rank": null, "returned": 1, "stale": 0, "ts": "2026-10-04 13:17:02"}
[DBG] {"category": "QUEUE", "component": "queue", "event": "size_changed", "host": "d6b2a058c4be", "pid": 58753, "queue": "rollout", "rank": null, "size": 8, "ts": "2026-10-04 13:17:02"}
[DBG] {"category": "QUEUE", "component": "queue", "event": "BEGIN:queue_put", "host": "d6b2a058c4be", "item_id": "abaed0bdca204551b064a421389636e3", "pid": 58753, "queue": "preference", "rank": null, "ts": "2026-10-04 13:17:04"}
[DBG] {"category": "QUEUE", "component": "queue", "event": "watchdog_armed", "host": "d6b2a058c4be", "pid": 58753, "rank": null, "stage": "queue_put", "timeout_sec": 30.0, "ts": "2026-10-04 13:17:04"}
[DBG] {"category": "QUEUE", "component": "queue", "elapsed_sec": 0.020616, "event": "END:queue_put", "host": "d6b2a058c4be", "pid": 58753, "rank": null, "ts": "2026-10-04 13:17:04"}
[DBG] {"category": "QUEUE", "component": "queue", "event": "put_done", "host": "d6b2a058c4be", "key": "smoke01:preference:abaed0bdca204551b064a421389636e3", "pid": 58753, "policy_version": 0, "queue": "preference", "rank": null, "ts": "2026-10-04 13:17:04"}
[DBG] {"category": "QUEUE", "component": "queue", "event": "size_changed", "host": "d6b2a058c4be", "pid": 58753, "queue": "preference", "rank": null, "size": 2, "ts": "2026-10-04 13:17:04"}
[DBG] {"category": "QUEUE", "component": "queue", "current_version": null, "event": "BEGIN:queue_list_for_pop", "exact": false, "host": "d6b2a058c4be", "max_lag": null, "pid": 58753, "queue": "rollout", "rank": null, "requested": 1, "ts": "2026-10-04 13:17:04"}
[DBG] {"category": "QUEUE", "component": "queue", "event": "watchdog_armed", "host": "d6b2a058c4be", "pid": 58753, "rank": null, "stage": "queue_list_for_pop", "timeout_sec": 30.0, "ts": "2026-10-04 13:17:04"}
[DBG] {"category": "QUEUE", "component": "queue", "elapsed_sec": 0.001143, "event": "END:queue_list_for_pop", "host": "d6b2a058c4be", "pid": 58753, "rank": null, "ts": "2026-10-04 13:17:04"}
[DBG] {"available": 8, "category": "QUEUE", "component": "queue", "event": "pop_scan", "exact": false, "host": "d6b2a058c4be", "pid": 58753, "queue": "rollout", "rank": null, "requested": 1, "selected": 1, "stale": 0, "ts": "2026-10-04 13:17:04"}
[DBG] {"category": "QUEUE", "component": "queue", "event": "BEGIN:queue_get", "host": "d6b2a058c4be", "key": "smoke01:rollout:7c5f963e5f374b74a5c4c4080d283317", "pid": 58753, "queue": "rollout", "rank": null, "ts": "2026-10-04 13:17:04"}
[DBG] {"category": "QUEUE", "component": "queue", "event": "watchdog_armed", "host": "d6b2a058c4be", "pid": 58753, "rank": null, "stage": "queue_get", "timeout_sec": 30.0, "ts": "2026-10-04 13:17:04"}
[DBG] {"category": "QUEUE", "component": "queue", "elapsed_sec": 0.009034, "event": "END:queue_get", "host": "d6b2a058c4be", "pid": 58753, "rank": null, "ts": "2026-10-04 13:17:04"}
[DBG] {"category": "QUEUE", "component": "queue", "count": 1, "event": "BEGIN:clear_popped", "host": "d6b2a058c4be", "pid": 58753, "queue": "rollout", "rank": null, "ts": "2026-10-04 13:17:04"}
[DBG] {"category": "QUEUE", "component": "queue", "event": "watchdog_armed", "host": "d6b2a058c4be", "pid": 58753, "rank": null, "stage": "clear_popped", "timeout_sec": 30.0, "ts": "2026-10-04 13:17:04"}
[DBG] {"category": "QUEUE", "component": "queue", "elapsed_sec": 0.005934, "event": "END:clear_popped", "host": "d6b2a058c4be", "pid": 58753, "rank": null, "ts": "2026-10-04 13:17:04"}
[DBG] {"category": "QUEUE", "component": "queue", "event": "pop_done", "host": "d6b2a058c4be", "pid": 58753, "queue": "rollout", "rank": null, "returned": 1, "stale": 0, "ts": "2026-10-04 13:17:04"}
[DBG] {"category": "QUEUE", "component": "queue", "event": "size_changed", "host": "d6b2a058c4be", "pid": 58753, "queue": "rollout", "rank": null, "size": 7, "ts": "2026-10-04 13:17:04"}
[DBG] {"category": "QUEUE", "component": "queue", "event": "BEGIN:queue_put", "host": "d6b2a058c4be", "item_id": "0dfd24998319406db37dce8d746b7ab7", "pid": 58753, "queue": "rollout", "rank": null, "ts": "2026-10-04 13:17:05"}
[DBG] {"category": "QUEUE", "component": "queue", "event": "watchdog_armed", "host": "d6b2a058c4be", "pid": 58753, "rank": null, "stage": "queue_put", "timeout_sec": 30.0, "ts": "2026-10-04 13:17:05"}
[DBG] {"category": "QUEUE", "component": "queue", "elapsed_sec": 0.029202, "event": "END:queue_put", "host": "d6b2a058c4be", "pid": 58753, "rank": null, "ts": "2026-10-04 13:17:05"}
[DBG] {"category": "QUEUE", "component": "queue", "event": "put_done", "host": "d6b2a058c4be", "key": "smoke01:rollout:0dfd24998319406db37dce8d746b7ab7", "pid": 58753, "policy_version": 0, "queue": "rollout", "rank": null, "ts": "2026-10-04 13:17:05"}
[DBG] {"category": "QUEUE", "component": "queue", "event": "BEGIN:queue_put", "host": "d6b2a058c4be", "item_id": "0503577cd48a4417bcf840884542b214", "pid": 58753, "queue": "rollout", "rank": null, "ts": "2026-10-04 13:17:05"}
[DBG] {"category": "QUEUE", "component": "queue", "event": "watchdog_armed", "host": "d6b2a058c4be", "pid": 58753, "rank": null, "stage": "queue_put", "timeout_sec": 30.0, "ts": "2026-10-04 13:17:05"}
[DBG] {"category": "QUEUE", "component": "queue", "elapsed_sec": 0.027193, "event": "END:queue_put", "host": "d6b2a058c4be", "pid": 58753, "rank": null, "ts": "2026-10-04 13:17:05"}
[DBG] {"category": "QUEUE", "component": "queue", "event": "put_done", "host": "d6b2a058c4be", "key": "smoke01:rollout:0503577cd48a4417bcf840884542b214", "pid": 58753, "policy_version": 0, "queue": "rollout", "rank": null, "ts": "2026-10-04 13:17:05"}
[DBG] {"category": "QUEUE", "component": "queue", "event": "size_changed", "host": "d6b2a058c4be", "pid": 58753, "queue": "rollout", "rank": null, "size": 9, "ts": "2026-10-04 13:17:05"}
[DBG] {"category": "QUEUE", "component": "queue", "event": "BEGIN:queue_put", "host": "d6b2a058c4be", "item_id": "7c5f963e5f374b74a5c4c4080d283317", "pid": 58753, "queue": "preference", "rank": null, "ts": "2026-10-04 13:17:05"}
[DBG] {"category": "QUEUE", "component": "queue", "event": "watchdog_armed", "host": "d6b2a058c4be", "pid": 58753, "rank": null, "stage": "queue_put", "timeout_sec": 30.0, "ts": "2026-10-04 13:17:05"}
[DBG] {"category": "QUEUE", "component": "queue", "elapsed_sec": 0.014557, "event": "END:queue_put", "host": "d6b2a058c4be", "pid": 58753, "rank": null, "ts": "2026-10-04 13:17:05"}
[DBG] {"category": "QUEUE", "component": "queue", "event": "put_done", "host": "d6b2a058c4be", "key": "smoke01:preference:7c5f963e5f374b74a5c4c4080d283317", "pid": 58753, "policy_version": 0, "queue": "preference", "rank": null, "ts": "2026-10-04 13:17:05"}
[DBG] {"category": "QUEUE", "component": "queue", "event": "size_changed", "host": "d6b2a058c4be", "pid": 58753, "queue": "preference", "rank": null, "size": 3, "ts": "2026-10-04 13:17:05"}
[DBG] {"category": "QUEUE", "component": "queue", "current_version": null, "event": "BEGIN:queue_list_for_pop", "exact": false, "host": "d6b2a058c4be", "max_lag": null, "pid": 58753, "queue": "rollout", "rank": null, "requested": 1, "ts": "2026-10-04 13:17:05"}
[DBG] {"category": "QUEUE", "component": "queue", "event": "watchdog_armed", "host": "d6b2a058c4be", "pid": 58753, "rank": null, "stage": "queue_list_for_pop", "timeout_sec": 30.0, "ts": "2026-10-04 13:17:05"}
[DBG] {"category": "QUEUE", "component": "queue", "elapsed_sec": 0.001565, "event": "END:queue_list_for_pop", "host": "d6b2a058c4be", "pid": 58753, "rank": null, "ts": "2026-10-04 13:17:05"}
[DBG] {"available": 9, "category": "QUEUE", "component": "queue", "event": "pop_scan", "exact": false, "host": "d6b2a058c4be", "pid": 58753, "queue": "rollout", "rank": null, "requested": 1, "selected": 1, "stale": 0, "ts": "2026-10-04 13:17:05"}
[DBG] {"category": "QUEUE", "component": "queue", "event": "BEGIN:queue_get", "host": "d6b2a058c4be", "key": "smoke01:rollout:782dea8ce3c24576a6eb2ea44f757d85", "pid": 58753, "queue": "rollout", "rank": null, "ts": "2026-10-04 13:17:05"}
[DBG] {"category": "QUEUE", "component": "queue", "event": "watchdog_armed", "host": "d6b2a058c4be", "pid": 58753, "rank": null, "stage": "queue_get", "timeout_sec": 30.0, "ts": "2026-10-04 13:17:05"}
[DBG] {"category": "QUEUE", "component": "queue", "elapsed_sec": 0.0161, "event": "END:queue_get", "host": "d6b2a058c4be", "pid": 58753, "rank": null, "ts": "2026-10-04 13:17:05"}
[DBG] {"category": "QUEUE", "component": "queue", "count": 1, "event": "BEGIN:clear_popped", "host": "d6b2a058c4be", "pid": 58753, "queue": "rollout", "rank": null, "ts": "2026-10-04 13:17:05"}
[DBG] {"category": "QUEUE", "component": "queue", "event": "watchdog_armed", "host": "d6b2a058c4be", "pid": 58753, "rank": null, "stage": "clear_popped", "timeout_sec": 30.0, "ts": "2026-10-04 13:17:05"}
[DBG] {"category": "QUEUE", "component": "queue", "elapsed_sec": 0.013951, "event": "END:clear_popped", "host": "d6b2a058c4be", "pid": 58753, "rank": null, "ts": "2026-10-04 13:17:05"}
[DBG] {"category": "QUEUE", "component": "queue", "event": "pop_done", "host": "d6b2a058c4be", "pid": 58753, "queue": "rollout", "rank": null, "returned": 1, "stale": 0, "ts": "2026-10-04 13:17:05"}
[DBG] {"category": "QUEUE", "component": "queue", "event": "size_changed", "host": "d6b2a058c4be", "pid": 58753, "queue": "rollout", "rank": null, "size": 8, "ts": "2026-10-04 13:17:05"}
[DBG] {"category": "QUEUE", "component": "queue", "event": "BEGIN:queue_put", "host": "d6b2a058c4be", "item_id": "782dea8ce3c24576a6eb2ea44f757d85", "pid": 58753, "queue": "preference", "rank": null, "ts": "2026-10-04 13:17:06"}
[DBG] {"category": "QUEUE", "component": "queue", "event": "watchdog_armed", "host": "d6b2a058c4be", "pid": 58753, "rank": null, "stage": "queue_put", "timeout_sec": 30.0, "ts": "2026-10-04 13:17:06"}
[DBG] {"category": "QUEUE", "component": "queue", "elapsed_sec": 0.030214, "event": "END:queue_put", "host": "d6b2a058c4be", "pid": 58753, "rank": null, "ts": "2026-10-04 13:17:06"}
[DBG] {"category": "QUEUE", "component": "queue", "event": "put_done", "host": "d6b2a058c4be", "key": "smoke01:preference:782dea8ce3c24576a6eb2ea44f757d85", "pid": 58753, "policy_version": 0, "queue": "preference", "rank": null, "ts": "2026-10-04 13:17:06"}
[DBG] {"category": "QUEUE", "component": "queue", "event": "size_changed", "host": "d6b2a058c4be", "pid": 58753, "queue": "preference", "rank": null, "size": 4, "ts": "2026-10-04 13:17:06"}
[DBG] {"category": "QUEUE", "component": "queue", "current_version": null, "event": "BEGIN:queue_list_for_pop", "exact": false, "host": "d6b2a058c4be", "max_lag": null, "pid": 58753, "queue": "rollout", "rank": null, "requested": 1, "ts": "2026-10-04 13:17:06"}
[DBG] {"category": "QUEUE", "component": "queue", "event": "watchdog_armed", "host": "d6b2a058c4be", "pid": 58753, "rank": null, "stage": "queue_list_for_pop", "timeout_sec": 30.0, "ts": "2026-10-04 13:17:06"}
[DBG] {"category": "QUEUE", "component": "queue", "elapsed_sec": 0.001563, "event": "END:queue_list_for_pop", "host": "d6b2a058c4be", "pid": 58753, "rank": null, "ts": "2026-10-04 13:17:06"}
[DBG] {"available": 8, "category": "QUEUE", "component": "queue", "event": "pop_scan", "exact": false, "host": "d6b2a058c4be", "pid": 58753, "queue": "rollout", "rank": null, "requested": 1, "selected": 1, "stale": 0, "ts": "2026-10-04 13:17:06"}
[DBG] {"category": "QUEUE", "component": "queue", "event": "BEGIN:queue_get", "host": "d6b2a058c4be", "key": "smoke01:rollout:e46ef42183c54c0a9a0af731d2894283", "pid": 58753, "queue": "rollout", "rank": null, "ts": "2026-10-04 13:17:06"}
[DBG] {"category": "QUEUE", "component": "queue", "event": "watchdog_armed", "host": "d6b2a058c4be", "pid": 58753, "rank": null, "stage": "queue_get", "timeout_sec": 30.0, "ts": "2026-10-04 13:17:06"}
[DBG] {"category": "QUEUE", "component": "queue", "elapsed_sec": 0.024205, "event": "END:queue_get", "host": "d6b2a058c4be", "pid": 58753, "rank": null, "ts": "2026-10-04 13:17:06"}
[DBG] {"category": "QUEUE", "component": "queue", "count": 1, "event": "BEGIN:clear_popped", "host": "d6b2a058c4be", "pid": 58753, "queue": "rollout", "rank": null, "ts": "2026-10-04 13:17:06"}
[DBG] {"category": "QUEUE", "component": "queue", "event": "watchdog_armed", "host": "d6b2a058c4be", "pid": 58753, "rank": null, "stage": "clear_popped", "timeout_sec": 30.0, "ts": "2026-10-04 13:17:06"}
[DBG] {"category": "QUEUE", "component": "queue", "elapsed_sec": 0.015491, "event": "END:clear_popped", "host": "d6b2a058c4be", "pid": 58753, "rank": null, "ts": "2026-10-04 13:17:06"}
[DBG] {"category": "QUEUE", "component": "queue", "event": "pop_done", "host": "d6b2a058c4be", "pid": 58753, "queue": "rollout", "rank": null, "returned": 1, "stale": 0, "ts": "2026-10-04 13:17:06"}
[DBG] {"category": "QUEUE", "component": "queue", "event": "size_changed", "host": "d6b2a058c4be", "pid": 58753, "queue": "rollout", "rank": null, "size": 7, "ts": "2026-10-04 13:17:06"}
[DBG] {"category": "QUEUE", "component": "queue", "event": "BEGIN:queue_put", "host": "d6b2a058c4be", "item_id": "f2d9ac6bd24042a1b21ea9da1d9e070e", "pid": 58753, "queue": "rollout", "rank": null, "ts": "2026-10-04 13:17:07"}
[DBG] {"category": "QUEUE", "component": "queue", "event": "watchdog_armed", "host": "d6b2a058c4be", "pid": 58753, "rank": null, "stage": "queue_put", "timeout_sec": 30.0, "ts": "2026-10-04 13:17:07"}
[DBG] {"category": "QUEUE", "component": "queue", "elapsed_sec": 0.018477, "event": "END:queue_put", "host": "d6b2a058c4be", "pid": 58753, "rank": null, "ts": "2026-10-04 13:17:07"}
[DBG] {"category": "QUEUE", "component": "queue", "event": "put_done", "host": "d6b2a058c4be", "key": "smoke01:rollout:f2d9ac6bd24042a1b21ea9da1d9e070e", "pid": 58753, "policy_version": 0, "queue": "rollout", "rank": null, "ts": "2026-10-04 13:17:07"}
[DBG] {"category": "QUEUE", "component": "queue", "event": "BEGIN:queue_put", "host": "d6b2a058c4be", "item_id": "1ec2bfd1fc6e45f7955688bbfcdc74ed", "pid": 58753, "queue": "rollout", "rank": null, "ts": "2026-10-04 13:17:07"}
[DBG] {"category": "QUEUE", "component": "queue", "event": "watchdog_armed", "host": "d6b2a058c4be", "pid": 58753, "rank": null, "stage": "queue_put", "timeout_sec": 30.0, "ts": "2026-10-04 13:17:07"}
[DBG] {"category": "QUEUE", "component": "queue", "elapsed_sec": 0.017413, "event": "END:queue_put", "host": "d6b2a058c4be", "pid": 58753, "rank": null, "ts": "2026-10-04 13:17:07"}
[DBG] {"category": "QUEUE", "component": "queue", "event": "put_done", "host": "d6b2a058c4be", "key": "smoke01:rollout:1ec2bfd1fc6e45f7955688bbfcdc74ed", "pid": 58753, "policy_version": 0, "queue": "rollout", "rank": null, "ts": "2026-10-04 13:17:07"}
[DBG] {"category": "QUEUE", "component": "queue", "event": "size_changed", "host": "d6b2a058c4be", "pid": 58753, "queue": "rollout", "rank": null, "size": 9, "ts": "2026-10-04 13:17:07"}
[DBG] {"category": "QUEUE", "component": "queue", "event": "BEGIN:queue_put", "host": "d6b2a058c4be", "item_id": "e46ef42183c54c0a9a0af731d2894283", "pid": 58753, "queue": "preference", "rank": null, "ts": "2026-10-04 13:17:07"}
[DBG] {"category": "QUEUE", "component": "queue", "event": "watchdog_armed", "host": "d6b2a058c4be", "pid": 58753, "rank": null, "stage": "queue_put", "timeout_sec": 30.0, "ts": "2026-10-04 13:17:07"}
[DBG] {"category": "QUEUE", "component": "queue", "elapsed_sec": 0.023998, "event": "END:queue_put", "host": "d6b2a058c4be", "pid": 58753, "rank": null, "ts": "2026-10-04 13:17:07"}
[DBG] {"category": "QUEUE", "component": "queue", "event": "put_done", "host": "d6b2a058c4be", "key": "smoke01:preference:e46ef42183c54c0a9a0af731d2894283", "pid": 58753, "policy_version": 0, "queue": "preference", "rank": null, "ts": "2026-10-04 13:17:07"}
[DBG] {"category": "QUEUE", "component": "queue", "event": "size_changed", "host": "d6b2a058c4be", "pid": 58753, "queue": "preference", "rank": null, "size": 5, "ts": "2026-10-04 13:17:07"}
[DBG] {"category": "QUEUE", "component": "queue", "current_version": null, "event": "BEGIN:queue_list_for_pop", "exact": false, "host": "d6b2a058c4be", "max_lag": null, "pid": 58753, "queue": "rollout", "rank": null, "requested": 1, "ts": "2026-10-04 13:17:07"}
[DBG] {"category": "QUEUE", "component": "queue", "event": "watchdog_armed", "host": "d6b2a058c4be", "pid": 58753, "rank": null, "stage": "queue_list_for_pop", "timeout_sec": 30.0, "ts": "2026-10-04 13:17:07"}
[DBG] {"category": "QUEUE", "component": "queue", "elapsed_sec": 0.001102, "event": "END:queue_list_for_pop", "host": "d6b2a058c4be", "pid": 58753, "rank": null, "ts": "2026-10-04 13:17:07"}
[DBG] {"available": 9, "category": "QUEUE", "component": "queue", "event": "pop_scan", "exact": false, "host": "d6b2a058c4be", "pid": 58753, "queue": "rollout", "rank": null, "requested": 1, "selected": 1, "stale": 0, "ts": "2026-10-04 13:17:07"}
[DBG] {"category": "QUEUE", "component": "queue", "event": "BEGIN:queue_get", "host": "d6b2a058c4be", "key": "smoke01:rollout:37dc3d656fd74947a334f284c470d552", "pid": 58753, "queue": "rollout", "rank": null, "ts": "2026-10-04 13:17:07"}
[DBG] {"category": "QUEUE", "component": "queue", "event": "watchdog_armed", "host": "d6b2a058c4be", "pid": 58753, "rank": null, "stage": "queue_get", "timeout_sec": 30.0, "ts": "2026-10-04 13:17:07"}
[DBG] {"category": "QUEUE", "component": "queue", "elapsed_sec": 0.017001, "event": "END:queue_get", "host": "d6b2a058c4be", "pid": 58753, "rank": null, "ts": "2026-10-04 13:17:07"}
[DBG] {"category": "QUEUE", "component": "queue", "count": 1, "event": "BEGIN:clear_popped", "host": "d6b2a058c4be", "pid": 58753, "queue": "rollout", "rank": null, "ts": "2026-10-04 13:17:07"}
[DBG] {"category": "QUEUE", "component": "queue", "event": "watchdog_armed", "host": "d6b2a058c4be", "pid": 58753, "rank": null, "stage": "clear_popped", "timeout_sec": 30.0, "ts": "2026-10-04 13:17:07"}
[DBG] {"category": "QUEUE", "component": "queue", "elapsed_sec": 0.014214, "event": "END:clear_popped", "host": "d6b2a058c4be", "pid": 58753, "rank": null, "ts": "2026-10-04 13:17:07"}
[DBG] {"category": "QUEUE", "component": "queue", "event": "pop_done", "host": "d6b2a058c4be", "pid": 58753, "queue": "rollout", "rank": null, "returned": 1, "stale": 0, "ts": "2026-10-04 13:17:07"}
[DBG] {"category": "QUEUE", "component": "queue", "event": "size_changed", "host": "d6b2a058c4be", "pid": 58753, "queue": "rollout", "rank": null, "size": 8, "ts": "2026-10-04 13:17:08"}
[DBG] {"category": "QUEUE", "component": "queue", "event": "BEGIN:queue_put", "host": "d6b2a058c4be", "item_id": "37dc3d656fd74947a334f284c470d552", "pid": 58753, "queue": "preference", "rank": null, "ts": "2026-10-04 13:17:08"}
[DBG] {"category": "QUEUE", "component": "queue", "event": "watchdog_armed", "host": "d6b2a058c4be", "pid": 58753, "rank": null, "stage": "queue_put", "timeout_sec": 30.0, "ts": "2026-10-04 13:17:08"}
[DBG] {"category": "QUEUE", "component": "queue", "elapsed_sec": 0.020952, "event": "END:queue_put", "host": "d6b2a058c4be", "pid": 58753, "rank": null, "ts": "2026-10-04 13:17:08"}
[DBG] {"category": "QUEUE", "component": "queue", "event": "put_done", "host": "d6b2a058c4be", "key": "smoke01:preference:37dc3d656fd74947a334f284c470d552", "pid": 58753, "policy_version": 0, "queue": "preference", "rank": null, "ts": "2026-10-04 13:17:08"}
[DBG] {"category": "QUEUE", "component": "queue", "event": "size_changed", "host": "d6b2a058c4be", "pid": 58753, "queue": "preference", "rank": null, "size": 6, "ts": "2026-10-04 13:17:08"}
[DBG] {"category": "QUEUE", "component": "queue", "current_version": null, "event": "BEGIN:queue_list_for_pop", "exact": false, "host": "d6b2a058c4be", "max_lag": null, "pid": 58753, "queue": "rollout", "rank": null, "requested": 1, "ts": "2026-10-04 13:17:08"}
[DBG] {"category": "QUEUE", "component": "queue", "event": "watchdog_armed", "host": "d6b2a058c4be", "pid": 58753, "rank": null, "stage": "queue_list_for_pop", "timeout_sec": 30.0, "ts": "2026-10-04 13:17:08"}
[DBG] {"category": "QUEUE", "component": "queue", "elapsed_sec": 0.000753, "event": "END:queue_list_for_pop", "host": "d6b2a058c4be", "pid": 58753, "rank": null, "ts": "2026-10-04 13:17:08"}
[DBG] {"available": 8, "category": "QUEUE", "component": "queue", "event": "pop_scan", "exact": false, "host": "d6b2a058c4be", "pid": 58753, "queue": "rollout", "rank": null, "requested": 1, "selected": 1, "stale": 0, "ts": "2026-10-04 13:17:08"}
[DBG] {"category": "QUEUE", "component": "queue", "event": "BEGIN:queue_get", "host": "d6b2a058c4be", "key": "smoke01:rollout:d4e96a11cce848a9b41c3fb2751812ba", "pid": 58753, "queue": "rollout", "rank": null, "ts": "2026-10-04 13:17:08"}
[DBG] {"category": "QUEUE", "component": "queue", "event": "watchdog_armed", "host": "d6b2a058c4be", "pid": 58753, "rank": null, "stage": "queue_get", "timeout_sec": 30.0, "ts": "2026-10-04 13:17:08"}
[DBG] {"category": "QUEUE", "component": "queue", "elapsed_sec": 0.008755, "event": "END:queue_get", "host": "d6b2a058c4be", "pid": 58753, "rank": null, "ts": "2026-10-04 13:17:08"}
[DBG] {"category": "QUEUE", "component": "queue", "count": 1, "event": "BEGIN:clear_popped", "host": "d6b2a058c4be", "pid": 58753, "queue": "rollout", "rank": null, "ts": "2026-10-04 13:17:08"}
[DBG] {"category": "QUEUE", "component": "queue", "event": "watchdog_armed", "host": "d6b2a058c4be", "pid": 58753, "rank": null, "stage": "clear_popped", "timeout_sec": 30.0, "ts": "2026-10-04 13:17:08"}
[DBG] {"category": "QUEUE", "component": "queue", "elapsed_sec": 0.005142, "event": "END:clear_popped", "host": "d6b2a058c4be", "pid": 58753, "rank": null, "ts": "2026-10-04 13:17:08"}
[DBG] {"category": "QUEUE", "component": "queue", "event": "pop_done", "host": "d6b2a058c4be", "pid": 58753, "queue": "rollout", "rank": null, "returned": 1, "stale": 0, "ts": "2026-10-04 13:17:08"}
[DBG] {"category": "QUEUE", "component": "queue", "event": "size_changed", "host": "d6b2a058c4be", "pid": 58753, "queue": "rollout", "rank": null, "size": 7, "ts": "2026-10-04 13:17:08"}
[DBG] {"category": "QUEUE", "component": "queue", "event": "BEGIN:queue_put", "host": "d6b2a058c4be", "item_id": "4dcc9b4b621e41d39ff6637284bf44f4", "pid": 58753, "queue": "rollout", "rank": null, "ts": "2026-10-04 13:17:09"}
[DBG] {"category": "QUEUE", "component": "queue", "event": "watchdog_armed", "host": "d6b2a058c4be", "pid": 58753, "rank": null, "stage": "queue_put", "timeout_sec": 30.0, "ts": "2026-10-04 13:17:09"}
[DBG] {"category": "QUEUE", "component": "queue", "elapsed_sec": 0.017742, "event": "END:queue_put", "host": "d6b2a058c4be", "pid": 58753, "rank": null, "ts": "2026-10-04 13:17:09"}
[DBG] {"category": "QUEUE", "component": "queue", "event": "put_done", "host": "d6b2a058c4be", "key": "smoke01:rollout:4dcc9b4b621e41d39ff6637284bf44f4", "pid": 58753, "policy_version": 0, "queue": "rollout", "rank": null, "ts": "2026-10-04 13:17:09"}
[DBG] {"category": "QUEUE", "component": "queue", "event": "BEGIN:queue_put", "host": "d6b2a058c4be", "item_id": "2bcd2980bf0a4c67b261b18190e7ccfe", "pid": 58753, "queue": "rollout", "rank": null, "ts": "2026-10-04 13:17:09"}
[DBG] {"category": "QUEUE", "component": "queue", "event": "watchdog_armed", "host": "d6b2a058c4be", "pid": 58753, "rank": null, "stage": "queue_put", "timeout_sec": 30.0, "ts": "2026-10-04 13:17:09"}
[DBG] {"category": "QUEUE", "component": "queue", "elapsed_sec": 0.016895, "event": "END:queue_put", "host": "d6b2a058c4be", "pid": 58753, "rank": null, "ts": "2026-10-04 13:17:09"}
[DBG] {"category": "QUEUE", "component": "queue", "event": "put_done", "host": "d6b2a058c4be", "key": "smoke01:rollout:2bcd2980bf0a4c67b261b18190e7ccfe", "pid": 58753, "policy_version": 0, "queue": "rollout", "rank": null, "ts": "2026-10-04 13:17:09"}
[DBG] {"category": "QUEUE", "component": "queue", "event": "size_changed", "host": "d6b2a058c4be", "pid": 58753, "queue": "rollout", "rank": null, "size": 9, "ts": "2026-10-04 13:17:09"}
[DBG] {"category": "QUEUE", "component": "queue", "event": "BEGIN:queue_put", "host": "d6b2a058c4be", "item_id": "d4e96a11cce848a9b41c3fb2751812ba", "pid": 58753, "queue": "preference", "rank": null, "ts": "2026-10-04 13:17:10"}
[DBG] {"category": "QUEUE", "component": "queue", "event": "watchdog_armed", "host": "d6b2a058c4be", "pid": 58753, "rank": null, "stage": "queue_put", "timeout_sec": 30.0, "ts": "2026-10-04 13:17:10"}
[DBG] {"category": "QUEUE", "component": "queue", "elapsed_sec": 0.013357, "event": "END:queue_put", "host": "d6b2a058c4be", "pid": 58753, "rank": null, "ts": "2026-10-04 13:17:10"}
[DBG] {"category": "QUEUE", "component": "queue", "event": "put_done", "host": "d6b2a058c4be", "key": "smoke01:preference:d4e96a11cce848a9b41c3fb2751812ba", "pid": 58753, "policy_version": 0, "queue": "preference", "rank": null, "ts": "2026-10-04 13:17:10"}
[DBG] {"category": "QUEUE", "component": "queue", "event": "size_changed", "host": "d6b2a058c4be", "pid": 58753, "queue": "preference", "rank": null, "size": 7, "ts": "2026-10-04 13:17:10"}
[DBG] {"category": "QUEUE", "component": "queue", "current_version": null, "event": "BEGIN:queue_list_for_pop", "exact": false, "host": "d6b2a058c4be", "max_lag": null, "pid": 58753, "queue": "rollout", "rank": null, "requested": 1, "ts": "2026-10-04 13:17:10"}
[DBG] {"category": "QUEUE", "component": "queue", "event": "watchdog_armed", "host": "d6b2a058c4be", "pid": 58753, "rank": null, "stage": "queue_list_for_pop", "timeout_sec": 30.0, "ts": "2026-10-04 13:17:10"}
[DBG] {"category": "QUEUE", "component": "queue", "elapsed_sec": 0.001968, "event": "END:queue_list_for_pop", "host": "d6b2a058c4be", "pid": 58753, "rank": null, "ts": "2026-10-04 13:17:10"}
[DBG] {"available": 9, "category": "QUEUE", "component": "queue", "event": "pop_scan", "exact": false, "host": "d6b2a058c4be", "pid": 58753, "queue": "rollout", "rank": null, "requested": 1, "selected": 1, "stale": 0, "ts": "2026-10-04 13:17:10"}
[DBG] {"category": "QUEUE", "component": "queue", "event": "BEGIN:queue_get", "host": "d6b2a058c4be", "key": "smoke01:rollout:596f10dd886c48048a4bf8739474ecb2", "pid": 58753, "queue": "rollout", "rank": null, "ts": "2026-10-04 13:17:10"}
[DBG] {"category": "QUEUE", "component": "queue", "event": "watchdog_armed", "host": "d6b2a058c4be", "pid": 58753, "rank": null, "stage": "queue_get", "timeout_sec": 30.0, "ts": "2026-10-04 13:17:10"}
[DBG] {"category": "QUEUE", "component": "queue", "elapsed_sec": 0.023406, "event": "END:queue_get", "host": "d6b2a058c4be", "pid": 58753, "rank": null, "ts": "2026-10-04 13:17:10"}
[DBG] {"category": "QUEUE", "component": "queue", "count": 1, "event": "BEGIN:clear_popped", "host": "d6b2a058c4be", "pid": 58753, "queue": "rollout", "rank": null, "ts": "2026-10-04 13:17:10"}
[DBG] {"category": "QUEUE", "component": "queue", "event": "watchdog_armed", "host": "d6b2a058c4be", "pid": 58753, "rank": null, "stage": "clear_popped", "timeout_sec": 30.0, "ts": "2026-10-04 13:17:10"}
[DBG] {"category": "QUEUE", "component": "queue", "elapsed_sec": 0.015599, "event": "END:clear_popped", "host": "d6b2a058c4be", "pid": 58753, "rank": null, "ts": "2026-10-04 13:17:10"}
[DBG] {"category": "QUEUE", "component": "queue", "event": "pop_done", "host": "d6b2a058c4be", "pid": 58753, "queue": "rollout", "rank": null, "returned": 1, "stale": 0, "ts": "2026-10-04 13:17:10"}
[DBG] {"category": "QUEUE", "component": "queue", "event": "size_changed", "host": "d6b2a058c4be", "pid": 58753, "queue": "rollout", "rank": null, "size": 8, "ts": "2026-10-04 13:17:10"}
[DBG] {"category": "QUEUE", "component": "queue", "event": "BEGIN:queue_put", "host": "d6b2a058c4be", "item_id": "596f10dd886c48048a4bf8739474ecb2", "pid": 58753, "queue": "preference", "rank": null, "ts": "2026-10-04 13:17:12"}
[DBG] {"category": "QUEUE", "component": "queue", "event": "watchdog_armed", "host": "d6b2a058c4be", "pid": 58753, "rank": null, "stage": "queue_put", "timeout_sec": 30.0, "ts": "2026-10-04 13:17:12"}
[DBG] {"category": "QUEUE", "component": "queue", "elapsed_sec": 0.02119, "event": "END:queue_put", "host": "d6b2a058c4be", "pid": 58753, "rank": null, "ts": "2026-10-04 13:17:12"}
[DBG] {"category": "QUEUE", "component": "queue", "event": "put_done", "host": "d6b2a058c4be", "key": "smoke01:preference:596f10dd886c48048a4bf8739474ecb2", "pid": 58753, "policy_version": 0, "queue": "preference", "rank": null, "ts": "2026-10-04 13:17:12"}
[DBG] {"category": "QUEUE", "component": "queue", "event": "size_changed", "host": "d6b2a058c4be", "pid": 58753, "queue": "preference", "rank": null, "size": 8, "ts": "2026-10-04 13:17:12"}
[DBG] {"category": "QUEUE", "component": "queue", "current_version": null, "event": "BEGIN:queue_list_for_pop", "exact": false, "host": "d6b2a058c4be", "max_lag": null, "pid": 58753, "queue": "rollout", "rank": null, "requested": 1, "ts": "2026-10-04 13:17:12"}
[DBG] {"category": "QUEUE", "component": "queue", "event": "watchdog_armed", "host": "d6b2a058c4be", "pid": 58753, "rank": null, "stage": "queue_list_for_pop", "timeout_sec": 30.0, "ts": "2026-10-04 13:17:12"}
[DBG] {"category": "QUEUE", "component": "queue", "elapsed_sec": 0.002612, "event": "END:queue_list_for_pop", "host": "d6b2a058c4be", "pid": 58753, "rank": null, "ts": "2026-10-04 13:17:12"}
[DBG] {"available": 8, "category": "QUEUE", "component": "queue", "event": "pop_scan", "exact": false, "host": "d6b2a058c4be", "pid": 58753, "queue": "rollout", "rank": null, "requested": 1, "selected": 1, "stale": 0, "ts": "2026-10-04 13:17:12"}
[DBG] {"category": "QUEUE", "component": "queue", "event": "BEGIN:queue_get", "host": "d6b2a058c4be", "key": "smoke01:rollout:57f438ada13a4d81ba51571ce37175dc", "pid": 58753, "queue": "rollout", "rank": null, "ts": "2026-10-04 13:17:12"}
[DBG] {"category": "QUEUE", "component": "queue", "event": "watchdog_armed", "host": "d6b2a058c4be", "pid": 58753, "rank": null, "stage": "queue_get", "timeout_sec": 30.0, "ts": "2026-10-04 13:17:12"}
[DBG] {"category": "QUEUE", "component": "queue", "elapsed_sec": 0.026604, "event": "END:queue_get", "host": "d6b2a058c4be", "pid": 58753, "rank": null, "ts": "2026-10-04 13:17:12"}
[DBG] {"category": "QUEUE", "component": "queue", "count": 1, "event": "BEGIN:clear_popped", "host": "d6b2a058c4be", "pid": 58753, "queue": "rollout", "rank": null, "ts": "2026-10-04 13:17:12"}
[DBG] {"category": "QUEUE", "component": "queue", "event": "watchdog_armed", "host": "d6b2a058c4be", "pid": 58753, "rank": null, "stage": "clear_popped", "timeout_sec": 30.0, "ts": "2026-10-04 13:17:12"}
[DBG] {"category": "QUEUE", "component": "queue", "elapsed_sec": 0.016077, "event": "END:clear_popped", "host": "d6b2a058c4be", "pid": 58753, "rank": null, "ts": "2026-10-04 13:17:12"}
[DBG] {"category": "QUEUE", "component": "queue", "event": "pop_done", "host": "d6b2a058c4be", "pid": 58753, "queue": "rollout", "rank": null, "returned": 1, "stale": 0, "ts": "2026-10-04 13:17:12"}
[DBG] {"category": "QUEUE", "component": "queue", "event": "size_changed", "host": "d6b2a058c4be", "pid": 58753, "queue": "rollout", "rank": null, "size": 7, "ts": "2026-10-04 13:17:12"}
[DBG] {"category": "QUEUE", "component": "queue", "event": "BEGIN:queue_put", "host": "d6b2a058c4be", "item_id": "2c49c7bcc24049808ce7768ad5504fd9", "pid": 58753, "queue": "rollout", "rank": null, "ts": "2026-10-04 13:17:12"}
[DBG] {"category": "QUEUE", "component": "queue", "event": "watchdog_armed", "host": "d6b2a058c4be", "pid": 58753, "rank": null, "stage": "queue_put", "timeout_sec": 30.0, "ts": "2026-10-04 13:17:12"}
[DBG] {"category": "QUEUE", "component": "queue", "elapsed_sec": 0.021867, "event": "END:queue_put", "host": "d6b2a058c4be", "pid": 58753, "rank": null, "ts": "2026-10-04 13:17:12"}
[DBG] {"category": "QUEUE", "component": "queue", "event": "put_done", "host": "d6b2a058c4be", "key": "smoke01:rollout:2c49c7bcc24049808ce7768ad5504fd9", "pid": 58753, "policy_version": 0, "queue": "rollout", "rank": null, "ts": "2026-10-04 13:17:12"}
[DBG] {"category": "QUEUE", "component": "queue", "event": "BEGIN:queue_put", "host": "d6b2a058c4be", "item_id": "4b1b1c29b50b41a6ace8f7ae24b9b10a", "pid": 58753, "queue": "rollout", "rank": null, "ts": "2026-10-04 13:17:12"}
[DBG] {"category": "QUEUE", "component": "queue", "event": "watchdog_armed", "host": "d6b2a058c4be", "pid": 58753, "rank": null, "stage": "queue_put", "timeout_sec": 30.0, "ts": "2026-10-04 13:17:12"}
[DBG] {"category": "QUEUE", "component": "queue", "elapsed_sec": 0.019084, "event": "END:queue_put", "host": "d6b2a058c4be", "pid": 58753, "rank": null, "ts": "2026-10-04 13:17:12"}
[DBG] {"category": "QUEUE", "component": "queue", "event": "put_done", "host": "d6b2a058c4be", "key": "smoke01:rollout:4b1b1c29b50b41a6ace8f7ae24b9b10a", "pid": 58753, "policy_version": 0, "queue": "rollout", "rank": null, "ts": "2026-10-04 13:17:12"}
[DBG] {"category": "QUEUE", "component": "queue", "event": "size_changed", "host": "d6b2a058c4be", "pid": 58753, "queue": "rollout", "rank": null, "size": 9, "ts": "2026-10-04 13:17:12"}
[DBG] {"category": "QUEUE", "component": "queue", "event": "BEGIN:queue_put", "host": "d6b2a058c4be", "item_id": "57f438ada13a4d81ba51571ce37175dc", "pid": 58753, "queue": "preference", "rank": null, "ts": "2026-10-04 13:17:13"}
[DBG] {"category": "QUEUE", "component": "queue", "event": "watchdog_armed", "host": "d6b2a058c4be", "pid": 58753, "rank": null, "stage": "queue_put", "timeout_sec": 30.0, "ts": "2026-10-04 13:17:13"}
[DBG] {"category": "QUEUE", "component": "queue", "elapsed_sec": 0.017384, "event": "END:queue_put", "host": "d6b2a058c4be", "pid": 58753, "rank": null, "ts": "2026-10-04 13:17:13"}
[DBG] {"category": "QUEUE", "component": "queue", "event": "put_done", "host": "d6b2a058c4be", "key": "smoke01:preference:57f438ada13a4d81ba51571ce37175dc", "pid": 58753, "policy_version": 0, "queue": "preference", "rank": null, "ts": "2026-10-04 13:17:13"}
[DBG] {"category": "QUEUE", "component": "queue", "event": "size_changed", "host": "d6b2a058c4be", "pid": 58753, "queue": "preference", "rank": null, "size": 9, "ts": "2026-10-04 13:17:13"}
[DBG] {"category": "QUEUE", "component": "queue", "current_version": null, "event": "BEGIN:queue_list_for_pop", "exact": false, "host": "d6b2a058c4be", "max_lag": null, "pid": 58753, "queue": "rollout", "rank": null, "requested": 1, "ts": "2026-10-04 13:17:13"}
[DBG] {"category": "QUEUE", "component": "queue", "event": "watchdog_armed", "host": "d6b2a058c4be", "pid": 58753, "rank": null, "stage": "queue_list_for_pop", "timeout_sec": 30.0, "ts": "2026-10-04 13:17:13"}
[DBG] {"category": "QUEUE", "component": "queue", "elapsed_sec": 0.001721, "event": "END:queue_list_for_pop", "host": "d6b2a058c4be", "pid": 58753, "rank": null, "ts": "2026-10-04 13:17:13"}
[DBG] {"available": 9, "category": "QUEUE", "component": "queue", "event": "pop_scan", "exact": false, "host": "d6b2a058c4be", "pid": 58753, "queue": "rollout", "rank": null, "requested": 1, "selected": 1, "stale": 0, "ts": "2026-10-04 13:17:13"}
[DBG] {"category": "QUEUE", "component": "queue", "event": "BEGIN:queue_get", "host": "d6b2a058c4be", "key": "smoke01:rollout:cb0feaef00d749b9a578aa4a3f0592b2", "pid": 58753, "queue": "rollout", "rank": null, "ts": "2026-10-04 13:17:13"}
[DBG] {"category": "QUEUE", "component": "queue", "event": "watchdog_armed", "host": "d6b2a058c4be", "pid": 58753, "rank": null, "stage": "queue_get", "timeout_sec": 30.0, "ts": "2026-10-04 13:17:13"}
[DBG] {"category": "QUEUE", "component": "queue", "elapsed_sec": 0.020647, "event": "END:queue_get", "host": "d6b2a058c4be", "pid": 58753, "rank": null, "ts": "2026-10-04 13:17:13"}
[DBG] {"category": "QUEUE", "component": "queue", "count": 1, "event": "BEGIN:clear_popped", "host": "d6b2a058c4be", "pid": 58753, "queue": "rollout", "rank": null, "ts": "2026-10-04 13:17:13"}
[DBG] {"category": "QUEUE", "component": "queue", "event": "watchdog_armed", "host": "d6b2a058c4be", "pid": 58753, "rank": null, "stage": "clear_popped", "timeout_sec": 30.0, "ts": "2026-10-04 13:17:13"}
[DBG] {"category": "QUEUE", "component": "queue", "elapsed_sec": 0.009488, "event": "END:clear_popped", "host": "d6b2a058c4be", "pid": 58753, "rank": null, "ts": "2026-10-04 13:17:13"}
[DBG] {"category": "QUEUE", "component": "queue", "event": "pop_done", "host": "d6b2a058c4be", "pid": 58753, "queue": "rollout", "rank": null, "returned": 1, "stale": 0, "ts": "2026-10-04 13:17:13"}
[DBG] {"category": "QUEUE", "component": "queue", "event": "size_changed", "host": "d6b2a058c4be", "pid": 58753, "queue": "rollout", "rank": null, "size": 8, "ts": "2026-10-04 13:17:13"}
[DBG] {"category": "QUEUE", "component": "queue", "event": "BEGIN:queue_put", "host": "d6b2a058c4be", "item_id": "cb0feaef00d749b9a578aa4a3f0592b2", "pid": 58753, "queue": "preference", "rank": null, "ts": "2026-10-04 13:17:15"}
[DBG] {"category": "QUEUE", "component": "queue", "event": "watchdog_armed", "host": "d6b2a058c4be", "pid": 58753, "rank": null, "stage": "queue_put", "timeout_sec": 30.0, "ts": "2026-10-04 13:17:15"}
[DBG] {"category": "QUEUE", "component": "queue", "elapsed_sec": 0.026891, "event": "END:queue_put", "host": "d6b2a058c4be", "pid": 58753, "rank": null, "ts": "2026-10-04 13:17:15"}
[DBG] {"category": "QUEUE", "component": "queue", "event": "put_done", "host": "d6b2a058c4be", "key": "smoke01:preference:cb0feaef00d749b9a578aa4a3f0592b2", "pid": 58753, "policy_version": 0, "queue": "preference", "rank": null, "ts": "2026-10-04 13:17:15"}
[DBG] {"category": "QUEUE", "component": "queue", "event": "size_changed", "host": "d6b2a058c4be", "pid": 58753, "queue": "preference", "rank": null, "size": 10, "ts": "2026-10-04 13:17:15"}
[DBG] {"category": "QUEUE", "component": "queue", "current_version": null, "event": "BEGIN:queue_list_for_pop", "exact": false, "host": "d6b2a058c4be", "max_lag": null, "pid": 58753, "queue": "rollout", "rank": null, "requested": 1, "ts": "2026-10-04 13:17:15"}
[DBG] {"category": "QUEUE", "component": "queue", "event": "watchdog_armed", "host": "d6b2a058c4be", "pid": 58753, "rank": null, "stage": "queue_list_for_pop", "timeout_sec": 30.0, "ts": "2026-10-04 13:17:15"}
[DBG] {"category": "QUEUE", "component": "queue", "elapsed_sec": 0.002345, "event": "END:queue_list_for_pop", "host": "d6b2a058c4be", "pid": 58753, "rank": null, "ts": "2026-10-04 13:17:15"}
[DBG] {"available": 8, "category": "QUEUE", "component": "queue", "event": "pop_scan", "exact": false, "host": "d6b2a058c4be", "pid": 58753, "queue": "rollout", "rank": null, "requested": 1, "selected": 1, "stale": 0, "ts": "2026-10-04 13:17:15"}
[DBG] {"category": "QUEUE", "component": "queue", "event": "BEGIN:queue_get", "host": "d6b2a058c4be", "key": "smoke01:rollout:0dfd24998319406db37dce8d746b7ab7", "pid": 58753, "queue": "rollout", "rank": null, "ts": "2026-10-04 13:17:15"}
[DBG] {"category": "QUEUE", "component": "queue", "event": "watchdog_armed", "host": "d6b2a058c4be", "pid": 58753, "rank": null, "stage": "queue_get", "timeout_sec": 30.0, "ts": "2026-10-04 13:17:15"}
[DBG] {"category": "QUEUE", "component": "queue", "elapsed_sec": 0.025256, "event": "END:queue_get", "host": "d6b2a058c4be", "pid": 58753, "rank": null, "ts": "2026-10-04 13:17:15"}
[DBG] {"category": "QUEUE", "component": "queue", "count": 1, "event": "BEGIN:clear_popped", "host": "d6b2a058c4be", "pid": 58753, "queue": "rollout", "rank": null, "ts": "2026-10-04 13:17:15"}
[DBG] {"category": "QUEUE", "component": "queue", "event": "watchdog_armed", "host": "d6b2a058c4be", "pid": 58753, "rank": null, "stage": "clear_popped", "timeout_sec": 30.0, "ts": "2026-10-04 13:17:15"}
[DBG] {"category": "QUEUE", "component": "queue", "elapsed_sec": 0.015498, "event": "END:clear_popped", "host": "d6b2a058c4be", "pid": 58753, "rank": null, "ts": "2026-10-04 13:17:15"}
[DBG] {"category": "QUEUE", "component": "queue", "event": "pop_done", "host": "d6b2a058c4be", "pid": 58753, "queue": "rollout", "rank": null, "returned": 1, "stale": 0, "ts": "2026-10-04 13:17:15"}
[DBG] {"category": "QUEUE", "component": "queue", "event": "size_changed", "host": "d6b2a058c4be", "pid": 58753, "queue": "rollout", "rank": null, "size": 7, "ts": "2026-10-04 13:17:15"}
[DBG] {"category": "QUEUE", "component": "queue", "event": "BEGIN:queue_put", "host": "d6b2a058c4be", "item_id": "74612e193e1f414f8a6cf5f2e50b5b41", "pid": 58753, "queue": "rollout", "rank": null, "ts": "2026-10-04 13:17:15"}
[DBG] {"category": "QUEUE", "component": "queue", "event": "watchdog_armed", "host": "d6b2a058c4be", "pid": 58753, "rank": null, "stage": "queue_put", "timeout_sec": 30.0, "ts": "2026-10-04 13:17:15"}
[DBG] {"category": "QUEUE", "component": "queue", "elapsed_sec": 0.019072, "event": "END:queue_put", "host": "d6b2a058c4be", "pid": 58753, "rank": null, "ts": "2026-10-04 13:17:15"}
[DBG] {"category": "QUEUE", "component": "queue", "event": "put_done", "host": "d6b2a058c4be", "key": "smoke01:rollout:74612e193e1f414f8a6cf5f2e50b5b41", "pid": 58753, "policy_version": 0, "queue": "rollout", "rank": null, "ts": "2026-10-04 13:17:15"}
[DBG] {"category": "QUEUE", "component": "queue", "event": "BEGIN:queue_put", "host": "d6b2a058c4be", "item_id": "0289c0d71f6c4626ab535115eeb6bb0a", "pid": 58753, "queue": "rollout", "rank": null, "ts": "2026-10-04 13:17:15"}
[DBG] {"category": "QUEUE", "component": "queue", "event": "watchdog_armed", "host": "d6b2a058c4be", "pid": 58753, "rank": null, "stage": "queue_put", "timeout_sec": 30.0, "ts": "2026-10-04 13:17:15"}
[DBG] {"category": "QUEUE", "component": "queue", "elapsed_sec": 0.018696, "event": "END:queue_put", "host": "d6b2a058c4be", "pid": 58753, "rank": null, "ts": "2026-10-04 13:17:15"}
[DBG] {"category": "QUEUE", "component": "queue", "event": "put_done", "host": "d6b2a058c4be", "key": "smoke01:rollout:0289c0d71f6c4626ab535115eeb6bb0a", "pid": 58753, "policy_version": 0, "queue": "rollout", "rank": null, "ts": "2026-10-04 13:17:15"}
[DBG] {"category": "QUEUE", "component": "queue", "event": "size_changed", "host": "d6b2a058c4be", "pid": 58753, "queue": "rollout", "rank": null, "size": 9, "ts": "2026-10-04 13:17:15"}
[DBG] {"category": "QUEUE", "component": "queue", "event": "BEGIN:queue_put", "host": "d6b2a058c4be", "item_id": "0dfd24998319406db37dce8d746b7ab7", "pid": 58753, "queue": "preference", "rank": null, "ts": "2026-10-04 13:17:16"}
[DBG] {"category": "QUEUE", "component": "queue", "event": "watchdog_armed", "host": "d6b2a058c4be", "pid": 58753, "rank": null, "stage": "queue_put", "timeout_sec": 30.0, "ts": "2026-10-04 13:17:16"}
[DBG] {"category": "QUEUE", "component": "queue", "elapsed_sec": 0.01843, "event": "END:queue_put", "host": "d6b2a058c4be", "pid": 58753, "rank": null, "ts": "2026-10-04 13:17:16"}
[DBG] {"category": "QUEUE", "component": "queue", "event": "put_done", "host": "d6b2a058c4be", "key": "smoke01:preference:0dfd24998319406db37dce8d746b7ab7", "pid": 58753, "policy_version": 0, "queue": "preference", "rank": null, "ts": "2026-10-04 13:17:16"}
[DBG] {"category": "QUEUE", "component": "queue", "event": "size_changed", "host": "d6b2a058c4be", "pid": 58753, "queue": "preference", "rank": null, "size": 11, "ts": "2026-10-04 13:17:16"}
[DBG] {"category": "QUEUE", "component": "queue", "current_version": null, "event": "BEGIN:queue_list_for_pop", "exact": false, "host": "d6b2a058c4be", "max_lag": null, "pid": 58753, "queue": "rollout", "rank": null, "requested": 1, "ts": "2026-10-04 13:17:16"}
[DBG] {"category": "QUEUE", "component": "queue", "event": "watchdog_armed", "host": "d6b2a058c4be", "pid": 58753, "rank": null, "stage": "queue_list_for_pop", "timeout_sec": 30.0, "ts": "2026-10-04 13:17:16"}
[DBG] {"category": "QUEUE", "component": "queue", "elapsed_sec": 0.001298, "event": "END:queue_list_for_pop", "host": "d6b2a058c4be", "pid": 58753, "rank": null, "ts": "2026-10-04 13:17:16"}
[DBG] {"available": 9, "category": "QUEUE", "component": "queue", "event": "pop_scan", "exact": false, "host": "d6b2a058c4be", "pid": 58753, "queue": "rollout", "rank": null, "requested": 1, "selected": 1, "stale": 0, "ts": "2026-10-04 13:17:16"}
[DBG] {"category": "QUEUE", "component": "queue", "event": "BEGIN:queue_get", "host": "d6b2a058c4be", "key": "smoke01:rollout:0503577cd48a4417bcf840884542b214", "pid": 58753, "queue": "rollout", "rank": null, "ts": "2026-10-04 13:17:16"}
[DBG] {"category": "QUEUE", "component": "queue", "event": "watchdog_armed", "host": "d6b2a058c4be", "pid": 58753, "rank": null, "stage": "queue_get", "timeout_sec": 30.0, "ts": "2026-10-04 13:17:16"}
[DBG] {"category": "QUEUE", "component": "queue", "elapsed_sec": 0.009063, "event": "END:queue_get", "host": "d6b2a058c4be", "pid": 58753, "rank": null, "ts": "2026-10-04 13:17:16"}
[DBG] {"category": "QUEUE", "component": "queue", "count": 1, "event": "BEGIN:clear_popped", "host": "d6b2a058c4be", "pid": 58753, "queue": "rollout", "rank": null, "ts": "2026-10-04 13:17:16"}
[DBG] {"category": "QUEUE", "component": "queue", "event": "watchdog_armed", "host": "d6b2a058c4be", "pid": 58753, "rank": null, "stage": "clear_popped", "timeout_sec": 30.0, "ts": "2026-10-04 13:17:16"}
[DBG] {"category": "QUEUE", "component": "queue", "elapsed_sec": 0.006143, "event": "END:clear_popped", "host": "d6b2a058c4be", "pid": 58753, "rank": null, "ts": "2026-10-04 13:17:16"}
[DBG] {"category": "QUEUE", "component": "queue", "event": "pop_done", "host": "d6b2a058c4be", "pid": 58753, "queue": "rollout", "rank": null, "returned": 1, "stale": 0, "ts": "2026-10-04 13:17:16"}
[DBG] {"category": "QUEUE", "component": "queue", "event": "size_changed", "host": "d6b2a058c4be", "pid": 58753, "queue": "rollout", "rank": null, "size": 8, "ts": "2026-10-04 13:17:16"}
[DBG] {"category": "QUEUE", "component": "queue", "event": "BEGIN:queue_put", "host": "d6b2a058c4be", "item_id": "0503577cd48a4417bcf840884542b214", "pid": 58753, "queue": "preference", "rank": null, "ts": "2026-10-04 13:17:17"}
[DBG] {"category": "QUEUE", "component": "queue", "event": "watchdog_armed", "host": "d6b2a058c4be", "pid": 58753, "rank": null, "stage": "queue_put", "timeout_sec": 30.0, "ts": "2026-10-04 13:17:17"}
[DBG] {"category": "QUEUE", "component": "queue", "elapsed_sec": 0.026887, "event": "END:queue_put", "host": "d6b2a058c4be", "pid": 58753, "rank": null, "ts": "2026-10-04 13:17:17"}
[DBG] {"category": "QUEUE", "component": "queue", "event": "put_done", "host": "d6b2a058c4be", "key": "smoke01:preference:0503577cd48a4417bcf840884542b214", "pid": 58753, "policy_version": 0, "queue": "preference", "rank": null, "ts": "2026-10-04 13:17:17"}
[DBG] {"category": "QUEUE", "component": "queue", "event": "size_changed", "host": "d6b2a058c4be", "pid": 58753, "queue": "preference", "rank": null, "size": 12, "ts": "2026-10-04 13:17:17"}
[DBG] {"category": "QUEUE", "component": "queue", "current_version": null, "event": "BEGIN:queue_list_for_pop", "exact": false, "host": "d6b2a058c4be", "max_lag": null, "pid": 58753, "queue": "rollout", "rank": null, "requested": 1, "ts": "2026-10-04 13:17:17"}
[DBG] {"category": "QUEUE", "component": "queue", "event": "watchdog_armed", "host": "d6b2a058c4be", "pid": 58753, "rank": null, "stage": "queue_list_for_pop", "timeout_sec": 30.0, "ts": "2026-10-04 13:17:17"}
[DBG] {"category": "QUEUE", "component": "queue", "elapsed_sec": 0.001564, "event": "END:queue_list_for_pop", "host": "d6b2a058c4be", "pid": 58753, "rank": null, "ts": "2026-10-04 13:17:17"}
[DBG] {"available": 8, "category": "QUEUE", "component": "queue", "event": "pop_scan", "exact": false, "host": "d6b2a058c4be", "pid": 58753, "queue": "rollout", "rank": null, "requested": 1, "selected": 1, "stale": 0, "ts": "2026-10-04 13:17:17"}
[DBG] {"category": "QUEUE", "component": "queue", "event": "BEGIN:queue_get", "host": "d6b2a058c4be", "key": "smoke01:rollout:f2d9ac6bd24042a1b21ea9da1d9e070e", "pid": 58753, "queue": "rollout", "rank": null, "ts": "2026-10-04 13:17:17"}
[DBG] {"category": "QUEUE", "component": "queue", "event": "watchdog_armed", "host": "d6b2a058c4be", "pid": 58753, "rank": null, "stage": "queue_get", "timeout_sec": 30.0, "ts": "2026-10-04 13:17:17"}
[DBG] {"category": "QUEUE", "component": "queue", "elapsed_sec": 0.0156, "event": "END:queue_get", "host": "d6b2a058c4be", "pid": 58753, "rank": null, "ts": "2026-10-04 13:17:17"}
[DBG] {"category": "QUEUE", "component": "queue", "count": 1, "event": "BEGIN:clear_popped", "host": "d6b2a058c4be", "pid": 58753, "queue": "rollout", "rank": null, "ts": "2026-10-04 13:17:17"}
[DBG] {"category": "QUEUE", "component": "queue", "event": "watchdog_armed", "host": "d6b2a058c4be", "pid": 58753, "rank": null, "stage": "clear_popped", "timeout_sec": 30.0, "ts": "2026-10-04 13:17:17"}
[DBG] {"category": "QUEUE", "component": "queue", "elapsed_sec": 0.007419, "event": "END:clear_popped", "host": "d6b2a058c4be", "pid": 58753, "rank": null, "ts": "2026-10-04 13:17:17"}
[DBG] {"category": "QUEUE", "component": "queue", "event": "pop_done", "host": "d6b2a058c4be", "pid": 58753, "queue": "rollout", "rank": null, "returned": 1, "stale": 0, "ts": "2026-10-04 13:17:17"}
[DBG] {"category": "QUEUE", "component": "queue", "event": "size_changed", "host": "d6b2a058c4be", "pid": 58753, "queue": "rollout", "rank": null, "size": 7, "ts": "2026-10-04 13:17:17"}
[DBG] {"category": "QUEUE", "component": "queue", "event": "BEGIN:queue_put", "host": "d6b2a058c4be", "item_id": "29a97307fd7747a6afb914257fa43854", "pid": 58753, "queue": "rollout", "rank": null, "ts": "2026-10-04 13:17:18"}
[DBG] {"category": "QUEUE", "component": "queue", "event": "watchdog_armed", "host": "d6b2a058c4be", "pid": 58753, "rank": null, "stage": "queue_put", "timeout_sec": 30.0, "ts": "2026-10-04 13:17:18"}
[DBG] {"category": "QUEUE", "component": "queue", "elapsed_sec": 0.0208, "event": "END:queue_put", "host": "d6b2a058c4be", "pid": 58753, "rank": null, "ts": "2026-10-04 13:17:18"}
[DBG] {"category": "QUEUE", "component": "queue", "event": "put_done", "host": "d6b2a058c4be", "key": "smoke01:rollout:29a97307fd7747a6afb914257fa43854", "pid": 58753, "policy_version": 0, "queue": "rollout", "rank": null, "ts": "2026-10-04 13:17:18"}
[DBG] {"category": "QUEUE", "component": "queue", "event": "BEGIN:queue_put", "host": "d6b2a058c4be", "item_id": "8b80da2acdd84a52ba7cab5cc6f944e7", "pid": 58753, "queue": "rollout", "rank": null, "ts": "2026-10-04 13:17:18"}
[DBG] {"category": "QUEUE", "component": "queue", "event": "watchdog_armed", "host": "d6b2a058c4be", "pid": 58753, "rank": null, "stage": "queue_put", "timeout_sec": 30.0, "ts": "2026-10-04 13:17:18"}
[DBG] {"category": "QUEUE", "component": "queue", "elapsed_sec": 0.024604, "event": "END:queue_put", "host": "d6b2a058c4be", "pid": 58753, "rank": null, "ts": "2026-10-04 13:17:18"}
[DBG] {"category": "QUEUE", "component": "queue", "event": "put_done", "host": "d6b2a058c4be", "key": "smoke01:rollout:8b80da2acdd84a52ba7cab5cc6f944e7", "pid": 58753, "policy_version": 0, "queue": "rollout", "rank": null, "ts": "2026-10-04 13:17:18"}
[DBG] {"category": "QUEUE", "component": "queue", "event": "size_changed", "host": "d6b2a058c4be", "pid": 58753, "queue": "rollout", "rank": null, "size": 9, "ts": "2026-10-04 13:17:18"}
[DBG] {"category": "QUEUE", "component": "queue", "event": "BEGIN:queue_put", "host": "d6b2a058c4be", "item_id": "f2d9ac6bd24042a1b21ea9da1d9e070e", "pid": 58753, "queue": "preference", "rank": null, "ts": "2026-10-04 13:17:18"}
[DBG] {"category": "QUEUE", "component": "queue", "event": "watchdog_armed", "host": "d6b2a058c4be", "pid": 58753, "rank": null, "stage": "queue_put", "timeout_sec": 30.0, "ts": "2026-10-04 13:17:18"}
[DBG] {"category": "QUEUE", "component": "queue", "elapsed_sec": 0.01174, "event": "END:queue_put", "host": "d6b2a058c4be", "pid": 58753, "rank": null, "ts": "2026-10-04 13:17:18"}
[DBG] {"category": "QUEUE", "component": "queue", "event": "put_done", "host": "d6b2a058c4be", "key": "smoke01:preference:f2d9ac6bd24042a1b21ea9da1d9e070e", "pid": 58753, "policy_version": 0, "queue": "preference", "rank": null, "ts": "2026-10-04 13:17:18"}
[DBG] {"category": "QUEUE", "component": "queue", "event": "size_changed", "host": "d6b2a058c4be", "pid": 58753, "queue": "preference", "rank": null, "size": 13, "ts": "2026-10-04 13:17:18"}
[DBG] {"category": "QUEUE", "component": "queue", "current_version": null, "event": "BEGIN:queue_list_for_pop", "exact": false, "host": "d6b2a058c4be", "max_lag": null, "pid": 58753, "queue": "rollout", "rank": null, "requested": 1, "ts": "2026-10-04 13:17:18"}
[DBG] {"category": "QUEUE", "component": "queue", "event": "watchdog_armed", "host": "d6b2a058c4be", "pid": 58753, "rank": null, "stage": "queue_list_for_pop", "timeout_sec": 30.0, "ts": "2026-10-04 13:17:18"}
[DBG] {"category": "QUEUE", "component": "queue", "elapsed_sec": 0.00093, "event": "END:queue_list_for_pop", "host": "d6b2a058c4be", "pid": 58753, "rank": null, "ts": "2026-10-04 13:17:18"}
[DBG] {"available": 9, "category": "QUEUE", "component": "queue", "event": "pop_scan", "exact": false, "host": "d6b2a058c4be", "pid": 58753, "queue": "rollout", "rank": null, "requested": 1, "selected": 1, "stale": 0, "ts": "2026-10-04 13:17:18"}
[DBG] {"category": "QUEUE", "component": "queue", "event": "BEGIN:queue_get", "host": "d6b2a058c4be", "key": "smoke01:rollout:1ec2bfd1fc6e45f7955688bbfcdc74ed", "pid": 58753, "queue": "rollout", "rank": null, "ts": "2026-10-04 13:17:18"}
[DBG] {"category": "QUEUE", "component": "queue", "event": "watchdog_armed", "host": "d6b2a058c4be", "pid": 58753, "rank": null, "stage": "queue_get", "timeout_sec": 30.0, "ts": "2026-10-04 13:17:18"}
[DBG] {"category": "QUEUE", "component": "queue", "elapsed_sec": 0.010886, "event": "END:queue_get", "host": "d6b2a058c4be", "pid": 58753, "rank": null, "ts": "2026-10-04 13:17:18"}
[DBG] {"category": "QUEUE", "component": "queue", "count": 1, "event": "BEGIN:clear_popped", "host": "d6b2a058c4be", "pid": 58753, "queue": "rollout", "rank": null, "ts": "2026-10-04 13:17:18"}
[DBG] {"category": "QUEUE", "component": "queue", "event": "watchdog_armed", "host": "d6b2a058c4be", "pid": 58753, "rank": null, "stage": "clear_popped", "timeout_sec": 30.0, "ts": "2026-10-04 13:17:18"}
[DBG] {"category": "QUEUE", "component": "queue", "elapsed_sec": 0.007099, "event": "END:clear_popped", "host": "d6b2a058c4be", "pid": 58753, "rank": null, "ts": "2026-10-04 13:17:18"}
[DBG] {"category": "QUEUE", "component": "queue", "event": "pop_done", "host": "d6b2a058c4be", "pid": 58753, "queue": "rollout", "rank": null, "returned": 1, "stale": 0, "ts": "2026-10-04 13:17:18"}
[DBG] {"category": "QUEUE", "component": "queue", "event": "size_changed", "host": "d6b2a058c4be", "pid": 58753, "queue": "rollout", "rank": null, "size": 8, "ts": "2026-10-04 13:17:18"}
