[DBG] {"category": "QUEUE", "component": "queue", "event": "BEGIN:transfer_queue_init", "host": "d6b2a058c4be", "pid": 157815, "rank": null, "run_id": "smoke01", "ts": "2026-10-04 15:37:33"}
[DBG] {"category": "QUEUE", "component": "queue", "event": "watchdog_armed", "host": "d6b2a058c4be", "pid": 157815, "rank": null, "stage": "transfer_queue_init", "timeout_sec": 30.0, "ts": "2026-10-04 15:37:34"}
[DBG] {"category": "QUEUE", "component": "queue", "elapsed_sec": 8.007748, "event": "END:transfer_queue_init", "host": "d6b2a058c4be", "pid": 157815, "rank": null, "ts": "2026-10-04 15:37:42"}
[DBG] {"category": "QUEUE", "component": "queue", "event": "broker_ready", "host": "d6b2a058c4be", "pid": 157815, "queues": {"preference": "preference", "rollout": "rollout"}, "rank": null, "ts": "2026-10-04 15:37:42"}
[DBG] {"category": "QUEUE", "component": "queue", "current_version": null, "event": "BEGIN:queue_list_for_pop", "exact": false, "host": "d6b2a058c4be", "max_lag": null, "pid": 157815, "queue": "rollout", "rank": null, "requested": 1, "ts": "2026-10-04 15:38:23"}
[DBG] {"category": "QUEUE", "component": "queue", "event": "watchdog_armed", "host": "d6b2a058c4be", "pid": 157815, "rank": null, "stage": "queue_list_for_pop", "timeout_sec": 30.0, "ts": "2026-10-04 15:38:23"}
[DBG] {"category": "QUEUE", "component": "queue", "elapsed_sec": 0.004039, "event": "END:queue_list_for_pop", "host": "d6b2a058c4be", "pid": 157815, "rank": null, "ts": "2026-10-04 15:38:23"}
[DBG] {"available": 0, "category": "QUEUE", "component": "queue", "event": "pop_scan", "exact": false, "host": "d6b2a058c4be", "pid": 157815, "queue": "rollout", "rank": null, "requested": 1, "selected": 0, "selected_keys": [], "stale": 0, "stale_keys": [], "ts": "2026-10-04 15:38:23"}
[DBG] {"category": "QUEUE", "component": "queue", "event": "pop_done", "host": "d6b2a058c4be", "item_ids": [], "pid": 157815, "queue": "rollout", "rank": null, "remaining": 0, "returned": 0, "stale": 0, "ts": "2026-10-04 15:38:23"}
[DBG] {"category": "QUEUE", "component": "queue", "event": "size_changed", "host": "d6b2a058c4be", "pid": 157815, "queue": "rollout", "rank": null, "size": 0, "ts": "2026-10-04 15:38:23"}
[DBG] {"category": "QUEUE", "component": "queue", "current_version": null, "event": "BEGIN:queue_list_for_pop", "exact": false, "host": "d6b2a058c4be", "max_lag": null, "pid": 157815, "queue": "rollout", "rank": null, "requested": 1, "ts": "2026-10-04 15:38:23"}
[DBG] {"category": "QUEUE", "component": "queue", "event": "watchdog_armed", "host": "d6b2a058c4be", "pid": 157815, "rank": null, "stage": "queue_list_for_pop", "timeout_sec": 30.0, "ts": "2026-10-04 15:38:23"}
[DBG] {"category": "QUEUE", "component": "queue", "elapsed_sec": 0.001559, "event": "END:queue_list_for_pop", "host": "d6b2a058c4be", "pid": 157815, "rank": null, "ts": "2026-10-04 15:38:23"}
[DBG] {"available": 0, "category": "QUEUE", "component": "queue", "event": "pop_scan", "exact": false, "host": "d6b2a058c4be", "pid": 157815, "queue": "rollout", "rank": null, "requested": 1, "selected": 0, "selected_keys": [], "stale": 0, "stale_keys": [], "ts": "2026-10-04 15:38:23"}
[DBG] {"category": "QUEUE", "component": "queue", "event": "pop_done", "host": "d6b2a058c4be", "item_ids": [], "pid": 157815, "queue": "rollout", "rank": null, "remaining": 0, "returned": 0, "stale": 0, "ts": "2026-10-04 15:38:23"}
[DBG] {"category": "QUEUE", "component": "queue", "current_version": null, "event": "BEGIN:queue_list_for_pop", "exact": false, "host": "d6b2a058c4be", "max_lag": null, "pid": 157815, "queue": "rollout", "rank": null, "requested": 1, "ts": "2026-10-04 15:38:23"}
[DBG] {"category": "QUEUE", "component": "queue", "event": "watchdog_armed", "host": "d6b2a058c4be", "pid": 157815, "rank": null, "stage": "queue_list_for_pop", "timeout_sec": 30.0, "ts": "2026-10-04 15:38:23"}
[DBG] {"category": "QUEUE", "component": "queue", "elapsed_sec": 0.002624, "event": "END:queue_list_for_pop", "host": "d6b2a058c4be", "pid": 157815, "rank": null, "ts": "2026-10-04 15:38:23"}
[DBG] {"available": 0, "category": "QUEUE", "component": "queue", "event": "pop_scan", "exact": false, "host": "d6b2a058c4be", "pid": 157815, "queue": "rollout", "rank": null, "requested": 1, "selected": 0, "selected_keys": [], "stale": 0, "stale_keys": [], "ts": "2026-10-04 15:38:23"}
[DBG] {"category": "QUEUE", "component": "queue", "event": "pop_done", "host": "d6b2a058c4be", "item_ids": [], "pid": 157815, "queue": "rollout", "rank": null, "remaining": 0, "returned": 0, "stale": 0, "ts": "2026-10-04 15:38:23"}
[DBG] {"category": "QUEUE", "component": "queue", "current_version": null, "event": "BEGIN:queue_list_for_pop", "exact": false, "host": "d6b2a058c4be", "max_lag": null, "pid": 157815, "queue": "rollout", "rank": null, "requested": 1, "ts": "2026-10-04 15:38:23"}
[DBG] {"category": "QUEUE", "component": "queue", "event": "watchdog_armed", "host": "d6b2a058c4be", "pid": 157815, "rank": null, "stage": "queue_list_for_pop", "timeout_sec": 30.0, "ts": "2026-10-04 15:38:23"}
[DBG] {"category": "QUEUE", "component": "queue", "elapsed_sec": 0.001478, "event": "END:queue_list_for_pop", "host": "d6b2a058c4be", "pid": 157815, "rank": null, "ts": "2026-10-04 15:38:23"}
[DBG] {"available": 0, "category": "QUEUE", "component": "queue", "event": "pop_scan", "exact": false, "host": "d6b2a058c4be", "pid": 157815, "queue": "rollout", "rank": null, "requested": 1, "selected": 0, "selected_keys": [], "stale": 0, "stale_keys": [], "ts": "2026-10-04 15:38:23"}
[DBG] {"category": "QUEUE", "component": "queue", "event": "pop_done", "host": "d6b2a058c4be", "item_ids": [], "pid": 157815, "queue": "rollout", "rank": null, "remaining": 0, "returned": 0, "stale": 0, "ts": "2026-10-04 15:38:23"}
[DBG] {"category": "QUEUE", "component": "queue", "current_version": null, "event": "BEGIN:queue_list_for_pop", "exact": false, "host": "d6b2a058c4be", "max_lag": null, "pid": 157815, "queue": "rollout", "rank": null, "requested": 1, "ts": "2026-10-04 15:38:24"}
[DBG] {"category": "QUEUE", "component": "queue", "event": "watchdog_armed", "host": "d6b2a058c4be", "pid": 157815, "rank": null, "stage": "queue_list_for_pop", "timeout_sec": 30.0, "ts": "2026-10-04 15:38:24"}
[DBG] {"category": "QUEUE", "component": "queue", "elapsed_sec": 0.002541, "event": "END:queue_list_for_pop", "host": "d6b2a058c4be", "pid": 157815, "rank": null, "ts": "2026-10-04 15:38:24"}
[DBG] {"available": 0, "category": "QUEUE", "component": "queue", "event": "pop_scan", "exact": false, "host": "d6b2a058c4be", "pid": 157815, "queue": "rollout", "rank": null, "requested": 1, "selected": 0, "selected_keys": [], "stale": 0, "stale_keys": [], "ts": "2026-10-04 15:38:24"}
[DBG] {"category": "QUEUE", "component": "queue", "event": "pop_done", "host": "d6b2a058c4be", "item_ids": [], "pid": 157815, "queue": "rollout", "rank": null, "remaining": 0, "returned": 0, "stale": 0, "ts": "2026-10-04 15:38:24"}
[DBG] {"category": "QUEUE", "component": "queue", "current_version": null, "event": "BEGIN:queue_list_for_pop", "exact": false, "host": "d6b2a058c4be", "max_lag": null, "pid": 157815, "queue": "rollout", "rank": null, "requested": 1, "ts": "2026-10-04 15:38:24"}
[DBG] {"category": "QUEUE", "component": "queue", "event": "watchdog_armed", "host": "d6b2a058c4be", "pid": 157815, "rank": null, "stage": "queue_list_for_pop", "timeout_sec": 30.0, "ts": "2026-10-04 15:38:24"}
[DBG] {"category": "QUEUE", "component": "queue", "elapsed_sec": 0.002149, "event": "END:queue_list_for_pop", "host": "d6b2a058c4be", "pid": 157815, "rank": null, "ts": "2026-10-04 15:38:24"}
[DBG] {"available": 0, "category": "QUEUE", "component": "queue", "event": "pop_scan", "exact": false, "host": "d6b2a058c4be", "pid": 157815, "queue": "rollout", "rank": null, "requested": 1, "selected": 0, "selected_keys": [], "stale": 0, "stale_keys": [], "ts": "2026-10-04 15:38:24"}
[DBG] {"category": "QUEUE", "component": "queue", "event": "pop_done", "host": "d6b2a058c4be", "item_ids": [], "pid": 157815, "queue": "rollout", "rank": null, "remaining": 0, "returned": 0, "stale": 0, "ts": "2026-10-04 15:38:24"}
[DBG] {"category": "QUEUE", "component": "queue", "current_version": null, "event": "BEGIN:queue_list_for_pop", "exact": false, "host": "d6b2a058c4be", "max_lag": null, "pid": 157815, "queue": "rollout", "rank": null, "requested": 1, "ts": "2026-10-04 15:38:24"}
[DBG] {"category": "QUEUE", "component": "queue", "event": "watchdog_armed", "host": "d6b2a058c4be", "pid": 157815, "rank": null, "stage": "queue_list_for_pop", "timeout_sec": 30.0, "ts": "2026-10-04 15:38:24"}
[DBG] {"category": "QUEUE", "component": "queue", "elapsed_sec": 0.001999, "event": "END:queue_list_for_pop", "host": "d6b2a058c4be", "pid": 157815, "rank": null, "ts": "2026-10-04 15:38:24"}
[DBG] {"available": 0, "category": "QUEUE", "component": "queue", "event": "pop_scan", "exact": false, "host": "d6b2a058c4be", "pid": 157815, "queue": "rollout", "rank": null, "requested": 1, "selected": 0, "selected_keys": [], "stale": 0, "stale_keys": [], "ts": "2026-10-04 15:38:24"}
[DBG] {"category": "QUEUE", "component": "queue", "event": "pop_done", "host": "d6b2a058c4be", "item_ids": [], "pid": 157815, "queue": "rollout", "rank": null, "remaining": 0, "returned": 0, "stale": 0, "ts": "2026-10-04 15:38:24"}
[DBG] {"category": "QUEUE", "component": "queue", "current_version": null, "event": "BEGIN:queue_list_for_pop", "exact": false, "host": "d6b2a058c4be", "max_lag": null, "pid": 157815, "queue": "rollout", "rank": null, "requested": 1, "ts": "2026-10-04 15:38:24"}
[DBG] {"category": "QUEUE", "component": "queue", "event": "watchdog_armed", "host": "d6b2a058c4be", "pid": 157815, "rank": null, "stage": "queue_list_for_pop", "timeout_sec": 30.0, "ts": "2026-10-04 15:38:24"}
[DBG] {"category": "QUEUE", "component": "queue", "elapsed_sec": 0.001747, "event": "END:queue_list_for_pop", "host": "d6b2a058c4be", "pid": 157815, "rank": null, "ts": "2026-10-04 15:38:24"}
[DBG] {"available": 0, "category": "QUEUE", "component": "queue", "event": "pop_scan", "exact": false, "host": "d6b2a058c4be", "pid": 157815, "queue": "rollout", "rank": null, "requested": 1, "selected": 0, "selected_keys": [], "stale": 0, "stale_keys": [], "ts": "2026-10-04 15:38:24"}
[DBG] {"category": "QUEUE", "component": "queue", "event": "pop_done", "host": "d6b2a058c4be", "item_ids": [], "pid": 157815, "queue": "rollout", "rank": null, "remaining": 0, "returned": 0, "stale": 0, "ts": "2026-10-04 15:38:24"}
[DBG] {"category": "QUEUE", "component": "queue", "current_version": null, "event": "BEGIN:queue_list_for_pop", "exact": false, "host": "d6b2a058c4be", "max_lag": null, "pid": 157815, "queue": "rollout", "rank": null, "requested": 1, "ts": "2026-10-04 15:38:24"}
[DBG] {"category": "QUEUE", "component": "queue", "event": "watchdog_armed", "host": "d6b2a058c4be", "pid": 157815, "rank": null, "stage": "queue_list_for_pop", "timeout_sec": 30.0, "ts": "2026-10-04 15:38:24"}
[DBG] {"category": "QUEUE", "component": "queue", "elapsed_sec": 0.002311, "event": "END:queue_list_for_pop", "host": "d6b2a058c4be", "pid": 157815, "rank": null, "ts": "2026-10-04 15:38:24"}
[DBG] {"available": 0, "category": "QUEUE", "component": "queue", "event": "pop_scan", "exact": false, "host": "d6b2a058c4be", "pid": 157815, "queue": "rollout", "rank": null, "requested": 1, "selected": 0, "selected_keys": [], "stale": 0, "stale_keys": [], "ts": "2026-10-04 15:38:24"}
[DBG] {"category": "QUEUE", "component": "queue", "event": "pop_done", "host": "d6b2a058c4be", "item_ids": [], "pid": 157815, "queue": "rollout", "rank": null, "remaining": 0, "returned": 0, "stale": 0, "ts": "2026-10-04 15:38:24"}
[DBG] {"category": "QUEUE", "component": "queue", "current_version": null, "event": "BEGIN:queue_list_for_pop", "exact": false, "host": "d6b2a058c4be", "max_lag": null, "pid": 157815, "queue": "rollout", "rank": null, "requested": 1, "ts": "2026-10-04 15:38:25"}
[DBG] {"category": "QUEUE", "component": "queue", "event": "watchdog_armed", "host": "d6b2a058c4be", "pid": 157815, "rank": null, "stage": "queue_list_for_pop", "timeout_sec": 30.0, "ts": "2026-10-04 15:38:25"}
[DBG] {"category": "QUEUE", "component": "queue", "elapsed_sec": 0.002373, "event": "END:queue_list_for_pop", "host": "d6b2a058c4be", "pid": 157815, "rank": null, "ts": "2026-10-04 15:38:25"}
[DBG] {"available": 0, "category": "QUEUE", "component": "queue", "event": "pop_scan", "exact": false, "host": "d6b2a058c4be", "pid": 157815, "queue": "rollout", "rank": null, "requested": 1, "selected": 0, "selected_keys": [], "stale": 0, "stale_keys": [], "ts": "2026-10-04 15:38:25"}
[DBG] {"category": "QUEUE", "component": "queue", "event": "pop_done", "host": "d6b2a058c4be", "item_ids": [], "pid": 157815, "queue": "rollout", "rank": null, "remaining": 0, "returned": 0, "stale": 0, "ts": "2026-10-04 15:38:25"}
[DBG] {"category": "QUEUE", "component": "queue", "current_version": null, "event": "BEGIN:queue_list_for_pop", "exact": false, "host": "d6b2a058c4be", "max_lag": null, "pid": 157815, "queue": "rollout", "rank": null, "requested": 1, "ts": "2026-10-04 15:38:25"}
[DBG] {"category": "QUEUE", "component": "queue", "event": "watchdog_armed", "host": "d6b2a058c4be", "pid": 157815, "rank": null, "stage": "queue_list_for_pop", "timeout_sec": 30.0, "ts": "2026-10-04 15:38:25"}
[DBG] {"category": "QUEUE", "component": "queue", "elapsed_sec": 0.001664, "event": "END:queue_list_for_pop", "host": "d6b2a058c4be", "pid": 157815, "rank": null, "ts": "2026-10-04 15:38:25"}
[DBG] {"available": 0, "category": "QUEUE", "component": "queue", "event": "pop_scan", "exact": false, "host": "d6b2a058c4be", "pid": 157815, "queue": "rollout", "rank": null, "requested": 1, "selected": 0, "selected_keys": [], "stale": 0, "stale_keys": [], "ts": "2026-10-04 15:38:25"}
[DBG] {"category": "QUEUE", "component": "queue", "event": "pop_done", "host": "d6b2a058c4be", "item_ids": [], "pid": 157815, "queue": "rollout", "rank": null, "remaining": 0, "returned": 0, "stale": 0, "ts": "2026-10-04 15:38:25"}
[DBG] {"category": "QUEUE", "component": "queue", "current_version": null, "event": "BEGIN:queue_list_for_pop", "exact": false, "host": "d6b2a058c4be", "max_lag": null, "pid": 157815, "queue": "rollout", "rank": null, "requested": 1, "ts": "2026-10-04 15:38:25"}
[DBG] {"category": "QUEUE", "component": "queue", "event": "watchdog_armed", "host": "d6b2a058c4be", "pid": 157815, "rank": null, "stage": "queue_list_for_pop", "timeout_sec": 30.0, "ts": "2026-10-04 15:38:25"}
[DBG] {"category": "QUEUE", "component": "queue", "elapsed_sec": 0.001307, "event": "END:queue_list_for_pop", "host": "d6b2a058c4be", "pid": 157815, "rank": null, "ts": "2026-10-04 15:38:25"}
[DBG] {"available": 0, "category": "QUEUE", "component": "queue", "event": "pop_scan", "exact": false, "host": "d6b2a058c4be", "pid": 157815, "queue": "rollout", "rank": null, "requested": 1, "selected": 0, "selected_keys": [], "stale": 0, "stale_keys": [], "ts": "2026-10-04 15:38:25"}
[DBG] {"category": "QUEUE", "component": "queue", "event": "pop_done", "host": "d6b2a058c4be", "item_ids": [], "pid": 157815, "queue": "rollout", "rank": null, "remaining": 0, "returned": 0, "stale": 0, "ts": "2026-10-04 15:38:25"}
[DBG] {"category": "QUEUE", "component": "queue", "event": "put_prepare", "host": "d6b2a058c4be", "item_id": "f87249f58e4742c98a4b6d66dedb0b81", "partition": "smoke01:rollout", "payload_bytes": 2194, "pid": 157815, "policy_version": 0, "queue": "rollout", "rank": null, "ts": "2026-10-04 15:38:25"}
[DBG] {"category": "QUEUE", "component": "queue", "event": "BEGIN:queue_put", "host": "d6b2a058c4be", "item_id": "f87249f58e4742c98a4b6d66dedb0b81", "pid": 157815, "queue": "rollout", "rank": null, "ts": "2026-10-04 15:38:25"}
[DBG] {"category": "QUEUE", "component": "queue", "event": "watchdog_armed", "host": "d6b2a058c4be", "pid": 157815, "rank": null, "stage": "queue_put", "timeout_sec": 30.0, "ts": "2026-10-04 15:38:25"}
[DBG] {"category": "QUEUE", "component": "queue", "elapsed_sec": 0.025151, "event": "END:queue_put", "host": "d6b2a058c4be", "pid": 157815, "rank": null, "ts": "2026-10-04 15:38:25"}
[DBG] {"category": "QUEUE", "component": "queue", "event": "put_done", "host": "d6b2a058c4be", "key": "smoke01:rollout:f87249f58e4742c98a4b6d66dedb0b81", "pid": 157815, "policy_version": 0, "queue": "rollout", "rank": null, "ts": "2026-10-04 15:38:25"}
[DBG] {"category": "QUEUE", "component": "queue", "event": "put_prepare", "host": "d6b2a058c4be", "item_id": "42548b99e0eb47029aeb128dd3aa55d8", "partition": "smoke01:rollout", "payload_bytes": 2907, "pid": 157815, "policy_version": 0, "queue": "rollout", "rank": null, "ts": "2026-10-04 15:38:25"}
[DBG] {"category": "QUEUE", "component": "queue", "event": "BEGIN:queue_put", "host": "d6b2a058c4be", "item_id": "42548b99e0eb47029aeb128dd3aa55d8", "pid": 157815, "queue": "rollout", "rank": null, "ts": "2026-10-04 15:38:25"}
[DBG] {"category": "QUEUE", "component": "queue", "event": "watchdog_armed", "host": "d6b2a058c4be", "pid": 157815, "rank": null, "stage": "queue_put", "timeout_sec": 30.0, "ts": "2026-10-04 15:38:25"}
[DBG] {"category": "QUEUE", "component": "queue", "elapsed_sec": 0.019114, "event": "END:queue_put", "host": "d6b2a058c4be", "pid": 157815, "rank": null, "ts": "2026-10-04 15:38:25"}
[DBG] {"category": "QUEUE", "component": "queue", "event": "put_done", "host": "d6b2a058c4be", "key": "smoke01:rollout:42548b99e0eb47029aeb128dd3aa55d8", "pid": 157815, "policy_version": 0, "queue": "rollout", "rank": null, "ts": "2026-10-04 15:38:25"}
[DBG] {"category": "QUEUE", "component": "queue", "current_version": null, "event": "BEGIN:queue_list_for_pop", "exact": false, "host": "d6b2a058c4be", "max_lag": null, "pid": 157815, "queue": "rollout", "rank": null, "requested": 1, "ts": "2026-10-04 15:38:25"}
[DBG] {"category": "QUEUE", "component": "queue", "event": "watchdog_armed", "host": "d6b2a058c4be", "pid": 157815, "rank": null, "stage": "queue_list_for_pop", "timeout_sec": 30.0, "ts": "2026-10-04 15:38:25"}
[DBG] {"category": "QUEUE", "component": "queue", "elapsed_sec": 0.002454, "event": "END:queue_list_for_pop", "host": "d6b2a058c4be", "pid": 157815, "rank": null, "ts": "2026-10-04 15:38:25"}
[DBG] {"available": 2, "category": "QUEUE", "component": "queue", "event": "pop_scan", "exact": false, "host": "d6b2a058c4be", "pid": 157815, "queue": "rollout", "rank": null, "requested": 1, "selected": 1, "selected_keys": ["smoke01:rollout:f87249f58e4742c98a4b6d66dedb0b81"], "stale": 0, "stale_keys": [], "ts": "2026-10-04 15:38:25"}
[DBG] {"category": "QUEUE", "component": "queue", "event": "BEGIN:queue_get", "host": "d6b2a058c4be", "key": "smoke01:rollout:f87249f58e4742c98a4b6d66dedb0b81", "pid": 157815, "queue": "rollout", "rank": null, "ts": "2026-10-04 15:38:25"}
[DBG] {"category": "QUEUE", "component": "queue", "event": "watchdog_armed", "host": "d6b2a058c4be", "pid": 157815, "rank": null, "stage": "queue_get", "timeout_sec": 30.0, "ts": "2026-10-04 15:38:25"}
[DBG] {"category": "QUEUE", "component": "queue", "elapsed_sec": 0.033684, "event": "END:queue_get", "host": "d6b2a058c4be", "pid": 157815, "rank": null, "ts": "2026-10-04 15:38:25"}
[DBG] {"category": "QUEUE", "component": "queue", "event": "queue_item_decoded", "host": "d6b2a058c4be", "item_id": "f87249f58e4742c98a4b6d66dedb0b81", "key": "smoke01:rollout:f87249f58e4742c98a4b6d66dedb0b81", "pid": 157815, "policy_version": 0, "queue": "rollout", "rank": null, "ts": "2026-10-04 15:38:25"}
[DBG] {"category": "QUEUE", "component": "queue", "count": 1, "event": "BEGIN:clear_popped", "host": "d6b2a058c4be", "pid": 157815, "queue": "rollout", "rank": null, "ts": "2026-10-04 15:38:25"}
[DBG] {"category": "QUEUE", "component": "queue", "event": "watchdog_armed", "host": "d6b2a058c4be", "pid": 157815, "rank": null, "stage": "clear_popped", "timeout_sec": 30.0, "ts": "2026-10-04 15:38:25"}
[DBG] {"category": "QUEUE", "component": "queue", "elapsed_sec": 0.015826, "event": "END:clear_popped", "host": "d6b2a058c4be", "pid": 157815, "rank": null, "ts": "2026-10-04 15:38:25"}
[DBG] {"category": "QUEUE", "component": "queue", "event": "pop_done", "host": "d6b2a058c4be", "item_ids": ["f87249f58e4742c98a4b6d66dedb0b81"], "pid": 157815, "queue": "rollout", "rank": null, "remaining": 1, "returned": 1, "stale": 0, "ts": "2026-10-04 15:38:25"}
[DBG] {"category": "QUEUE", "component": "queue", "event": "size_changed", "host": "d6b2a058c4be", "pid": 157815, "queue": "rollout", "rank": null, "size": 1, "ts": "2026-10-04 15:38:25"}
[DBG] {"category": "QUEUE", "component": "queue", "event": "put_prepare", "host": "d6b2a058c4be", "item_id": "498c745a9a954e7991efbf77783548e4", "partition": "smoke01:rollout", "payload_bytes": 2940, "pid": 157815, "policy_version": 0, "queue": "rollout", "rank": null, "ts": "2026-10-04 15:38:26"}
[DBG] {"category": "QUEUE", "component": "queue", "event": "BEGIN:queue_put", "host": "d6b2a058c4be", "item_id": "498c745a9a954e7991efbf77783548e4", "pid": 157815, "queue": "rollout", "rank": null, "ts": "2026-10-04 15:38:26"}
[DBG] {"category": "QUEUE", "component": "queue", "event": "watchdog_armed", "host": "d6b2a058c4be", "pid": 157815, "rank": null, "stage": "queue_put", "timeout_sec": 30.0, "ts": "2026-10-04 15:38:26"}
[DBG] {"category": "QUEUE", "component": "queue", "elapsed_sec": 0.034283, "event": "END:queue_put", "host": "d6b2a058c4be", "pid": 157815, "rank": null, "ts": "2026-10-04 15:38:26"}
[DBG] {"category": "QUEUE", "component": "queue", "event": "put_done", "host": "d6b2a058c4be", "key": "smoke01:rollout:498c745a9a954e7991efbf77783548e4", "pid": 157815, "policy_version": 0, "queue": "rollout", "rank": null, "ts": "2026-10-04 15:38:26"}
[DBG] {"category": "QUEUE", "component": "queue", "event": "put_prepare", "host": "d6b2a058c4be", "item_id": "4819fb72edd94e0eb73933b8c58e5613", "partition": "smoke01:rollout", "payload_bytes": 2592, "pid": 157815, "policy_version": 0, "queue": "rollout", "rank": null, "ts": "2026-10-04 15:38:26"}
[DBG] {"category": "QUEUE", "component": "queue", "event": "BEGIN:queue_put", "host": "d6b2a058c4be", "item_id": "4819fb72edd94e0eb73933b8c58e5613", "pid": 157815, "queue": "rollout", "rank": null, "ts": "2026-10-04 15:38:26"}
[DBG] {"category": "QUEUE", "component": "queue", "event": "watchdog_armed", "host": "d6b2a058c4be", "pid": 157815, "rank": null, "stage": "queue_put", "timeout_sec": 30.0, "ts": "2026-10-04 15:38:26"}
[DBG] {"category": "QUEUE", "component": "queue", "elapsed_sec": 0.025802, "event": "END:queue_put", "host": "d6b2a058c4be", "pid": 157815, "rank": null, "ts": "2026-10-04 15:38:26"}
[DBG] {"category": "QUEUE", "component": "queue", "event": "put_done", "host": "d6b2a058c4be", "key": "smoke01:rollout:4819fb72edd94e0eb73933b8c58e5613", "pid": 157815, "policy_version": 0, "queue": "rollout", "rank": null, "ts": "2026-10-04 15:38:26"}
[DBG] {"category": "QUEUE", "component": "queue", "event": "size_changed", "host": "d6b2a058c4be", "pid": 157815, "queue": "rollout", "rank": null, "size": 3, "ts": "2026-10-04 15:38:26"}
[DBG] {"category": "QUEUE", "component": "queue", "event": "put_prepare", "host": "d6b2a058c4be", "item_id": "41f29b92055147a887021919bb967a9c", "partition": "smoke01:rollout", "payload_bytes": 1897, "pid": 157815, "policy_version": 0, "queue": "rollout", "rank": null, "ts": "2026-10-04 15:38:26"}
[DBG] {"category": "QUEUE", "component": "queue", "event": "BEGIN:queue_put", "host": "d6b2a058c4be", "item_id": "41f29b92055147a887021919bb967a9c", "pid": 157815, "queue": "rollout", "rank": null, "ts": "2026-10-04 15:38:26"}
[DBG] {"category": "QUEUE", "component": "queue", "event": "watchdog_armed", "host": "d6b2a058c4be", "pid": 157815, "rank": null, "stage": "queue_put", "timeout_sec": 30.0, "ts": "2026-10-04 15:38:26"}
[DBG] {"category": "QUEUE", "component": "queue", "elapsed_sec": 0.020774, "event": "END:queue_put", "host": "d6b2a058c4be", "pid": 157815, "rank": null, "ts": "2026-10-04 15:38:26"}
[DBG] {"category": "QUEUE", "component": "queue", "event": "put_done", "host": "d6b2a058c4be", "key": "smoke01:rollout:41f29b92055147a887021919bb967a9c", "pid": 157815, "policy_version": 0, "queue": "rollout", "rank": null, "ts": "2026-10-04 15:38:26"}
[DBG] {"category": "QUEUE", "component": "queue", "event": "put_prepare", "host": "d6b2a058c4be", "item_id": "674ffa1763ae482683be134e70e3b207", "partition": "smoke01:rollout", "payload_bytes": 2505, "pid": 157815, "policy_version": 0, "queue": "rollout", "rank": null, "ts": "2026-10-04 15:38:26"}
[DBG] {"category": "QUEUE", "component": "queue", "event": "BEGIN:queue_put", "host": "d6b2a058c4be", "item_id": "674ffa1763ae482683be134e70e3b207", "pid": 157815, "queue": "rollout", "rank": null, "ts": "2026-10-04 15:38:26"}
[DBG] {"category": "QUEUE", "component": "queue", "event": "watchdog_armed", "host": "d6b2a058c4be", "pid": 157815, "rank": null, "stage": "queue_put", "timeout_sec": 30.0, "ts": "2026-10-04 15:38:26"}
[DBG] {"category": "QUEUE", "component": "queue", "elapsed_sec": 0.019378, "event": "END:queue_put", "host": "d6b2a058c4be", "pid": 157815, "rank": null, "ts": "2026-10-04 15:38:26"}
[DBG] {"category": "QUEUE", "component": "queue", "event": "put_done", "host": "d6b2a058c4be", "key": "smoke01:rollout:674ffa1763ae482683be134e70e3b207", "pid": 157815, "policy_version": 0, "queue": "rollout", "rank": null, "ts": "2026-10-04 15:38:26"}
[DBG] {"category": "QUEUE", "component": "queue", "event": "size_changed", "host": "d6b2a058c4be", "pid": 157815, "queue": "rollout", "rank": null, "size": 5, "ts": "2026-10-04 15:38:26"}
[DBG] {"category": "QUEUE", "component": "queue", "event": "put_prepare", "host": "d6b2a058c4be", "item_id": "ef2b1735bd784a0bb45df8419954c61b", "partition": "smoke01:rollout", "payload_bytes": 2108, "pid": 157815, "policy_version": 0, "queue": "rollout", "rank": null, "ts": "2026-10-04 15:38:27"}
[DBG] {"category": "QUEUE", "component": "queue", "event": "BEGIN:queue_put", "host": "d6b2a058c4be", "item_id": "ef2b1735bd784a0bb45df8419954c61b", "pid": 157815, "queue": "rollout", "rank": null, "ts": "2026-10-04 15:38:27"}
[DBG] {"category": "QUEUE", "component": "queue", "event": "watchdog_armed", "host": "d6b2a058c4be", "pid": 157815, "rank": null, "stage": "queue_put", "timeout_sec": 30.0, "ts": "2026-10-04 15:38:27"}
[DBG] {"category": "QUEUE", "component": "queue", "elapsed_sec": 0.019946, "event": "END:queue_put", "host": "d6b2a058c4be", "pid": 157815, "rank": null, "ts": "2026-10-04 15:38:27"}
[DBG] {"category": "QUEUE", "component": "queue", "event": "put_done", "host": "d6b2a058c4be", "key": "smoke01:rollout:ef2b1735bd784a0bb45df8419954c61b", "pid": 157815, "policy_version": 0, "queue": "rollout", "rank": null, "ts": "2026-10-04 15:38:27"}
[DBG] {"category": "QUEUE", "component": "queue", "event": "put_prepare", "host": "d6b2a058c4be", "item_id": "3248942b4f184685b316d36554b7401c", "partition": "smoke01:rollout", "payload_bytes": 2785, "pid": 157815, "policy_version": 0, "queue": "rollout", "rank": null, "ts": "2026-10-04 15:38:27"}
[DBG] {"category": "QUEUE", "component": "queue", "event": "BEGIN:queue_put", "host": "d6b2a058c4be", "item_id": "3248942b4f184685b316d36554b7401c", "pid": 157815, "queue": "rollout", "rank": null, "ts": "2026-10-04 15:38:27"}
[DBG] {"category": "QUEUE", "component": "queue", "event": "watchdog_armed", "host": "d6b2a058c4be", "pid": 157815, "rank": null, "stage": "queue_put", "timeout_sec": 30.0, "ts": "2026-10-04 15:38:27"}
[DBG] {"category": "QUEUE", "component": "queue", "elapsed_sec": 0.020311, "event": "END:queue_put", "host": "d6b2a058c4be", "pid": 157815, "rank": null, "ts": "2026-10-04 15:38:27"}
[DBG] {"category": "QUEUE", "component": "queue", "event": "put_done", "host": "d6b2a058c4be", "key": "smoke01:rollout:3248942b4f184685b316d36554b7401c", "pid": 157815, "policy_version": 0, "queue": "rollout", "rank": null, "ts": "2026-10-04 15:38:27"}
[DBG] {"category": "QUEUE", "component": "queue", "event": "size_changed", "host": "d6b2a058c4be", "pid": 157815, "queue": "rollout", "rank": null, "size": 7, "ts": "2026-10-04 15:38:27"}
[DBG] {"category": "QUEUE", "component": "queue", "event": "put_prepare", "host": "d6b2a058c4be", "item_id": "8bfeda180c184546abd64a9412c7e8e9", "partition": "smoke01:rollout", "payload_bytes": 2525, "pid": 157815, "policy_version": 0, "queue": "rollout", "rank": null, "ts": "2026-10-04 15:38:27"}
[DBG] {"category": "QUEUE", "component": "queue", "event": "BEGIN:queue_put", "host": "d6b2a058c4be", "item_id": "8bfeda180c184546abd64a9412c7e8e9", "pid": 157815, "queue": "rollout", "rank": null, "ts": "2026-10-04 15:38:27"}
[DBG] {"category": "QUEUE", "component": "queue", "event": "watchdog_armed", "host": "d6b2a058c4be", "pid": 157815, "rank": null, "stage": "queue_put", "timeout_sec": 30.0, "ts": "2026-10-04 15:38:27"}
[DBG] {"category": "QUEUE", "component": "queue", "elapsed_sec": 0.018508, "event": "END:queue_put", "host": "d6b2a058c4be", "pid": 157815, "rank": null, "ts": "2026-10-04 15:38:27"}
[DBG] {"category": "QUEUE", "component": "queue", "event": "put_done", "host": "d6b2a058c4be", "key": "smoke01:rollout:8bfeda180c184546abd64a9412c7e8e9", "pid": 157815, "policy_version": 0, "queue": "rollout", "rank": null, "ts": "2026-10-04 15:38:27"}
[DBG] {"category": "QUEUE", "component": "queue", "event": "put_prepare", "host": "d6b2a058c4be", "item_id": "7abb3ff2af8d47bd9453635c1c789553", "partition": "smoke01:rollout", "payload_bytes": 2973, "pid": 157815, "policy_version": 0, "queue": "rollout", "rank": null, "ts": "2026-10-04 15:38:27"}
[DBG] {"category": "QUEUE", "component": "queue", "event": "BEGIN:queue_put", "host": "d6b2a058c4be", "item_id": "7abb3ff2af8d47bd9453635c1c789553", "pid": 157815, "queue": "rollout", "rank": null, "ts": "2026-10-04 15:38:27"}
[DBG] {"category": "QUEUE", "component": "queue", "event": "watchdog_armed", "host": "d6b2a058c4be", "pid": 157815, "rank": null, "stage": "queue_put", "timeout_sec": 30.0, "ts": "2026-10-04 15:38:27"}
[DBG] {"category": "QUEUE", "component": "queue", "elapsed_sec": 0.021469, "event": "END:queue_put", "host": "d6b2a058c4be", "pid": 157815, "rank": null, "ts": "2026-10-04 15:38:27"}
[DBG] {"category": "QUEUE", "component": "queue", "event": "put_done", "host": "d6b2a058c4be", "key": "smoke01:rollout:7abb3ff2af8d47bd9453635c1c789553", "pid": 157815, "policy_version": 0, "queue": "rollout", "rank": null, "ts": "2026-10-04 15:38:27"}
[DBG] {"category": "QUEUE", "component": "queue", "event": "size_changed", "host": "d6b2a058c4be", "pid": 157815, "queue": "rollout", "rank": null, "size": 9, "ts": "2026-10-04 15:38:27"}
[DBG] {"category": "QUEUE", "component": "queue", "event": "size_changed", "host": "d6b2a058c4be", "pid": 157815, "queue": "preference", "rank": null, "size": 0, "ts": "2026-10-04 15:38:36"}
[DBG] {"category": "QUEUE", "component": "queue", "event": "put_prepare", "host": "d6b2a058c4be", "item_id": "f87249f58e4742c98a4b6d66dedb0b81", "partition": "smoke01:preference", "payload_bytes": 1423, "pid": 157815, "policy_version": 0, "queue": "preference", "rank": null, "ts": "2026-10-04 15:38:36"}
[DBG] {"category": "QUEUE", "component": "queue", "event": "BEGIN:queue_put", "host": "d6b2a058c4be", "item_id": "f87249f58e4742c98a4b6d66dedb0b81", "pid": 157815, "queue": "preference", "rank": null, "ts": "2026-10-04 15:38:36"}
[DBG] {"category": "QUEUE", "component": "queue", "event": "watchdog_armed", "host": "d6b2a058c4be", "pid": 157815, "rank": null, "stage": "queue_put", "timeout_sec": 30.0, "ts": "2026-10-04 15:38:36"}
[DBG] {"category": "QUEUE", "component": "queue", "elapsed_sec": 0.012424, "event": "END:queue_put", "host": "d6b2a058c4be", "pid": 157815, "rank": null, "ts": "2026-10-04 15:38:36"}
[DBG] {"category": "QUEUE", "component": "queue", "event": "put_done", "host": "d6b2a058c4be", "key": "smoke01:preference:f87249f58e4742c98a4b6d66dedb0b81", "pid": 157815, "policy_version": 0, "queue": "preference", "rank": null, "ts": "2026-10-04 15:38:36"}
[DBG] {"category": "QUEUE", "component": "queue", "event": "size_changed", "host": "d6b2a058c4be", "pid": 157815, "queue": "preference", "rank": null, "size": 1, "ts": "2026-10-04 15:38:36"}
[DBG] {"category": "QUEUE", "component": "queue", "current_version": null, "event": "BEGIN:queue_list_for_pop", "exact": false, "host": "d6b2a058c4be", "max_lag": null, "pid": 157815, "queue": "rollout", "rank": null, "requested": 1, "ts": "2026-10-04 15:38:38"}
[DBG] {"category": "QUEUE", "component": "queue", "event": "watchdog_armed", "host": "d6b2a058c4be", "pid": 157815, "rank": null, "stage": "queue_list_for_pop", "timeout_sec": 30.0, "ts": "2026-10-04 15:38:38"}
[DBG] {"category": "QUEUE", "component": "queue", "elapsed_sec": 0.002187, "event": "END:queue_list_for_pop", "host": "d6b2a058c4be", "pid": 157815, "rank": null, "ts": "2026-10-04 15:38:38"}
[DBG] {"available": 9, "category": "QUEUE", "component": "queue", "event": "pop_scan", "exact": false, "host": "d6b2a058c4be", "pid": 157815, "queue": "rollout", "rank": null, "requested": 1, "selected": 1, "selected_keys": ["smoke01:rollout:42548b99e0eb47029aeb128dd3aa55d8"], "stale": 0, "stale_keys": [], "ts": "2026-10-04 15:38:38"}
[DBG] {"category": "QUEUE", "component": "queue", "event": "BEGIN:queue_get", "host": "d6b2a058c4be", "key": "smoke01:rollout:42548b99e0eb47029aeb128dd3aa55d8", "pid": 157815, "queue": "rollout", "rank": null, "ts": "2026-10-04 15:38:38"}
[DBG] {"category": "QUEUE", "component": "queue", "event": "watchdog_armed", "host": "d6b2a058c4be", "pid": 157815, "rank": null, "stage": "queue_get", "timeout_sec": 30.0, "ts": "2026-10-04 15:38:38"}
[DBG] {"category": "QUEUE", "component": "queue", "elapsed_sec": 0.018338, "event": "END:queue_get", "host": "d6b2a058c4be", "pid": 157815, "rank": null, "ts": "2026-10-04 15:38:38"}
[DBG] {"category": "QUEUE", "component": "queue", "event": "queue_item_decoded", "host": "d6b2a058c4be", "item_id": "42548b99e0eb47029aeb128dd3aa55d8", "key": "smoke01:rollout:42548b99e0eb47029aeb128dd3aa55d8", "pid": 157815, "policy_version": 0, "queue": "rollout", "rank": null, "ts": "2026-10-04 15:38:38"}
[DBG] {"category": "QUEUE", "component": "queue", "count": 1, "event": "BEGIN:clear_popped", "host": "d6b2a058c4be", "pid": 157815, "queue": "rollout", "rank": null, "ts": "2026-10-04 15:38:38"}
[DBG] {"category": "QUEUE", "component": "queue", "event": "watchdog_armed", "host": "d6b2a058c4be", "pid": 157815, "rank": null, "stage": "clear_popped", "timeout_sec": 30.0, "ts": "2026-10-04 15:38:38"}
[DBG] {"category": "QUEUE", "component": "queue", "elapsed_sec": 0.007724, "event": "END:clear_popped", "host": "d6b2a058c4be", "pid": 157815, "rank": null, "ts": "2026-10-04 15:38:38"}
[DBG] {"category": "QUEUE", "component": "queue", "event": "pop_done", "host": "d6b2a058c4be", "item_ids": ["42548b99e0eb47029aeb128dd3aa55d8"], "pid": 157815, "queue": "rollout", "rank": null, "remaining": 8, "returned": 1, "stale": 0, "ts": "2026-10-04 15:38:38"}
[DBG] {"category": "QUEUE", "component": "queue", "event": "size_changed", "host": "d6b2a058c4be", "pid": 157815, "queue": "rollout", "rank": null, "size": 8, "ts": "2026-10-04 15:38:38"}
[DBG] {"category": "QUEUE", "component": "queue", "event": "put_prepare", "host": "d6b2a058c4be", "item_id": "42548b99e0eb47029aeb128dd3aa55d8", "partition": "smoke01:preference", "payload_bytes": 1625, "pid": 157815, "policy_version": 0, "queue": "preference", "rank": null, "ts": "2026-10-04 15:38:42"}
[DBG] {"category": "QUEUE", "component": "queue", "event": "BEGIN:queue_put", "host": "d6b2a058c4be", "item_id": "42548b99e0eb47029aeb128dd3aa55d8", "pid": 157815, "queue": "preference", "rank": null, "ts": "2026-10-04 15:38:42"}
[DBG] {"category": "QUEUE", "component": "queue", "event": "watchdog_armed", "host": "d6b2a058c4be", "pid": 157815, "rank": null, "stage": "queue_put", "timeout_sec": 30.0, "ts": "2026-10-04 15:38:42"}
[DBG] {"category": "QUEUE", "component": "queue", "elapsed_sec": 0.016525, "event": "END:queue_put", "host": "d6b2a058c4be", "pid": 157815, "rank": null, "ts": "2026-10-04 15:38:42"}
[DBG] {"category": "QUEUE", "component": "queue", "event": "put_done", "host": "d6b2a058c4be", "key": "smoke01:preference:42548b99e0eb47029aeb128dd3aa55d8", "pid": 157815, "policy_version": 0, "queue": "preference", "rank": null, "ts": "2026-10-04 15:38:42"}
[DBG] {"category": "QUEUE", "component": "queue", "event": "size_changed", "host": "d6b2a058c4be", "pid": 157815, "queue": "preference", "rank": null, "size": 2, "ts": "2026-10-04 15:38:42"}
[DBG] {"category": "QUEUE", "component": "queue", "current_version": null, "event": "BEGIN:queue_list_for_pop", "exact": false, "host": "d6b2a058c4be", "max_lag": null, "pid": 157815, "queue": "rollout", "rank": null, "requested": 1, "ts": "2026-10-04 15:38:44"}
[DBG] {"category": "QUEUE", "component": "queue", "event": "watchdog_armed", "host": "d6b2a058c4be", "pid": 157815, "rank": null, "stage": "queue_list_for_pop", "timeout_sec": 30.0, "ts": "2026-10-04 15:38:44"}
[DBG] {"category": "QUEUE", "component": "queue", "elapsed_sec": 0.00178, "event": "END:queue_list_for_pop", "host": "d6b2a058c4be", "pid": 157815, "rank": null, "ts": "2026-10-04 15:38:44"}
[DBG] {"available": 8, "category": "QUEUE", "component": "queue", "event": "pop_scan", "exact": false, "host": "d6b2a058c4be", "pid": 157815, "queue": "rollout", "rank": null, "requested": 1, "selected": 1, "selected_keys": ["smoke01:rollout:498c745a9a954e7991efbf77783548e4"], "stale": 0, "stale_keys": [], "ts": "2026-10-04 15:38:44"}
[DBG] {"category": "QUEUE", "component": "queue", "event": "BEGIN:queue_get", "host": "d6b2a058c4be", "key": "smoke01:rollout:498c745a9a954e7991efbf77783548e4", "pid": 157815, "queue": "rollout", "rank": null, "ts": "2026-10-04 15:38:44"}
[DBG] {"category": "QUEUE", "component": "queue", "event": "watchdog_armed", "host": "d6b2a058c4be", "pid": 157815, "rank": null, "stage": "queue_get", "timeout_sec": 30.0, "ts": "2026-10-04 15:38:44"}
[DBG] {"category": "QUEUE", "component": "queue", "elapsed_sec": 0.017517, "event": "END:queue_get", "host": "d6b2a058c4be", "pid": 157815, "rank": null, "ts": "2026-10-04 15:38:44"}
[DBG] {"category": "QUEUE", "component": "queue", "event": "queue_item_decoded", "host": "d6b2a058c4be", "item_id": "498c745a9a954e7991efbf77783548e4", "key": "smoke01:rollout:498c745a9a954e7991efbf77783548e4", "pid": 157815, "policy_version": 0, "queue": "rollout", "rank": null, "ts": "2026-10-04 15:38:44"}
[DBG] {"category": "QUEUE", "component": "queue", "count": 1, "event": "BEGIN:clear_popped", "host": "d6b2a058c4be", "pid": 157815, "queue": "rollout", "rank": null, "ts": "2026-10-04 15:38:44"}
[DBG] {"category": "QUEUE", "component": "queue", "event": "watchdog_armed", "host": "d6b2a058c4be", "pid": 157815, "rank": null, "stage": "clear_popped", "timeout_sec": 30.0, "ts": "2026-10-04 15:38:44"}
[DBG] {"category": "QUEUE", "component": "queue", "elapsed_sec": 0.016195, "event": "END:clear_popped", "host": "d6b2a058c4be", "pid": 157815, "rank": null, "ts": "2026-10-04 15:38:44"}
[DBG] {"category": "QUEUE", "component": "queue", "event": "pop_done", "host": "d6b2a058c4be", "item_ids": ["498c745a9a954e7991efbf77783548e4"], "pid": 157815, "queue": "rollout", "rank": null, "remaining": 7, "returned": 1, "stale": 0, "ts": "2026-10-04 15:38:44"}
[DBG] {"category": "QUEUE", "component": "queue", "event": "size_changed", "host": "d6b2a058c4be", "pid": 157815, "queue": "rollout", "rank": null, "size": 7, "ts": "2026-10-04 15:38:44"}
[DBG] {"category": "QUEUE", "component": "queue", "event": "put_prepare", "host": "d6b2a058c4be", "item_id": "d75d9e7fa53641a3936d0b9387fb9ab7", "partition": "smoke01:rollout", "payload_bytes": 2411, "pid": 157815, "policy_version": 0, "queue": "rollout", "rank": null, "ts": "2026-10-04 15:38:45"}
[DBG] {"category": "QUEUE", "component": "queue", "event": "BEGIN:queue_put", "host": "d6b2a058c4be", "item_id": "d75d9e7fa53641a3936d0b9387fb9ab7", "pid": 157815, "queue": "rollout", "rank": null, "ts": "2026-10-04 15:38:45"}
[DBG] {"category": "QUEUE", "component": "queue", "event": "watchdog_armed", "host": "d6b2a058c4be", "pid": 157815, "rank": null, "stage": "queue_put", "timeout_sec": 30.0, "ts": "2026-10-04 15:38:45"}
[DBG] {"category": "QUEUE", "component": "queue", "elapsed_sec": 0.023454, "event": "END:queue_put", "host": "d6b2a058c4be", "pid": 157815, "rank": null, "ts": "2026-10-04 15:38:45"}
[DBG] {"category": "QUEUE", "component": "queue", "event": "put_done", "host": "d6b2a058c4be", "key": "smoke01:rollout:d75d9e7fa53641a3936d0b9387fb9ab7", "pid": 157815, "policy_version": 0, "queue": "rollout", "rank": null, "ts": "2026-10-04 15:38:45"}
[DBG] {"category": "QUEUE", "component": "queue", "event": "put_prepare", "host": "d6b2a058c4be", "item_id": "7ff3e14c8f0e47079f101879751ad9de", "partition": "smoke01:rollout", "payload_bytes": 2589, "pid": 157815, "policy_version": 0, "queue": "rollout", "rank": null, "ts": "2026-10-04 15:38:45"}
[DBG] {"category": "QUEUE", "component": "queue", "event": "BEGIN:queue_put", "host": "d6b2a058c4be", "item_id": "7ff3e14c8f0e47079f101879751ad9de", "pid": 157815, "queue": "rollout", "rank": null, "ts": "2026-10-04 15:38:45"}
[DBG] {"category": "QUEUE", "component": "queue", "event": "watchdog_armed", "host": "d6b2a058c4be", "pid": 157815, "rank": null, "stage": "queue_put", "timeout_sec": 30.0, "ts": "2026-10-04 15:38:45"}
[DBG] {"category": "QUEUE", "component": "queue", "elapsed_sec": 0.021554, "event": "END:queue_put", "host": "d6b2a058c4be", "pid": 157815, "rank": null, "ts": "2026-10-04 15:38:45"}
[DBG] {"category": "QUEUE", "component": "queue", "event": "put_done", "host": "d6b2a058c4be", "key": "smoke01:rollout:7ff3e14c8f0e47079f101879751ad9de", "pid": 157815, "policy_version": 0, "queue": "rollout", "rank": null, "ts": "2026-10-04 15:38:45"}
[DBG] {"category": "QUEUE", "component": "queue", "event": "size_changed", "host": "d6b2a058c4be", "pid": 157815, "queue": "rollout", "rank": null, "size": 9, "ts": "2026-10-04 15:38:45"}
[DBG] {"category": "QUEUE", "component": "queue", "event": "put_prepare", "host": "d6b2a058c4be", "item_id": "498c745a9a954e7991efbf77783548e4", "partition": "smoke01:preference", "payload_bytes": 1641, "pid": 157815, "policy_version": 0, "queue": "preference", "rank": null, "ts": "2026-10-04 15:38:46"}
[DBG] {"category": "QUEUE", "component": "queue", "event": "BEGIN:queue_put", "host": "d6b2a058c4be", "item_id": "498c745a9a954e7991efbf77783548e4", "pid": 157815, "queue": "preference", "rank": null, "ts": "2026-10-04 15:38:46"}
[DBG] {"category": "QUEUE", "component": "queue", "event": "watchdog_armed", "host": "d6b2a058c4be", "pid": 157815, "rank": null, "stage": "queue_put", "timeout_sec": 30.0, "ts": "2026-10-04 15:38:46"}
[DBG] {"category": "QUEUE", "component": "queue", "elapsed_sec": 0.018939, "event": "END:queue_put", "host": "d6b2a058c4be", "pid": 157815, "rank": null, "ts": "2026-10-04 15:38:46"}
[DBG] {"category": "QUEUE", "component": "queue", "event": "put_done", "host": "d6b2a058c4be", "key": "smoke01:preference:498c745a9a954e7991efbf77783548e4", "pid": 157815, "policy_version": 0, "queue": "preference", "rank": null, "ts": "2026-10-04 15:38:46"}
[DBG] {"category": "QUEUE", "component": "queue", "event": "size_changed", "host": "d6b2a058c4be", "pid": 157815, "queue": "preference", "rank": null, "size": 3, "ts": "2026-10-04 15:38:46"}
[DBG] {"category": "QUEUE", "component": "queue", "current_version": 0, "event": "BEGIN:queue_list_for_pop", "exact": true, "host": "d6b2a058c4be", "max_lag": 3, "pid": 157815, "queue": "preference", "rank": null, "requested": 4, "ts": "2026-10-04 15:38:47"}
[DBG] {"category": "QUEUE", "component": "queue", "event": "watchdog_armed", "host": "d6b2a058c4be", "pid": 157815, "rank": null, "stage": "queue_list_for_pop", "timeout_sec": 30.0, "ts": "2026-10-04 15:38:47"}
[DBG] {"category": "QUEUE", "component": "queue", "elapsed_sec": 0.001545, "event": "END:queue_list_for_pop", "host": "d6b2a058c4be", "pid": 157815, "rank": null, "ts": "2026-10-04 15:38:47"}
[DBG] {"available": 3, "category": "QUEUE", "component": "queue", "event": "pop_scan", "exact": true, "host": "d6b2a058c4be", "pid": 157815, "queue": "preference", "rank": null, "requested": 4, "selected": 3, "selected_keys": ["smoke01:preference:f87249f58e4742c98a4b6d66dedb0b81", "smoke01:preference:42548b99e0eb47029aeb128dd3aa55d8", "smoke01:preference:498c745a9a954e7991efbf77783548e4"], "stale": 0, "stale_keys": [], "ts": "2026-10-04 15:38:47"}
[DBG] {"available": 3, "category": "QUEUE", "component": "queue", "event": "pop_not_enough", "host": "d6b2a058c4be", "pid": 157815, "queue": "preference", "rank": null, "requested": 4, "ts": "2026-10-04 15:38:47"}
[DBG] {"category": "QUEUE", "component": "queue", "current_version": 0, "event": "BEGIN:queue_list_for_pop", "exact": true, "host": "d6b2a058c4be", "max_lag": 3, "pid": 157815, "queue": "preference", "rank": null, "requested": 4, "ts": "2026-10-04 15:38:48"}
[DBG] {"category": "QUEUE", "component": "queue", "event": "watchdog_armed", "host": "d6b2a058c4be", "pid": 157815, "rank": null, "stage": "queue_list_for_pop", "timeout_sec": 30.0, "ts": "2026-10-04 15:38:48"}
[DBG] {"category": "QUEUE", "component": "queue", "elapsed_sec": 0.00116, "event": "END:queue_list_for_pop", "host": "d6b2a058c4be", "pid": 157815, "rank": null, "ts": "2026-10-04 15:38:48"}
[DBG] {"available": 3, "category": "QUEUE", "component": "queue", "event": "pop_scan", "exact": true, "host": "d6b2a058c4be", "pid": 157815, "queue": "preference", "rank": null, "requested": 4, "selected": 3, "selected_keys": ["smoke01:preference:f87249f58e4742c98a4b6d66dedb0b81", "smoke01:preference:42548b99e0eb47029aeb128dd3aa55d8", "smoke01:preference:498c745a9a954e7991efbf77783548e4"], "stale": 0, "stale_keys": [], "ts": "2026-10-04 15:38:48"}
[DBG] {"available": 3, "category": "QUEUE", "component": "queue", "event": "pop_not_enough", "host": "d6b2a058c4be", "pid": 157815, "queue": "preference", "rank": null, "requested": 4, "ts": "2026-10-04 15:38:48"}
[DBG] {"category": "QUEUE", "component": "queue", "current_version": null, "event": "BEGIN:queue_list_for_pop", "exact": false, "host": "d6b2a058c4be", "max_lag": null, "pid": 157815, "queue": "rollout", "rank": null, "requested": 1, "ts": "2026-10-04 15:38:48"}
[DBG] {"category": "QUEUE", "component": "queue", "event": "watchdog_armed", "host": "d6b2a058c4be", "pid": 157815, "rank": null, "stage": "queue_list_for_pop", "timeout_sec": 30.0, "ts": "2026-10-04 15:38:48"}
[DBG] {"category": "QUEUE", "component": "queue", "elapsed_sec": 0.002257, "event": "END:queue_list_for_pop", "host": "d6b2a058c4be", "pid": 157815, "rank": null, "ts": "2026-10-04 15:38:48"}
[DBG] {"available": 9, "category": "QUEUE", "component": "queue", "event": "pop_scan", "exact": false, "host": "d6b2a058c4be", "pid": 157815, "queue": "rollout", "rank": null, "requested": 1, "selected": 1, "selected_keys": ["smoke01:rollout:4819fb72edd94e0eb73933b8c58e5613"], "stale": 0, "stale_keys": [], "ts": "2026-10-04 15:38:48"}
[DBG] {"category": "QUEUE", "component": "queue", "event": "BEGIN:queue_get", "host": "d6b2a058c4be", "key": "smoke01:rollout:4819fb72edd94e0eb73933b8c58e5613", "pid": 157815, "queue": "rollout", "rank": null, "ts": "2026-10-04 15:38:48"}
[DBG] {"category": "QUEUE", "component": "queue", "event": "watchdog_armed", "host": "d6b2a058c4be", "pid": 157815, "rank": null, "stage": "queue_get", "timeout_sec": 30.0, "ts": "2026-10-04 15:38:48"}
[DBG] {"category": "QUEUE", "component": "queue", "elapsed_sec": 0.030049, "event": "END:queue_get", "host": "d6b2a058c4be", "pid": 157815, "rank": null, "ts": "2026-10-04 15:38:48"}
[DBG] {"category": "QUEUE", "component": "queue", "event": "queue_item_decoded", "host": "d6b2a058c4be", "item_id": "4819fb72edd94e0eb73933b8c58e5613", "key": "smoke01:rollout:4819fb72edd94e0eb73933b8c58e5613", "pid": 157815, "policy_version": 0, "queue": "rollout", "rank": null, "ts": "2026-10-04 15:38:48"}
[DBG] {"category": "QUEUE", "component": "queue", "count": 1, "event": "BEGIN:clear_popped", "host": "d6b2a058c4be", "pid": 157815, "queue": "rollout", "rank": null, "ts": "2026-10-04 15:38:48"}
[DBG] {"category": "QUEUE", "component": "queue", "event": "watchdog_armed", "host": "d6b2a058c4be", "pid": 157815, "rank": null, "stage": "clear_popped", "timeout_sec": 30.0, "ts": "2026-10-04 15:38:48"}
[DBG] {"category": "QUEUE", "component": "queue", "elapsed_sec": 0.014014, "event": "END:clear_popped", "host": "d6b2a058c4be", "pid": 157815, "rank": null, "ts": "2026-10-04 15:38:48"}
[DBG] {"category": "QUEUE", "component": "queue", "event": "pop_done", "host": "d6b2a058c4be", "item_ids": ["4819fb72edd94e0eb73933b8c58e5613"], "pid": 157815, "queue": "rollout", "rank": null, "remaining": 8, "returned": 1, "stale": 0, "ts": "2026-10-04 15:38:48"}
[DBG] {"category": "QUEUE", "component": "queue", "event": "size_changed", "host": "d6b2a058c4be", "pid": 157815, "queue": "rollout", "rank": null, "size": 8, "ts": "2026-10-04 15:38:48"}
[DBG] {"category": "QUEUE", "component": "queue", "current_version": 0, "event": "BEGIN:queue_list_for_pop", "exact": true, "host": "d6b2a058c4be", "max_lag": 3, "pid": 157815, "queue": "preference", "rank": null, "requested": 4, "ts": "2026-10-04 15:38:49"}
[DBG] {"category": "QUEUE", "component": "queue", "event": "watchdog_armed", "host": "d6b2a058c4be", "pid": 157815, "rank": null, "stage": "queue_list_for_pop", "timeout_sec": 30.0, "ts": "2026-10-04 15:38:49"}
[DBG] {"category": "QUEUE", "component": "queue", "elapsed_sec": 0.001679, "event": "END:queue_list_for_pop", "host": "d6b2a058c4be", "pid": 157815, "rank": null, "ts": "2026-10-04 15:38:49"}
[DBG] {"available": 3, "category": "QUEUE", "component": "queue", "event": "pop_scan", "exact": true, "host": "d6b2a058c4be", "pid": 157815, "queue": "preference", "rank": null, "requested": 4, "selected": 3, "selected_keys": ["smoke01:preference:f87249f58e4742c98a4b6d66dedb0b81", "smoke01:preference:42548b99e0eb47029aeb128dd3aa55d8", "smoke01:preference:498c745a9a954e7991efbf77783548e4"], "stale": 0, "stale_keys": [], "ts": "2026-10-04 15:38:49"}
[DBG] {"available": 3, "category": "QUEUE", "component": "queue", "event": "pop_not_enough", "host": "d6b2a058c4be", "pid": 157815, "queue": "preference", "rank": null, "requested": 4, "ts": "2026-10-04 15:38:49"}
[DBG] {"category": "QUEUE", "component": "queue", "current_version": 0, "event": "BEGIN:queue_list_for_pop", "exact": true, "host": "d6b2a058c4be", "max_lag": 3, "pid": 157815, "queue": "preference", "rank": null, "requested": 4, "ts": "2026-10-04 15:38:49"}
[DBG] {"category": "QUEUE", "component": "queue", "event": "watchdog_armed", "host": "d6b2a058c4be", "pid": 157815, "rank": null, "stage": "queue_list_for_pop", "timeout_sec": 30.0, "ts": "2026-10-04 15:38:49"}
[DBG] {"category": "QUEUE", "component": "queue", "elapsed_sec": 0.000808, "event": "END:queue_list_for_pop", "host": "d6b2a058c4be", "pid": 157815, "rank": null, "ts": "2026-10-04 15:38:49"}
[DBG] {"available": 3, "category": "QUEUE", "component": "queue", "event": "pop_scan", "exact": true, "host": "d6b2a058c4be", "pid": 157815, "queue": "preference", "rank": null, "requested": 4, "selected": 3, "selected_keys": ["smoke01:preference:f87249f58e4742c98a4b6d66dedb0b81", "smoke01:preference:42548b99e0eb47029aeb128dd3aa55d8", "smoke01:preference:498c745a9a954e7991efbf77783548e4"], "stale": 0, "stale_keys": [], "ts": "2026-10-04 15:38:49"}
[DBG] {"available": 3, "category": "QUEUE", "component": "queue", "event": "pop_not_enough", "host": "d6b2a058c4be", "pid": 157815, "queue": "preference", "rank": null, "requested": 4, "ts": "2026-10-04 15:38:49"}
[DBG] {"category": "QUEUE", "component": "queue", "current_version": 0, "event": "BEGIN:queue_list_for_pop", "exact": true, "host": "d6b2a058c4be", "max_lag": 3, "pid": 157815, "queue": "preference", "rank": null, "requested": 4, "ts": "2026-10-04 15:38:50"}
[DBG] {"category": "QUEUE", "component": "queue", "event": "watchdog_armed", "host": "d6b2a058c4be", "pid": 157815, "rank": null, "stage": "queue_list_for_pop", "timeout_sec": 30.0, "ts": "2026-10-04 15:38:50"}
[DBG] {"category": "QUEUE", "component": "queue", "elapsed_sec": 0.001263, "event": "END:queue_list_for_pop", "host": "d6b2a058c4be", "pid": 157815, "rank": null, "ts": "2026-10-04 15:38:50"}
[DBG] {"available": 3, "category": "QUEUE", "component": "queue", "event": "pop_scan", "exact": true, "host": "d6b2a058c4be", "pid": 157815, "queue": "preference", "rank": null, "requested": 4, "selected": 3, "selected_keys": ["smoke01:preference:f87249f58e4742c98a4b6d66dedb0b81", "smoke01:preference:42548b99e0eb47029aeb128dd3aa55d8", "smoke01:preference:498c745a9a954e7991efbf77783548e4"], "stale": 0, "stale_keys": [], "ts": "2026-10-04 15:38:50"}
[DBG] {"available": 3, "category": "QUEUE", "component": "queue", "event": "pop_not_enough", "host": "d6b2a058c4be", "pid": 157815, "queue": "preference", "rank": null, "requested": 4, "ts": "2026-10-04 15:38:50"}
[DBG] {"category": "QUEUE", "component": "queue", "event": "put_prepare", "host": "d6b2a058c4be", "item_id": "4819fb72edd94e0eb73933b8c58e5613", "partition": "smoke01:preference", "payload_bytes": 1363, "pid": 157815, "policy_version": 0, "queue": "preference", "rank": null, "ts": "2026-10-04 15:38:50"}
[DBG] {"category": "QUEUE", "component": "queue", "event": "BEGIN:queue_put", "host": "d6b2a058c4be", "item_id": "4819fb72edd94e0eb73933b8c58e5613", "pid": 157815, "queue": "preference", "rank": null, "ts": "2026-10-04 15:38:50"}
[DBG] {"category": "QUEUE", "component": "queue", "event": "watchdog_armed", "host": "d6b2a058c4be", "pid": 157815, "rank": null, "stage": "queue_put", "timeout_sec": 30.0, "ts": "2026-10-04 15:38:50"}
[DBG] {"category": "QUEUE", "component": "queue", "elapsed_sec": 0.010535, "event": "END:queue_put", "host": "d6b2a058c4be", "pid": 157815, "rank": null, "ts": "2026-10-04 15:38:50"}
[DBG] {"category": "QUEUE", "component": "queue", "event": "put_done", "host": "d6b2a058c4be", "key": "smoke01:preference:4819fb72edd94e0eb73933b8c58e5613", "pid": 157815, "policy_version": 0, "queue": "preference", "rank": null, "ts": "2026-10-04 15:38:50"}
[DBG] {"category": "QUEUE", "component": "queue", "event": "size_changed", "host": "d6b2a058c4be", "pid": 157815, "queue": "preference", "rank": null, "size": 4, "ts": "2026-10-04 15:38:50"}
[DBG] {"category": "QUEUE", "component": "queue", "current_version": 0, "event": "BEGIN:queue_list_for_pop", "exact": true, "host": "d6b2a058c4be", "max_lag": 3, "pid": 157815, "queue": "preference", "rank": null, "requested": 4, "ts": "2026-10-04 15:38:50"}
[DBG] {"category": "QUEUE", "component": "queue", "event": "watchdog_armed", "host": "d6b2a058c4be", "pid": 157815, "rank": null, "stage": "queue_list_for_pop", "timeout_sec": 30.0, "ts": "2026-10-04 15:38:50"}
[DBG] {"category": "QUEUE", "component": "queue", "elapsed_sec": 0.000738, "event": "END:queue_list_for_pop", "host": "d6b2a058c4be", "pid": 157815, "rank": null, "ts": "2026-10-04 15:38:50"}
[DBG] {"available": 4, "category": "QUEUE", "component": "queue", "event": "pop_scan", "exact": true, "host": "d6b2a058c4be", "pid": 157815, "queue": "preference", "rank": null, "requested": 4, "selected": 4, "selected_keys": ["smoke01:preference:f87249f58e4742c98a4b6d66dedb0b81", "smoke01:preference:42548b99e0eb47029aeb128dd3aa55d8", "smoke01:preference:498c745a9a954e7991efbf77783548e4", "smoke01:preference:4819fb72edd94e0eb73933b8c58e5613"], "stale": 0, "stale_keys": [], "ts": "2026-10-04 15:38:50"}
[DBG] {"category": "QUEUE", "component": "queue", "event": "BEGIN:queue_get", "host": "d6b2a058c4be", "key": "smoke01:preference:f87249f58e4742c98a4b6d66dedb0b81", "pid": 157815, "queue": "preference", "rank": null, "ts": "2026-10-04 15:38:50"}
[DBG] {"category": "QUEUE", "component": "queue", "event": "watchdog_armed", "host": "d6b2a058c4be", "pid": 157815, "rank": null, "stage": "queue_get", "timeout_sec": 30.0, "ts": "2026-10-04 15:38:50"}
[DBG] {"category": "QUEUE", "component": "queue", "elapsed_sec": 0.010091, "event": "END:queue_get", "host": "d6b2a058c4be", "pid": 157815, "rank": null, "ts": "2026-10-04 15:38:50"}
[DBG] {"category": "QUEUE", "component": "queue", "event": "queue_item_decoded", "host": "d6b2a058c4be", "item_id": "f87249f58e4742c98a4b6d66dedb0b81", "key": "smoke01:preference:f87249f58e4742c98a4b6d66dedb0b81", "pid": 157815, "policy_version": 0, "queue": "preference", "rank": null, "ts": "2026-10-04 15:38:50"}
[DBG] {"category": "QUEUE", "component": "queue", "event": "BEGIN:queue_get", "host": "d6b2a058c4be", "key": "smoke01:preference:42548b99e0eb47029aeb128dd3aa55d8", "pid": 157815, "queue": "preference", "rank": null, "ts": "2026-10-04 15:38:50"}
[DBG] {"category": "QUEUE", "component": "queue", "event": "watchdog_armed", "host": "d6b2a058c4be", "pid": 157815, "rank": null, "stage": "queue_get", "timeout_sec": 30.0, "ts": "2026-10-04 15:38:50"}
[DBG] {"category": "QUEUE", "component": "queue", "elapsed_sec": 0.016656, "event": "END:queue_get", "host": "d6b2a058c4be", "pid": 157815, "rank": null, "ts": "2026-10-04 15:38:50"}
[DBG] {"category": "QUEUE", "component": "queue", "event": "queue_item_decoded", "host": "d6b2a058c4be", "item_id": "42548b99e0eb47029aeb128dd3aa55d8", "key": "smoke01:preference:42548b99e0eb47029aeb128dd3aa55d8", "pid": 157815, "policy_version": 0, "queue": "preference", "rank": null, "ts": "2026-10-04 15:38:50"}
[DBG] {"category": "QUEUE", "component": "queue", "event": "BEGIN:queue_get", "host": "d6b2a058c4be", "key": "smoke01:preference:498c745a9a954e7991efbf77783548e4", "pid": 157815, "queue": "preference", "rank": null, "ts": "2026-10-04 15:38:50"}
[DBG] {"category": "QUEUE", "component": "queue", "event": "watchdog_armed", "host": "d6b2a058c4be", "pid": 157815, "rank": null, "stage": "queue_get", "timeout_sec": 30.0, "ts": "2026-10-04 15:38:50"}
[DBG] {"category": "QUEUE", "component": "queue", "elapsed_sec": 0.016291, "event": "END:queue_get", "host": "d6b2a058c4be", "pid": 157815, "rank": null, "ts": "2026-10-04 15:38:50"}
[DBG] {"category": "QUEUE", "component": "queue", "event": "queue_item_decoded", "host": "d6b2a058c4be", "item_id": "498c745a9a954e7991efbf77783548e4", "key": "smoke01:preference:498c745a9a954e7991efbf77783548e4", "pid": 157815, "policy_version": 0, "queue": "preference", "rank": null, "ts": "2026-10-04 15:38:50"}
[DBG] {"category": "QUEUE", "component": "queue", "event": "BEGIN:queue_get", "host": "d6b2a058c4be", "key": "smoke01:preference:4819fb72edd94e0eb73933b8c58e5613", "pid": 157815, "queue": "preference", "rank": null, "ts": "2026-10-04 15:38:50"}
[DBG] {"category": "QUEUE", "component": "queue", "event": "watchdog_armed", "host": "d6b2a058c4be", "pid": 157815, "rank": null, "stage": "queue_get", "timeout_sec": 30.0, "ts": "2026-10-04 15:38:50"}
[DBG] {"category": "QUEUE", "component": "queue", "elapsed_sec": 0.016792, "event": "END:queue_get", "host": "d6b2a058c4be", "pid": 157815, "rank": null, "ts": "2026-10-04 15:38:50"}
[DBG] {"category": "QUEUE", "component": "queue", "event": "queue_item_decoded", "host": "d6b2a058c4be", "item_id": "4819fb72edd94e0eb73933b8c58e5613", "key": "smoke01:preference:4819fb72edd94e0eb73933b8c58e5613", "pid": 157815, "policy_version": 0, "queue": "preference", "rank": null, "ts": "2026-10-04 15:38:50"}
[DBG] {"category": "QUEUE", "component": "queue", "count": 4, "event": "BEGIN:clear_popped", "host": "d6b2a058c4be", "pid": 157815, "queue": "preference", "rank": null, "ts": "2026-10-04 15:38:50"}
[DBG] {"category": "QUEUE", "component": "queue", "event": "watchdog_armed", "host": "d6b2a058c4be", "pid": 157815, "rank": null, "stage": "clear_popped", "timeout_sec": 30.0, "ts": "2026-10-04 15:38:50"}
[DBG] {"category": "QUEUE", "component": "queue", "elapsed_sec": 0.008597, "event": "END:clear_popped", "host": "d6b2a058c4be", "pid": 157815, "rank": null, "ts": "2026-10-04 15:38:50"}
[DBG] {"category": "QUEUE", "component": "queue", "event": "pop_done", "host": "d6b2a058c4be", "item_ids": ["f87249f58e4742c98a4b6d66dedb0b81", "42548b99e0eb47029aeb128dd3aa55d8", "498c745a9a954e7991efbf77783548e4", "4819fb72edd94e0eb73933b8c58e5613"], "pid": 157815, "queue": "preference", "rank": null, "remaining": 0, "returned": 4, "stale": 0, "ts": "2026-10-04 15:38:50"}
[DBG] {"category": "QUEUE", "component": "queue", "current_version": null, "event": "BEGIN:queue_list_for_pop", "exact": false, "host": "d6b2a058c4be", "max_lag": null, "pid": 157815, "queue": "rollout", "rank": null, "requested": 1, "ts": "2026-10-04 15:38:52"}
[DBG] {"category": "QUEUE", "component": "queue", "event": "watchdog_armed", "host": "d6b2a058c4be", "pid": 157815, "rank": null, "stage": "queue_list_for_pop", "timeout_sec": 30.0, "ts": "2026-10-04 15:38:52"}
[DBG] {"category": "QUEUE", "component": "queue", "elapsed_sec": 0.001949, "event": "END:queue_list_for_pop", "host": "d6b2a058c4be", "pid": 157815, "rank": null, "ts": "2026-10-04 15:38:52"}
[DBG] {"available": 8, "category": "QUEUE", "component": "queue", "event": "pop_scan", "exact": false, "host": "d6b2a058c4be", "pid": 157815, "queue": "rollout", "rank": null, "requested": 1, "selected": 1, "selected_keys": ["smoke01:rollout:41f29b92055147a887021919bb967a9c"], "stale": 0, "stale_keys": [], "ts": "2026-10-04 15:38:52"}
[DBG] {"category": "QUEUE", "component": "queue", "event": "BEGIN:queue_get", "host": "d6b2a058c4be", "key": "smoke01:rollout:41f29b92055147a887021919bb967a9c", "pid": 157815, "queue": "rollout", "rank": null, "ts": "2026-10-04 15:38:52"}
[DBG] {"category": "QUEUE", "component": "queue", "event": "watchdog_armed", "host": "d6b2a058c4be", "pid": 157815, "rank": null, "stage": "queue_get", "timeout_sec": 30.0, "ts": "2026-10-04 15:38:52"}
[DBG] {"category": "QUEUE", "component": "queue", "elapsed_sec": 0.025571, "event": "END:queue_get", "host": "d6b2a058c4be", "pid": 157815, "rank": null, "ts": "2026-10-04 15:38:52"}
[DBG] {"category": "QUEUE", "component": "queue", "event": "queue_item_decoded", "host": "d6b2a058c4be", "item_id": "41f29b92055147a887021919bb967a9c", "key": "smoke01:rollout:41f29b92055147a887021919bb967a9c", "pid": 157815, "policy_version": 0, "queue": "rollout", "rank": null, "ts": "2026-10-04 15:38:52"}
[DBG] {"category": "QUEUE", "component": "queue", "count": 1, "event": "BEGIN:clear_popped", "host": "d6b2a058c4be", "pid": 157815, "queue": "rollout", "rank": null, "ts": "2026-10-04 15:38:52"}
[DBG] {"category": "QUEUE", "component": "queue", "event": "watchdog_armed", "host": "d6b2a058c4be", "pid": 157815, "rank": null, "stage": "clear_popped", "timeout_sec": 30.0, "ts": "2026-10-04 15:38:52"}
[DBG] {"category": "QUEUE", "component": "queue", "elapsed_sec": 0.015257, "event": "END:clear_popped", "host": "d6b2a058c4be", "pid": 157815, "rank": null, "ts": "2026-10-04 15:38:52"}
[DBG] {"category": "QUEUE", "component": "queue", "event": "pop_done", "host": "d6b2a058c4be", "item_ids": ["41f29b92055147a887021919bb967a9c"], "pid": 157815, "queue": "rollout", "rank": null, "remaining": 7, "returned": 1, "stale": 0, "ts": "2026-10-04 15:38:52"}
[DBG] {"category": "QUEUE", "component": "queue", "event": "size_changed", "host": "d6b2a058c4be", "pid": 157815, "queue": "rollout", "rank": null, "size": 7, "ts": "2026-10-04 15:38:52"}
[DBG] {"category": "QUEUE", "component": "queue", "event": "put_prepare", "host": "d6b2a058c4be", "item_id": "41c3c30c94d441b5a6709751848ad8dd", "partition": "smoke01:rollout", "payload_bytes": 2813, "pid": 157815, "policy_version": 0, "queue": "rollout", "rank": null, "ts": "2026-10-04 15:38:52"}
[DBG] {"category": "QUEUE", "component": "queue", "event": "BEGIN:queue_put", "host": "d6b2a058c4be", "item_id": "41c3c30c94d441b5a6709751848ad8dd", "pid": 157815, "queue": "rollout", "rank": null, "ts": "2026-10-04 15:38:52"}
[DBG] {"category": "QUEUE", "component": "queue", "event": "watchdog_armed", "host": "d6b2a058c4be", "pid": 157815, "rank": null, "stage": "queue_put", "timeout_sec": 30.0, "ts": "2026-10-04 15:38:52"}
[DBG] {"category": "QUEUE", "component": "queue", "elapsed_sec": 0.01894, "event": "END:queue_put", "host": "d6b2a058c4be", "pid": 157815, "rank": null, "ts": "2026-10-04 15:38:52"}
[DBG] {"category": "QUEUE", "component": "queue", "event": "put_done", "host": "d6b2a058c4be", "key": "smoke01:rollout:41c3c30c94d441b5a6709751848ad8dd", "pid": 157815, "policy_version": 0, "queue": "rollout", "rank": null, "ts": "2026-10-04 15:38:52"}
[DBG] {"category": "QUEUE", "component": "queue", "event": "put_prepare", "host": "d6b2a058c4be", "item_id": "ebe79eca77014631b45c6ecf6683c081", "partition": "smoke01:rollout", "payload_bytes": 1491, "pid": 157815, "policy_version": 0, "queue": "rollout", "rank": null, "ts": "2026-10-04 15:38:52"}
[DBG] {"category": "QUEUE", "component": "queue", "event": "BEGIN:queue_put", "host": "d6b2a058c4be", "item_id": "ebe79eca77014631b45c6ecf6683c081", "pid": 157815, "queue": "rollout", "rank": null, "ts": "2026-10-04 15:38:52"}
[DBG] {"category": "QUEUE", "component": "queue", "event": "watchdog_armed", "host": "d6b2a058c4be", "pid": 157815, "rank": null, "stage": "queue_put", "timeout_sec": 30.0, "ts": "2026-10-04 15:38:52"}
[DBG] {"category": "QUEUE", "component": "queue", "elapsed_sec": 0.011997, "event": "END:queue_put", "host": "d6b2a058c4be", "pid": 157815, "rank": null, "ts": "2026-10-04 15:38:52"}
[DBG] {"category": "QUEUE", "component": "queue", "event": "put_done", "host": "d6b2a058c4be", "key": "smoke01:rollout:ebe79eca77014631b45c6ecf6683c081", "pid": 157815, "policy_version": 0, "queue": "rollout", "rank": null, "ts": "2026-10-04 15:38:52"}
[DBG] {"category": "QUEUE", "component": "queue", "event": "size_changed", "host": "d6b2a058c4be", "pid": 157815, "queue": "rollout", "rank": null, "size": 9, "ts": "2026-10-04 15:38:52"}
[DBG] {"category": "QUEUE", "component": "queue", "event": "size_changed", "host": "d6b2a058c4be", "pid": 157815, "queue": "preference", "rank": null, "size": 0, "ts": "2026-10-04 15:39:04"}
[DBG] {"category": "QUEUE", "component": "queue", "event": "put_prepare", "host": "d6b2a058c4be", "item_id": "41f29b92055147a887021919bb967a9c", "partition": "smoke01:preference", "payload_bytes": 1269, "pid": 157815, "policy_version": 0, "queue": "preference", "rank": null, "ts": "2026-10-04 15:39:04"}
[DBG] {"category": "QUEUE", "component": "queue", "event": "BEGIN:queue_put", "host": "d6b2a058c4be", "item_id": "41f29b92055147a887021919bb967a9c", "pid": 157815, "queue": "preference", "rank": null, "ts": "2026-10-04 15:39:04"}
[DBG] {"category": "QUEUE", "component": "queue", "event": "watchdog_armed", "host": "d6b2a058c4be", "pid": 157815, "rank": null, "stage": "queue_put", "timeout_sec": 30.0, "ts": "2026-10-04 15:39:04"}
[DBG] {"category": "QUEUE", "component": "queue", "elapsed_sec": 0.013433, "event": "END:queue_put", "host": "d6b2a058c4be", "pid": 157815, "rank": null, "ts": "2026-10-04 15:39:04"}
[DBG] {"category": "QUEUE", "component": "queue", "event": "put_done", "host": "d6b2a058c4be", "key": "smoke01:preference:41f29b92055147a887021919bb967a9c", "pid": 157815, "policy_version": 0, "queue": "preference", "rank": null, "ts": "2026-10-04 15:39:04"}
[DBG] {"category": "QUEUE", "component": "queue", "event": "size_changed", "host": "d6b2a058c4be", "pid": 157815, "queue": "preference", "rank": null, "size": 1, "ts": "2026-10-04 15:39:04"}
[DBG] {"category": "QUEUE", "component": "queue", "current_version": null, "event": "BEGIN:queue_list_for_pop", "exact": false, "host": "d6b2a058c4be", "max_lag": null, "pid": 157815, "queue": "rollout", "rank": null, "requested": 1, "ts": "2026-10-04 15:39:06"}
[DBG] {"category": "QUEUE", "component": "queue", "event": "watchdog_armed", "host": "d6b2a058c4be", "pid": 157815, "rank": null, "stage": "queue_list_for_pop", "timeout_sec": 30.0, "ts": "2026-10-04 15:39:06"}
[DBG] {"category": "QUEUE", "component": "queue", "elapsed_sec": 0.002066, "event": "END:queue_list_for_pop", "host": "d6b2a058c4be", "pid": 157815, "rank": null, "ts": "2026-10-04 15:39:06"}
[DBG] {"available": 9, "category": "QUEUE", "component": "queue", "event": "pop_scan", "exact": false, "host": "d6b2a058c4be", "pid": 157815, "queue": "rollout", "rank": null, "requested": 1, "selected": 1, "selected_keys": ["smoke01:rollout:674ffa1763ae482683be134e70e3b207"], "stale": 0, "stale_keys": [], "ts": "2026-10-04 15:39:06"}
[DBG] {"category": "QUEUE", "component": "queue", "event": "BEGIN:queue_get", "host": "d6b2a058c4be", "key": "smoke01:rollout:674ffa1763ae482683be134e70e3b207", "pid": 157815, "queue": "rollout", "rank": null, "ts": "2026-10-04 15:39:06"}
[DBG] {"category": "QUEUE", "component": "queue", "event": "watchdog_armed", "host": "d6b2a058c4be", "pid": 157815, "rank": null, "stage": "queue_get", "timeout_sec": 30.0, "ts": "2026-10-04 15:39:06"}
[DBG] {"category": "QUEUE", "component": "queue", "elapsed_sec": 0.012888, "event": "END:queue_get", "host": "d6b2a058c4be", "pid": 157815, "rank": null, "ts": "2026-10-04 15:39:06"}
[DBG] {"category": "QUEUE", "component": "queue", "event": "queue_item_decoded", "host": "d6b2a058c4be", "item_id": "674ffa1763ae482683be134e70e3b207", "key": "smoke01:rollout:674ffa1763ae482683be134e70e3b207", "pid": 157815, "policy_version": 0, "queue": "rollout", "rank": null, "ts": "2026-10-04 15:39:06"}
[DBG] {"category": "QUEUE", "component": "queue", "count": 1, "event": "BEGIN:clear_popped", "host": "d6b2a058c4be", "pid": 157815, "queue": "rollout", "rank": null, "ts": "2026-10-04 15:39:06"}
[DBG] {"category": "QUEUE", "component": "queue", "event": "watchdog_armed", "host": "d6b2a058c4be", "pid": 157815, "rank": null, "stage": "clear_popped", "timeout_sec": 30.0, "ts": "2026-10-04 15:39:06"}
[DBG] {"category": "QUEUE", "component": "queue", "elapsed_sec": 0.008424, "event": "END:clear_popped", "host": "d6b2a058c4be", "pid": 157815, "rank": null, "ts": "2026-10-04 15:39:06"}
[DBG] {"category": "QUEUE", "component": "queue", "event": "pop_done", "host": "d6b2a058c4be", "item_ids": ["674ffa1763ae482683be134e70e3b207"], "pid": 157815, "queue": "rollout", "rank": null, "remaining": 8, "returned": 1, "stale": 0, "ts": "2026-10-04 15:39:06"}
[DBG] {"category": "QUEUE", "component": "queue", "event": "size_changed", "host": "d6b2a058c4be", "pid": 157815, "queue": "rollout", "rank": null, "size": 8, "ts": "2026-10-04 15:39:06"}
[DBG] {"category": "QUEUE", "component": "queue", "event": "put_prepare", "host": "d6b2a058c4be", "item_id": "674ffa1763ae482683be134e70e3b207", "partition": "smoke01:preference", "payload_bytes": 1301, "pid": 157815, "policy_version": 0, "queue": "preference", "rank": null, "ts": "2026-10-04 15:39:08"}
[DBG] {"category": "QUEUE", "component": "queue", "event": "BEGIN:queue_put", "host": "d6b2a058c4be", "item_id": "674ffa1763ae482683be134e70e3b207", "pid": 157815, "queue": "preference", "rank": null, "ts": "2026-10-04 15:39:08"}
[DBG] {"category": "QUEUE", "component": "queue", "event": "watchdog_armed", "host": "d6b2a058c4be", "pid": 157815, "rank": null, "stage": "queue_put", "timeout_sec": 30.0, "ts": "2026-10-04 15:39:08"}
[DBG] {"category": "QUEUE", "component": "queue", "elapsed_sec": 0.010967, "event": "END:queue_put", "host": "d6b2a058c4be", "pid": 157815, "rank": null, "ts": "2026-10-04 15:39:08"}
[DBG] {"category": "QUEUE", "component": "queue", "event": "put_done", "host": "d6b2a058c4be", "key": "smoke01:preference:674ffa1763ae482683be134e70e3b207", "pid": 157815, "policy_version": 0, "queue": "preference", "rank": null, "ts": "2026-10-04 15:39:08"}
[DBG] {"category": "QUEUE", "component": "queue", "event": "size_changed", "host": "d6b2a058c4be", "pid": 157815, "queue": "preference", "rank": null, "size": 2, "ts": "2026-10-04 15:39:08"}
[DBG] {"category": "QUEUE", "component": "queue", "current_version": null, "event": "BEGIN:queue_list_for_pop", "exact": false, "host": "d6b2a058c4be", "max_lag": null, "pid": 157815, "queue": "rollout", "rank": null, "requested": 1, "ts": "2026-10-04 15:39:10"}
[DBG] {"category": "QUEUE", "component": "queue", "event": "watchdog_armed", "host": "d6b2a058c4be", "pid": 157815, "rank": null, "stage": "queue_list_for_pop", "timeout_sec": 30.0, "ts": "2026-10-04 15:39:10"}
[DBG] {"category": "QUEUE", "component": "queue", "elapsed_sec": 0.001598, "event": "END:queue_list_for_pop", "host": "d6b2a058c4be", "pid": 157815, "rank": null, "ts": "2026-10-04 15:39:10"}
[DBG] {"available": 8, "category": "QUEUE", "component": "queue", "event": "pop_scan", "exact": false, "host": "d6b2a058c4be", "pid": 157815, "queue": "rollout", "rank": null, "requested": 1, "selected": 1, "selected_keys": ["smoke01:rollout:ef2b1735bd784a0bb45df8419954c61b"], "stale": 0, "stale_keys": [], "ts": "2026-10-04 15:39:10"}
[DBG] {"category": "QUEUE", "component": "queue", "event": "BEGIN:queue_get", "host": "d6b2a058c4be", "key": "smoke01:rollout:ef2b1735bd784a0bb45df8419954c61b", "pid": 157815, "queue": "rollout", "rank": null, "ts": "2026-10-04 15:39:10"}
[DBG] {"category": "QUEUE", "component": "queue", "event": "watchdog_armed", "host": "d6b2a058c4be", "pid": 157815, "rank": null, "stage": "queue_get", "timeout_sec": 30.0, "ts": "2026-10-04 15:39:10"}
[DBG] {"category": "QUEUE", "component": "queue", "elapsed_sec": 0.012505, "event": "END:queue_get", "host": "d6b2a058c4be", "pid": 157815, "rank": null, "ts": "2026-10-04 15:39:10"}
[DBG] {"category": "QUEUE", "component": "queue", "event": "queue_item_decoded", "host": "d6b2a058c4be", "item_id": "ef2b1735bd784a0bb45df8419954c61b", "key": "smoke01:rollout:ef2b1735bd784a0bb45df8419954c61b", "pid": 157815, "policy_version": 0, "queue": "rollout", "rank": null, "ts": "2026-10-04 15:39:10"}
[DBG] {"category": "QUEUE", "component": "queue", "count": 1, "event": "BEGIN:clear_popped", "host": "d6b2a058c4be", "pid": 157815, "queue": "rollout", "rank": null, "ts": "2026-10-04 15:39:10"}
[DBG] {"category": "QUEUE", "component": "queue", "event": "watchdog_armed", "host": "d6b2a058c4be", "pid": 157815, "rank": null, "stage": "clear_popped", "timeout_sec": 30.0, "ts": "2026-10-04 15:39:10"}
[DBG] {"category": "QUEUE", "component": "queue", "elapsed_sec": 0.01073, "event": "END:clear_popped", "host": "d6b2a058c4be", "pid": 157815, "rank": null, "ts": "2026-10-04 15:39:10"}
[DBG] {"category": "QUEUE", "component": "queue", "event": "pop_done", "host": "d6b2a058c4be", "item_ids": ["ef2b1735bd784a0bb45df8419954c61b"], "pid": 157815, "queue": "rollout", "rank": null, "remaining": 7, "returned": 1, "stale": 0, "ts": "2026-10-04 15:39:10"}
[DBG] {"category": "QUEUE", "component": "queue", "event": "size_changed", "host": "d6b2a058c4be", "pid": 157815, "queue": "rollout", "rank": null, "size": 7, "ts": "2026-10-04 15:39:10"}
[DBG] {"category": "QUEUE", "component": "queue", "event": "put_prepare", "host": "d6b2a058c4be", "item_id": "08d3d3a3e69c4a98beebd3caebbc088d", "partition": "smoke01:rollout", "payload_bytes": 2211, "pid": 157815, "policy_version": 0, "queue": "rollout", "rank": null, "ts": "2026-10-04 15:39:11"}
[DBG] {"category": "QUEUE", "component": "queue", "event": "BEGIN:queue_put", "host": "d6b2a058c4be", "item_id": "08d3d3a3e69c4a98beebd3caebbc088d", "pid": 157815, "queue": "rollout", "rank": null, "ts": "2026-10-04 15:39:11"}
[DBG] {"category": "QUEUE", "component": "queue", "event": "watchdog_armed", "host": "d6b2a058c4be", "pid": 157815, "rank": null, "stage": "queue_put", "timeout_sec": 30.0, "ts": "2026-10-04 15:39:11"}
[DBG] {"category": "QUEUE", "component": "queue", "elapsed_sec": 0.017121, "event": "END:queue_put", "host": "d6b2a058c4be", "pid": 157815, "rank": null, "ts": "2026-10-04 15:39:11"}
[DBG] {"category": "QUEUE", "component": "queue", "event": "put_done", "host": "d6b2a058c4be", "key": "smoke01:rollout:08d3d3a3e69c4a98beebd3caebbc088d", "pid": 157815, "policy_version": 0, "queue": "rollout", "rank": null, "ts": "2026-10-04 15:39:11"}
[DBG] {"category": "QUEUE", "component": "queue", "event": "put_prepare", "host": "d6b2a058c4be", "item_id": "75fa9d5af80c420a896f22964eb4421d", "partition": "smoke01:rollout", "payload_bytes": 2025, "pid": 157815, "policy_version": 0, "queue": "rollout", "rank": null, "ts": "2026-10-04 15:39:11"}
[DBG] {"category": "QUEUE", "component": "queue", "event": "BEGIN:queue_put", "host": "d6b2a058c4be", "item_id": "75fa9d5af80c420a896f22964eb4421d", "pid": 157815, "queue": "rollout", "rank": null, "ts": "2026-10-04 15:39:11"}
[DBG] {"category": "QUEUE", "component": "queue", "event": "watchdog_armed", "host": "d6b2a058c4be", "pid": 157815, "rank": null, "stage": "queue_put", "timeout_sec": 30.0, "ts": "2026-10-04 15:39:11"}
[DBG] {"category": "QUEUE", "component": "queue", "elapsed_sec": 0.022581, "event": "END:queue_put", "host": "d6b2a058c4be", "pid": 157815, "rank": null, "ts": "2026-10-04 15:39:11"}
[DBG] {"category": "QUEUE", "component": "queue", "event": "put_done", "host": "d6b2a058c4be", "key": "smoke01:rollout:75fa9d5af80c420a896f22964eb4421d", "pid": 157815, "policy_version": 0, "queue": "rollout", "rank": null, "ts": "2026-10-04 15:39:11"}
[DBG] {"category": "QUEUE", "component": "queue", "event": "size_changed", "host": "d6b2a058c4be", "pid": 157815, "queue": "rollout", "rank": null, "size": 9, "ts": "2026-10-04 15:39:11"}
[DBG] {"category": "QUEUE", "component": "queue", "event": "put_prepare", "host": "d6b2a058c4be", "item_id": "ef2b1735bd784a0bb45df8419954c61b", "partition": "smoke01:preference", "payload_bytes": 1262, "pid": 157815, "policy_version": 0, "queue": "preference", "rank": null, "ts": "2026-10-04 15:39:12"}
[DBG] {"category": "QUEUE", "component": "queue", "event": "BEGIN:queue_put", "host": "d6b2a058c4be", "item_id": "ef2b1735bd784a0bb45df8419954c61b", "pid": 157815, "queue": "preference", "rank": null, "ts": "2026-10-04 15:39:12"}
[DBG] {"category": "QUEUE", "component": "queue", "event": "watchdog_armed", "host": "d6b2a058c4be", "pid": 157815, "rank": null, "stage": "queue_put", "timeout_sec": 30.0, "ts": "2026-10-04 15:39:12"}
[DBG] {"category": "QUEUE", "component": "queue", "elapsed_sec": 0.018787, "event": "END:queue_put", "host": "d6b2a058c4be", "pid": 157815, "rank": null, "ts": "2026-10-04 15:39:12"}
[DBG] {"category": "QUEUE", "component": "queue", "event": "put_done", "host": "d6b2a058c4be", "key": "smoke01:preference:ef2b1735bd784a0bb45df8419954c61b", "pid": 157815, "policy_version": 0, "queue": "preference", "rank": null, "ts": "2026-10-04 15:39:12"}
[DBG] {"category": "QUEUE", "component": "queue", "event": "size_changed", "host": "d6b2a058c4be", "pid": 157815, "queue": "preference", "rank": null, "size": 3, "ts": "2026-10-04 15:39:12"}
[DBG] {"category": "QUEUE", "component": "queue", "current_version": null, "event": "BEGIN:queue_list_for_pop", "exact": false, "host": "d6b2a058c4be", "max_lag": null, "pid": 157815, "queue": "rollout", "rank": null, "requested": 1, "ts": "2026-10-04 15:39:14"}
[DBG] {"category": "QUEUE", "component": "queue", "event": "watchdog_armed", "host": "d6b2a058c4be", "pid": 157815, "rank": null, "stage": "queue_list_for_pop", "timeout_sec": 30.0, "ts": "2026-10-04 15:39:14"}
[DBG] {"category": "QUEUE", "component": "queue", "elapsed_sec": 0.001399, "event": "END:queue_list_for_pop", "host": "d6b2a058c4be", "pid": 157815, "rank": null, "ts": "2026-10-04 15:39:14"}
[DBG] {"available": 9, "category": "QUEUE", "component": "queue", "event": "pop_scan", "exact": false, "host": "d6b2a058c4be", "pid": 157815, "queue": "rollout", "rank": null, "requested": 1, "selected": 1, "selected_keys": ["smoke01:rollout:3248942b4f184685b316d36554b7401c"], "stale": 0, "stale_keys": [], "ts": "2026-10-04 15:39:14"}
[DBG] {"category": "QUEUE", "component": "queue", "event": "BEGIN:queue_get", "host": "d6b2a058c4be", "key": "smoke01:rollout:3248942b4f184685b316d36554b7401c", "pid": 157815, "queue": "rollout", "rank": null, "ts": "2026-10-04 15:39:14"}
[DBG] {"category": "QUEUE", "component": "queue", "event": "watchdog_armed", "host": "d6b2a058c4be", "pid": 157815, "rank": null, "stage": "queue_get", "timeout_sec": 30.0, "ts": "2026-10-04 15:39:14"}
[DBG] {"category": "QUEUE", "component": "queue", "elapsed_sec": 0.010292, "event": "END:queue_get", "host": "d6b2a058c4be", "pid": 157815, "rank": null, "ts": "2026-10-04 15:39:14"}
[DBG] {"category": "QUEUE", "component": "queue", "event": "queue_item_decoded", "host": "d6b2a058c4be", "item_id": "3248942b4f184685b316d36554b7401c", "key": "smoke01:rollout:3248942b4f184685b316d36554b7401c", "pid": 157815, "policy_version": 0, "queue": "rollout", "rank": null, "ts": "2026-10-04 15:39:14"}
[DBG] {"category": "QUEUE", "component": "queue", "count": 1, "event": "BEGIN:clear_popped", "host": "d6b2a058c4be", "pid": 157815, "queue": "rollout", "rank": null, "ts": "2026-10-04 15:39:14"}
[DBG] {"category": "QUEUE", "component": "queue", "event": "watchdog_armed", "host": "d6b2a058c4be", "pid": 157815, "rank": null, "stage": "clear_popped", "timeout_sec": 30.0, "ts": "2026-10-04 15:39:14"}
[DBG] {"category": "QUEUE", "component": "queue", "elapsed_sec": 0.008032, "event": "END:clear_popped", "host": "d6b2a058c4be", "pid": 157815, "rank": null, "ts": "2026-10-04 15:39:14"}
[DBG] {"category": "QUEUE", "component": "queue", "event": "pop_done", "host": "d6b2a058c4be", "item_ids": ["3248942b4f184685b316d36554b7401c"], "pid": 157815, "queue": "rollout", "rank": null, "remaining": 8, "returned": 1, "stale": 0, "ts": "2026-10-04 15:39:14"}
[DBG] {"category": "QUEUE", "component": "queue", "event": "size_changed", "host": "d6b2a058c4be", "pid": 157815, "queue": "rollout", "rank": null, "size": 8, "ts": "2026-10-04 15:39:14"}
[DBG] {"category": "QUEUE", "component": "queue", "event": "put_prepare", "host": "d6b2a058c4be", "item_id": "3248942b4f184685b316d36554b7401c", "partition": "smoke01:preference", "payload_bytes": 1456, "pid": 157815, "policy_version": 0, "queue": "preference", "rank": null, "ts": "2026-10-04 15:39:15"}
[DBG] {"category": "QUEUE", "component": "queue", "event": "BEGIN:queue_put", "host": "d6b2a058c4be", "item_id": "3248942b4f184685b316d36554b7401c", "pid": 157815, "queue": "preference", "rank": null, "ts": "2026-10-04 15:39:15"}
[DBG] {"category": "QUEUE", "component": "queue", "event": "watchdog_armed", "host": "d6b2a058c4be", "pid": 157815, "rank": null, "stage": "queue_put", "timeout_sec": 30.0, "ts": "2026-10-04 15:39:15"}
[DBG] {"category": "QUEUE", "component": "queue", "elapsed_sec": 0.02169, "event": "END:queue_put", "host": "d6b2a058c4be", "pid": 157815, "rank": null, "ts": "2026-10-04 15:39:15"}
[DBG] {"category": "QUEUE", "component": "queue", "event": "put_done", "host": "d6b2a058c4be", "key": "smoke01:preference:3248942b4f184685b316d36554b7401c", "pid": 157815, "policy_version": 0, "queue": "preference", "rank": null, "ts": "2026-10-04 15:39:15"}
[DBG] {"category": "QUEUE", "component": "queue", "event": "size_changed", "host": "d6b2a058c4be", "pid": 157815, "queue": "preference", "rank": null, "size": 4, "ts": "2026-10-04 15:39:15"}
[DBG] {"category": "QUEUE", "component": "queue", "current_version": null, "event": "BEGIN:queue_list_for_pop", "exact": false, "host": "d6b2a058c4be", "max_lag": null, "pid": 157815, "queue": "rollout", "rank": null, "requested": 1, "ts": "2026-10-04 15:39:17"}
[DBG] {"category": "QUEUE", "component": "queue", "event": "watchdog_armed", "host": "d6b2a058c4be", "pid": 157815, "rank": null, "stage": "queue_list_for_pop", "timeout_sec": 30.0, "ts": "2026-10-04 15:39:17"}
[DBG] {"category": "QUEUE", "component": "queue", "elapsed_sec": 0.001589, "event": "END:queue_list_for_pop", "host": "d6b2a058c4be", "pid": 157815, "rank": null, "ts": "2026-10-04 15:39:17"}
[DBG] {"available": 8, "category": "QUEUE", "component": "queue", "event": "pop_scan", "exact": false, "host": "d6b2a058c4be", "pid": 157815, "queue": "rollout", "rank": null, "requested": 1, "selected": 1, "selected_keys": ["smoke01:rollout:8bfeda180c184546abd64a9412c7e8e9"], "stale": 0, "stale_keys": [], "ts": "2026-10-04 15:39:17"}
[DBG] {"category": "QUEUE", "component": "queue", "event": "BEGIN:queue_get", "host": "d6b2a058c4be", "key": "smoke01:rollout:8bfeda180c184546abd64a9412c7e8e9", "pid": 157815, "queue": "rollout", "rank": null, "ts": "2026-10-04 15:39:17"}
[DBG] {"category": "QUEUE", "component": "queue", "event": "watchdog_armed", "host": "d6b2a058c4be", "pid": 157815, "rank": null, "stage": "queue_get", "timeout_sec": 30.0, "ts": "2026-10-04 15:39:17"}
[DBG] {"category": "QUEUE", "component": "queue", "elapsed_sec": 0.029743, "event": "END:queue_get", "host": "d6b2a058c4be", "pid": 157815, "rank": null, "ts": "2026-10-04 15:39:17"}
[DBG] {"category": "QUEUE", "component": "queue", "event": "queue_item_decoded", "host": "d6b2a058c4be", "item_id": "8bfeda180c184546abd64a9412c7e8e9", "key": "smoke01:rollout:8bfeda180c184546abd64a9412c7e8e9", "pid": 157815, "policy_version": 0, "queue": "rollout", "rank": null, "ts": "2026-10-04 15:39:17"}
[DBG] {"category": "QUEUE", "component": "queue", "count": 1, "event": "BEGIN:clear_popped", "host": "d6b2a058c4be", "pid": 157815, "queue": "rollout", "rank": null, "ts": "2026-10-04 15:39:17"}
[DBG] {"category": "QUEUE", "component": "queue", "event": "watchdog_armed", "host": "d6b2a058c4be", "pid": 157815, "rank": null, "stage": "clear_popped", "timeout_sec": 30.0, "ts": "2026-10-04 15:39:17"}
[DBG] {"category": "QUEUE", "component": "queue", "elapsed_sec": 0.016098, "event": "END:clear_popped", "host": "d6b2a058c4be", "pid": 157815, "rank": null, "ts": "2026-10-04 15:39:17"}
[DBG] {"category": "QUEUE", "component": "queue", "event": "pop_done", "host": "d6b2a058c4be", "item_ids": ["8bfeda180c184546abd64a9412c7e8e9"], "pid": 157815, "queue": "rollout", "rank": null, "remaining": 7, "returned": 1, "stale": 0, "ts": "2026-10-04 15:39:17"}
[DBG] {"category": "QUEUE", "component": "queue", "event": "size_changed", "host": "d6b2a058c4be", "pid": 157815, "queue": "rollout", "rank": null, "size": 7, "ts": "2026-10-04 15:39:18"}
[DBG] {"category": "QUEUE", "component": "queue", "event": "put_prepare", "host": "d6b2a058c4be", "item_id": "7e0374bfa0c4440f8f27ce0c06d440f4", "partition": "smoke01:rollout", "payload_bytes": 2471, "pid": 157815, "policy_version": 0, "queue": "rollout", "rank": null, "ts": "2026-10-04 15:39:18"}
[DBG] {"category": "QUEUE", "component": "queue", "event": "BEGIN:queue_put", "host": "d6b2a058c4be", "item_id": "7e0374bfa0c4440f8f27ce0c06d440f4", "pid": 157815, "queue": "rollout", "rank": null, "ts": "2026-10-04 15:39:18"}
[DBG] {"category": "QUEUE", "component": "queue", "event": "watchdog_armed", "host": "d6b2a058c4be", "pid": 157815, "rank": null, "stage": "queue_put", "timeout_sec": 30.0, "ts": "2026-10-04 15:39:18"}
[DBG] {"category": "QUEUE", "component": "queue", "elapsed_sec": 0.023113, "event": "END:queue_put", "host": "d6b2a058c4be", "pid": 157815, "rank": null, "ts": "2026-10-04 15:39:18"}
[DBG] {"category": "QUEUE", "component": "queue", "event": "put_done", "host": "d6b2a058c4be", "key": "smoke01:rollout:7e0374bfa0c4440f8f27ce0c06d440f4", "pid": 157815, "policy_version": 0, "queue": "rollout", "rank": null, "ts": "2026-10-04 15:39:18"}
[DBG] {"category": "QUEUE", "component": "queue", "event": "put_prepare", "host": "d6b2a058c4be", "item_id": "d892b6a90048425e93a9e3b37b4cb5a8", "partition": "smoke01:rollout", "payload_bytes": 2541, "pid": 157815, "policy_version": 0, "queue": "rollout", "rank": null, "ts": "2026-10-04 15:39:18"}
[DBG] {"category": "QUEUE", "component": "queue", "event": "BEGIN:queue_put", "host": "d6b2a058c4be", "item_id": "d892b6a90048425e93a9e3b37b4cb5a8", "pid": 157815, "queue": "rollout", "rank": null, "ts": "2026-10-04 15:39:18"}
[DBG] {"category": "QUEUE", "component": "queue", "event": "watchdog_armed", "host": "d6b2a058c4be", "pid": 157815, "rank": null, "stage": "queue_put", "timeout_sec": 30.0, "ts": "2026-10-04 15:39:18"}
[DBG] {"category": "QUEUE", "component": "queue", "elapsed_sec": 0.027709, "event": "END:queue_put", "host": "d6b2a058c4be", "pid": 157815, "rank": null, "ts": "2026-10-04 15:39:18"}
[DBG] {"category": "QUEUE", "component": "queue", "event": "put_done", "host": "d6b2a058c4be", "key": "smoke01:rollout:d892b6a90048425e93a9e3b37b4cb5a8", "pid": 157815, "policy_version": 0, "queue": "rollout", "rank": null, "ts": "2026-10-04 15:39:18"}
[DBG] {"category": "QUEUE", "component": "queue", "event": "size_changed", "host": "d6b2a058c4be", "pid": 157815, "queue": "rollout", "rank": null, "size": 9, "ts": "2026-10-04 15:39:18"}
