[DBG] {"category": "QUEUE", "component": "queue", "event": "BEGIN:transfer_queue_init", "host": "d6b2a058c4be", "pid": 170121, "rank": null, "run_id": "smoke01", "ts": "2026-10-04 15:48:05"}
[DBG] {"category": "QUEUE", "component": "queue", "event": "watchdog_armed", "host": "d6b2a058c4be", "pid": 170121, "rank": null, "stage": "transfer_queue_init", "timeout_sec": 30.0, "ts": "2026-10-04 15:48:05"}
[DBG] {"category": "QUEUE", "component": "queue", "elapsed_sec": 7.120471, "event": "END:transfer_queue_init", "host": "d6b2a058c4be", "pid": 170121, "rank": null, "ts": "2026-10-04 15:48:13"}
[DBG] {"category": "QUEUE", "component": "queue", "event": "broker_ready", "host": "d6b2a058c4be", "pid": 170121, "queues": {"preference": "preference", "rollout": "rollout"}, "rank": null, "ts": "2026-10-04 15:48:13"}
[DBG] {"category": "QUEUE", "component": "queue", "current_version": null, "event": "BEGIN:queue_list_for_pop", "exact": false, "host": "d6b2a058c4be", "max_lag": null, "pid": 170121, "queue": "rollout", "rank": null, "requested": 1, "ts": "2026-10-04 15:48:53"}
[DBG] {"category": "QUEUE", "component": "queue", "event": "watchdog_armed", "host": "d6b2a058c4be", "pid": 170121, "rank": null, "stage": "queue_list_for_pop", "timeout_sec": 30.0, "ts": "2026-10-04 15:48:53"}
[DBG] {"category": "QUEUE", "component": "queue", "elapsed_sec": 0.005862, "event": "END:queue_list_for_pop", "host": "d6b2a058c4be", "pid": 170121, "rank": null, "ts": "2026-10-04 15:48:53"}
[DBG] {"available": 0, "category": "QUEUE", "component": "queue", "event": "pop_scan", "exact": false, "host": "d6b2a058c4be", "pid": 170121, "queue": "rollout", "rank": null, "requested": 1, "selected": 0, "selected_keys": [], "stale": 0, "stale_keys": [], "ts": "2026-10-04 15:48:53"}
[DBG] {"category": "QUEUE", "component": "queue", "event": "pop_done", "host": "d6b2a058c4be", "item_ids": [], "pid": 170121, "queue": "rollout", "rank": null, "remaining": 0, "returned": 0, "stale": 0, "ts": "2026-10-04 15:48:53"}
[DBG] {"category": "QUEUE", "component": "queue", "event": "size_changed", "host": "d6b2a058c4be", "pid": 170121, "queue": "rollout", "rank": null, "size": 0, "ts": "2026-10-04 15:48:53"}
[DBG] {"category": "QUEUE", "component": "queue", "current_version": null, "event": "BEGIN:queue_list_for_pop", "exact": false, "host": "d6b2a058c4be", "max_lag": null, "pid": 170121, "queue": "rollout", "rank": null, "requested": 1, "ts": "2026-10-04 15:48:53"}
[DBG] {"category": "QUEUE", "component": "queue", "event": "watchdog_armed", "host": "d6b2a058c4be", "pid": 170121, "rank": null, "stage": "queue_list_for_pop", "timeout_sec": 30.0, "ts": "2026-10-04 15:48:53"}
[DBG] {"category": "QUEUE", "component": "queue", "elapsed_sec": 0.002359, "event": "END:queue_list_for_pop", "host": "d6b2a058c4be", "pid": 170121, "rank": null, "ts": "2026-10-04 15:48:53"}
[DBG] {"available": 0, "category": "QUEUE", "component": "queue", "event": "pop_scan", "exact": false, "host": "d6b2a058c4be", "pid": 170121, "queue": "rollout", "rank": null, "requested": 1, "selected": 0, "selected_keys": [], "stale": 0, "stale_keys": [], "ts": "2026-10-04 15:48:53"}
[DBG] {"category": "QUEUE", "component": "queue", "event": "pop_done", "host": "d6b2a058c4be", "item_ids": [], "pid": 170121, "queue": "rollout", "rank": null, "remaining": 0, "returned": 0, "stale": 0, "ts": "2026-10-04 15:48:53"}
[DBG] {"category": "QUEUE", "component": "queue", "current_version": null, "event": "BEGIN:queue_list_for_pop", "exact": false, "host": "d6b2a058c4be", "max_lag": null, "pid": 170121, "queue": "rollout", "rank": null, "requested": 1, "ts": "2026-10-04 15:48:54"}
[DBG] {"category": "QUEUE", "component": "queue", "event": "watchdog_armed", "host": "d6b2a058c4be", "pid": 170121, "rank": null, "stage": "queue_list_for_pop", "timeout_sec": 30.0, "ts": "2026-10-04 15:48:54"}
[DBG] {"category": "QUEUE", "component": "queue", "elapsed_sec": 0.002388, "event": "END:queue_list_for_pop", "host": "d6b2a058c4be", "pid": 170121, "rank": null, "ts": "2026-10-04 15:48:54"}
[DBG] {"available": 0, "category": "QUEUE", "component": "queue", "event": "pop_scan", "exact": false, "host": "d6b2a058c4be", "pid": 170121, "queue": "rollout", "rank": null, "requested": 1, "selected": 0, "selected_keys": [], "stale": 0, "stale_keys": [], "ts": "2026-10-04 15:48:54"}
[DBG] {"category": "QUEUE", "component": "queue", "event": "pop_done", "host": "d6b2a058c4be", "item_ids": [], "pid": 170121, "queue": "rollout", "rank": null, "remaining": 0, "returned": 0, "stale": 0, "ts": "2026-10-04 15:48:54"}
[DBG] {"category": "QUEUE", "component": "queue", "current_version": null, "event": "BEGIN:queue_list_for_pop", "exact": false, "host": "d6b2a058c4be", "max_lag": null, "pid": 170121, "queue": "rollout", "rank": null, "requested": 1, "ts": "2026-10-04 15:48:54"}
[DBG] {"category": "QUEUE", "component": "queue", "event": "watchdog_armed", "host": "d6b2a058c4be", "pid": 170121, "rank": null, "stage": "queue_list_for_pop", "timeout_sec": 30.0, "ts": "2026-10-04 15:48:54"}
[DBG] {"category": "QUEUE", "component": "queue", "elapsed_sec": 0.002439, "event": "END:queue_list_for_pop", "host": "d6b2a058c4be", "pid": 170121, "rank": null, "ts": "2026-10-04 15:48:54"}
[DBG] {"available": 0, "category": "QUEUE", "component": "queue", "event": "pop_scan", "exact": false, "host": "d6b2a058c4be", "pid": 170121, "queue": "rollout", "rank": null, "requested": 1, "selected": 0, "selected_keys": [], "stale": 0, "stale_keys": [], "ts": "2026-10-04 15:48:54"}
[DBG] {"category": "QUEUE", "component": "queue", "event": "pop_done", "host": "d6b2a058c4be", "item_ids": [], "pid": 170121, "queue": "rollout", "rank": null, "remaining": 0, "returned": 0, "stale": 0, "ts": "2026-10-04 15:48:54"}
[DBG] {"category": "QUEUE", "component": "queue", "current_version": null, "event": "BEGIN:queue_list_for_pop", "exact": false, "host": "d6b2a058c4be", "max_lag": null, "pid": 170121, "queue": "rollout", "rank": null, "requested": 1, "ts": "2026-10-04 15:48:54"}
[DBG] {"category": "QUEUE", "component": "queue", "event": "watchdog_armed", "host": "d6b2a058c4be", "pid": 170121, "rank": null, "stage": "queue_list_for_pop", "timeout_sec": 30.0, "ts": "2026-10-04 15:48:54"}
[DBG] {"category": "QUEUE", "component": "queue", "elapsed_sec": 0.002449, "event": "END:queue_list_for_pop", "host": "d6b2a058c4be", "pid": 170121, "rank": null, "ts": "2026-10-04 15:48:54"}
[DBG] {"available": 0, "category": "QUEUE", "component": "queue", "event": "pop_scan", "exact": false, "host": "d6b2a058c4be", "pid": 170121, "queue": "rollout", "rank": null, "requested": 1, "selected": 0, "selected_keys": [], "stale": 0, "stale_keys": [], "ts": "2026-10-04 15:48:54"}
[DBG] {"category": "QUEUE", "component": "queue", "event": "pop_done", "host": "d6b2a058c4be", "item_ids": [], "pid": 170121, "queue": "rollout", "rank": null, "remaining": 0, "returned": 0, "stale": 0, "ts": "2026-10-04 15:48:54"}
[DBG] {"category": "QUEUE", "component": "queue", "current_version": null, "event": "BEGIN:queue_list_for_pop", "exact": false, "host": "d6b2a058c4be", "max_lag": null, "pid": 170121, "queue": "rollout", "rank": null, "requested": 1, "ts": "2026-10-04 15:48:54"}
[DBG] {"category": "QUEUE", "component": "queue", "event": "watchdog_armed", "host": "d6b2a058c4be", "pid": 170121, "rank": null, "stage": "queue_list_for_pop", "timeout_sec": 30.0, "ts": "2026-10-04 15:48:54"}
[DBG] {"category": "QUEUE", "component": "queue", "elapsed_sec": 0.002319, "event": "END:queue_list_for_pop", "host": "d6b2a058c4be", "pid": 170121, "rank": null, "ts": "2026-10-04 15:48:54"}
[DBG] {"available": 0, "category": "QUEUE", "component": "queue", "event": "pop_scan", "exact": false, "host": "d6b2a058c4be", "pid": 170121, "queue": "rollout", "rank": null, "requested": 1, "selected": 0, "selected_keys": [], "stale": 0, "stale_keys": [], "ts": "2026-10-04 15:48:54"}
[DBG] {"category": "QUEUE", "component": "queue", "event": "pop_done", "host": "d6b2a058c4be", "item_ids": [], "pid": 170121, "queue": "rollout", "rank": null, "remaining": 0, "returned": 0, "stale": 0, "ts": "2026-10-04 15:48:54"}
[DBG] {"category": "QUEUE", "component": "queue", "current_version": null, "event": "BEGIN:queue_list_for_pop", "exact": false, "host": "d6b2a058c4be", "max_lag": null, "pid": 170121, "queue": "rollout", "rank": null, "requested": 1, "ts": "2026-10-04 15:48:54"}
[DBG] {"category": "QUEUE", "component": "queue", "event": "watchdog_armed", "host": "d6b2a058c4be", "pid": 170121, "rank": null, "stage": "queue_list_for_pop", "timeout_sec": 30.0, "ts": "2026-10-04 15:48:54"}
[DBG] {"category": "QUEUE", "component": "queue", "elapsed_sec": 0.002293, "event": "END:queue_list_for_pop", "host": "d6b2a058c4be", "pid": 170121, "rank": null, "ts": "2026-10-04 15:48:54"}
[DBG] {"available": 0, "category": "QUEUE", "component": "queue", "event": "pop_scan", "exact": false, "host": "d6b2a058c4be", "pid": 170121, "queue": "rollout", "rank": null, "requested": 1, "selected": 0, "selected_keys": [], "stale": 0, "stale_keys": [], "ts": "2026-10-04 15:48:54"}
[DBG] {"category": "QUEUE", "component": "queue", "event": "pop_done", "host": "d6b2a058c4be", "item_ids": [], "pid": 170121, "queue": "rollout", "rank": null, "remaining": 0, "returned": 0, "stale": 0, "ts": "2026-10-04 15:48:54"}
[DBG] {"category": "QUEUE", "component": "queue", "current_version": null, "event": "BEGIN:queue_list_for_pop", "exact": false, "host": "d6b2a058c4be", "max_lag": null, "pid": 170121, "queue": "rollout", "rank": null, "requested": 1, "ts": "2026-10-04 15:48:55"}
[DBG] {"category": "QUEUE", "component": "queue", "event": "watchdog_armed", "host": "d6b2a058c4be", "pid": 170121, "rank": null, "stage": "queue_list_for_pop", "timeout_sec": 30.0, "ts": "2026-10-04 15:48:55"}
[DBG] {"category": "QUEUE", "component": "queue", "elapsed_sec": 0.002146, "event": "END:queue_list_for_pop", "host": "d6b2a058c4be", "pid": 170121, "rank": null, "ts": "2026-10-04 15:48:55"}
[DBG] {"available": 0, "category": "QUEUE", "component": "queue", "event": "pop_scan", "exact": false, "host": "d6b2a058c4be", "pid": 170121, "queue": "rollout", "rank": null, "requested": 1, "selected": 0, "selected_keys": [], "stale": 0, "stale_keys": [], "ts": "2026-10-04 15:48:55"}
[DBG] {"category": "QUEUE", "component": "queue", "event": "pop_done", "host": "d6b2a058c4be", "item_ids": [], "pid": 170121, "queue": "rollout", "rank": null, "remaining": 0, "returned": 0, "stale": 0, "ts": "2026-10-04 15:48:55"}
[DBG] {"category": "QUEUE", "component": "queue", "current_version": null, "event": "BEGIN:queue_list_for_pop", "exact": false, "host": "d6b2a058c4be", "max_lag": null, "pid": 170121, "queue": "rollout", "rank": null, "requested": 1, "ts": "2026-10-04 15:48:55"}
[DBG] {"category": "QUEUE", "component": "queue", "event": "watchdog_armed", "host": "d6b2a058c4be", "pid": 170121, "rank": null, "stage": "queue_list_for_pop", "timeout_sec": 30.0, "ts": "2026-10-04 15:48:55"}
[DBG] {"category": "QUEUE", "component": "queue", "elapsed_sec": 0.001974, "event": "END:queue_list_for_pop", "host": "d6b2a058c4be", "pid": 170121, "rank": null, "ts": "2026-10-04 15:48:55"}
[DBG] {"available": 0, "category": "QUEUE", "component": "queue", "event": "pop_scan", "exact": false, "host": "d6b2a058c4be", "pid": 170121, "queue": "rollout", "rank": null, "requested": 1, "selected": 0, "selected_keys": [], "stale": 0, "stale_keys": [], "ts": "2026-10-04 15:48:55"}
[DBG] {"category": "QUEUE", "component": "queue", "event": "pop_done", "host": "d6b2a058c4be", "item_ids": [], "pid": 170121, "queue": "rollout", "rank": null, "remaining": 0, "returned": 0, "stale": 0, "ts": "2026-10-04 15:48:55"}
[DBG] {"category": "QUEUE", "component": "queue", "current_version": null, "event": "BEGIN:queue_list_for_pop", "exact": false, "host": "d6b2a058c4be", "max_lag": null, "pid": 170121, "queue": "rollout", "rank": null, "requested": 1, "ts": "2026-10-04 15:48:55"}
[DBG] {"category": "QUEUE", "component": "queue", "event": "watchdog_armed", "host": "d6b2a058c4be", "pid": 170121, "rank": null, "stage": "queue_list_for_pop", "timeout_sec": 30.0, "ts": "2026-10-04 15:48:55"}
[DBG] {"category": "QUEUE", "component": "queue", "elapsed_sec": 0.002535, "event": "END:queue_list_for_pop", "host": "d6b2a058c4be", "pid": 170121, "rank": null, "ts": "2026-10-04 15:48:55"}
[DBG] {"available": 0, "category": "QUEUE", "component": "queue", "event": "pop_scan", "exact": false, "host": "d6b2a058c4be", "pid": 170121, "queue": "rollout", "rank": null, "requested": 1, "selected": 0, "selected_keys": [], "stale": 0, "stale_keys": [], "ts": "2026-10-04 15:48:55"}
[DBG] {"category": "QUEUE", "component": "queue", "event": "pop_done", "host": "d6b2a058c4be", "item_ids": [], "pid": 170121, "queue": "rollout", "rank": null, "remaining": 0, "returned": 0, "stale": 0, "ts": "2026-10-04 15:48:55"}
[DBG] {"category": "QUEUE", "component": "queue", "current_version": null, "event": "BEGIN:queue_list_for_pop", "exact": false, "host": "d6b2a058c4be", "max_lag": null, "pid": 170121, "queue": "rollout", "rank": null, "requested": 1, "ts": "2026-10-04 15:48:55"}
[DBG] {"category": "QUEUE", "component": "queue", "event": "watchdog_armed", "host": "d6b2a058c4be", "pid": 170121, "rank": null, "stage": "queue_list_for_pop", "timeout_sec": 30.0, "ts": "2026-10-04 15:48:55"}
[DBG] {"category": "QUEUE", "component": "queue", "elapsed_sec": 0.002223, "event": "END:queue_list_for_pop", "host": "d6b2a058c4be", "pid": 170121, "rank": null, "ts": "2026-10-04 15:48:55"}
[DBG] {"available": 0, "category": "QUEUE", "component": "queue", "event": "pop_scan", "exact": false, "host": "d6b2a058c4be", "pid": 170121, "queue": "rollout", "rank": null, "requested": 1, "selected": 0, "selected_keys": [], "stale": 0, "stale_keys": [], "ts": "2026-10-04 15:48:55"}
[DBG] {"category": "QUEUE", "component": "queue", "event": "pop_done", "host": "d6b2a058c4be", "item_ids": [], "pid": 170121, "queue": "rollout", "rank": null, "remaining": 0, "returned": 0, "stale": 0, "ts": "2026-10-04 15:48:55"}
[DBG] {"category": "QUEUE", "component": "queue", "current_version": null, "event": "BEGIN:queue_list_for_pop", "exact": false, "host": "d6b2a058c4be", "max_lag": null, "pid": 170121, "queue": "rollout", "rank": null, "requested": 1, "ts": "2026-10-04 15:48:56"}
[DBG] {"category": "QUEUE", "component": "queue", "event": "watchdog_armed", "host": "d6b2a058c4be", "pid": 170121, "rank": null, "stage": "queue_list_for_pop", "timeout_sec": 30.0, "ts": "2026-10-04 15:48:56"}
[DBG] {"category": "QUEUE", "component": "queue", "elapsed_sec": 0.002308, "event": "END:queue_list_for_pop", "host": "d6b2a058c4be", "pid": 170121, "rank": null, "ts": "2026-10-04 15:48:56"}
[DBG] {"available": 0, "category": "QUEUE", "component": "queue", "event": "pop_scan", "exact": false, "host": "d6b2a058c4be", "pid": 170121, "queue": "rollout", "rank": null, "requested": 1, "selected": 0, "selected_keys": [], "stale": 0, "stale_keys": [], "ts": "2026-10-04 15:48:56"}
[DBG] {"category": "QUEUE", "component": "queue", "event": "pop_done", "host": "d6b2a058c4be", "item_ids": [], "pid": 170121, "queue": "rollout", "rank": null, "remaining": 0, "returned": 0, "stale": 0, "ts": "2026-10-04 15:48:56"}
[DBG] {"category": "QUEUE", "component": "queue", "event": "put_prepare", "host": "d6b2a058c4be", "item_id": "b1521df15e3c45918b50e4c7d493c11e", "partition": "smoke01:rollout", "payload_bytes": 2050, "pid": 170121, "policy_version": 0, "queue": "rollout", "rank": null, "ts": "2026-10-04 15:48:56"}
[DBG] {"category": "QUEUE", "component": "queue", "event": "BEGIN:queue_put", "host": "d6b2a058c4be", "item_id": "b1521df15e3c45918b50e4c7d493c11e", "pid": 170121, "queue": "rollout", "rank": null, "ts": "2026-10-04 15:48:56"}
[DBG] {"category": "QUEUE", "component": "queue", "event": "watchdog_armed", "host": "d6b2a058c4be", "pid": 170121, "rank": null, "stage": "queue_put", "timeout_sec": 30.0, "ts": "2026-10-04 15:48:56"}
[DBG] {"category": "QUEUE", "component": "queue", "elapsed_sec": 0.037597, "event": "END:queue_put", "host": "d6b2a058c4be", "pid": 170121, "rank": null, "ts": "2026-10-04 15:48:56"}
[DBG] {"category": "QUEUE", "component": "queue", "event": "put_done", "host": "d6b2a058c4be", "key": "smoke01:rollout:b1521df15e3c45918b50e4c7d493c11e", "pid": 170121, "policy_version": 0, "queue": "rollout", "rank": null, "ts": "2026-10-04 15:48:56"}
[DBG] {"category": "QUEUE", "component": "queue", "event": "put_prepare", "host": "d6b2a058c4be", "item_id": "5333ae64148743e39d225058c377751d", "partition": "smoke01:rollout", "payload_bytes": 2740, "pid": 170121, "policy_version": 0, "queue": "rollout", "rank": null, "ts": "2026-10-04 15:48:56"}
[DBG] {"category": "QUEUE", "component": "queue", "event": "BEGIN:queue_put", "host": "d6b2a058c4be", "item_id": "5333ae64148743e39d225058c377751d", "pid": 170121, "queue": "rollout", "rank": null, "ts": "2026-10-04 15:48:56"}
[DBG] {"category": "QUEUE", "component": "queue", "event": "watchdog_armed", "host": "d6b2a058c4be", "pid": 170121, "rank": null, "stage": "queue_put", "timeout_sec": 30.0, "ts": "2026-10-04 15:48:56"}
[DBG] {"category": "QUEUE", "component": "queue", "elapsed_sec": 0.024854, "event": "END:queue_put", "host": "d6b2a058c4be", "pid": 170121, "rank": null, "ts": "2026-10-04 15:48:56"}
[DBG] {"category": "QUEUE", "component": "queue", "event": "put_done", "host": "d6b2a058c4be", "key": "smoke01:rollout:5333ae64148743e39d225058c377751d", "pid": 170121, "policy_version": 0, "queue": "rollout", "rank": null, "ts": "2026-10-04 15:48:56"}
[DBG] {"category": "QUEUE", "component": "queue", "event": "size_changed", "host": "d6b2a058c4be", "pid": 170121, "queue": "rollout", "rank": null, "size": 2, "ts": "2026-10-04 15:48:56"}
[DBG] {"category": "QUEUE", "component": "queue", "current_version": null, "event": "BEGIN:queue_list_for_pop", "exact": false, "host": "d6b2a058c4be", "max_lag": null, "pid": 170121, "queue": "rollout", "rank": null, "requested": 1, "ts": "2026-10-04 15:48:56"}
[DBG] {"category": "QUEUE", "component": "queue", "event": "watchdog_armed", "host": "d6b2a058c4be", "pid": 170121, "rank": null, "stage": "queue_list_for_pop", "timeout_sec": 30.0, "ts": "2026-10-04 15:48:56"}
[DBG] {"category": "QUEUE", "component": "queue", "elapsed_sec": 0.00246, "event": "END:queue_list_for_pop", "host": "d6b2a058c4be", "pid": 170121, "rank": null, "ts": "2026-10-04 15:48:56"}
[DBG] {"available": 2, "category": "QUEUE", "component": "queue", "event": "pop_scan", "exact": false, "host": "d6b2a058c4be", "pid": 170121, "queue": "rollout", "rank": null, "requested": 1, "selected": 1, "selected_keys": ["smoke01:rollout:b1521df15e3c45918b50e4c7d493c11e"], "stale": 0, "stale_keys": [], "ts": "2026-10-04 15:48:56"}
[DBG] {"category": "QUEUE", "component": "queue", "event": "BEGIN:queue_get", "host": "d6b2a058c4be", "key": "smoke01:rollout:b1521df15e3c45918b50e4c7d493c11e", "pid": 170121, "queue": "rollout", "rank": null, "ts": "2026-10-04 15:48:56"}
[DBG] {"category": "QUEUE", "component": "queue", "event": "watchdog_armed", "host": "d6b2a058c4be", "pid": 170121, "rank": null, "stage": "queue_get", "timeout_sec": 30.0, "ts": "2026-10-04 15:48:56"}
[DBG] {"category": "QUEUE", "component": "queue", "elapsed_sec": 0.03953, "event": "END:queue_get", "host": "d6b2a058c4be", "pid": 170121, "rank": null, "ts": "2026-10-04 15:48:56"}
[DBG] {"category": "QUEUE", "component": "queue", "event": "queue_item_decoded", "host": "d6b2a058c4be", "item_id": "b1521df15e3c45918b50e4c7d493c11e", "key": "smoke01:rollout:b1521df15e3c45918b50e4c7d493c11e", "pid": 170121, "policy_version": 0, "queue": "rollout", "rank": null, "ts": "2026-10-04 15:48:56"}
[DBG] {"category": "QUEUE", "component": "queue", "count": 1, "event": "BEGIN:clear_popped", "host": "d6b2a058c4be", "pid": 170121, "queue": "rollout", "rank": null, "ts": "2026-10-04 15:48:56"}
[DBG] {"category": "QUEUE", "component": "queue", "event": "watchdog_armed", "host": "d6b2a058c4be", "pid": 170121, "rank": null, "stage": "clear_popped", "timeout_sec": 30.0, "ts": "2026-10-04 15:48:56"}
[DBG] {"category": "QUEUE", "component": "queue", "elapsed_sec": 0.016591, "event": "END:clear_popped", "host": "d6b2a058c4be", "pid": 170121, "rank": null, "ts": "2026-10-04 15:48:56"}
[DBG] {"category": "QUEUE", "component": "queue", "event": "pop_done", "host": "d6b2a058c4be", "item_ids": ["b1521df15e3c45918b50e4c7d493c11e"], "pid": 170121, "queue": "rollout", "rank": null, "remaining": 1, "returned": 1, "stale": 0, "ts": "2026-10-04 15:48:56"}
[DBG] {"category": "QUEUE", "component": "queue", "event": "put_prepare", "host": "d6b2a058c4be", "item_id": "9ef8e16726124497aff04a679218053b", "partition": "smoke01:rollout", "payload_bytes": 2940, "pid": 170121, "policy_version": 0, "queue": "rollout", "rank": null, "ts": "2026-10-04 15:48:56"}
[DBG] {"category": "QUEUE", "component": "queue", "event": "BEGIN:queue_put", "host": "d6b2a058c4be", "item_id": "9ef8e16726124497aff04a679218053b", "pid": 170121, "queue": "rollout", "rank": null, "ts": "2026-10-04 15:48:56"}
[DBG] {"category": "QUEUE", "component": "queue", "event": "watchdog_armed", "host": "d6b2a058c4be", "pid": 170121, "rank": null, "stage": "queue_put", "timeout_sec": 30.0, "ts": "2026-10-04 15:48:56"}
[DBG] {"category": "QUEUE", "component": "queue", "elapsed_sec": 0.027532, "event": "END:queue_put", "host": "d6b2a058c4be", "pid": 170121, "rank": null, "ts": "2026-10-04 15:48:56"}
[DBG] {"category": "QUEUE", "component": "queue", "event": "put_done", "host": "d6b2a058c4be", "key": "smoke01:rollout:9ef8e16726124497aff04a679218053b", "pid": 170121, "policy_version": 0, "queue": "rollout", "rank": null, "ts": "2026-10-04 15:48:56"}
[DBG] {"category": "QUEUE", "component": "queue", "event": "put_prepare", "host": "d6b2a058c4be", "item_id": "f0e49c09e3ef46809e5d3ee5167b1c57", "partition": "smoke01:rollout", "payload_bytes": 2592, "pid": 170121, "policy_version": 0, "queue": "rollout", "rank": null, "ts": "2026-10-04 15:48:56"}
[DBG] {"category": "QUEUE", "component": "queue", "event": "BEGIN:queue_put", "host": "d6b2a058c4be", "item_id": "f0e49c09e3ef46809e5d3ee5167b1c57", "pid": 170121, "queue": "rollout", "rank": null, "ts": "2026-10-04 15:48:56"}
[DBG] {"category": "QUEUE", "component": "queue", "event": "watchdog_armed", "host": "d6b2a058c4be", "pid": 170121, "rank": null, "stage": "queue_put", "timeout_sec": 30.0, "ts": "2026-10-04 15:48:56"}
[DBG] {"category": "QUEUE", "component": "queue", "elapsed_sec": 0.026865, "event": "END:queue_put", "host": "d6b2a058c4be", "pid": 170121, "rank": null, "ts": "2026-10-04 15:48:56"}
[DBG] {"category": "QUEUE", "component": "queue", "event": "put_done", "host": "d6b2a058c4be", "key": "smoke01:rollout:f0e49c09e3ef46809e5d3ee5167b1c57", "pid": 170121, "policy_version": 0, "queue": "rollout", "rank": null, "ts": "2026-10-04 15:48:56"}
[DBG] {"category": "QUEUE", "component": "queue", "event": "size_changed", "host": "d6b2a058c4be", "pid": 170121, "queue": "rollout", "rank": null, "size": 3, "ts": "2026-10-04 15:48:56"}
[DBG] {"category": "QUEUE", "component": "queue", "event": "put_prepare", "host": "d6b2a058c4be", "item_id": "6cef846abbfe44199ce095e749e28bbb", "partition": "smoke01:rollout", "payload_bytes": 1897, "pid": 170121, "policy_version": 0, "queue": "rollout", "rank": null, "ts": "2026-10-04 15:48:57"}
[DBG] {"category": "QUEUE", "component": "queue", "event": "BEGIN:queue_put", "host": "d6b2a058c4be", "item_id": "6cef846abbfe44199ce095e749e28bbb", "pid": 170121, "queue": "rollout", "rank": null, "ts": "2026-10-04 15:48:57"}
[DBG] {"category": "QUEUE", "component": "queue", "event": "watchdog_armed", "host": "d6b2a058c4be", "pid": 170121, "rank": null, "stage": "queue_put", "timeout_sec": 30.0, "ts": "2026-10-04 15:48:57"}
[DBG] {"category": "QUEUE", "component": "queue", "elapsed_sec": 0.028327, "event": "END:queue_put", "host": "d6b2a058c4be", "pid": 170121, "rank": null, "ts": "2026-10-04 15:48:57"}
[DBG] {"category": "QUEUE", "component": "queue", "event": "put_done", "host": "d6b2a058c4be", "key": "smoke01:rollout:6cef846abbfe44199ce095e749e28bbb", "pid": 170121, "policy_version": 0, "queue": "rollout", "rank": null, "ts": "2026-10-04 15:48:57"}
[DBG] {"category": "QUEUE", "component": "queue", "event": "put_prepare", "host": "d6b2a058c4be", "item_id": "df5caf3484cf40219350cece84a26522", "partition": "smoke01:rollout", "payload_bytes": 2505, "pid": 170121, "policy_version": 0, "queue": "rollout", "rank": null, "ts": "2026-10-04 15:48:57"}
[DBG] {"category": "QUEUE", "component": "queue", "event": "BEGIN:queue_put", "host": "d6b2a058c4be", "item_id": "df5caf3484cf40219350cece84a26522", "pid": 170121, "queue": "rollout", "rank": null, "ts": "2026-10-04 15:48:57"}
[DBG] {"category": "QUEUE", "component": "queue", "event": "watchdog_armed", "host": "d6b2a058c4be", "pid": 170121, "rank": null, "stage": "queue_put", "timeout_sec": 30.0, "ts": "2026-10-04 15:48:57"}
[DBG] {"category": "QUEUE", "component": "queue", "elapsed_sec": 0.026956, "event": "END:queue_put", "host": "d6b2a058c4be", "pid": 170121, "rank": null, "ts": "2026-10-04 15:48:57"}
[DBG] {"category": "QUEUE", "component": "queue", "event": "put_done", "host": "d6b2a058c4be", "key": "smoke01:rollout:df5caf3484cf40219350cece84a26522", "pid": 170121, "policy_version": 0, "queue": "rollout", "rank": null, "ts": "2026-10-04 15:48:57"}
[DBG] {"category": "QUEUE", "component": "queue", "event": "size_changed", "host": "d6b2a058c4be", "pid": 170121, "queue": "rollout", "rank": null, "size": 5, "ts": "2026-10-04 15:48:57"}
[DBG] {"category": "QUEUE", "component": "queue", "event": "put_prepare", "host": "d6b2a058c4be", "item_id": "ae4aadef7b0e4e75b37c29ee995fefba", "partition": "smoke01:rollout", "payload_bytes": 1773, "pid": 170121, "policy_version": 0, "queue": "rollout", "rank": null, "ts": "2026-10-04 15:48:57"}
[DBG] {"category": "QUEUE", "component": "queue", "event": "BEGIN:queue_put", "host": "d6b2a058c4be", "item_id": "ae4aadef7b0e4e75b37c29ee995fefba", "pid": 170121, "queue": "rollout", "rank": null, "ts": "2026-10-04 15:48:57"}
[DBG] {"category": "QUEUE", "component": "queue", "event": "watchdog_armed", "host": "d6b2a058c4be", "pid": 170121, "rank": null, "stage": "queue_put", "timeout_sec": 30.0, "ts": "2026-10-04 15:48:57"}
[DBG] {"category": "QUEUE", "component": "queue", "elapsed_sec": 0.027283, "event": "END:queue_put", "host": "d6b2a058c4be", "pid": 170121, "rank": null, "ts": "2026-10-04 15:48:57"}
[DBG] {"category": "QUEUE", "component": "queue", "event": "put_done", "host": "d6b2a058c4be", "key": "smoke01:rollout:ae4aadef7b0e4e75b37c29ee995fefba", "pid": 170121, "policy_version": 0, "queue": "rollout", "rank": null, "ts": "2026-10-04 15:48:57"}
[DBG] {"category": "QUEUE", "component": "queue", "event": "put_prepare", "host": "d6b2a058c4be", "item_id": "57617db4a1284b8bb2a370d44286b562", "partition": "smoke01:rollout", "payload_bytes": 2988, "pid": 170121, "policy_version": 0, "queue": "rollout", "rank": null, "ts": "2026-10-04 15:48:57"}
[DBG] {"category": "QUEUE", "component": "queue", "event": "BEGIN:queue_put", "host": "d6b2a058c4be", "item_id": "57617db4a1284b8bb2a370d44286b562", "pid": 170121, "queue": "rollout", "rank": null, "ts": "2026-10-04 15:48:57"}
[DBG] {"category": "QUEUE", "component": "queue", "event": "watchdog_armed", "host": "d6b2a058c4be", "pid": 170121, "rank": null, "stage": "queue_put", "timeout_sec": 30.0, "ts": "2026-10-04 15:48:57"}
[DBG] {"category": "QUEUE", "component": "queue", "elapsed_sec": 0.026308, "event": "END:queue_put", "host": "d6b2a058c4be", "pid": 170121, "rank": null, "ts": "2026-10-04 15:48:57"}
[DBG] {"category": "QUEUE", "component": "queue", "event": "put_done", "host": "d6b2a058c4be", "key": "smoke01:rollout:57617db4a1284b8bb2a370d44286b562", "pid": 170121, "policy_version": 0, "queue": "rollout", "rank": null, "ts": "2026-10-04 15:48:57"}
[DBG] {"category": "QUEUE", "component": "queue", "event": "size_changed", "host": "d6b2a058c4be", "pid": 170121, "queue": "rollout", "rank": null, "size": 7, "ts": "2026-10-04 15:48:57"}
[DBG] {"category": "QUEUE", "component": "queue", "event": "put_prepare", "host": "d6b2a058c4be", "item_id": "f87cf7fd827647229f7947d86703d563", "partition": "smoke01:rollout", "payload_bytes": 2298, "pid": 170121, "policy_version": 0, "queue": "rollout", "rank": null, "ts": "2026-10-04 15:48:58"}
[DBG] {"category": "QUEUE", "component": "queue", "event": "BEGIN:queue_put", "host": "d6b2a058c4be", "item_id": "f87cf7fd827647229f7947d86703d563", "pid": 170121, "queue": "rollout", "rank": null, "ts": "2026-10-04 15:48:58"}
[DBG] {"category": "QUEUE", "component": "queue", "event": "watchdog_armed", "host": "d6b2a058c4be", "pid": 170121, "rank": null, "stage": "queue_put", "timeout_sec": 30.0, "ts": "2026-10-04 15:48:58"}
[DBG] {"category": "QUEUE", "component": "queue", "elapsed_sec": 0.027655, "event": "END:queue_put", "host": "d6b2a058c4be", "pid": 170121, "rank": null, "ts": "2026-10-04 15:48:58"}
[DBG] {"category": "QUEUE", "component": "queue", "event": "put_done", "host": "d6b2a058c4be", "key": "smoke01:rollout:f87cf7fd827647229f7947d86703d563", "pid": 170121, "policy_version": 0, "queue": "rollout", "rank": null, "ts": "2026-10-04 15:48:58"}
[DBG] {"category": "QUEUE", "component": "queue", "event": "put_prepare", "host": "d6b2a058c4be", "item_id": "b18c0e11da6041da8e3119af6185cd5f", "partition": "smoke01:rollout", "payload_bytes": 3087, "pid": 170121, "policy_version": 0, "queue": "rollout", "rank": null, "ts": "2026-10-04 15:48:58"}
[DBG] {"category": "QUEUE", "component": "queue", "event": "BEGIN:queue_put", "host": "d6b2a058c4be", "item_id": "b18c0e11da6041da8e3119af6185cd5f", "pid": 170121, "queue": "rollout", "rank": null, "ts": "2026-10-04 15:48:58"}
[DBG] {"category": "QUEUE", "component": "queue", "event": "watchdog_armed", "host": "d6b2a058c4be", "pid": 170121, "rank": null, "stage": "queue_put", "timeout_sec": 30.0, "ts": "2026-10-04 15:48:58"}
[DBG] {"category": "QUEUE", "component": "queue", "elapsed_sec": 0.029376, "event": "END:queue_put", "host": "d6b2a058c4be", "pid": 170121, "rank": null, "ts": "2026-10-04 15:48:58"}
[DBG] {"category": "QUEUE", "component": "queue", "event": "put_done", "host": "d6b2a058c4be", "key": "smoke01:rollout:b18c0e11da6041da8e3119af6185cd5f", "pid": 170121, "policy_version": 0, "queue": "rollout", "rank": null, "ts": "2026-10-04 15:48:58"}
[DBG] {"category": "QUEUE", "component": "queue", "event": "size_changed", "host": "d6b2a058c4be", "pid": 170121, "queue": "rollout", "rank": null, "size": 9, "ts": "2026-10-04 15:48:58"}
[DBG] {"category": "QUEUE", "component": "queue", "event": "size_changed", "host": "d6b2a058c4be", "pid": 170121, "queue": "preference", "rank": null, "size": 0, "ts": "2026-10-04 15:49:09"}
[DBG] {"category": "QUEUE", "component": "queue", "event": "put_prepare", "host": "d6b2a058c4be", "item_id": "b1521df15e3c45918b50e4c7d493c11e", "partition": "smoke01:preference", "payload_bytes": 1279, "pid": 170121, "policy_version": 0, "queue": "preference", "rank": null, "ts": "2026-10-04 15:49:09"}
[DBG] {"category": "QUEUE", "component": "queue", "event": "BEGIN:queue_put", "host": "d6b2a058c4be", "item_id": "b1521df15e3c45918b50e4c7d493c11e", "pid": 170121, "queue": "preference", "rank": null, "ts": "2026-10-04 15:49:09"}
[DBG] {"category": "QUEUE", "component": "queue", "event": "watchdog_armed", "host": "d6b2a058c4be", "pid": 170121, "rank": null, "stage": "queue_put", "timeout_sec": 30.0, "ts": "2026-10-04 15:49:09"}
[DBG] {"category": "QUEUE", "component": "queue", "elapsed_sec": 0.028258, "event": "END:queue_put", "host": "d6b2a058c4be", "pid": 170121, "rank": null, "ts": "2026-10-04 15:49:09"}
[DBG] {"category": "QUEUE", "component": "queue", "event": "put_done", "host": "d6b2a058c4be", "key": "smoke01:preference:b1521df15e3c45918b50e4c7d493c11e", "pid": 170121, "policy_version": 0, "queue": "preference", "rank": null, "ts": "2026-10-04 15:49:09"}
[DBG] {"category": "QUEUE", "component": "queue", "event": "size_changed", "host": "d6b2a058c4be", "pid": 170121, "queue": "preference", "rank": null, "size": 1, "ts": "2026-10-04 15:49:09"}
[DBG] {"category": "QUEUE", "component": "queue", "current_version": null, "event": "BEGIN:queue_list_for_pop", "exact": false, "host": "d6b2a058c4be", "max_lag": null, "pid": 170121, "queue": "rollout", "rank": null, "requested": 1, "ts": "2026-10-04 15:49:11"}
[DBG] {"category": "QUEUE", "component": "queue", "event": "watchdog_armed", "host": "d6b2a058c4be", "pid": 170121, "rank": null, "stage": "queue_list_for_pop", "timeout_sec": 30.0, "ts": "2026-10-04 15:49:11"}
[DBG] {"category": "QUEUE", "component": "queue", "elapsed_sec": 0.001974, "event": "END:queue_list_for_pop", "host": "d6b2a058c4be", "pid": 170121, "rank": null, "ts": "2026-10-04 15:49:11"}
[DBG] {"available": 9, "category": "QUEUE", "component": "queue", "event": "pop_scan", "exact": false, "host": "d6b2a058c4be", "pid": 170121, "queue": "rollout", "rank": null, "requested": 1, "selected": 1, "selected_keys": ["smoke01:rollout:5333ae64148743e39d225058c377751d"], "stale": 0, "stale_keys": [], "ts": "2026-10-04 15:49:11"}
[DBG] {"category": "QUEUE", "component": "queue", "event": "BEGIN:queue_get", "host": "d6b2a058c4be", "key": "smoke01:rollout:5333ae64148743e39d225058c377751d", "pid": 170121, "queue": "rollout", "rank": null, "ts": "2026-10-04 15:49:11"}
[DBG] {"category": "QUEUE", "component": "queue", "event": "watchdog_armed", "host": "d6b2a058c4be", "pid": 170121, "rank": null, "stage": "queue_get", "timeout_sec": 30.0, "ts": "2026-10-04 15:49:11"}
[DBG] {"category": "QUEUE", "component": "queue", "elapsed_sec": 0.026619, "event": "END:queue_get", "host": "d6b2a058c4be", "pid": 170121, "rank": null, "ts": "2026-10-04 15:49:12"}
[DBG] {"category": "QUEUE", "component": "queue", "event": "queue_item_decoded", "host": "d6b2a058c4be", "item_id": "5333ae64148743e39d225058c377751d", "key": "smoke01:rollout:5333ae64148743e39d225058c377751d", "pid": 170121, "policy_version": 0, "queue": "rollout", "rank": null, "ts": "2026-10-04 15:49:12"}
[DBG] {"category": "QUEUE", "component": "queue", "count": 1, "event": "BEGIN:clear_popped", "host": "d6b2a058c4be", "pid": 170121, "queue": "rollout", "rank": null, "ts": "2026-10-04 15:49:12"}
[DBG] {"category": "QUEUE", "component": "queue", "event": "watchdog_armed", "host": "d6b2a058c4be", "pid": 170121, "rank": null, "stage": "clear_popped", "timeout_sec": 30.0, "ts": "2026-10-04 15:49:12"}
[DBG] {"category": "QUEUE", "component": "queue", "elapsed_sec": 0.017029, "event": "END:clear_popped", "host": "d6b2a058c4be", "pid": 170121, "rank": null, "ts": "2026-10-04 15:49:12"}
[DBG] {"category": "QUEUE", "component": "queue", "event": "pop_done", "host": "d6b2a058c4be", "item_ids": ["5333ae64148743e39d225058c377751d"], "pid": 170121, "queue": "rollout", "rank": null, "remaining": 8, "returned": 1, "stale": 0, "ts": "2026-10-04 15:49:12"}
[DBG] {"category": "QUEUE", "component": "queue", "event": "size_changed", "host": "d6b2a058c4be", "pid": 170121, "queue": "rollout", "rank": null, "size": 8, "ts": "2026-10-04 15:49:12"}
[DBG] {"category": "QUEUE", "component": "queue", "event": "put_prepare", "host": "d6b2a058c4be", "item_id": "5333ae64148743e39d225058c377751d", "partition": "smoke01:preference", "payload_bytes": 1622, "pid": 170121, "policy_version": 0, "queue": "preference", "rank": null, "ts": "2026-10-04 15:49:13"}
[DBG] {"category": "QUEUE", "component": "queue", "event": "BEGIN:queue_put", "host": "d6b2a058c4be", "item_id": "5333ae64148743e39d225058c377751d", "pid": 170121, "queue": "preference", "rank": null, "ts": "2026-10-04 15:49:13"}
[DBG] {"category": "QUEUE", "component": "queue", "event": "watchdog_armed", "host": "d6b2a058c4be", "pid": 170121, "rank": null, "stage": "queue_put", "timeout_sec": 30.0, "ts": "2026-10-04 15:49:13"}
[DBG] {"category": "QUEUE", "component": "queue", "elapsed_sec": 0.030226, "event": "END:queue_put", "host": "d6b2a058c4be", "pid": 170121, "rank": null, "ts": "2026-10-04 15:49:13"}
[DBG] {"category": "QUEUE", "component": "queue", "event": "put_done", "host": "d6b2a058c4be", "key": "smoke01:preference:5333ae64148743e39d225058c377751d", "pid": 170121, "policy_version": 0, "queue": "preference", "rank": null, "ts": "2026-10-04 15:49:13"}
[DBG] {"category": "QUEUE", "component": "queue", "event": "size_changed", "host": "d6b2a058c4be", "pid": 170121, "queue": "preference", "rank": null, "size": 2, "ts": "2026-10-04 15:49:13"}
[DBG] {"category": "QUEUE", "component": "queue", "current_version": null, "event": "BEGIN:queue_list_for_pop", "exact": false, "host": "d6b2a058c4be", "max_lag": null, "pid": 170121, "queue": "rollout", "rank": null, "requested": 1, "ts": "2026-10-04 15:49:15"}
[DBG] {"category": "QUEUE", "component": "queue", "event": "watchdog_armed", "host": "d6b2a058c4be", "pid": 170121, "rank": null, "stage": "queue_list_for_pop", "timeout_sec": 30.0, "ts": "2026-10-04 15:49:15"}
[DBG] {"category": "QUEUE", "component": "queue", "elapsed_sec": 0.002229, "event": "END:queue_list_for_pop", "host": "d6b2a058c4be", "pid": 170121, "rank": null, "ts": "2026-10-04 15:49:15"}
[DBG] {"available": 8, "category": "QUEUE", "component": "queue", "event": "pop_scan", "exact": false, "host": "d6b2a058c4be", "pid": 170121, "queue": "rollout", "rank": null, "requested": 1, "selected": 1, "selected_keys": ["smoke01:rollout:9ef8e16726124497aff04a679218053b"], "stale": 0, "stale_keys": [], "ts": "2026-10-04 15:49:15"}
[DBG] {"category": "QUEUE", "component": "queue", "event": "BEGIN:queue_get", "host": "d6b2a058c4be", "key": "smoke01:rollout:9ef8e16726124497aff04a679218053b", "pid": 170121, "queue": "rollout", "rank": null, "ts": "2026-10-04 15:49:15"}
[DBG] {"category": "QUEUE", "component": "queue", "event": "watchdog_armed", "host": "d6b2a058c4be", "pid": 170121, "rank": null, "stage": "queue_get", "timeout_sec": 30.0, "ts": "2026-10-04 15:49:15"}
[DBG] {"category": "QUEUE", "component": "queue", "elapsed_sec": 0.024012, "event": "END:queue_get", "host": "d6b2a058c4be", "pid": 170121, "rank": null, "ts": "2026-10-04 15:49:15"}
[DBG] {"category": "QUEUE", "component": "queue", "event": "queue_item_decoded", "host": "d6b2a058c4be", "item_id": "9ef8e16726124497aff04a679218053b", "key": "smoke01:rollout:9ef8e16726124497aff04a679218053b", "pid": 170121, "policy_version": 0, "queue": "rollout", "rank": null, "ts": "2026-10-04 15:49:15"}
[DBG] {"category": "QUEUE", "component": "queue", "count": 1, "event": "BEGIN:clear_popped", "host": "d6b2a058c4be", "pid": 170121, "queue": "rollout", "rank": null, "ts": "2026-10-04 15:49:15"}
[DBG] {"category": "QUEUE", "component": "queue", "event": "watchdog_armed", "host": "d6b2a058c4be", "pid": 170121, "rank": null, "stage": "clear_popped", "timeout_sec": 30.0, "ts": "2026-10-04 15:49:15"}
[DBG] {"category": "QUEUE", "component": "queue", "elapsed_sec": 0.015432, "event": "END:clear_popped", "host": "d6b2a058c4be", "pid": 170121, "rank": null, "ts": "2026-10-04 15:49:15"}
[DBG] {"category": "QUEUE", "component": "queue", "event": "pop_done", "host": "d6b2a058c4be", "item_ids": ["9ef8e16726124497aff04a679218053b"], "pid": 170121, "queue": "rollout", "rank": null, "remaining": 7, "returned": 1, "stale": 0, "ts": "2026-10-04 15:49:15"}
[DBG] {"category": "QUEUE", "component": "queue", "event": "size_changed", "host": "d6b2a058c4be", "pid": 170121, "queue": "rollout", "rank": null, "size": 7, "ts": "2026-10-04 15:49:15"}
[DBG] {"category": "QUEUE", "component": "queue", "current_version": 0, "event": "BEGIN:queue_list_for_pop", "exact": true, "host": "d6b2a058c4be", "max_lag": 3, "pid": 170121, "queue": "preference", "rank": null, "requested": 4, "ts": "2026-10-04 15:49:16"}
[DBG] {"category": "QUEUE", "component": "queue", "event": "watchdog_armed", "host": "d6b2a058c4be", "pid": 170121, "rank": null, "stage": "queue_list_for_pop", "timeout_sec": 30.0, "ts": "2026-10-04 15:49:16"}
[DBG] {"category": "QUEUE", "component": "queue", "elapsed_sec": 0.001765, "event": "END:queue_list_for_pop", "host": "d6b2a058c4be", "pid": 170121, "rank": null, "ts": "2026-10-04 15:49:16"}
[DBG] {"available": 2, "category": "QUEUE", "component": "queue", "event": "pop_scan", "exact": true, "host": "d6b2a058c4be", "pid": 170121, "queue": "preference", "rank": null, "requested": 4, "selected": 2, "selected_keys": ["smoke01:preference:b1521df15e3c45918b50e4c7d493c11e", "smoke01:preference:5333ae64148743e39d225058c377751d"], "stale": 0, "stale_keys": [], "ts": "2026-10-04 15:49:16"}
[DBG] {"available": 2, "category": "QUEUE", "component": "queue", "event": "pop_not_enough", "host": "d6b2a058c4be", "pid": 170121, "queue": "preference", "rank": null, "requested": 4, "ts": "2026-10-04 15:49:16"}
[DBG] {"category": "QUEUE", "component": "queue", "event": "put_prepare", "host": "d6b2a058c4be", "item_id": "ebfbf568c4774437af85b38d993b0f45", "partition": "smoke01:rollout", "payload_bytes": 2411, "pid": 170121, "policy_version": 0, "queue": "rollout", "rank": null, "ts": "2026-10-04 15:49:16"}
[DBG] {"category": "QUEUE", "component": "queue", "event": "BEGIN:queue_put", "host": "d6b2a058c4be", "item_id": "ebfbf568c4774437af85b38d993b0f45", "pid": 170121, "queue": "rollout", "rank": null, "ts": "2026-10-04 15:49:16"}
[DBG] {"category": "QUEUE", "component": "queue", "event": "watchdog_armed", "host": "d6b2a058c4be", "pid": 170121, "rank": null, "stage": "queue_put", "timeout_sec": 30.0, "ts": "2026-10-04 15:49:16"}
[DBG] {"category": "QUEUE", "component": "queue", "elapsed_sec": 0.026944, "event": "END:queue_put", "host": "d6b2a058c4be", "pid": 170121, "rank": null, "ts": "2026-10-04 15:49:16"}
[DBG] {"category": "QUEUE", "component": "queue", "event": "put_done", "host": "d6b2a058c4be", "key": "smoke01:rollout:ebfbf568c4774437af85b38d993b0f45", "pid": 170121, "policy_version": 0, "queue": "rollout", "rank": null, "ts": "2026-10-04 15:49:16"}
[DBG] {"category": "QUEUE", "component": "queue", "event": "put_prepare", "host": "d6b2a058c4be", "item_id": "177990a6edfc401ab8d2cc83c0837ca7", "partition": "smoke01:rollout", "payload_bytes": 2589, "pid": 170121, "policy_version": 0, "queue": "rollout", "rank": null, "ts": "2026-10-04 15:49:16"}
[DBG] {"category": "QUEUE", "component": "queue", "event": "BEGIN:queue_put", "host": "d6b2a058c4be", "item_id": "177990a6edfc401ab8d2cc83c0837ca7", "pid": 170121, "queue": "rollout", "rank": null, "ts": "2026-10-04 15:49:16"}
[DBG] {"category": "QUEUE", "component": "queue", "event": "watchdog_armed", "host": "d6b2a058c4be", "pid": 170121, "rank": null, "stage": "queue_put", "timeout_sec": 30.0, "ts": "2026-10-04 15:49:16"}
[DBG] {"category": "QUEUE", "component": "queue", "elapsed_sec": 0.025904, "event": "END:queue_put", "host": "d6b2a058c4be", "pid": 170121, "rank": null, "ts": "2026-10-04 15:49:16"}
[DBG] {"category": "QUEUE", "component": "queue", "event": "put_done", "host": "d6b2a058c4be", "key": "smoke01:rollout:177990a6edfc401ab8d2cc83c0837ca7", "pid": 170121, "policy_version": 0, "queue": "rollout", "rank": null, "ts": "2026-10-04 15:49:16"}
[DBG] {"category": "QUEUE", "component": "queue", "event": "size_changed", "host": "d6b2a058c4be", "pid": 170121, "queue": "rollout", "rank": null, "size": 9, "ts": "2026-10-04 15:49:16"}
[DBG] {"category": "QUEUE", "component": "queue", "current_version": 0, "event": "BEGIN:queue_list_for_pop", "exact": true, "host": "d6b2a058c4be", "max_lag": 3, "pid": 170121, "queue": "preference", "rank": null, "requested": 4, "ts": "2026-10-04 15:49:16"}
[DBG] {"category": "QUEUE", "component": "queue", "event": "watchdog_armed", "host": "d6b2a058c4be", "pid": 170121, "rank": null, "stage": "queue_list_for_pop", "timeout_sec": 30.0, "ts": "2026-10-04 15:49:16"}
[DBG] {"category": "QUEUE", "component": "queue", "elapsed_sec": 0.001717, "event": "END:queue_list_for_pop", "host": "d6b2a058c4be", "pid": 170121, "rank": null, "ts": "2026-10-04 15:49:16"}
[DBG] {"available": 2, "category": "QUEUE", "component": "queue", "event": "pop_scan", "exact": true, "host": "d6b2a058c4be", "pid": 170121, "queue": "preference", "rank": null, "requested": 4, "selected": 2, "selected_keys": ["smoke01:preference:b1521df15e3c45918b50e4c7d493c11e", "smoke01:preference:5333ae64148743e39d225058c377751d"], "stale": 0, "stale_keys": [], "ts": "2026-10-04 15:49:16"}
[DBG] {"available": 2, "category": "QUEUE", "component": "queue", "event": "pop_not_enough", "host": "d6b2a058c4be", "pid": 170121, "queue": "preference", "rank": null, "requested": 4, "ts": "2026-10-04 15:49:16"}
[DBG] {"category": "QUEUE", "component": "queue", "event": "put_prepare", "host": "d6b2a058c4be", "item_id": "9ef8e16726124497aff04a679218053b", "partition": "smoke01:preference", "payload_bytes": 1641, "pid": 170121, "policy_version": 0, "queue": "preference", "rank": null, "ts": "2026-10-04 15:49:17"}
[DBG] {"category": "QUEUE", "component": "queue", "event": "BEGIN:queue_put", "host": "d6b2a058c4be", "item_id": "9ef8e16726124497aff04a679218053b", "pid": 170121, "queue": "preference", "rank": null, "ts": "2026-10-04 15:49:17"}
[DBG] {"category": "QUEUE", "component": "queue", "event": "watchdog_armed", "host": "d6b2a058c4be", "pid": 170121, "rank": null, "stage": "queue_put", "timeout_sec": 30.0, "ts": "2026-10-04 15:49:17"}
[DBG] {"category": "QUEUE", "component": "queue", "elapsed_sec": 0.026807, "event": "END:queue_put", "host": "d6b2a058c4be", "pid": 170121, "rank": null, "ts": "2026-10-04 15:49:17"}
[DBG] {"category": "QUEUE", "component": "queue", "event": "put_done", "host": "d6b2a058c4be", "key": "smoke01:preference:9ef8e16726124497aff04a679218053b", "pid": 170121, "policy_version": 0, "queue": "preference", "rank": null, "ts": "2026-10-04 15:49:17"}
[DBG] {"category": "QUEUE", "component": "queue", "event": "size_changed", "host": "d6b2a058c4be", "pid": 170121, "queue": "preference", "rank": null, "size": 3, "ts": "2026-10-04 15:49:17"}
[DBG] {"category": "QUEUE", "component": "queue", "current_version": 0, "event": "BEGIN:queue_list_for_pop", "exact": true, "host": "d6b2a058c4be", "max_lag": 3, "pid": 170121, "queue": "preference", "rank": null, "requested": 4, "ts": "2026-10-04 15:49:17"}
[DBG] {"category": "QUEUE", "component": "queue", "event": "watchdog_armed", "host": "d6b2a058c4be", "pid": 170121, "rank": null, "stage": "queue_list_for_pop", "timeout_sec": 30.0, "ts": "2026-10-04 15:49:17"}
[DBG] {"category": "QUEUE", "component": "queue", "elapsed_sec": 0.001848, "event": "END:queue_list_for_pop", "host": "d6b2a058c4be", "pid": 170121, "rank": null, "ts": "2026-10-04 15:49:17"}
[DBG] {"available": 3, "category": "QUEUE", "component": "queue", "event": "pop_scan", "exact": true, "host": "d6b2a058c4be", "pid": 170121, "queue": "preference", "rank": null, "requested": 4, "selected": 3, "selected_keys": ["smoke01:preference:b1521df15e3c45918b50e4c7d493c11e", "smoke01:preference:5333ae64148743e39d225058c377751d", "smoke01:preference:9ef8e16726124497aff04a679218053b"], "stale": 0, "stale_keys": [], "ts": "2026-10-04 15:49:17"}
[DBG] {"available": 3, "category": "QUEUE", "component": "queue", "event": "pop_not_enough", "host": "d6b2a058c4be", "pid": 170121, "queue": "preference", "rank": null, "requested": 4, "ts": "2026-10-04 15:49:17"}
[DBG] {"category": "QUEUE", "component": "queue", "current_version": 0, "event": "BEGIN:queue_list_for_pop", "exact": true, "host": "d6b2a058c4be", "max_lag": 3, "pid": 170121, "queue": "preference", "rank": null, "requested": 4, "ts": "2026-10-04 15:49:18"}
[DBG] {"category": "QUEUE", "component": "queue", "event": "watchdog_armed", "host": "d6b2a058c4be", "pid": 170121, "rank": null, "stage": "queue_list_for_pop", "timeout_sec": 30.0, "ts": "2026-10-04 15:49:18"}
[DBG] {"category": "QUEUE", "component": "queue", "elapsed_sec": 0.001769, "event": "END:queue_list_for_pop", "host": "d6b2a058c4be", "pid": 170121, "rank": null, "ts": "2026-10-04 15:49:18"}
[DBG] {"available": 3, "category": "QUEUE", "component": "queue", "event": "pop_scan", "exact": true, "host": "d6b2a058c4be", "pid": 170121, "queue": "preference", "rank": null, "requested": 4, "selected": 3, "selected_keys": ["smoke01:preference:b1521df15e3c45918b50e4c7d493c11e", "smoke01:preference:5333ae64148743e39d225058c377751d", "smoke01:preference:9ef8e16726124497aff04a679218053b"], "stale": 0, "stale_keys": [], "ts": "2026-10-04 15:49:18"}
[DBG] {"available": 3, "category": "QUEUE", "component": "queue", "event": "pop_not_enough", "host": "d6b2a058c4be", "pid": 170121, "queue": "preference", "rank": null, "requested": 4, "ts": "2026-10-04 15:49:18"}
[DBG] {"category": "QUEUE", "component": "queue", "current_version": 0, "event": "BEGIN:queue_list_for_pop", "exact": true, "host": "d6b2a058c4be", "max_lag": 3, "pid": 170121, "queue": "preference", "rank": null, "requested": 4, "ts": "2026-10-04 15:49:18"}
[DBG] {"category": "QUEUE", "component": "queue", "event": "watchdog_armed", "host": "d6b2a058c4be", "pid": 170121, "rank": null, "stage": "queue_list_for_pop", "timeout_sec": 30.0, "ts": "2026-10-04 15:49:18"}
[DBG] {"category": "QUEUE", "component": "queue", "elapsed_sec": 0.001845, "event": "END:queue_list_for_pop", "host": "d6b2a058c4be", "pid": 170121, "rank": null, "ts": "2026-10-04 15:49:18"}
[DBG] {"available": 3, "category": "QUEUE", "component": "queue", "event": "pop_scan", "exact": true, "host": "d6b2a058c4be", "pid": 170121, "queue": "preference", "rank": null, "requested": 4, "selected": 3, "selected_keys": ["smoke01:preference:b1521df15e3c45918b50e4c7d493c11e", "smoke01:preference:5333ae64148743e39d225058c377751d", "smoke01:preference:9ef8e16726124497aff04a679218053b"], "stale": 0, "stale_keys": [], "ts": "2026-10-04 15:49:18"}
[DBG] {"available": 3, "category": "QUEUE", "component": "queue", "event": "pop_not_enough", "host": "d6b2a058c4be", "pid": 170121, "queue": "preference", "rank": null, "requested": 4, "ts": "2026-10-04 15:49:18"}
[DBG] {"category": "QUEUE", "component": "queue", "current_version": 0, "event": "BEGIN:queue_list_for_pop", "exact": true, "host": "d6b2a058c4be", "max_lag": 3, "pid": 170121, "queue": "preference", "rank": null, "requested": 4, "ts": "2026-10-04 15:49:19"}
[DBG] {"category": "QUEUE", "component": "queue", "event": "watchdog_armed", "host": "d6b2a058c4be", "pid": 170121, "rank": null, "stage": "queue_list_for_pop", "timeout_sec": 30.0, "ts": "2026-10-04 15:49:19"}
[DBG] {"category": "QUEUE", "component": "queue", "elapsed_sec": 0.001785, "event": "END:queue_list_for_pop", "host": "d6b2a058c4be", "pid": 170121, "rank": null, "ts": "2026-10-04 15:49:19"}
[DBG] {"available": 3, "category": "QUEUE", "component": "queue", "event": "pop_scan", "exact": true, "host": "d6b2a058c4be", "pid": 170121, "queue": "preference", "rank": null, "requested": 4, "selected": 3, "selected_keys": ["smoke01:preference:b1521df15e3c45918b50e4c7d493c11e", "smoke01:preference:5333ae64148743e39d225058c377751d", "smoke01:preference:9ef8e16726124497aff04a679218053b"], "stale": 0, "stale_keys": [], "ts": "2026-10-04 15:49:19"}
[DBG] {"available": 3, "category": "QUEUE", "component": "queue", "event": "pop_not_enough", "host": "d6b2a058c4be", "pid": 170121, "queue": "preference", "rank": null, "requested": 4, "ts": "2026-10-04 15:49:19"}
[DBG] {"category": "QUEUE", "component": "queue", "current_version": null, "event": "BEGIN:queue_list_for_pop", "exact": false, "host": "d6b2a058c4be", "max_lag": null, "pid": 170121, "queue": "rollout", "rank": null, "requested": 1, "ts": "2026-10-04 15:49:19"}
[DBG] {"category": "QUEUE", "component": "queue", "event": "watchdog_armed", "host": "d6b2a058c4be", "pid": 170121, "rank": null, "stage": "queue_list_for_pop", "timeout_sec": 30.0, "ts": "2026-10-04 15:49:19"}
[DBG] {"category": "QUEUE", "component": "queue", "elapsed_sec": 0.002199, "event": "END:queue_list_for_pop", "host": "d6b2a058c4be", "pid": 170121, "rank": null, "ts": "2026-10-04 15:49:19"}
[DBG] {"available": 9, "category": "QUEUE", "component": "queue", "event": "pop_scan", "exact": false, "host": "d6b2a058c4be", "pid": 170121, "queue": "rollout", "rank": null, "requested": 1, "selected": 1, "selected_keys": ["smoke01:rollout:f0e49c09e3ef46809e5d3ee5167b1c57"], "stale": 0, "stale_keys": [], "ts": "2026-10-04 15:49:19"}
[DBG] {"category": "QUEUE", "component": "queue", "event": "BEGIN:queue_get", "host": "d6b2a058c4be", "key": "smoke01:rollout:f0e49c09e3ef46809e5d3ee5167b1c57", "pid": 170121, "queue": "rollout", "rank": null, "ts": "2026-10-04 15:49:19"}
[DBG] {"category": "QUEUE", "component": "queue", "event": "watchdog_armed", "host": "d6b2a058c4be", "pid": 170121, "rank": null, "stage": "queue_get", "timeout_sec": 30.0, "ts": "2026-10-04 15:49:19"}
[DBG] {"category": "QUEUE", "component": "queue", "elapsed_sec": 0.024651, "event": "END:queue_get", "host": "d6b2a058c4be", "pid": 170121, "rank": null, "ts": "2026-10-04 15:49:19"}
[DBG] {"category": "QUEUE", "component": "queue", "event": "queue_item_decoded", "host": "d6b2a058c4be", "item_id": "f0e49c09e3ef46809e5d3ee5167b1c57", "key": "smoke01:rollout:f0e49c09e3ef46809e5d3ee5167b1c57", "pid": 170121, "policy_version": 0, "queue": "rollout", "rank": null, "ts": "2026-10-04 15:49:19"}
[DBG] {"category": "QUEUE", "component": "queue", "count": 1, "event": "BEGIN:clear_popped", "host": "d6b2a058c4be", "pid": 170121, "queue": "rollout", "rank": null, "ts": "2026-10-04 15:49:19"}
[DBG] {"category": "QUEUE", "component": "queue", "event": "watchdog_armed", "host": "d6b2a058c4be", "pid": 170121, "rank": null, "stage": "clear_popped", "timeout_sec": 30.0, "ts": "2026-10-04 15:49:19"}
[DBG] {"category": "QUEUE", "component": "queue", "elapsed_sec": 0.015512, "event": "END:clear_popped", "host": "d6b2a058c4be", "pid": 170121, "rank": null, "ts": "2026-10-04 15:49:19"}
[DBG] {"category": "QUEUE", "component": "queue", "event": "pop_done", "host": "d6b2a058c4be", "item_ids": ["f0e49c09e3ef46809e5d3ee5167b1c57"], "pid": 170121, "queue": "rollout", "rank": null, "remaining": 8, "returned": 1, "stale": 0, "ts": "2026-10-04 15:49:19"}
[DBG] {"category": "QUEUE", "component": "queue", "event": "size_changed", "host": "d6b2a058c4be", "pid": 170121, "queue": "rollout", "rank": null, "size": 8, "ts": "2026-10-04 15:49:19"}
[DBG] {"category": "QUEUE", "component": "queue", "current_version": 0, "event": "BEGIN:queue_list_for_pop", "exact": true, "host": "d6b2a058c4be", "max_lag": 3, "pid": 170121, "queue": "preference", "rank": null, "requested": 4, "ts": "2026-10-04 15:49:19"}
[DBG] {"category": "QUEUE", "component": "queue", "event": "watchdog_armed", "host": "d6b2a058c4be", "pid": 170121, "rank": null, "stage": "queue_list_for_pop", "timeout_sec": 30.0, "ts": "2026-10-04 15:49:19"}
[DBG] {"category": "QUEUE", "component": "queue", "elapsed_sec": 0.001765, "event": "END:queue_list_for_pop", "host": "d6b2a058c4be", "pid": 170121, "rank": null, "ts": "2026-10-04 15:49:19"}
[DBG] {"available": 3, "category": "QUEUE", "component": "queue", "event": "pop_scan", "exact": true, "host": "d6b2a058c4be", "pid": 170121, "queue": "preference", "rank": null, "requested": 4, "selected": 3, "selected_keys": ["smoke01:preference:b1521df15e3c45918b50e4c7d493c11e", "smoke01:preference:5333ae64148743e39d225058c377751d", "smoke01:preference:9ef8e16726124497aff04a679218053b"], "stale": 0, "stale_keys": [], "ts": "2026-10-04 15:49:19"}
[DBG] {"available": 3, "category": "QUEUE", "component": "queue", "event": "pop_not_enough", "host": "d6b2a058c4be", "pid": 170121, "queue": "preference", "rank": null, "requested": 4, "ts": "2026-10-04 15:49:19"}
[DBG] {"category": "QUEUE", "component": "queue", "current_version": 0, "event": "BEGIN:queue_list_for_pop", "exact": true, "host": "d6b2a058c4be", "max_lag": 3, "pid": 170121, "queue": "preference", "rank": null, "requested": 4, "ts": "2026-10-04 15:49:20"}
[DBG] {"category": "QUEUE", "component": "queue", "event": "watchdog_armed", "host": "d6b2a058c4be", "pid": 170121, "rank": null, "stage": "queue_list_for_pop", "timeout_sec": 30.0, "ts": "2026-10-04 15:49:20"}
[DBG] {"category": "QUEUE", "component": "queue", "elapsed_sec": 0.001736, "event": "END:queue_list_for_pop", "host": "d6b2a058c4be", "pid": 170121, "rank": null, "ts": "2026-10-04 15:49:20"}
[DBG] {"available": 3, "category": "QUEUE", "component": "queue", "event": "pop_scan", "exact": true, "host": "d6b2a058c4be", "pid": 170121, "queue": "preference", "rank": null, "requested": 4, "selected": 3, "selected_keys": ["smoke01:preference:b1521df15e3c45918b50e4c7d493c11e", "smoke01:preference:5333ae64148743e39d225058c377751d", "smoke01:preference:9ef8e16726124497aff04a679218053b"], "stale": 0, "stale_keys": [], "ts": "2026-10-04 15:49:20"}
[DBG] {"available": 3, "category": "QUEUE", "component": "queue", "event": "pop_not_enough", "host": "d6b2a058c4be", "pid": 170121, "queue": "preference", "rank": null, "requested": 4, "ts": "2026-10-04 15:49:20"}
[DBG] {"category": "QUEUE", "component": "queue", "current_version": 0, "event": "BEGIN:queue_list_for_pop", "exact": true, "host": "d6b2a058c4be", "max_lag": 3, "pid": 170121, "queue": "preference", "rank": null, "requested": 4, "ts": "2026-10-04 15:49:20"}
[DBG] {"category": "QUEUE", "component": "queue", "event": "watchdog_armed", "host": "d6b2a058c4be", "pid": 170121, "rank": null, "stage": "queue_list_for_pop", "timeout_sec": 30.0, "ts": "2026-10-04 15:49:20"}
[DBG] {"category": "QUEUE", "component": "queue", "elapsed_sec": 0.001841, "event": "END:queue_list_for_pop", "host": "d6b2a058c4be", "pid": 170121, "rank": null, "ts": "2026-10-04 15:49:20"}
[DBG] {"available": 3, "category": "QUEUE", "component": "queue", "event": "pop_scan", "exact": true, "host": "d6b2a058c4be", "pid": 170121, "queue": "preference", "rank": null, "requested": 4, "selected": 3, "selected_keys": ["smoke01:preference:b1521df15e3c45918b50e4c7d493c11e", "smoke01:preference:5333ae64148743e39d225058c377751d", "smoke01:preference:9ef8e16726124497aff04a679218053b"], "stale": 0, "stale_keys": [], "ts": "2026-10-04 15:49:20"}
[DBG] {"available": 3, "category": "QUEUE", "component": "queue", "event": "pop_not_enough", "host": "d6b2a058c4be", "pid": 170121, "queue": "preference", "rank": null, "requested": 4, "ts": "2026-10-04 15:49:20"}
[DBG] {"category": "QUEUE", "component": "queue", "event": "put_prepare", "host": "d6b2a058c4be", "item_id": "f0e49c09e3ef46809e5d3ee5167b1c57", "partition": "smoke01:preference", "payload_bytes": 1363, "pid": 170121, "policy_version": 0, "queue": "preference", "rank": null, "ts": "2026-10-04 15:49:20"}
[DBG] {"category": "QUEUE", "component": "queue", "event": "BEGIN:queue_put", "host": "d6b2a058c4be", "item_id": "f0e49c09e3ef46809e5d3ee5167b1c57", "pid": 170121, "queue": "preference", "rank": null, "ts": "2026-10-04 15:49:20"}
[DBG] {"category": "QUEUE", "component": "queue", "event": "watchdog_armed", "host": "d6b2a058c4be", "pid": 170121, "rank": null, "stage": "queue_put", "timeout_sec": 30.0, "ts": "2026-10-04 15:49:20"}
[DBG] {"category": "QUEUE", "component": "queue", "elapsed_sec": 0.027244, "event": "END:queue_put", "host": "d6b2a058c4be", "pid": 170121, "rank": null, "ts": "2026-10-04 15:49:20"}
[DBG] {"category": "QUEUE", "component": "queue", "event": "put_done", "host": "d6b2a058c4be", "key": "smoke01:preference:f0e49c09e3ef46809e5d3ee5167b1c57", "pid": 170121, "policy_version": 0, "queue": "preference", "rank": null, "ts": "2026-10-04 15:49:20"}
[DBG] {"category": "QUEUE", "component": "queue", "event": "size_changed", "host": "d6b2a058c4be", "pid": 170121, "queue": "preference", "rank": null, "size": 4, "ts": "2026-10-04 15:49:20"}
[DBG] {"category": "QUEUE", "component": "queue", "current_version": 0, "event": "BEGIN:queue_list_for_pop", "exact": true, "host": "d6b2a058c4be", "max_lag": 3, "pid": 170121, "queue": "preference", "rank": null, "requested": 4, "ts": "2026-10-04 15:49:21"}
[DBG] {"category": "QUEUE", "component": "queue", "event": "watchdog_armed", "host": "d6b2a058c4be", "pid": 170121, "rank": null, "stage": "queue_list_for_pop", "timeout_sec": 30.0, "ts": "2026-10-04 15:49:21"}
[DBG] {"category": "QUEUE", "component": "queue", "elapsed_sec": 0.001687, "event": "END:queue_list_for_pop", "host": "d6b2a058c4be", "pid": 170121, "rank": null, "ts": "2026-10-04 15:49:21"}
[DBG] {"available": 4, "category": "QUEUE", "component": "queue", "event": "pop_scan", "exact": true, "host": "d6b2a058c4be", "pid": 170121, "queue": "preference", "rank": null, "requested": 4, "selected": 4, "selected_keys": ["smoke01:preference:b1521df15e3c45918b50e4c7d493c11e", "smoke01:preference:5333ae64148743e39d225058c377751d", "smoke01:preference:9ef8e16726124497aff04a679218053b", "smoke01:preference:f0e49c09e3ef46809e5d3ee5167b1c57"], "stale": 0, "stale_keys": [], "ts": "2026-10-04 15:49:21"}
[DBG] {"category": "QUEUE", "component": "queue", "event": "BEGIN:queue_get", "host": "d6b2a058c4be", "key": "smoke01:preference:b1521df15e3c45918b50e4c7d493c11e", "pid": 170121, "queue": "preference", "rank": null, "ts": "2026-10-04 15:49:21"}
[DBG] {"category": "QUEUE", "component": "queue", "event": "watchdog_armed", "host": "d6b2a058c4be", "pid": 170121, "rank": null, "stage": "queue_get", "timeout_sec": 30.0, "ts": "2026-10-04 15:49:21"}
[DBG] {"category": "QUEUE", "component": "queue", "elapsed_sec": 0.024443, "event": "END:queue_get", "host": "d6b2a058c4be", "pid": 170121, "rank": null, "ts": "2026-10-04 15:49:21"}
[DBG] {"category": "QUEUE", "component": "queue", "event": "queue_item_decoded", "host": "d6b2a058c4be", "item_id": "b1521df15e3c45918b50e4c7d493c11e", "key": "smoke01:preference:b1521df15e3c45918b50e4c7d493c11e", "pid": 170121, "policy_version": 0, "queue": "preference", "rank": null, "ts": "2026-10-04 15:49:21"}
[DBG] {"category": "QUEUE", "component": "queue", "event": "BEGIN:queue_get", "host": "d6b2a058c4be", "key": "smoke01:preference:5333ae64148743e39d225058c377751d", "pid": 170121, "queue": "preference", "rank": null, "ts": "2026-10-04 15:49:21"}
[DBG] {"category": "QUEUE", "component": "queue", "event": "watchdog_armed", "host": "d6b2a058c4be", "pid": 170121, "rank": null, "stage": "queue_get", "timeout_sec": 30.0, "ts": "2026-10-04 15:49:21"}
[DBG] {"category": "QUEUE", "component": "queue", "elapsed_sec": 0.023706, "event": "END:queue_get", "host": "d6b2a058c4be", "pid": 170121, "rank": null, "ts": "2026-10-04 15:49:21"}
[DBG] {"category": "QUEUE", "component": "queue", "event": "queue_item_decoded", "host": "d6b2a058c4be", "item_id": "5333ae64148743e39d225058c377751d", "key": "smoke01:preference:5333ae64148743e39d225058c377751d", "pid": 170121, "policy_version": 0, "queue": "preference", "rank": null, "ts": "2026-10-04 15:49:21"}
[DBG] {"category": "QUEUE", "component": "queue", "event": "BEGIN:queue_get", "host": "d6b2a058c4be", "key": "smoke01:preference:9ef8e16726124497aff04a679218053b", "pid": 170121, "queue": "preference", "rank": null, "ts": "2026-10-04 15:49:21"}
[DBG] {"category": "QUEUE", "component": "queue", "event": "watchdog_armed", "host": "d6b2a058c4be", "pid": 170121, "rank": null, "stage": "queue_get", "timeout_sec": 30.0, "ts": "2026-10-04 15:49:21"}
[DBG] {"category": "QUEUE", "component": "queue", "elapsed_sec": 0.023809, "event": "END:queue_get", "host": "d6b2a058c4be", "pid": 170121, "rank": null, "ts": "2026-10-04 15:49:21"}
[DBG] {"category": "QUEUE", "component": "queue", "event": "queue_item_decoded", "host": "d6b2a058c4be", "item_id": "9ef8e16726124497aff04a679218053b", "key": "smoke01:preference:9ef8e16726124497aff04a679218053b", "pid": 170121, "policy_version": 0, "queue": "preference", "rank": null, "ts": "2026-10-04 15:49:21"}
[DBG] {"category": "QUEUE", "component": "queue", "event": "BEGIN:queue_get", "host": "d6b2a058c4be", "key": "smoke01:preference:f0e49c09e3ef46809e5d3ee5167b1c57", "pid": 170121, "queue": "preference", "rank": null, "ts": "2026-10-04 15:49:21"}
[DBG] {"category": "QUEUE", "component": "queue", "event": "watchdog_armed", "host": "d6b2a058c4be", "pid": 170121, "rank": null, "stage": "queue_get", "timeout_sec": 30.0, "ts": "2026-10-04 15:49:21"}
[DBG] {"category": "QUEUE", "component": "queue", "elapsed_sec": 0.024792, "event": "END:queue_get", "host": "d6b2a058c4be", "pid": 170121, "rank": null, "ts": "2026-10-04 15:49:21"}
[DBG] {"category": "QUEUE", "component": "queue", "event": "queue_item_decoded", "host": "d6b2a058c4be", "item_id": "f0e49c09e3ef46809e5d3ee5167b1c57", "key": "smoke01:preference:f0e49c09e3ef46809e5d3ee5167b1c57", "pid": 170121, "policy_version": 0, "queue": "preference", "rank": null, "ts": "2026-10-04 15:49:21"}
[DBG] {"category": "QUEUE", "component": "queue", "count": 4, "event": "BEGIN:clear_popped", "host": "d6b2a058c4be", "pid": 170121, "queue": "preference", "rank": null, "ts": "2026-10-04 15:49:21"}
[DBG] {"category": "QUEUE", "component": "queue", "event": "watchdog_armed", "host": "d6b2a058c4be", "pid": 170121, "rank": null, "stage": "clear_popped", "timeout_sec": 30.0, "ts": "2026-10-04 15:49:21"}
[DBG] {"category": "QUEUE", "component": "queue", "elapsed_sec": 0.016271, "event": "END:clear_popped", "host": "d6b2a058c4be", "pid": 170121, "rank": null, "ts": "2026-10-04 15:49:21"}
[DBG] {"category": "QUEUE", "component": "queue", "event": "pop_done", "host": "d6b2a058c4be", "item_ids": ["b1521df15e3c45918b50e4c7d493c11e", "5333ae64148743e39d225058c377751d", "9ef8e16726124497aff04a679218053b", "f0e49c09e3ef46809e5d3ee5167b1c57"], "pid": 170121, "queue": "preference", "rank": null, "remaining": 0, "returned": 4, "stale": 0, "ts": "2026-10-04 15:49:21"}
[DBG] {"category": "QUEUE", "component": "queue", "current_version": null, "event": "BEGIN:queue_list_for_pop", "exact": false, "host": "d6b2a058c4be", "max_lag": null, "pid": 170121, "queue": "rollout", "rank": null, "requested": 1, "ts": "2026-10-04 15:49:22"}
[DBG] {"category": "QUEUE", "component": "queue", "event": "watchdog_armed", "host": "d6b2a058c4be", "pid": 170121, "rank": null, "stage": "queue_list_for_pop", "timeout_sec": 30.0, "ts": "2026-10-04 15:49:22"}
[DBG] {"category": "QUEUE", "component": "queue", "elapsed_sec": 0.002942, "event": "END:queue_list_for_pop", "host": "d6b2a058c4be", "pid": 170121, "rank": null, "ts": "2026-10-04 15:49:22"}
[DBG] {"available": 8, "category": "QUEUE", "component": "queue", "event": "pop_scan", "exact": false, "host": "d6b2a058c4be", "pid": 170121, "queue": "rollout", "rank": null, "requested": 1, "selected": 1, "selected_keys": ["smoke01:rollout:6cef846abbfe44199ce095e749e28bbb"], "stale": 0, "stale_keys": [], "ts": "2026-10-04 15:49:22"}
[DBG] {"category": "QUEUE", "component": "queue", "event": "BEGIN:queue_get", "host": "d6b2a058c4be", "key": "smoke01:rollout:6cef846abbfe44199ce095e749e28bbb", "pid": 170121, "queue": "rollout", "rank": null, "ts": "2026-10-04 15:49:22"}
[DBG] {"category": "QUEUE", "component": "queue", "event": "watchdog_armed", "host": "d6b2a058c4be", "pid": 170121, "rank": null, "stage": "queue_get", "timeout_sec": 30.0, "ts": "2026-10-04 15:49:22"}
[DBG] {"category": "QUEUE", "component": "queue", "elapsed_sec": 0.019705, "event": "END:queue_get", "host": "d6b2a058c4be", "pid": 170121, "rank": null, "ts": "2026-10-04 15:49:22"}
[DBG] {"category": "QUEUE", "component": "queue", "event": "queue_item_decoded", "host": "d6b2a058c4be", "item_id": "6cef846abbfe44199ce095e749e28bbb", "key": "smoke01:rollout:6cef846abbfe44199ce095e749e28bbb", "pid": 170121, "policy_version": 0, "queue": "rollout", "rank": null, "ts": "2026-10-04 15:49:22"}
[DBG] {"category": "QUEUE", "component": "queue", "count": 1, "event": "BEGIN:clear_popped", "host": "d6b2a058c4be", "pid": 170121, "queue": "rollout", "rank": null, "ts": "2026-10-04 15:49:22"}
[DBG] {"category": "QUEUE", "component": "queue", "event": "watchdog_armed", "host": "d6b2a058c4be", "pid": 170121, "rank": null, "stage": "clear_popped", "timeout_sec": 30.0, "ts": "2026-10-04 15:49:22"}
[DBG] {"category": "QUEUE", "component": "queue", "elapsed_sec": 0.017524, "event": "END:clear_popped", "host": "d6b2a058c4be", "pid": 170121, "rank": null, "ts": "2026-10-04 15:49:22"}
[DBG] {"category": "QUEUE", "component": "queue", "event": "pop_done", "host": "d6b2a058c4be", "item_ids": ["6cef846abbfe44199ce095e749e28bbb"], "pid": 170121, "queue": "rollout", "rank": null, "remaining": 7, "returned": 1, "stale": 0, "ts": "2026-10-04 15:49:22"}
[DBG] {"category": "QUEUE", "component": "queue", "event": "size_changed", "host": "d6b2a058c4be", "pid": 170121, "queue": "rollout", "rank": null, "size": 7, "ts": "2026-10-04 15:49:22"}
[DBG] {"category": "QUEUE", "component": "queue", "event": "put_prepare", "host": "d6b2a058c4be", "item_id": "ac8d6d483b344061817c5c67dc6f4359", "partition": "smoke01:rollout", "payload_bytes": 2729, "pid": 170121, "policy_version": 0, "queue": "rollout", "rank": null, "ts": "2026-10-04 15:49:23"}
[DBG] {"category": "QUEUE", "component": "queue", "event": "BEGIN:queue_put", "host": "d6b2a058c4be", "item_id": "ac8d6d483b344061817c5c67dc6f4359", "pid": 170121, "queue": "rollout", "rank": null, "ts": "2026-10-04 15:49:23"}
[DBG] {"category": "QUEUE", "component": "queue", "event": "watchdog_armed", "host": "d6b2a058c4be", "pid": 170121, "rank": null, "stage": "queue_put", "timeout_sec": 30.0, "ts": "2026-10-04 15:49:23"}
[DBG] {"category": "QUEUE", "component": "queue", "elapsed_sec": 0.024496, "event": "END:queue_put", "host": "d6b2a058c4be", "pid": 170121, "rank": null, "ts": "2026-10-04 15:49:23"}
[DBG] {"category": "QUEUE", "component": "queue", "event": "put_done", "host": "d6b2a058c4be", "key": "smoke01:rollout:ac8d6d483b344061817c5c67dc6f4359", "pid": 170121, "policy_version": 0, "queue": "rollout", "rank": null, "ts": "2026-10-04 15:49:23"}
[DBG] {"category": "QUEUE", "component": "queue", "event": "put_prepare", "host": "d6b2a058c4be", "item_id": "7c738133eeef4c11a569b4bf33d00d10", "partition": "smoke01:rollout", "payload_bytes": 1556, "pid": 170121, "policy_version": 0, "queue": "rollout", "rank": null, "ts": "2026-10-04 15:49:23"}
[DBG] {"category": "QUEUE", "component": "queue", "event": "BEGIN:queue_put", "host": "d6b2a058c4be", "item_id": "7c738133eeef4c11a569b4bf33d00d10", "pid": 170121, "queue": "rollout", "rank": null, "ts": "2026-10-04 15:49:23"}
[DBG] {"category": "QUEUE", "component": "queue", "event": "watchdog_armed", "host": "d6b2a058c4be", "pid": 170121, "rank": null, "stage": "queue_put", "timeout_sec": 30.0, "ts": "2026-10-04 15:49:23"}
[DBG] {"category": "QUEUE", "component": "queue", "elapsed_sec": 0.023295, "event": "END:queue_put", "host": "d6b2a058c4be", "pid": 170121, "rank": null, "ts": "2026-10-04 15:49:23"}
[DBG] {"category": "QUEUE", "component": "queue", "event": "put_done", "host": "d6b2a058c4be", "key": "smoke01:rollout:7c738133eeef4c11a569b4bf33d00d10", "pid": 170121, "policy_version": 0, "queue": "rollout", "rank": null, "ts": "2026-10-04 15:49:23"}
[DBG] {"category": "QUEUE", "component": "queue", "event": "size_changed", "host": "d6b2a058c4be", "pid": 170121, "queue": "rollout", "rank": null, "size": 9, "ts": "2026-10-04 15:49:23"}
[DBG] {"category": "QUEUE", "component": "queue", "event": "broker_close_begin", "host": "d6b2a058c4be", "pid": 170121, "rank": null, "ts": "2026-10-04 15:51:40"}
[DBG] {"category": "QUEUE", "component": "queue", "event": "broker_close_end", "host": "d6b2a058c4be", "pid": 170121, "rank": null, "ts": "2026-10-04 15:51:41"}
