[DBG] {"category": "QUEUE", "component": "queue", "event": "BEGIN:transfer_queue_init", "host": "d6b2a058c4be", "pid": 201946, "rank": null, "run_id": "smoke01", "ts": "2026-10-04 16:20:14"}
[DBG] {"category": "QUEUE", "component": "queue", "event": "watchdog_armed", "host": "d6b2a058c4be", "pid": 201946, "rank": null, "stage": "transfer_queue_init", "timeout_sec": 30.0, "ts": "2026-10-04 16:20:14"}
[DBG] {"category": "QUEUE", "component": "queue", "elapsed_sec": 7.036964, "event": "END:transfer_queue_init", "host": "d6b2a058c4be", "pid": 201946, "rank": null, "ts": "2026-10-04 16:20:21"}
[DBG] {"category": "QUEUE", "component": "queue", "event": "broker_ready", "host": "d6b2a058c4be", "pid": 201946, "queues": {"preference": "preference", "rollout": "rollout"}, "rank": null, "ts": "2026-10-04 16:20:21"}
[DBG] {"category": "QUEUE", "component": "queue", "current_version": null, "event": "BEGIN:queue_list_for_pop", "exact": false, "host": "d6b2a058c4be", "max_lag": null, "pid": 201946, "queue": "rollout", "rank": null, "requested": 1, "ts": "2026-10-04 16:21:00"}
[DBG] {"category": "QUEUE", "component": "queue", "event": "watchdog_armed", "host": "d6b2a058c4be", "pid": 201946, "rank": null, "stage": "queue_list_for_pop", "timeout_sec": 30.0, "ts": "2026-10-04 16:21:00"}
[DBG] {"category": "QUEUE", "component": "queue", "elapsed_sec": 0.008919, "event": "END:queue_list_for_pop", "host": "d6b2a058c4be", "pid": 201946, "rank": null, "ts": "2026-10-04 16:21:00"}
[DBG] {"available": 0, "category": "QUEUE", "component": "queue", "event": "pop_scan", "exact": false, "host": "d6b2a058c4be", "pid": 201946, "queue": "rollout", "rank": null, "requested": 1, "selected": 0, "selected_keys": [], "stale": 0, "stale_keys": [], "ts": "2026-10-04 16:21:00"}
[DBG] {"category": "QUEUE", "component": "queue", "event": "pop_done", "host": "d6b2a058c4be", "item_ids": [], "pid": 201946, "queue": "rollout", "rank": null, "remaining": 0, "returned": 0, "stale": 0, "ts": "2026-10-04 16:21:00"}
[DBG] {"category": "QUEUE", "component": "queue", "event": "size_changed", "host": "d6b2a058c4be", "pid": 201946, "queue": "rollout", "rank": null, "size": 0, "ts": "2026-10-04 16:21:00"}
[DBG] {"category": "QUEUE", "component": "queue", "current_version": null, "event": "BEGIN:queue_list_for_pop", "exact": false, "host": "d6b2a058c4be", "max_lag": null, "pid": 201946, "queue": "rollout", "rank": null, "requested": 1, "ts": "2026-10-04 16:21:01"}
[DBG] {"category": "QUEUE", "component": "queue", "event": "watchdog_armed", "host": "d6b2a058c4be", "pid": 201946, "rank": null, "stage": "queue_list_for_pop", "timeout_sec": 30.0, "ts": "2026-10-04 16:21:01"}
[DBG] {"category": "QUEUE", "component": "queue", "elapsed_sec": 0.002644, "event": "END:queue_list_for_pop", "host": "d6b2a058c4be", "pid": 201946, "rank": null, "ts": "2026-10-04 16:21:01"}
[DBG] {"available": 0, "category": "QUEUE", "component": "queue", "event": "pop_scan", "exact": false, "host": "d6b2a058c4be", "pid": 201946, "queue": "rollout", "rank": null, "requested": 1, "selected": 0, "selected_keys": [], "stale": 0, "stale_keys": [], "ts": "2026-10-04 16:21:01"}
[DBG] {"category": "QUEUE", "component": "queue", "event": "pop_done", "host": "d6b2a058c4be", "item_ids": [], "pid": 201946, "queue": "rollout", "rank": null, "remaining": 0, "returned": 0, "stale": 0, "ts": "2026-10-04 16:21:01"}
[DBG] {"category": "QUEUE", "component": "queue", "current_version": null, "event": "BEGIN:queue_list_for_pop", "exact": false, "host": "d6b2a058c4be", "max_lag": null, "pid": 201946, "queue": "rollout", "rank": null, "requested": 1, "ts": "2026-10-04 16:21:01"}
[DBG] {"category": "QUEUE", "component": "queue", "event": "watchdog_armed", "host": "d6b2a058c4be", "pid": 201946, "rank": null, "stage": "queue_list_for_pop", "timeout_sec": 30.0, "ts": "2026-10-04 16:21:01"}
[DBG] {"category": "QUEUE", "component": "queue", "elapsed_sec": 0.002736, "event": "END:queue_list_for_pop", "host": "d6b2a058c4be", "pid": 201946, "rank": null, "ts": "2026-10-04 16:21:01"}
[DBG] {"available": 0, "category": "QUEUE", "component": "queue", "event": "pop_scan", "exact": false, "host": "d6b2a058c4be", "pid": 201946, "queue": "rollout", "rank": null, "requested": 1, "selected": 0, "selected_keys": [], "stale": 0, "stale_keys": [], "ts": "2026-10-04 16:21:01"}
[DBG] {"category": "QUEUE", "component": "queue", "event": "pop_done", "host": "d6b2a058c4be", "item_ids": [], "pid": 201946, "queue": "rollout", "rank": null, "remaining": 0, "returned": 0, "stale": 0, "ts": "2026-10-04 16:21:01"}
[DBG] {"category": "QUEUE", "component": "queue", "current_version": null, "event": "BEGIN:queue_list_for_pop", "exact": false, "host": "d6b2a058c4be", "max_lag": null, "pid": 201946, "queue": "rollout", "rank": null, "requested": 1, "ts": "2026-10-04 16:21:01"}
[DBG] {"category": "QUEUE", "component": "queue", "event": "watchdog_armed", "host": "d6b2a058c4be", "pid": 201946, "rank": null, "stage": "queue_list_for_pop", "timeout_sec": 30.0, "ts": "2026-10-04 16:21:01"}
[DBG] {"category": "QUEUE", "component": "queue", "elapsed_sec": 0.002599, "event": "END:queue_list_for_pop", "host": "d6b2a058c4be", "pid": 201946, "rank": null, "ts": "2026-10-04 16:21:01"}
[DBG] {"available": 0, "category": "QUEUE", "component": "queue", "event": "pop_scan", "exact": false, "host": "d6b2a058c4be", "pid": 201946, "queue": "rollout", "rank": null, "requested": 1, "selected": 0, "selected_keys": [], "stale": 0, "stale_keys": [], "ts": "2026-10-04 16:21:01"}
[DBG] {"category": "QUEUE", "component": "queue", "event": "pop_done", "host": "d6b2a058c4be", "item_ids": [], "pid": 201946, "queue": "rollout", "rank": null, "remaining": 0, "returned": 0, "stale": 0, "ts": "2026-10-04 16:21:01"}
[DBG] {"category": "QUEUE", "component": "queue", "current_version": null, "event": "BEGIN:queue_list_for_pop", "exact": false, "host": "d6b2a058c4be", "max_lag": null, "pid": 201946, "queue": "rollout", "rank": null, "requested": 1, "ts": "2026-10-04 16:21:01"}
[DBG] {"category": "QUEUE", "component": "queue", "event": "watchdog_armed", "host": "d6b2a058c4be", "pid": 201946, "rank": null, "stage": "queue_list_for_pop", "timeout_sec": 30.0, "ts": "2026-10-04 16:21:01"}
[DBG] {"category": "QUEUE", "component": "queue", "elapsed_sec": 0.002401, "event": "END:queue_list_for_pop", "host": "d6b2a058c4be", "pid": 201946, "rank": null, "ts": "2026-10-04 16:21:01"}
[DBG] {"available": 0, "category": "QUEUE", "component": "queue", "event": "pop_scan", "exact": false, "host": "d6b2a058c4be", "pid": 201946, "queue": "rollout", "rank": null, "requested": 1, "selected": 0, "selected_keys": [], "stale": 0, "stale_keys": [], "ts": "2026-10-04 16:21:01"}
[DBG] {"category": "QUEUE", "component": "queue", "event": "pop_done", "host": "d6b2a058c4be", "item_ids": [], "pid": 201946, "queue": "rollout", "rank": null, "remaining": 0, "returned": 0, "stale": 0, "ts": "2026-10-04 16:21:01"}
[DBG] {"category": "QUEUE", "component": "queue", "current_version": null, "event": "BEGIN:queue_list_for_pop", "exact": false, "host": "d6b2a058c4be", "max_lag": null, "pid": 201946, "queue": "rollout", "rank": null, "requested": 1, "ts": "2026-10-04 16:21:01"}
[DBG] {"category": "QUEUE", "component": "queue", "event": "watchdog_armed", "host": "d6b2a058c4be", "pid": 201946, "rank": null, "stage": "queue_list_for_pop", "timeout_sec": 30.0, "ts": "2026-10-04 16:21:01"}
[DBG] {"category": "QUEUE", "component": "queue", "elapsed_sec": 0.001959, "event": "END:queue_list_for_pop", "host": "d6b2a058c4be", "pid": 201946, "rank": null, "ts": "2026-10-04 16:21:01"}
[DBG] {"available": 0, "category": "QUEUE", "component": "queue", "event": "pop_scan", "exact": false, "host": "d6b2a058c4be", "pid": 201946, "queue": "rollout", "rank": null, "requested": 1, "selected": 0, "selected_keys": [], "stale": 0, "stale_keys": [], "ts": "2026-10-04 16:21:01"}
[DBG] {"category": "QUEUE", "component": "queue", "event": "pop_done", "host": "d6b2a058c4be", "item_ids": [], "pid": 201946, "queue": "rollout", "rank": null, "remaining": 0, "returned": 0, "stale": 0, "ts": "2026-10-04 16:21:01"}
[DBG] {"category": "QUEUE", "component": "queue", "current_version": null, "event": "BEGIN:queue_list_for_pop", "exact": false, "host": "d6b2a058c4be", "max_lag": null, "pid": 201946, "queue": "rollout", "rank": null, "requested": 1, "ts": "2026-10-04 16:21:02"}
[DBG] {"category": "QUEUE", "component": "queue", "event": "watchdog_armed", "host": "d6b2a058c4be", "pid": 201946, "rank": null, "stage": "queue_list_for_pop", "timeout_sec": 30.0, "ts": "2026-10-04 16:21:02"}
[DBG] {"category": "QUEUE", "component": "queue", "elapsed_sec": 0.002433, "event": "END:queue_list_for_pop", "host": "d6b2a058c4be", "pid": 201946, "rank": null, "ts": "2026-10-04 16:21:02"}
[DBG] {"available": 0, "category": "QUEUE", "component": "queue", "event": "pop_scan", "exact": false, "host": "d6b2a058c4be", "pid": 201946, "queue": "rollout", "rank": null, "requested": 1, "selected": 0, "selected_keys": [], "stale": 0, "stale_keys": [], "ts": "2026-10-04 16:21:02"}
[DBG] {"category": "QUEUE", "component": "queue", "event": "pop_done", "host": "d6b2a058c4be", "item_ids": [], "pid": 201946, "queue": "rollout", "rank": null, "remaining": 0, "returned": 0, "stale": 0, "ts": "2026-10-04 16:21:02"}
[DBG] {"category": "QUEUE", "component": "queue", "current_version": null, "event": "BEGIN:queue_list_for_pop", "exact": false, "host": "d6b2a058c4be", "max_lag": null, "pid": 201946, "queue": "rollout", "rank": null, "requested": 1, "ts": "2026-10-04 16:21:02"}
[DBG] {"category": "QUEUE", "component": "queue", "event": "watchdog_armed", "host": "d6b2a058c4be", "pid": 201946, "rank": null, "stage": "queue_list_for_pop", "timeout_sec": 30.0, "ts": "2026-10-04 16:21:02"}
[DBG] {"category": "QUEUE", "component": "queue", "elapsed_sec": 0.002353, "event": "END:queue_list_for_pop", "host": "d6b2a058c4be", "pid": 201946, "rank": null, "ts": "2026-10-04 16:21:02"}
[DBG] {"available": 0, "category": "QUEUE", "component": "queue", "event": "pop_scan", "exact": false, "host": "d6b2a058c4be", "pid": 201946, "queue": "rollout", "rank": null, "requested": 1, "selected": 0, "selected_keys": [], "stale": 0, "stale_keys": [], "ts": "2026-10-04 16:21:02"}
[DBG] {"category": "QUEUE", "component": "queue", "event": "pop_done", "host": "d6b2a058c4be", "item_ids": [], "pid": 201946, "queue": "rollout", "rank": null, "remaining": 0, "returned": 0, "stale": 0, "ts": "2026-10-04 16:21:02"}
[DBG] {"category": "QUEUE", "component": "queue", "current_version": null, "event": "BEGIN:queue_list_for_pop", "exact": false, "host": "d6b2a058c4be", "max_lag": null, "pid": 201946, "queue": "rollout", "rank": null, "requested": 1, "ts": "2026-10-04 16:21:02"}
[DBG] {"category": "QUEUE", "component": "queue", "event": "watchdog_armed", "host": "d6b2a058c4be", "pid": 201946, "rank": null, "stage": "queue_list_for_pop", "timeout_sec": 30.0, "ts": "2026-10-04 16:21:02"}
[DBG] {"category": "QUEUE", "component": "queue", "elapsed_sec": 0.002521, "event": "END:queue_list_for_pop", "host": "d6b2a058c4be", "pid": 201946, "rank": null, "ts": "2026-10-04 16:21:02"}
[DBG] {"available": 0, "category": "QUEUE", "component": "queue", "event": "pop_scan", "exact": false, "host": "d6b2a058c4be", "pid": 201946, "queue": "rollout", "rank": null, "requested": 1, "selected": 0, "selected_keys": [], "stale": 0, "stale_keys": [], "ts": "2026-10-04 16:21:02"}
[DBG] {"category": "QUEUE", "component": "queue", "event": "pop_done", "host": "d6b2a058c4be", "item_ids": [], "pid": 201946, "queue": "rollout", "rank": null, "remaining": 0, "returned": 0, "stale": 0, "ts": "2026-10-04 16:21:02"}
[DBG] {"category": "QUEUE", "component": "queue", "current_version": null, "event": "BEGIN:queue_list_for_pop", "exact": false, "host": "d6b2a058c4be", "max_lag": null, "pid": 201946, "queue": "rollout", "rank": null, "requested": 1, "ts": "2026-10-04 16:21:02"}
[DBG] {"category": "QUEUE", "component": "queue", "event": "watchdog_armed", "host": "d6b2a058c4be", "pid": 201946, "rank": null, "stage": "queue_list_for_pop", "timeout_sec": 30.0, "ts": "2026-10-04 16:21:02"}
[DBG] {"category": "QUEUE", "component": "queue", "elapsed_sec": 0.002184, "event": "END:queue_list_for_pop", "host": "d6b2a058c4be", "pid": 201946, "rank": null, "ts": "2026-10-04 16:21:02"}
[DBG] {"available": 0, "category": "QUEUE", "component": "queue", "event": "pop_scan", "exact": false, "host": "d6b2a058c4be", "pid": 201946, "queue": "rollout", "rank": null, "requested": 1, "selected": 0, "selected_keys": [], "stale": 0, "stale_keys": [], "ts": "2026-10-04 16:21:02"}
[DBG] {"category": "QUEUE", "component": "queue", "event": "pop_done", "host": "d6b2a058c4be", "item_ids": [], "pid": 201946, "queue": "rollout", "rank": null, "remaining": 0, "returned": 0, "stale": 0, "ts": "2026-10-04 16:21:02"}
[DBG] {"category": "QUEUE", "component": "queue", "current_version": null, "event": "BEGIN:queue_list_for_pop", "exact": false, "host": "d6b2a058c4be", "max_lag": null, "pid": 201946, "queue": "rollout", "rank": null, "requested": 1, "ts": "2026-10-04 16:21:03"}
[DBG] {"category": "QUEUE", "component": "queue", "event": "watchdog_armed", "host": "d6b2a058c4be", "pid": 201946, "rank": null, "stage": "queue_list_for_pop", "timeout_sec": 30.0, "ts": "2026-10-04 16:21:03"}
[DBG] {"category": "QUEUE", "component": "queue", "elapsed_sec": 0.002512, "event": "END:queue_list_for_pop", "host": "d6b2a058c4be", "pid": 201946, "rank": null, "ts": "2026-10-04 16:21:03"}
[DBG] {"available": 0, "category": "QUEUE", "component": "queue", "event": "pop_scan", "exact": false, "host": "d6b2a058c4be", "pid": 201946, "queue": "rollout", "rank": null, "requested": 1, "selected": 0, "selected_keys": [], "stale": 0, "stale_keys": [], "ts": "2026-10-04 16:21:03"}
[DBG] {"category": "QUEUE", "component": "queue", "event": "pop_done", "host": "d6b2a058c4be", "item_ids": [], "pid": 201946, "queue": "rollout", "rank": null, "remaining": 0, "returned": 0, "stale": 0, "ts": "2026-10-04 16:21:03"}
[DBG] {"category": "QUEUE", "component": "queue", "current_version": null, "event": "BEGIN:queue_list_for_pop", "exact": false, "host": "d6b2a058c4be", "max_lag": null, "pid": 201946, "queue": "rollout", "rank": null, "requested": 1, "ts": "2026-10-04 16:21:03"}
[DBG] {"category": "QUEUE", "component": "queue", "event": "watchdog_armed", "host": "d6b2a058c4be", "pid": 201946, "rank": null, "stage": "queue_list_for_pop", "timeout_sec": 30.0, "ts": "2026-10-04 16:21:03"}
[DBG] {"category": "QUEUE", "component": "queue", "elapsed_sec": 0.002614, "event": "END:queue_list_for_pop", "host": "d6b2a058c4be", "pid": 201946, "rank": null, "ts": "2026-10-04 16:21:03"}
[DBG] {"available": 0, "category": "QUEUE", "component": "queue", "event": "pop_scan", "exact": false, "host": "d6b2a058c4be", "pid": 201946, "queue": "rollout", "rank": null, "requested": 1, "selected": 0, "selected_keys": [], "stale": 0, "stale_keys": [], "ts": "2026-10-04 16:21:03"}
[DBG] {"category": "QUEUE", "component": "queue", "event": "pop_done", "host": "d6b2a058c4be", "item_ids": [], "pid": 201946, "queue": "rollout", "rank": null, "remaining": 0, "returned": 0, "stale": 0, "ts": "2026-10-04 16:21:03"}
[DBG] {"category": "QUEUE", "component": "queue", "event": "put_prepare", "host": "d6b2a058c4be", "item_id": "de5e97acbc0349218480ead857b110f7", "partition": "smoke01:rollout", "payload_bytes": 2050, "pid": 201946, "policy_version": 0, "queue": "rollout", "rank": null, "ts": "2026-10-04 16:21:03"}
[DBG] {"category": "QUEUE", "component": "queue", "event": "BEGIN:queue_put", "host": "d6b2a058c4be", "item_id": "de5e97acbc0349218480ead857b110f7", "pid": 201946, "queue": "rollout", "rank": null, "ts": "2026-10-04 16:21:03"}
[DBG] {"category": "QUEUE", "component": "queue", "event": "watchdog_armed", "host": "d6b2a058c4be", "pid": 201946, "rank": null, "stage": "queue_put", "timeout_sec": 30.0, "ts": "2026-10-04 16:21:03"}
[DBG] {"category": "QUEUE", "component": "queue", "elapsed_sec": 0.039077, "event": "END:queue_put", "host": "d6b2a058c4be", "pid": 201946, "rank": null, "ts": "2026-10-04 16:21:03"}
[DBG] {"category": "QUEUE", "component": "queue", "event": "put_done", "host": "d6b2a058c4be", "key": "smoke01:rollout:de5e97acbc0349218480ead857b110f7", "pid": 201946, "policy_version": 0, "queue": "rollout", "rank": null, "ts": "2026-10-04 16:21:03"}
[DBG] {"category": "QUEUE", "component": "queue", "event": "put_prepare", "host": "d6b2a058c4be", "item_id": "8e9d4edd4fb747e79570931801ca2b95", "partition": "smoke01:rollout", "payload_bytes": 2740, "pid": 201946, "policy_version": 0, "queue": "rollout", "rank": null, "ts": "2026-10-04 16:21:03"}
[DBG] {"category": "QUEUE", "component": "queue", "event": "BEGIN:queue_put", "host": "d6b2a058c4be", "item_id": "8e9d4edd4fb747e79570931801ca2b95", "pid": 201946, "queue": "rollout", "rank": null, "ts": "2026-10-04 16:21:03"}
[DBG] {"category": "QUEUE", "component": "queue", "event": "watchdog_armed", "host": "d6b2a058c4be", "pid": 201946, "rank": null, "stage": "queue_put", "timeout_sec": 30.0, "ts": "2026-10-04 16:21:03"}
[DBG] {"category": "QUEUE", "component": "queue", "elapsed_sec": 0.030104, "event": "END:queue_put", "host": "d6b2a058c4be", "pid": 201946, "rank": null, "ts": "2026-10-04 16:21:03"}
[DBG] {"category": "QUEUE", "component": "queue", "event": "put_done", "host": "d6b2a058c4be", "key": "smoke01:rollout:8e9d4edd4fb747e79570931801ca2b95", "pid": 201946, "policy_version": 0, "queue": "rollout", "rank": null, "ts": "2026-10-04 16:21:03"}
[DBG] {"category": "QUEUE", "component": "queue", "event": "size_changed", "host": "d6b2a058c4be", "pid": 201946, "queue": "rollout", "rank": null, "size": 2, "ts": "2026-10-04 16:21:03"}
[DBG] {"category": "QUEUE", "component": "queue", "current_version": null, "event": "BEGIN:queue_list_for_pop", "exact": false, "host": "d6b2a058c4be", "max_lag": null, "pid": 201946, "queue": "rollout", "rank": null, "requested": 1, "ts": "2026-10-04 16:21:03"}
[DBG] {"category": "QUEUE", "component": "queue", "event": "watchdog_armed", "host": "d6b2a058c4be", "pid": 201946, "rank": null, "stage": "queue_list_for_pop", "timeout_sec": 30.0, "ts": "2026-10-04 16:21:03"}
[DBG] {"category": "QUEUE", "component": "queue", "elapsed_sec": 0.002166, "event": "END:queue_list_for_pop", "host": "d6b2a058c4be", "pid": 201946, "rank": null, "ts": "2026-10-04 16:21:03"}
[DBG] {"available": 2, "category": "QUEUE", "component": "queue", "event": "pop_scan", "exact": false, "host": "d6b2a058c4be", "pid": 201946, "queue": "rollout", "rank": null, "requested": 1, "selected": 1, "selected_keys": ["smoke01:rollout:de5e97acbc0349218480ead857b110f7"], "stale": 0, "stale_keys": [], "ts": "2026-10-04 16:21:03"}
[DBG] {"category": "QUEUE", "component": "queue", "event": "BEGIN:queue_get", "host": "d6b2a058c4be", "key": "smoke01:rollout:de5e97acbc0349218480ead857b110f7", "pid": 201946, "queue": "rollout", "rank": null, "ts": "2026-10-04 16:21:03"}
[DBG] {"category": "QUEUE", "component": "queue", "event": "watchdog_armed", "host": "d6b2a058c4be", "pid": 201946, "rank": null, "stage": "queue_get", "timeout_sec": 30.0, "ts": "2026-10-04 16:21:03"}
[DBG] {"category": "QUEUE", "component": "queue", "elapsed_sec": 0.040833, "event": "END:queue_get", "host": "d6b2a058c4be", "pid": 201946, "rank": null, "ts": "2026-10-04 16:21:03"}
[DBG] {"category": "QUEUE", "component": "queue", "event": "queue_item_decoded", "host": "d6b2a058c4be", "item_id": "de5e97acbc0349218480ead857b110f7", "key": "smoke01:rollout:de5e97acbc0349218480ead857b110f7", "pid": 201946, "policy_version": 0, "queue": "rollout", "rank": null, "ts": "2026-10-04 16:21:03"}
[DBG] {"category": "QUEUE", "component": "queue", "count": 1, "event": "BEGIN:clear_popped", "host": "d6b2a058c4be", "pid": 201946, "queue": "rollout", "rank": null, "ts": "2026-10-04 16:21:03"}
[DBG] {"category": "QUEUE", "component": "queue", "event": "watchdog_armed", "host": "d6b2a058c4be", "pid": 201946, "rank": null, "stage": "clear_popped", "timeout_sec": 30.0, "ts": "2026-10-04 16:21:03"}
[DBG] {"category": "QUEUE", "component": "queue", "elapsed_sec": 0.017798, "event": "END:clear_popped", "host": "d6b2a058c4be", "pid": 201946, "rank": null, "ts": "2026-10-04 16:21:03"}
[DBG] {"category": "QUEUE", "component": "queue", "event": "pop_done", "host": "d6b2a058c4be", "item_ids": ["de5e97acbc0349218480ead857b110f7"], "pid": 201946, "queue": "rollout", "rank": null, "remaining": 1, "returned": 1, "stale": 0, "ts": "2026-10-04 16:21:03"}
[DBG] {"category": "QUEUE", "component": "queue", "event": "put_prepare", "host": "d6b2a058c4be", "item_id": "9a0c2448e612402883bce56c78e651fb", "partition": "smoke01:rollout", "payload_bytes": 2940, "pid": 201946, "policy_version": 0, "queue": "rollout", "rank": null, "ts": "2026-10-04 16:21:03"}
[DBG] {"category": "QUEUE", "component": "queue", "event": "BEGIN:queue_put", "host": "d6b2a058c4be", "item_id": "9a0c2448e612402883bce56c78e651fb", "pid": 201946, "queue": "rollout", "rank": null, "ts": "2026-10-04 16:21:03"}
[DBG] {"category": "QUEUE", "component": "queue", "event": "watchdog_armed", "host": "d6b2a058c4be", "pid": 201946, "rank": null, "stage": "queue_put", "timeout_sec": 30.0, "ts": "2026-10-04 16:21:03"}
[DBG] {"category": "QUEUE", "component": "queue", "elapsed_sec": 0.028834, "event": "END:queue_put", "host": "d6b2a058c4be", "pid": 201946, "rank": null, "ts": "2026-10-04 16:21:03"}
[DBG] {"category": "QUEUE", "component": "queue", "event": "put_done", "host": "d6b2a058c4be", "key": "smoke01:rollout:9a0c2448e612402883bce56c78e651fb", "pid": 201946, "policy_version": 0, "queue": "rollout", "rank": null, "ts": "2026-10-04 16:21:03"}
[DBG] {"category": "QUEUE", "component": "queue", "event": "put_prepare", "host": "d6b2a058c4be", "item_id": "f3e51aede1244894893959dc8d23257c", "partition": "smoke01:rollout", "payload_bytes": 2592, "pid": 201946, "policy_version": 0, "queue": "rollout", "rank": null, "ts": "2026-10-04 16:21:03"}
[DBG] {"category": "QUEUE", "component": "queue", "event": "BEGIN:queue_put", "host": "d6b2a058c4be", "item_id": "f3e51aede1244894893959dc8d23257c", "pid": 201946, "queue": "rollout", "rank": null, "ts": "2026-10-04 16:21:03"}
[DBG] {"category": "QUEUE", "component": "queue", "event": "watchdog_armed", "host": "d6b2a058c4be", "pid": 201946, "rank": null, "stage": "queue_put", "timeout_sec": 30.0, "ts": "2026-10-04 16:21:03"}
[DBG] {"category": "QUEUE", "component": "queue", "elapsed_sec": 0.0277, "event": "END:queue_put", "host": "d6b2a058c4be", "pid": 201946, "rank": null, "ts": "2026-10-04 16:21:03"}
[DBG] {"category": "QUEUE", "component": "queue", "event": "put_done", "host": "d6b2a058c4be", "key": "smoke01:rollout:f3e51aede1244894893959dc8d23257c", "pid": 201946, "policy_version": 0, "queue": "rollout", "rank": null, "ts": "2026-10-04 16:21:03"}
[DBG] {"category": "QUEUE", "component": "queue", "event": "size_changed", "host": "d6b2a058c4be", "pid": 201946, "queue": "rollout", "rank": null, "size": 3, "ts": "2026-10-04 16:21:04"}
[DBG] {"category": "QUEUE", "component": "queue", "event": "put_prepare", "host": "d6b2a058c4be", "item_id": "40296eecb01246eeb435d9037db21ae7", "partition": "smoke01:rollout", "payload_bytes": 1897, "pid": 201946, "policy_version": 0, "queue": "rollout", "rank": null, "ts": "2026-10-04 16:21:04"}
[DBG] {"category": "QUEUE", "component": "queue", "event": "BEGIN:queue_put", "host": "d6b2a058c4be", "item_id": "40296eecb01246eeb435d9037db21ae7", "pid": 201946, "queue": "rollout", "rank": null, "ts": "2026-10-04 16:21:04"}
[DBG] {"category": "QUEUE", "component": "queue", "event": "watchdog_armed", "host": "d6b2a058c4be", "pid": 201946, "rank": null, "stage": "queue_put", "timeout_sec": 30.0, "ts": "2026-10-04 16:21:04"}
[DBG] {"category": "QUEUE", "component": "queue", "elapsed_sec": 0.028725, "event": "END:queue_put", "host": "d6b2a058c4be", "pid": 201946, "rank": null, "ts": "2026-10-04 16:21:04"}
[DBG] {"category": "QUEUE", "component": "queue", "event": "put_done", "host": "d6b2a058c4be", "key": "smoke01:rollout:40296eecb01246eeb435d9037db21ae7", "pid": 201946, "policy_version": 0, "queue": "rollout", "rank": null, "ts": "2026-10-04 16:21:04"}
[DBG] {"category": "QUEUE", "component": "queue", "event": "put_prepare", "host": "d6b2a058c4be", "item_id": "e12eae6630d94e3bb2d238c5390a2250", "partition": "smoke01:rollout", "payload_bytes": 2505, "pid": 201946, "policy_version": 0, "queue": "rollout", "rank": null, "ts": "2026-10-04 16:21:04"}
[DBG] {"category": "QUEUE", "component": "queue", "event": "BEGIN:queue_put", "host": "d6b2a058c4be", "item_id": "e12eae6630d94e3bb2d238c5390a2250", "pid": 201946, "queue": "rollout", "rank": null, "ts": "2026-10-04 16:21:04"}
[DBG] {"category": "QUEUE", "component": "queue", "event": "watchdog_armed", "host": "d6b2a058c4be", "pid": 201946, "rank": null, "stage": "queue_put", "timeout_sec": 30.0, "ts": "2026-10-04 16:21:04"}
[DBG] {"category": "QUEUE", "component": "queue", "elapsed_sec": 0.02745, "event": "END:queue_put", "host": "d6b2a058c4be", "pid": 201946, "rank": null, "ts": "2026-10-04 16:21:04"}
[DBG] {"category": "QUEUE", "component": "queue", "event": "put_done", "host": "d6b2a058c4be", "key": "smoke01:rollout:e12eae6630d94e3bb2d238c5390a2250", "pid": 201946, "policy_version": 0, "queue": "rollout", "rank": null, "ts": "2026-10-04 16:21:04"}
[DBG] {"category": "QUEUE", "component": "queue", "event": "size_changed", "host": "d6b2a058c4be", "pid": 201946, "queue": "rollout", "rank": null, "size": 5, "ts": "2026-10-04 16:21:04"}
[DBG] {"category": "QUEUE", "component": "queue", "event": "put_prepare", "host": "d6b2a058c4be", "item_id": "6bd1df3255834a8abffe4c933071c473", "partition": "smoke01:rollout", "payload_bytes": 2108, "pid": 201946, "policy_version": 0, "queue": "rollout", "rank": null, "ts": "2026-10-04 16:21:05"}
[DBG] {"category": "QUEUE", "component": "queue", "event": "BEGIN:queue_put", "host": "d6b2a058c4be", "item_id": "6bd1df3255834a8abffe4c933071c473", "pid": 201946, "queue": "rollout", "rank": null, "ts": "2026-10-04 16:21:05"}
[DBG] {"category": "QUEUE", "component": "queue", "event": "watchdog_armed", "host": "d6b2a058c4be", "pid": 201946, "rank": null, "stage": "queue_put", "timeout_sec": 30.0, "ts": "2026-10-04 16:21:05"}
[DBG] {"category": "QUEUE", "component": "queue", "elapsed_sec": 0.02244, "event": "END:queue_put", "host": "d6b2a058c4be", "pid": 201946, "rank": null, "ts": "2026-10-04 16:21:05"}
[DBG] {"category": "QUEUE", "component": "queue", "event": "put_done", "host": "d6b2a058c4be", "key": "smoke01:rollout:6bd1df3255834a8abffe4c933071c473", "pid": 201946, "policy_version": 0, "queue": "rollout", "rank": null, "ts": "2026-10-04 16:21:05"}
[DBG] {"category": "QUEUE", "component": "queue", "event": "put_prepare", "host": "d6b2a058c4be", "item_id": "3cd730d60163484789b41af0c1562940", "partition": "smoke01:rollout", "payload_bytes": 2785, "pid": 201946, "policy_version": 0, "queue": "rollout", "rank": null, "ts": "2026-10-04 16:21:05"}
[DBG] {"category": "QUEUE", "component": "queue", "event": "BEGIN:queue_put", "host": "d6b2a058c4be", "item_id": "3cd730d60163484789b41af0c1562940", "pid": 201946, "queue": "rollout", "rank": null, "ts": "2026-10-04 16:21:05"}
[DBG] {"category": "QUEUE", "component": "queue", "event": "watchdog_armed", "host": "d6b2a058c4be", "pid": 201946, "rank": null, "stage": "queue_put", "timeout_sec": 30.0, "ts": "2026-10-04 16:21:05"}
[DBG] {"category": "QUEUE", "component": "queue", "elapsed_sec": 0.026824, "event": "END:queue_put", "host": "d6b2a058c4be", "pid": 201946, "rank": null, "ts": "2026-10-04 16:21:05"}
[DBG] {"category": "QUEUE", "component": "queue", "event": "put_done", "host": "d6b2a058c4be", "key": "smoke01:rollout:3cd730d60163484789b41af0c1562940", "pid": 201946, "policy_version": 0, "queue": "rollout", "rank": null, "ts": "2026-10-04 16:21:05"}
[DBG] {"category": "QUEUE", "component": "queue", "event": "size_changed", "host": "d6b2a058c4be", "pid": 201946, "queue": "rollout", "rank": null, "size": 7, "ts": "2026-10-04 16:21:05"}
[DBG] {"category": "QUEUE", "component": "queue", "event": "put_prepare", "host": "d6b2a058c4be", "item_id": "24a02f17f0de4faaa93266b5f19e9af5", "partition": "smoke01:rollout", "payload_bytes": 2298, "pid": 201946, "policy_version": 0, "queue": "rollout", "rank": null, "ts": "2026-10-04 16:21:05"}
[DBG] {"category": "QUEUE", "component": "queue", "event": "BEGIN:queue_put", "host": "d6b2a058c4be", "item_id": "24a02f17f0de4faaa93266b5f19e9af5", "pid": 201946, "queue": "rollout", "rank": null, "ts": "2026-10-04 16:21:05"}
[DBG] {"category": "QUEUE", "component": "queue", "event": "watchdog_armed", "host": "d6b2a058c4be", "pid": 201946, "rank": null, "stage": "queue_put", "timeout_sec": 30.0, "ts": "2026-10-04 16:21:05"}
[DBG] {"category": "QUEUE", "component": "queue", "elapsed_sec": 0.02811, "event": "END:queue_put", "host": "d6b2a058c4be", "pid": 201946, "rank": null, "ts": "2026-10-04 16:21:05"}
[DBG] {"category": "QUEUE", "component": "queue", "event": "put_done", "host": "d6b2a058c4be", "key": "smoke01:rollout:24a02f17f0de4faaa93266b5f19e9af5", "pid": 201946, "policy_version": 0, "queue": "rollout", "rank": null, "ts": "2026-10-04 16:21:05"}
[DBG] {"category": "QUEUE", "component": "queue", "event": "put_prepare", "host": "d6b2a058c4be", "item_id": "8864356b6166463d9860795071777452", "partition": "smoke01:rollout", "payload_bytes": 3087, "pid": 201946, "policy_version": 0, "queue": "rollout", "rank": null, "ts": "2026-10-04 16:21:05"}
[DBG] {"category": "QUEUE", "component": "queue", "event": "BEGIN:queue_put", "host": "d6b2a058c4be", "item_id": "8864356b6166463d9860795071777452", "pid": 201946, "queue": "rollout", "rank": null, "ts": "2026-10-04 16:21:05"}
[DBG] {"category": "QUEUE", "component": "queue", "event": "watchdog_armed", "host": "d6b2a058c4be", "pid": 201946, "rank": null, "stage": "queue_put", "timeout_sec": 30.0, "ts": "2026-10-04 16:21:05"}
[DBG] {"category": "QUEUE", "component": "queue", "elapsed_sec": 0.029284, "event": "END:queue_put", "host": "d6b2a058c4be", "pid": 201946, "rank": null, "ts": "2026-10-04 16:21:05"}
[DBG] {"category": "QUEUE", "component": "queue", "event": "put_done", "host": "d6b2a058c4be", "key": "smoke01:rollout:8864356b6166463d9860795071777452", "pid": 201946, "policy_version": 0, "queue": "rollout", "rank": null, "ts": "2026-10-04 16:21:05"}
[DBG] {"category": "QUEUE", "component": "queue", "event": "size_changed", "host": "d6b2a058c4be", "pid": 201946, "queue": "rollout", "rank": null, "size": 9, "ts": "2026-10-04 16:21:05"}
[DBG] {"category": "QUEUE", "component": "queue", "event": "size_changed", "host": "d6b2a058c4be", "pid": 201946, "queue": "preference", "rank": null, "size": 0, "ts": "2026-10-04 16:21:05"}
[DBG] {"category": "QUEUE", "component": "queue", "event": "put_prepare", "host": "d6b2a058c4be", "item_id": "de5e97acbc0349218480ead857b110f7", "partition": "smoke01:preference", "payload_bytes": 1279, "pid": 201946, "policy_version": 0, "queue": "preference", "rank": null, "ts": "2026-10-04 16:21:05"}
[DBG] {"category": "QUEUE", "component": "queue", "event": "BEGIN:queue_put", "host": "d6b2a058c4be", "item_id": "de5e97acbc0349218480ead857b110f7", "pid": 201946, "queue": "preference", "rank": null, "ts": "2026-10-04 16:21:05"}
[DBG] {"category": "QUEUE", "component": "queue", "event": "watchdog_armed", "host": "d6b2a058c4be", "pid": 201946, "rank": null, "stage": "queue_put", "timeout_sec": 30.0, "ts": "2026-10-04 16:21:05"}
[DBG] {"category": "QUEUE", "component": "queue", "elapsed_sec": 0.026567, "event": "END:queue_put", "host": "d6b2a058c4be", "pid": 201946, "rank": null, "ts": "2026-10-04 16:21:05"}
[DBG] {"category": "QUEUE", "component": "queue", "event": "put_done", "host": "d6b2a058c4be", "key": "smoke01:preference:de5e97acbc0349218480ead857b110f7", "pid": 201946, "policy_version": 0, "queue": "preference", "rank": null, "ts": "2026-10-04 16:21:05"}
[DBG] {"category": "QUEUE", "component": "queue", "event": "size_changed", "host": "d6b2a058c4be", "pid": 201946, "queue": "preference", "rank": null, "size": 1, "ts": "2026-10-04 16:21:05"}
[DBG] {"category": "QUEUE", "component": "queue", "current_version": null, "event": "BEGIN:queue_list_for_pop", "exact": false, "host": "d6b2a058c4be", "max_lag": null, "pid": 201946, "queue": "rollout", "rank": null, "requested": 1, "ts": "2026-10-04 16:21:06"}
[DBG] {"category": "QUEUE", "component": "queue", "event": "watchdog_armed", "host": "d6b2a058c4be", "pid": 201946, "rank": null, "stage": "queue_list_for_pop", "timeout_sec": 30.0, "ts": "2026-10-04 16:21:06"}
[DBG] {"category": "QUEUE", "component": "queue", "elapsed_sec": 0.00245, "event": "END:queue_list_for_pop", "host": "d6b2a058c4be", "pid": 201946, "rank": null, "ts": "2026-10-04 16:21:06"}
[DBG] {"available": 9, "category": "QUEUE", "component": "queue", "event": "pop_scan", "exact": false, "host": "d6b2a058c4be", "pid": 201946, "queue": "rollout", "rank": null, "requested": 1, "selected": 1, "selected_keys": ["smoke01:rollout:8e9d4edd4fb747e79570931801ca2b95"], "stale": 0, "stale_keys": [], "ts": "2026-10-04 16:21:06"}
[DBG] {"category": "QUEUE", "component": "queue", "event": "BEGIN:queue_get", "host": "d6b2a058c4be", "key": "smoke01:rollout:8e9d4edd4fb747e79570931801ca2b95", "pid": 201946, "queue": "rollout", "rank": null, "ts": "2026-10-04 16:21:06"}
[DBG] {"category": "QUEUE", "component": "queue", "event": "watchdog_armed", "host": "d6b2a058c4be", "pid": 201946, "rank": null, "stage": "queue_get", "timeout_sec": 30.0, "ts": "2026-10-04 16:21:06"}
[DBG] {"category": "QUEUE", "component": "queue", "elapsed_sec": 0.021275, "event": "END:queue_get", "host": "d6b2a058c4be", "pid": 201946, "rank": null, "ts": "2026-10-04 16:21:06"}
[DBG] {"category": "QUEUE", "component": "queue", "event": "queue_item_decoded", "host": "d6b2a058c4be", "item_id": "8e9d4edd4fb747e79570931801ca2b95", "key": "smoke01:rollout:8e9d4edd4fb747e79570931801ca2b95", "pid": 201946, "policy_version": 0, "queue": "rollout", "rank": null, "ts": "2026-10-04 16:21:06"}
[DBG] {"category": "QUEUE", "component": "queue", "count": 1, "event": "BEGIN:clear_popped", "host": "d6b2a058c4be", "pid": 201946, "queue": "rollout", "rank": null, "ts": "2026-10-04 16:21:06"}
[DBG] {"category": "QUEUE", "component": "queue", "event": "watchdog_armed", "host": "d6b2a058c4be", "pid": 201946, "rank": null, "stage": "clear_popped", "timeout_sec": 30.0, "ts": "2026-10-04 16:21:06"}
[DBG] {"category": "QUEUE", "component": "queue", "elapsed_sec": 0.009604, "event": "END:clear_popped", "host": "d6b2a058c4be", "pid": 201946, "rank": null, "ts": "2026-10-04 16:21:06"}
[DBG] {"category": "QUEUE", "component": "queue", "event": "pop_done", "host": "d6b2a058c4be", "item_ids": ["8e9d4edd4fb747e79570931801ca2b95"], "pid": 201946, "queue": "rollout", "rank": null, "remaining": 8, "returned": 1, "stale": 0, "ts": "2026-10-04 16:21:06"}
[DBG] {"category": "QUEUE", "component": "queue", "event": "size_changed", "host": "d6b2a058c4be", "pid": 201946, "queue": "rollout", "rank": null, "size": 8, "ts": "2026-10-04 16:21:07"}
[DBG] {"category": "QUEUE", "component": "queue", "event": "put_prepare", "host": "d6b2a058c4be", "item_id": "8e9d4edd4fb747e79570931801ca2b95", "partition": "smoke01:preference", "payload_bytes": 1622, "pid": 201946, "policy_version": 0, "queue": "preference", "rank": null, "ts": "2026-10-04 16:21:10"}
[DBG] {"category": "QUEUE", "component": "queue", "event": "BEGIN:queue_put", "host": "d6b2a058c4be", "item_id": "8e9d4edd4fb747e79570931801ca2b95", "pid": 201946, "queue": "preference", "rank": null, "ts": "2026-10-04 16:21:10"}
[DBG] {"category": "QUEUE", "component": "queue", "event": "watchdog_armed", "host": "d6b2a058c4be", "pid": 201946, "rank": null, "stage": "queue_put", "timeout_sec": 30.0, "ts": "2026-10-04 16:21:10"}
[DBG] {"category": "QUEUE", "component": "queue", "elapsed_sec": 0.033282, "event": "END:queue_put", "host": "d6b2a058c4be", "pid": 201946, "rank": null, "ts": "2026-10-04 16:21:10"}
[DBG] {"category": "QUEUE", "component": "queue", "event": "put_done", "host": "d6b2a058c4be", "key": "smoke01:preference:8e9d4edd4fb747e79570931801ca2b95", "pid": 201946, "policy_version": 0, "queue": "preference", "rank": null, "ts": "2026-10-04 16:21:10"}
[DBG] {"category": "QUEUE", "component": "queue", "event": "size_changed", "host": "d6b2a058c4be", "pid": 201946, "queue": "preference", "rank": null, "size": 2, "ts": "2026-10-04 16:21:10"}
[DBG] {"category": "QUEUE", "component": "queue", "current_version": null, "event": "BEGIN:queue_list_for_pop", "exact": false, "host": "d6b2a058c4be", "max_lag": null, "pid": 201946, "queue": "rollout", "rank": null, "requested": 1, "ts": "2026-10-04 16:21:11"}
[DBG] {"category": "QUEUE", "component": "queue", "event": "watchdog_armed", "host": "d6b2a058c4be", "pid": 201946, "rank": null, "stage": "queue_list_for_pop", "timeout_sec": 30.0, "ts": "2026-10-04 16:21:11"}
[DBG] {"category": "QUEUE", "component": "queue", "elapsed_sec": 0.002507, "event": "END:queue_list_for_pop", "host": "d6b2a058c4be", "pid": 201946, "rank": null, "ts": "2026-10-04 16:21:11"}
[DBG] {"available": 8, "category": "QUEUE", "component": "queue", "event": "pop_scan", "exact": false, "host": "d6b2a058c4be", "pid": 201946, "queue": "rollout", "rank": null, "requested": 1, "selected": 1, "selected_keys": ["smoke01:rollout:9a0c2448e612402883bce56c78e651fb"], "stale": 0, "stale_keys": [], "ts": "2026-10-04 16:21:11"}
[DBG] {"category": "QUEUE", "component": "queue", "event": "BEGIN:queue_get", "host": "d6b2a058c4be", "key": "smoke01:rollout:9a0c2448e612402883bce56c78e651fb", "pid": 201946, "queue": "rollout", "rank": null, "ts": "2026-10-04 16:21:11"}
[DBG] {"category": "QUEUE", "component": "queue", "event": "watchdog_armed", "host": "d6b2a058c4be", "pid": 201946, "rank": null, "stage": "queue_get", "timeout_sec": 30.0, "ts": "2026-10-04 16:21:11"}
[DBG] {"category": "QUEUE", "component": "queue", "elapsed_sec": 0.027847, "event": "END:queue_get", "host": "d6b2a058c4be", "pid": 201946, "rank": null, "ts": "2026-10-04 16:21:11"}
[DBG] {"category": "QUEUE", "component": "queue", "event": "queue_item_decoded", "host": "d6b2a058c4be", "item_id": "9a0c2448e612402883bce56c78e651fb", "key": "smoke01:rollout:9a0c2448e612402883bce56c78e651fb", "pid": 201946, "policy_version": 0, "queue": "rollout", "rank": null, "ts": "2026-10-04 16:21:11"}
[DBG] {"category": "QUEUE", "component": "queue", "count": 1, "event": "BEGIN:clear_popped", "host": "d6b2a058c4be", "pid": 201946, "queue": "rollout", "rank": null, "ts": "2026-10-04 16:21:11"}
[DBG] {"category": "QUEUE", "component": "queue", "event": "watchdog_armed", "host": "d6b2a058c4be", "pid": 201946, "rank": null, "stage": "clear_popped", "timeout_sec": 30.0, "ts": "2026-10-04 16:21:11"}
[DBG] {"category": "QUEUE", "component": "queue", "elapsed_sec": 0.01651, "event": "END:clear_popped", "host": "d6b2a058c4be", "pid": 201946, "rank": null, "ts": "2026-10-04 16:21:11"}
[DBG] {"category": "QUEUE", "component": "queue", "event": "pop_done", "host": "d6b2a058c4be", "item_ids": ["9a0c2448e612402883bce56c78e651fb"], "pid": 201946, "queue": "rollout", "rank": null, "remaining": 7, "returned": 1, "stale": 0, "ts": "2026-10-04 16:21:11"}
[DBG] {"category": "QUEUE", "component": "queue", "event": "size_changed", "host": "d6b2a058c4be", "pid": 201946, "queue": "rollout", "rank": null, "size": 7, "ts": "2026-10-04 16:21:11"}
[DBG] {"category": "QUEUE", "component": "queue", "event": "put_prepare", "host": "d6b2a058c4be", "item_id": "3b0d50deebb24f24a5ecf38a595a32a2", "partition": "smoke01:rollout", "payload_bytes": 2411, "pid": 201946, "policy_version": 0, "queue": "rollout", "rank": null, "ts": "2026-10-04 16:21:11"}
[DBG] {"category": "QUEUE", "component": "queue", "event": "BEGIN:queue_put", "host": "d6b2a058c4be", "item_id": "3b0d50deebb24f24a5ecf38a595a32a2", "pid": 201946, "queue": "rollout", "rank": null, "ts": "2026-10-04 16:21:11"}
[DBG] {"category": "QUEUE", "component": "queue", "event": "watchdog_armed", "host": "d6b2a058c4be", "pid": 201946, "rank": null, "stage": "queue_put", "timeout_sec": 30.0, "ts": "2026-10-04 16:21:11"}
[DBG] {"category": "QUEUE", "component": "queue", "elapsed_sec": 0.028941, "event": "END:queue_put", "host": "d6b2a058c4be", "pid": 201946, "rank": null, "ts": "2026-10-04 16:21:11"}
[DBG] {"category": "QUEUE", "component": "queue", "event": "put_done", "host": "d6b2a058c4be", "key": "smoke01:rollout:3b0d50deebb24f24a5ecf38a595a32a2", "pid": 201946, "policy_version": 0, "queue": "rollout", "rank": null, "ts": "2026-10-04 16:21:11"}
[DBG] {"category": "QUEUE", "component": "queue", "event": "put_prepare", "host": "d6b2a058c4be", "item_id": "37e97cebf7984ac387a57d10e994ef4c", "partition": "smoke01:rollout", "payload_bytes": 2589, "pid": 201946, "policy_version": 0, "queue": "rollout", "rank": null, "ts": "2026-10-04 16:21:11"}
[DBG] {"category": "QUEUE", "component": "queue", "event": "BEGIN:queue_put", "host": "d6b2a058c4be", "item_id": "37e97cebf7984ac387a57d10e994ef4c", "pid": 201946, "queue": "rollout", "rank": null, "ts": "2026-10-04 16:21:11"}
[DBG] {"category": "QUEUE", "component": "queue", "event": "watchdog_armed", "host": "d6b2a058c4be", "pid": 201946, "rank": null, "stage": "queue_put", "timeout_sec": 30.0, "ts": "2026-10-04 16:21:11"}
[DBG] {"category": "QUEUE", "component": "queue", "elapsed_sec": 0.027697, "event": "END:queue_put", "host": "d6b2a058c4be", "pid": 201946, "rank": null, "ts": "2026-10-04 16:21:11"}
[DBG] {"category": "QUEUE", "component": "queue", "event": "put_done", "host": "d6b2a058c4be", "key": "smoke01:rollout:37e97cebf7984ac387a57d10e994ef4c", "pid": 201946, "policy_version": 0, "queue": "rollout", "rank": null, "ts": "2026-10-04 16:21:11"}
[DBG] {"category": "QUEUE", "component": "queue", "event": "size_changed", "host": "d6b2a058c4be", "pid": 201946, "queue": "rollout", "rank": null, "size": 9, "ts": "2026-10-04 16:21:12"}
[DBG] {"category": "QUEUE", "component": "queue", "event": "put_prepare", "host": "d6b2a058c4be", "item_id": "9a0c2448e612402883bce56c78e651fb", "partition": "smoke01:preference", "payload_bytes": 1641, "pid": 201946, "policy_version": 0, "queue": "preference", "rank": null, "ts": "2026-10-04 16:21:12"}
[DBG] {"category": "QUEUE", "component": "queue", "event": "BEGIN:queue_put", "host": "d6b2a058c4be", "item_id": "9a0c2448e612402883bce56c78e651fb", "pid": 201946, "queue": "preference", "rank": null, "ts": "2026-10-04 16:21:12"}
[DBG] {"category": "QUEUE", "component": "queue", "event": "watchdog_armed", "host": "d6b2a058c4be", "pid": 201946, "rank": null, "stage": "queue_put", "timeout_sec": 30.0, "ts": "2026-10-04 16:21:12"}
[DBG] {"category": "QUEUE", "component": "queue", "elapsed_sec": 0.027052, "event": "END:queue_put", "host": "d6b2a058c4be", "pid": 201946, "rank": null, "ts": "2026-10-04 16:21:12"}
[DBG] {"category": "QUEUE", "component": "queue", "event": "put_done", "host": "d6b2a058c4be", "key": "smoke01:preference:9a0c2448e612402883bce56c78e651fb", "pid": 201946, "policy_version": 0, "queue": "preference", "rank": null, "ts": "2026-10-04 16:21:12"}
[DBG] {"category": "QUEUE", "component": "queue", "event": "size_changed", "host": "d6b2a058c4be", "pid": 201946, "queue": "preference", "rank": null, "size": 3, "ts": "2026-10-04 16:21:12"}
[DBG] {"category": "QUEUE", "component": "queue", "current_version": null, "event": "BEGIN:queue_list_for_pop", "exact": false, "host": "d6b2a058c4be", "max_lag": null, "pid": 201946, "queue": "rollout", "rank": null, "requested": 1, "ts": "2026-10-04 16:21:13"}
[DBG] {"category": "QUEUE", "component": "queue", "event": "watchdog_armed", "host": "d6b2a058c4be", "pid": 201946, "rank": null, "stage": "queue_list_for_pop", "timeout_sec": 30.0, "ts": "2026-10-04 16:21:13"}
[DBG] {"category": "QUEUE", "component": "queue", "elapsed_sec": 0.001995, "event": "END:queue_list_for_pop", "host": "d6b2a058c4be", "pid": 201946, "rank": null, "ts": "2026-10-04 16:21:13"}
[DBG] {"available": 9, "category": "QUEUE", "component": "queue", "event": "pop_scan", "exact": false, "host": "d6b2a058c4be", "pid": 201946, "queue": "rollout", "rank": null, "requested": 1, "selected": 1, "selected_keys": ["smoke01:rollout:f3e51aede1244894893959dc8d23257c"], "stale": 0, "stale_keys": [], "ts": "2026-10-04 16:21:13"}
[DBG] {"category": "QUEUE", "component": "queue", "event": "BEGIN:queue_get", "host": "d6b2a058c4be", "key": "smoke01:rollout:f3e51aede1244894893959dc8d23257c", "pid": 201946, "queue": "rollout", "rank": null, "ts": "2026-10-04 16:21:13"}
[DBG] {"category": "QUEUE", "component": "queue", "event": "watchdog_armed", "host": "d6b2a058c4be", "pid": 201946, "rank": null, "stage": "queue_get", "timeout_sec": 30.0, "ts": "2026-10-04 16:21:13"}
[DBG] {"category": "QUEUE", "component": "queue", "elapsed_sec": 0.025404, "event": "END:queue_get", "host": "d6b2a058c4be", "pid": 201946, "rank": null, "ts": "2026-10-04 16:21:13"}
[DBG] {"category": "QUEUE", "component": "queue", "event": "queue_item_decoded", "host": "d6b2a058c4be", "item_id": "f3e51aede1244894893959dc8d23257c", "key": "smoke01:rollout:f3e51aede1244894893959dc8d23257c", "pid": 201946, "policy_version": 0, "queue": "rollout", "rank": null, "ts": "2026-10-04 16:21:13"}
[DBG] {"category": "QUEUE", "component": "queue", "count": 1, "event": "BEGIN:clear_popped", "host": "d6b2a058c4be", "pid": 201946, "queue": "rollout", "rank": null, "ts": "2026-10-04 16:21:13"}
[DBG] {"category": "QUEUE", "component": "queue", "event": "watchdog_armed", "host": "d6b2a058c4be", "pid": 201946, "rank": null, "stage": "clear_popped", "timeout_sec": 30.0, "ts": "2026-10-04 16:21:13"}
[DBG] {"category": "QUEUE", "component": "queue", "elapsed_sec": 0.015715, "event": "END:clear_popped", "host": "d6b2a058c4be", "pid": 201946, "rank": null, "ts": "2026-10-04 16:21:13"}
[DBG] {"category": "QUEUE", "component": "queue", "event": "pop_done", "host": "d6b2a058c4be", "item_ids": ["f3e51aede1244894893959dc8d23257c"], "pid": 201946, "queue": "rollout", "rank": null, "remaining": 8, "returned": 1, "stale": 0, "ts": "2026-10-04 16:21:13"}
[DBG] {"category": "QUEUE", "component": "queue", "event": "size_changed", "host": "d6b2a058c4be", "pid": 201946, "queue": "rollout", "rank": null, "size": 8, "ts": "2026-10-04 16:21:14"}
[DBG] {"category": "QUEUE", "component": "queue", "event": "put_prepare", "host": "d6b2a058c4be", "item_id": "f3e51aede1244894893959dc8d23257c", "partition": "smoke01:preference", "payload_bytes": 1363, "pid": 201946, "policy_version": 0, "queue": "preference", "rank": null, "ts": "2026-10-04 16:21:15"}
[DBG] {"category": "QUEUE", "component": "queue", "event": "BEGIN:queue_put", "host": "d6b2a058c4be", "item_id": "f3e51aede1244894893959dc8d23257c", "pid": 201946, "queue": "preference", "rank": null, "ts": "2026-10-04 16:21:15"}
[DBG] {"category": "QUEUE", "component": "queue", "event": "watchdog_armed", "host": "d6b2a058c4be", "pid": 201946, "rank": null, "stage": "queue_put", "timeout_sec": 30.0, "ts": "2026-10-04 16:21:15"}
[DBG] {"category": "QUEUE", "component": "queue", "elapsed_sec": 0.027512, "event": "END:queue_put", "host": "d6b2a058c4be", "pid": 201946, "rank": null, "ts": "2026-10-04 16:21:15"}
[DBG] {"category": "QUEUE", "component": "queue", "event": "put_done", "host": "d6b2a058c4be", "key": "smoke01:preference:f3e51aede1244894893959dc8d23257c", "pid": 201946, "policy_version": 0, "queue": "preference", "rank": null, "ts": "2026-10-04 16:21:15"}
[DBG] {"category": "QUEUE", "component": "queue", "event": "size_changed", "host": "d6b2a058c4be", "pid": 201946, "queue": "preference", "rank": null, "size": 4, "ts": "2026-10-04 16:21:15"}
[DBG] {"category": "QUEUE", "component": "queue", "current_version": 0, "event": "BEGIN:queue_list_for_pop", "exact": true, "host": "d6b2a058c4be", "max_lag": 3, "pid": 201946, "queue": "preference", "rank": null, "requested": 4, "ts": "2026-10-04 16:21:24"}
[DBG] {"category": "QUEUE", "component": "queue", "event": "watchdog_armed", "host": "d6b2a058c4be", "pid": 201946, "rank": null, "stage": "queue_list_for_pop", "timeout_sec": 30.0, "ts": "2026-10-04 16:21:24"}
[DBG] {"category": "QUEUE", "component": "queue", "elapsed_sec": 0.001936, "event": "END:queue_list_for_pop", "host": "d6b2a058c4be", "pid": 201946, "rank": null, "ts": "2026-10-04 16:21:24"}
[DBG] {"available": 4, "category": "QUEUE", "component": "queue", "event": "pop_scan", "exact": true, "host": "d6b2a058c4be", "pid": 201946, "queue": "preference", "rank": null, "requested": 4, "selected": 4, "selected_keys": ["smoke01:preference:de5e97acbc0349218480ead857b110f7", "smoke01:preference:8e9d4edd4fb747e79570931801ca2b95", "smoke01:preference:9a0c2448e612402883bce56c78e651fb", "smoke01:preference:f3e51aede1244894893959dc8d23257c"], "stale": 0, "stale_keys": [], "ts": "2026-10-04 16:21:24"}
[DBG] {"category": "QUEUE", "component": "queue", "event": "BEGIN:queue_get", "host": "d6b2a058c4be", "key": "smoke01:preference:de5e97acbc0349218480ead857b110f7", "pid": 201946, "queue": "preference", "rank": null, "ts": "2026-10-04 16:21:24"}
[DBG] {"category": "QUEUE", "component": "queue", "event": "watchdog_armed", "host": "d6b2a058c4be", "pid": 201946, "rank": null, "stage": "queue_get", "timeout_sec": 30.0, "ts": "2026-10-04 16:21:24"}
[DBG] {"category": "QUEUE", "component": "queue", "elapsed_sec": 0.026339, "event": "END:queue_get", "host": "d6b2a058c4be", "pid": 201946, "rank": null, "ts": "2026-10-04 16:21:24"}
[DBG] {"category": "QUEUE", "component": "queue", "event": "queue_item_decoded", "host": "d6b2a058c4be", "item_id": "de5e97acbc0349218480ead857b110f7", "key": "smoke01:preference:de5e97acbc0349218480ead857b110f7", "pid": 201946, "policy_version": 0, "queue": "preference", "rank": null, "ts": "2026-10-04 16:21:24"}
[DBG] {"category": "QUEUE", "component": "queue", "event": "BEGIN:queue_get", "host": "d6b2a058c4be", "key": "smoke01:preference:8e9d4edd4fb747e79570931801ca2b95", "pid": 201946, "queue": "preference", "rank": null, "ts": "2026-10-04 16:21:24"}
[DBG] {"category": "QUEUE", "component": "queue", "event": "watchdog_armed", "host": "d6b2a058c4be", "pid": 201946, "rank": null, "stage": "queue_get", "timeout_sec": 30.0, "ts": "2026-10-04 16:21:24"}
[DBG] {"category": "QUEUE", "component": "queue", "elapsed_sec": 0.02485, "event": "END:queue_get", "host": "d6b2a058c4be", "pid": 201946, "rank": null, "ts": "2026-10-04 16:21:24"}
[DBG] {"category": "QUEUE", "component": "queue", "event": "queue_item_decoded", "host": "d6b2a058c4be", "item_id": "8e9d4edd4fb747e79570931801ca2b95", "key": "smoke01:preference:8e9d4edd4fb747e79570931801ca2b95", "pid": 201946, "policy_version": 0, "queue": "preference", "rank": null, "ts": "2026-10-04 16:21:24"}
[DBG] {"category": "QUEUE", "component": "queue", "event": "BEGIN:queue_get", "host": "d6b2a058c4be", "key": "smoke01:preference:9a0c2448e612402883bce56c78e651fb", "pid": 201946, "queue": "preference", "rank": null, "ts": "2026-10-04 16:21:24"}
[DBG] {"category": "QUEUE", "component": "queue", "event": "watchdog_armed", "host": "d6b2a058c4be", "pid": 201946, "rank": null, "stage": "queue_get", "timeout_sec": 30.0, "ts": "2026-10-04 16:21:24"}
[DBG] {"category": "QUEUE", "component": "queue", "elapsed_sec": 0.024278, "event": "END:queue_get", "host": "d6b2a058c4be", "pid": 201946, "rank": null, "ts": "2026-10-04 16:21:24"}
[DBG] {"category": "QUEUE", "component": "queue", "event": "queue_item_decoded", "host": "d6b2a058c4be", "item_id": "9a0c2448e612402883bce56c78e651fb", "key": "smoke01:preference:9a0c2448e612402883bce56c78e651fb", "pid": 201946, "policy_version": 0, "queue": "preference", "rank": null, "ts": "2026-10-04 16:21:24"}
[DBG] {"category": "QUEUE", "component": "queue", "event": "BEGIN:queue_get", "host": "d6b2a058c4be", "key": "smoke01:preference:f3e51aede1244894893959dc8d23257c", "pid": 201946, "queue": "preference", "rank": null, "ts": "2026-10-04 16:21:24"}
[DBG] {"category": "QUEUE", "component": "queue", "event": "watchdog_armed", "host": "d6b2a058c4be", "pid": 201946, "rank": null, "stage": "queue_get", "timeout_sec": 30.0, "ts": "2026-10-04 16:21:24"}
[DBG] {"category": "QUEUE", "component": "queue", "elapsed_sec": 0.027474, "event": "END:queue_get", "host": "d6b2a058c4be", "pid": 201946, "rank": null, "ts": "2026-10-04 16:21:24"}
[DBG] {"category": "QUEUE", "component": "queue", "event": "queue_item_decoded", "host": "d6b2a058c4be", "item_id": "f3e51aede1244894893959dc8d23257c", "key": "smoke01:preference:f3e51aede1244894893959dc8d23257c", "pid": 201946, "policy_version": 0, "queue": "preference", "rank": null, "ts": "2026-10-04 16:21:24"}
[DBG] {"category": "QUEUE", "component": "queue", "count": 4, "event": "BEGIN:clear_popped", "host": "d6b2a058c4be", "pid": 201946, "queue": "preference", "rank": null, "ts": "2026-10-04 16:21:24"}
[DBG] {"category": "QUEUE", "component": "queue", "event": "watchdog_armed", "host": "d6b2a058c4be", "pid": 201946, "rank": null, "stage": "clear_popped", "timeout_sec": 30.0, "ts": "2026-10-04 16:21:24"}
[DBG] {"category": "QUEUE", "component": "queue", "elapsed_sec": 0.017169, "event": "END:clear_popped", "host": "d6b2a058c4be", "pid": 201946, "rank": null, "ts": "2026-10-04 16:21:24"}
[DBG] {"category": "QUEUE", "component": "queue", "event": "pop_done", "host": "d6b2a058c4be", "item_ids": ["de5e97acbc0349218480ead857b110f7", "8e9d4edd4fb747e79570931801ca2b95", "9a0c2448e612402883bce56c78e651fb", "f3e51aede1244894893959dc8d23257c"], "pid": 201946, "queue": "preference", "rank": null, "remaining": 0, "returned": 4, "stale": 0, "ts": "2026-10-04 16:21:24"}
[DBG] {"category": "QUEUE", "component": "queue", "current_version": null, "event": "BEGIN:queue_list_for_pop", "exact": false, "host": "d6b2a058c4be", "max_lag": null, "pid": 201946, "queue": "rollout", "rank": null, "requested": 1, "ts": "2026-10-04 16:21:53"}
[DBG] {"category": "QUEUE", "component": "queue", "event": "watchdog_armed", "host": "d6b2a058c4be", "pid": 201946, "rank": null, "stage": "queue_list_for_pop", "timeout_sec": 30.0, "ts": "2026-10-04 16:21:53"}
[DBG] {"category": "QUEUE", "component": "queue", "elapsed_sec": 0.00265, "event": "END:queue_list_for_pop", "host": "d6b2a058c4be", "pid": 201946, "rank": null, "ts": "2026-10-04 16:21:53"}
[DBG] {"available": 8, "category": "QUEUE", "component": "queue", "event": "pop_scan", "exact": false, "host": "d6b2a058c4be", "pid": 201946, "queue": "rollout", "rank": null, "requested": 1, "selected": 1, "selected_keys": ["smoke01:rollout:40296eecb01246eeb435d9037db21ae7"], "stale": 0, "stale_keys": [], "ts": "2026-10-04 16:21:53"}
[DBG] {"category": "QUEUE", "component": "queue", "event": "BEGIN:queue_get", "host": "d6b2a058c4be", "key": "smoke01:rollout:40296eecb01246eeb435d9037db21ae7", "pid": 201946, "queue": "rollout", "rank": null, "ts": "2026-10-04 16:21:53"}
[DBG] {"category": "QUEUE", "component": "queue", "event": "watchdog_armed", "host": "d6b2a058c4be", "pid": 201946, "rank": null, "stage": "queue_get", "timeout_sec": 30.0, "ts": "2026-10-04 16:21:53"}
[DBG] {"category": "QUEUE", "component": "queue", "elapsed_sec": 0.025839, "event": "END:queue_get", "host": "d6b2a058c4be", "pid": 201946, "rank": null, "ts": "2026-10-04 16:21:53"}
[DBG] {"category": "QUEUE", "component": "queue", "event": "queue_item_decoded", "host": "d6b2a058c4be", "item_id": "40296eecb01246eeb435d9037db21ae7", "key": "smoke01:rollout:40296eecb01246eeb435d9037db21ae7", "pid": 201946, "policy_version": 0, "queue": "rollout", "rank": null, "ts": "2026-10-04 16:21:53"}
[DBG] {"category": "QUEUE", "component": "queue", "count": 1, "event": "BEGIN:clear_popped", "host": "d6b2a058c4be", "pid": 201946, "queue": "rollout", "rank": null, "ts": "2026-10-04 16:21:53"}
[DBG] {"category": "QUEUE", "component": "queue", "event": "watchdog_armed", "host": "d6b2a058c4be", "pid": 201946, "rank": null, "stage": "clear_popped", "timeout_sec": 30.0, "ts": "2026-10-04 16:21:53"}
[DBG] {"category": "QUEUE", "component": "queue", "elapsed_sec": 0.014553, "event": "END:clear_popped", "host": "d6b2a058c4be", "pid": 201946, "rank": null, "ts": "2026-10-04 16:21:53"}
[DBG] {"category": "QUEUE", "component": "queue", "event": "pop_done", "host": "d6b2a058c4be", "item_ids": ["40296eecb01246eeb435d9037db21ae7"], "pid": 201946, "queue": "rollout", "rank": null, "remaining": 7, "returned": 1, "stale": 0, "ts": "2026-10-04 16:21:53"}
[DBG] {"category": "QUEUE", "component": "queue", "event": "size_changed", "host": "d6b2a058c4be", "pid": 201946, "queue": "rollout", "rank": null, "size": 7, "ts": "2026-10-04 16:21:53"}
[DBG] {"category": "QUEUE", "component": "queue", "event": "put_prepare", "host": "d6b2a058c4be", "item_id": "d9735208784847c8a84dfcb56e080bc0", "partition": "smoke01:rollout", "payload_bytes": 2614, "pid": 201946, "policy_version": 0, "queue": "rollout", "rank": null, "ts": "2026-10-04 16:21:54"}
[DBG] {"category": "QUEUE", "component": "queue", "event": "BEGIN:queue_put", "host": "d6b2a058c4be", "item_id": "d9735208784847c8a84dfcb56e080bc0", "pid": 201946, "queue": "rollout", "rank": null, "ts": "2026-10-04 16:21:54"}
[DBG] {"category": "QUEUE", "component": "queue", "event": "watchdog_armed", "host": "d6b2a058c4be", "pid": 201946, "rank": null, "stage": "queue_put", "timeout_sec": 30.0, "ts": "2026-10-04 16:21:54"}
[DBG] {"category": "QUEUE", "component": "queue", "elapsed_sec": 0.027105, "event": "END:queue_put", "host": "d6b2a058c4be", "pid": 201946, "rank": null, "ts": "2026-10-04 16:21:54"}
[DBG] {"category": "QUEUE", "component": "queue", "event": "put_done", "host": "d6b2a058c4be", "key": "smoke01:rollout:d9735208784847c8a84dfcb56e080bc0", "pid": 201946, "policy_version": 0, "queue": "rollout", "rank": null, "ts": "2026-10-04 16:21:54"}
[DBG] {"category": "QUEUE", "component": "queue", "event": "put_prepare", "host": "d6b2a058c4be", "item_id": "016c771912af40c8801e963a208f3f29", "partition": "smoke01:rollout", "payload_bytes": 1489, "pid": 201946, "policy_version": 0, "queue": "rollout", "rank": null, "ts": "2026-10-04 16:21:54"}
[DBG] {"category": "QUEUE", "component": "queue", "event": "BEGIN:queue_put", "host": "d6b2a058c4be", "item_id": "016c771912af40c8801e963a208f3f29", "pid": 201946, "queue": "rollout", "rank": null, "ts": "2026-10-04 16:21:54"}
[DBG] {"category": "QUEUE", "component": "queue", "event": "watchdog_armed", "host": "d6b2a058c4be", "pid": 201946, "rank": null, "stage": "queue_put", "timeout_sec": 30.0, "ts": "2026-10-04 16:21:54"}
[DBG] {"category": "QUEUE", "component": "queue", "elapsed_sec": 0.026044, "event": "END:queue_put", "host": "d6b2a058c4be", "pid": 201946, "rank": null, "ts": "2026-10-04 16:21:54"}
[DBG] {"category": "QUEUE", "component": "queue", "event": "put_done", "host": "d6b2a058c4be", "key": "smoke01:rollout:016c771912af40c8801e963a208f3f29", "pid": 201946, "policy_version": 0, "queue": "rollout", "rank": null, "ts": "2026-10-04 16:21:54"}
[DBG] {"category": "QUEUE", "component": "queue", "event": "size_changed", "host": "d6b2a058c4be", "pid": 201946, "queue": "rollout", "rank": null, "size": 9, "ts": "2026-10-04 16:21:54"}
[DBG] {"category": "QUEUE", "component": "queue", "event": "size_changed", "host": "d6b2a058c4be", "pid": 201946, "queue": "preference", "rank": null, "size": 0, "ts": "2026-10-04 16:22:09"}
[DBG] {"category": "QUEUE", "component": "queue", "event": "put_prepare", "host": "d6b2a058c4be", "item_id": "40296eecb01246eeb435d9037db21ae7", "partition": "smoke01:preference", "payload_bytes": 1269, "pid": 201946, "policy_version": 0, "queue": "preference", "rank": null, "ts": "2026-10-04 16:22:09"}
[DBG] {"category": "QUEUE", "component": "queue", "event": "BEGIN:queue_put", "host": "d6b2a058c4be", "item_id": "40296eecb01246eeb435d9037db21ae7", "pid": 201946, "queue": "preference", "rank": null, "ts": "2026-10-04 16:22:09"}
[DBG] {"category": "QUEUE", "component": "queue", "event": "watchdog_armed", "host": "d6b2a058c4be", "pid": 201946, "rank": null, "stage": "queue_put", "timeout_sec": 30.0, "ts": "2026-10-04 16:22:09"}
[DBG] {"category": "QUEUE", "component": "queue", "elapsed_sec": 0.022484, "event": "END:queue_put", "host": "d6b2a058c4be", "pid": 201946, "rank": null, "ts": "2026-10-04 16:22:09"}
[DBG] {"category": "QUEUE", "component": "queue", "event": "put_done", "host": "d6b2a058c4be", "key": "smoke01:preference:40296eecb01246eeb435d9037db21ae7", "pid": 201946, "policy_version": 0, "queue": "preference", "rank": null, "ts": "2026-10-04 16:22:09"}
[DBG] {"category": "QUEUE", "component": "queue", "event": "size_changed", "host": "d6b2a058c4be", "pid": 201946, "queue": "preference", "rank": null, "size": 1, "ts": "2026-10-04 16:22:09"}
[DBG] {"category": "QUEUE", "component": "queue", "current_version": null, "event": "BEGIN:queue_list_for_pop", "exact": false, "host": "d6b2a058c4be", "max_lag": null, "pid": 201946, "queue": "rollout", "rank": null, "requested": 1, "ts": "2026-10-04 16:22:10"}
[DBG] {"category": "QUEUE", "component": "queue", "event": "watchdog_armed", "host": "d6b2a058c4be", "pid": 201946, "rank": null, "stage": "queue_list_for_pop", "timeout_sec": 30.0, "ts": "2026-10-04 16:22:10"}
[DBG] {"category": "QUEUE", "component": "queue", "elapsed_sec": 0.002126, "event": "END:queue_list_for_pop", "host": "d6b2a058c4be", "pid": 201946, "rank": null, "ts": "2026-10-04 16:22:10"}
[DBG] {"available": 9, "category": "QUEUE", "component": "queue", "event": "pop_scan", "exact": false, "host": "d6b2a058c4be", "pid": 201946, "queue": "rollout", "rank": null, "requested": 1, "selected": 1, "selected_keys": ["smoke01:rollout:e12eae6630d94e3bb2d238c5390a2250"], "stale": 0, "stale_keys": [], "ts": "2026-10-04 16:22:10"}
[DBG] {"category": "QUEUE", "component": "queue", "event": "BEGIN:queue_get", "host": "d6b2a058c4be", "key": "smoke01:rollout:e12eae6630d94e3bb2d238c5390a2250", "pid": 201946, "queue": "rollout", "rank": null, "ts": "2026-10-04 16:22:10"}
[DBG] {"category": "QUEUE", "component": "queue", "event": "watchdog_armed", "host": "d6b2a058c4be", "pid": 201946, "rank": null, "stage": "queue_get", "timeout_sec": 30.0, "ts": "2026-10-04 16:22:10"}
[DBG] {"category": "QUEUE", "component": "queue", "elapsed_sec": 0.009341, "event": "END:queue_get", "host": "d6b2a058c4be", "pid": 201946, "rank": null, "ts": "2026-10-04 16:22:10"}
[DBG] {"category": "QUEUE", "component": "queue", "event": "queue_item_decoded", "host": "d6b2a058c4be", "item_id": "e12eae6630d94e3bb2d238c5390a2250", "key": "smoke01:rollout:e12eae6630d94e3bb2d238c5390a2250", "pid": 201946, "policy_version": 0, "queue": "rollout", "rank": null, "ts": "2026-10-04 16:22:10"}
[DBG] {"category": "QUEUE", "component": "queue", "count": 1, "event": "BEGIN:clear_popped", "host": "d6b2a058c4be", "pid": 201946, "queue": "rollout", "rank": null, "ts": "2026-10-04 16:22:10"}
[DBG] {"category": "QUEUE", "component": "queue", "event": "watchdog_armed", "host": "d6b2a058c4be", "pid": 201946, "rank": null, "stage": "clear_popped", "timeout_sec": 30.0, "ts": "2026-10-04 16:22:10"}
[DBG] {"category": "QUEUE", "component": "queue", "elapsed_sec": 0.005791, "event": "END:clear_popped", "host": "d6b2a058c4be", "pid": 201946, "rank": null, "ts": "2026-10-04 16:22:10"}
[DBG] {"category": "QUEUE", "component": "queue", "event": "pop_done", "host": "d6b2a058c4be", "item_ids": ["e12eae6630d94e3bb2d238c5390a2250"], "pid": 201946, "queue": "rollout", "rank": null, "remaining": 8, "returned": 1, "stale": 0, "ts": "2026-10-04 16:22:10"}
[DBG] {"category": "QUEUE", "component": "queue", "event": "size_changed", "host": "d6b2a058c4be", "pid": 201946, "queue": "rollout", "rank": null, "size": 8, "ts": "2026-10-04 16:22:11"}
[DBG] {"category": "QUEUE", "component": "queue", "event": "put_prepare", "host": "d6b2a058c4be", "item_id": "e12eae6630d94e3bb2d238c5390a2250", "partition": "smoke01:preference", "payload_bytes": 1301, "pid": 201946, "policy_version": 0, "queue": "preference", "rank": null, "ts": "2026-10-04 16:22:16"}
[DBG] {"category": "QUEUE", "component": "queue", "event": "BEGIN:queue_put", "host": "d6b2a058c4be", "item_id": "e12eae6630d94e3bb2d238c5390a2250", "pid": 201946, "queue": "preference", "rank": null, "ts": "2026-10-04 16:22:16"}
[DBG] {"category": "QUEUE", "component": "queue", "event": "watchdog_armed", "host": "d6b2a058c4be", "pid": 201946, "rank": null, "stage": "queue_put", "timeout_sec": 30.0, "ts": "2026-10-04 16:22:16"}
[DBG] {"category": "QUEUE", "component": "queue", "elapsed_sec": 0.01438, "event": "END:queue_put", "host": "d6b2a058c4be", "pid": 201946, "rank": null, "ts": "2026-10-04 16:22:16"}
[DBG] {"category": "QUEUE", "component": "queue", "event": "put_done", "host": "d6b2a058c4be", "key": "smoke01:preference:e12eae6630d94e3bb2d238c5390a2250", "pid": 201946, "policy_version": 0, "queue": "preference", "rank": null, "ts": "2026-10-04 16:22:16"}
[DBG] {"category": "QUEUE", "component": "queue", "event": "size_changed", "host": "d6b2a058c4be", "pid": 201946, "queue": "preference", "rank": null, "size": 2, "ts": "2026-10-04 16:22:16"}
[DBG] {"category": "QUEUE", "component": "queue", "current_version": null, "event": "BEGIN:queue_list_for_pop", "exact": false, "host": "d6b2a058c4be", "max_lag": null, "pid": 201946, "queue": "rollout", "rank": null, "requested": 1, "ts": "2026-10-04 16:22:17"}
[DBG] {"category": "QUEUE", "component": "queue", "event": "watchdog_armed", "host": "d6b2a058c4be", "pid": 201946, "rank": null, "stage": "queue_list_for_pop", "timeout_sec": 30.0, "ts": "2026-10-04 16:22:17"}
[DBG] {"category": "QUEUE", "component": "queue", "elapsed_sec": 0.00415, "event": "END:queue_list_for_pop", "host": "d6b2a058c4be", "pid": 201946, "rank": null, "ts": "2026-10-04 16:22:17"}
[DBG] {"available": 8, "category": "QUEUE", "component": "queue", "event": "pop_scan", "exact": false, "host": "d6b2a058c4be", "pid": 201946, "queue": "rollout", "rank": null, "requested": 1, "selected": 1, "selected_keys": ["smoke01:rollout:6bd1df3255834a8abffe4c933071c473"], "stale": 0, "stale_keys": [], "ts": "2026-10-04 16:22:17"}
[DBG] {"category": "QUEUE", "component": "queue", "event": "BEGIN:queue_get", "host": "d6b2a058c4be", "key": "smoke01:rollout:6bd1df3255834a8abffe4c933071c473", "pid": 201946, "queue": "rollout", "rank": null, "ts": "2026-10-04 16:22:17"}
[DBG] {"category": "QUEUE", "component": "queue", "event": "watchdog_armed", "host": "d6b2a058c4be", "pid": 201946, "rank": null, "stage": "queue_get", "timeout_sec": 30.0, "ts": "2026-10-04 16:22:17"}
[DBG] {"category": "QUEUE", "component": "queue", "elapsed_sec": 0.025659, "event": "END:queue_get", "host": "d6b2a058c4be", "pid": 201946, "rank": null, "ts": "2026-10-04 16:22:17"}
[DBG] {"category": "QUEUE", "component": "queue", "event": "queue_item_decoded", "host": "d6b2a058c4be", "item_id": "6bd1df3255834a8abffe4c933071c473", "key": "smoke01:rollout:6bd1df3255834a8abffe4c933071c473", "pid": 201946, "policy_version": 0, "queue": "rollout", "rank": null, "ts": "2026-10-04 16:22:17"}
[DBG] {"category": "QUEUE", "component": "queue", "count": 1, "event": "BEGIN:clear_popped", "host": "d6b2a058c4be", "pid": 201946, "queue": "rollout", "rank": null, "ts": "2026-10-04 16:22:17"}
[DBG] {"category": "QUEUE", "component": "queue", "event": "watchdog_armed", "host": "d6b2a058c4be", "pid": 201946, "rank": null, "stage": "clear_popped", "timeout_sec": 30.0, "ts": "2026-10-04 16:22:17"}
[DBG] {"category": "QUEUE", "component": "queue", "elapsed_sec": 0.010045, "event": "END:clear_popped", "host": "d6b2a058c4be", "pid": 201946, "rank": null, "ts": "2026-10-04 16:22:17"}
[DBG] {"category": "QUEUE", "component": "queue", "event": "pop_done", "host": "d6b2a058c4be", "item_ids": ["6bd1df3255834a8abffe4c933071c473"], "pid": 201946, "queue": "rollout", "rank": null, "remaining": 7, "returned": 1, "stale": 0, "ts": "2026-10-04 16:22:17"}
[DBG] {"category": "QUEUE", "component": "queue", "event": "size_changed", "host": "d6b2a058c4be", "pid": 201946, "queue": "rollout", "rank": null, "size": 7, "ts": "2026-10-04 16:22:17"}
[DBG] {"category": "QUEUE", "component": "queue", "event": "put_prepare", "host": "d6b2a058c4be", "item_id": "ba24f66918c74f6d91b735a1f9cf1896", "partition": "smoke01:rollout", "payload_bytes": 1943, "pid": 201946, "policy_version": 0, "queue": "rollout", "rank": null, "ts": "2026-10-04 16:22:17"}
[DBG] {"category": "QUEUE", "component": "queue", "event": "BEGIN:queue_put", "host": "d6b2a058c4be", "item_id": "ba24f66918c74f6d91b735a1f9cf1896", "pid": 201946, "queue": "rollout", "rank": null, "ts": "2026-10-04 16:22:17"}
[DBG] {"category": "QUEUE", "component": "queue", "event": "watchdog_armed", "host": "d6b2a058c4be", "pid": 201946, "rank": null, "stage": "queue_put", "timeout_sec": 30.0, "ts": "2026-10-04 16:22:17"}
[DBG] {"category": "QUEUE", "component": "queue", "elapsed_sec": 0.027855, "event": "END:queue_put", "host": "d6b2a058c4be", "pid": 201946, "rank": null, "ts": "2026-10-04 16:22:17"}
[DBG] {"category": "QUEUE", "component": "queue", "event": "put_done", "host": "d6b2a058c4be", "key": "smoke01:rollout:ba24f66918c74f6d91b735a1f9cf1896", "pid": 201946, "policy_version": 0, "queue": "rollout", "rank": null, "ts": "2026-10-04 16:22:17"}
[DBG] {"category": "QUEUE", "component": "queue", "event": "put_prepare", "host": "d6b2a058c4be", "item_id": "b20eaf9f50fd4289a0577257a2dfc53f", "partition": "smoke01:rollout", "payload_bytes": 2023, "pid": 201946, "policy_version": 0, "queue": "rollout", "rank": null, "ts": "2026-10-04 16:22:17"}
[DBG] {"category": "QUEUE", "component": "queue", "event": "BEGIN:queue_put", "host": "d6b2a058c4be", "item_id": "b20eaf9f50fd4289a0577257a2dfc53f", "pid": 201946, "queue": "rollout", "rank": null, "ts": "2026-10-04 16:22:17"}
[DBG] {"category": "QUEUE", "component": "queue", "event": "watchdog_armed", "host": "d6b2a058c4be", "pid": 201946, "rank": null, "stage": "queue_put", "timeout_sec": 30.0, "ts": "2026-10-04 16:22:17"}
[DBG] {"category": "QUEUE", "component": "queue", "elapsed_sec": 0.018814, "event": "END:queue_put", "host": "d6b2a058c4be", "pid": 201946, "rank": null, "ts": "2026-10-04 16:22:17"}
[DBG] {"category": "QUEUE", "component": "queue", "event": "put_done", "host": "d6b2a058c4be", "key": "smoke01:rollout:b20eaf9f50fd4289a0577257a2dfc53f", "pid": 201946, "policy_version": 0, "queue": "rollout", "rank": null, "ts": "2026-10-04 16:22:17"}
[DBG] {"category": "QUEUE", "component": "queue", "event": "size_changed", "host": "d6b2a058c4be", "pid": 201946, "queue": "rollout", "rank": null, "size": 9, "ts": "2026-10-04 16:22:17"}
[DBG] {"category": "QUEUE", "component": "queue", "event": "put_prepare", "host": "d6b2a058c4be", "item_id": "6bd1df3255834a8abffe4c933071c473", "partition": "smoke01:preference", "payload_bytes": 1262, "pid": 201946, "policy_version": 0, "queue": "preference", "rank": null, "ts": "2026-10-04 16:22:20"}
[DBG] {"category": "QUEUE", "component": "queue", "event": "BEGIN:queue_put", "host": "d6b2a058c4be", "item_id": "6bd1df3255834a8abffe4c933071c473", "pid": 201946, "queue": "preference", "rank": null, "ts": "2026-10-04 16:22:20"}
[DBG] {"category": "QUEUE", "component": "queue", "event": "watchdog_armed", "host": "d6b2a058c4be", "pid": 201946, "rank": null, "stage": "queue_put", "timeout_sec": 30.0, "ts": "2026-10-04 16:22:20"}
[DBG] {"category": "QUEUE", "component": "queue", "elapsed_sec": 0.016839, "event": "END:queue_put", "host": "d6b2a058c4be", "pid": 201946, "rank": null, "ts": "2026-10-04 16:22:20"}
[DBG] {"category": "QUEUE", "component": "queue", "event": "put_done", "host": "d6b2a058c4be", "key": "smoke01:preference:6bd1df3255834a8abffe4c933071c473", "pid": 201946, "policy_version": 0, "queue": "preference", "rank": null, "ts": "2026-10-04 16:22:20"}
[DBG] {"category": "QUEUE", "component": "queue", "event": "size_changed", "host": "d6b2a058c4be", "pid": 201946, "queue": "preference", "rank": null, "size": 3, "ts": "2026-10-04 16:22:20"}
[DBG] {"category": "QUEUE", "component": "queue", "current_version": null, "event": "BEGIN:queue_list_for_pop", "exact": false, "host": "d6b2a058c4be", "max_lag": null, "pid": 201946, "queue": "rollout", "rank": null, "requested": 1, "ts": "2026-10-04 16:22:22"}
[DBG] {"category": "QUEUE", "component": "queue", "event": "watchdog_armed", "host": "d6b2a058c4be", "pid": 201946, "rank": null, "stage": "queue_list_for_pop", "timeout_sec": 30.0, "ts": "2026-10-04 16:22:22"}
[DBG] {"category": "QUEUE", "component": "queue", "elapsed_sec": 0.002196, "event": "END:queue_list_for_pop", "host": "d6b2a058c4be", "pid": 201946, "rank": null, "ts": "2026-10-04 16:22:22"}
[DBG] {"available": 9, "category": "QUEUE", "component": "queue", "event": "pop_scan", "exact": false, "host": "d6b2a058c4be", "pid": 201946, "queue": "rollout", "rank": null, "requested": 1, "selected": 1, "selected_keys": ["smoke01:rollout:3cd730d60163484789b41af0c1562940"], "stale": 0, "stale_keys": [], "ts": "2026-10-04 16:22:22"}
[DBG] {"category": "QUEUE", "component": "queue", "event": "BEGIN:queue_get", "host": "d6b2a058c4be", "key": "smoke01:rollout:3cd730d60163484789b41af0c1562940", "pid": 201946, "queue": "rollout", "rank": null, "ts": "2026-10-04 16:22:22"}
[DBG] {"category": "QUEUE", "component": "queue", "event": "watchdog_armed", "host": "d6b2a058c4be", "pid": 201946, "rank": null, "stage": "queue_get", "timeout_sec": 30.0, "ts": "2026-10-04 16:22:22"}
[DBG] {"category": "QUEUE", "component": "queue", "elapsed_sec": 0.024889, "event": "END:queue_get", "host": "d6b2a058c4be", "pid": 201946, "rank": null, "ts": "2026-10-04 16:22:22"}
[DBG] {"category": "QUEUE", "component": "queue", "event": "queue_item_decoded", "host": "d6b2a058c4be", "item_id": "3cd730d60163484789b41af0c1562940", "key": "smoke01:rollout:3cd730d60163484789b41af0c1562940", "pid": 201946, "policy_version": 0, "queue": "rollout", "rank": null, "ts": "2026-10-04 16:22:22"}
[DBG] {"category": "QUEUE", "component": "queue", "count": 1, "event": "BEGIN:clear_popped", "host": "d6b2a058c4be", "pid": 201946, "queue": "rollout", "rank": null, "ts": "2026-10-04 16:22:22"}
[DBG] {"category": "QUEUE", "component": "queue", "event": "watchdog_armed", "host": "d6b2a058c4be", "pid": 201946, "rank": null, "stage": "clear_popped", "timeout_sec": 30.0, "ts": "2026-10-04 16:22:22"}
[DBG] {"category": "QUEUE", "component": "queue", "elapsed_sec": 0.015347, "event": "END:clear_popped", "host": "d6b2a058c4be", "pid": 201946, "rank": null, "ts": "2026-10-04 16:22:22"}
[DBG] {"category": "QUEUE", "component": "queue", "event": "pop_done", "host": "d6b2a058c4be", "item_ids": ["3cd730d60163484789b41af0c1562940"], "pid": 201946, "queue": "rollout", "rank": null, "remaining": 8, "returned": 1, "stale": 0, "ts": "2026-10-04 16:22:22"}
[DBG] {"category": "QUEUE", "component": "queue", "event": "size_changed", "host": "d6b2a058c4be", "pid": 201946, "queue": "rollout", "rank": null, "size": 8, "ts": "2026-10-04 16:22:22"}
[DBG] {"category": "QUEUE", "component": "queue", "event": "put_prepare", "host": "d6b2a058c4be", "item_id": "3cd730d60163484789b41af0c1562940", "partition": "smoke01:preference", "payload_bytes": 1456, "pid": 201946, "policy_version": 0, "queue": "preference", "rank": null, "ts": "2026-10-04 16:22:23"}
[DBG] {"category": "QUEUE", "component": "queue", "event": "BEGIN:queue_put", "host": "d6b2a058c4be", "item_id": "3cd730d60163484789b41af0c1562940", "pid": 201946, "queue": "preference", "rank": null, "ts": "2026-10-04 16:22:23"}
[DBG] {"category": "QUEUE", "component": "queue", "event": "watchdog_armed", "host": "d6b2a058c4be", "pid": 201946, "rank": null, "stage": "queue_put", "timeout_sec": 30.0, "ts": "2026-10-04 16:22:23"}
[DBG] {"category": "QUEUE", "component": "queue", "elapsed_sec": 0.013582, "event": "END:queue_put", "host": "d6b2a058c4be", "pid": 201946, "rank": null, "ts": "2026-10-04 16:22:23"}
[DBG] {"category": "QUEUE", "component": "queue", "event": "put_done", "host": "d6b2a058c4be", "key": "smoke01:preference:3cd730d60163484789b41af0c1562940", "pid": 201946, "policy_version": 0, "queue": "preference", "rank": null, "ts": "2026-10-04 16:22:23"}
[DBG] {"category": "QUEUE", "component": "queue", "event": "size_changed", "host": "d6b2a058c4be", "pid": 201946, "queue": "preference", "rank": null, "size": 4, "ts": "2026-10-04 16:22:23"}
[DBG] {"category": "QUEUE", "component": "queue", "current_version": null, "event": "BEGIN:queue_list_for_pop", "exact": false, "host": "d6b2a058c4be", "max_lag": null, "pid": 201946, "queue": "rollout", "rank": null, "requested": 1, "ts": "2026-10-04 16:23:01"}
[DBG] {"category": "QUEUE", "component": "queue", "event": "watchdog_armed", "host": "d6b2a058c4be", "pid": 201946, "rank": null, "stage": "queue_list_for_pop", "timeout_sec": 30.0, "ts": "2026-10-04 16:23:01"}
[DBG] {"category": "QUEUE", "component": "queue", "elapsed_sec": 0.002638, "event": "END:queue_list_for_pop", "host": "d6b2a058c4be", "pid": 201946, "rank": null, "ts": "2026-10-04 16:23:01"}
[DBG] {"available": 8, "category": "QUEUE", "component": "queue", "event": "pop_scan", "exact": false, "host": "d6b2a058c4be", "pid": 201946, "queue": "rollout", "rank": null, "requested": 1, "selected": 1, "selected_keys": ["smoke01:rollout:24a02f17f0de4faaa93266b5f19e9af5"], "stale": 0, "stale_keys": [], "ts": "2026-10-04 16:23:01"}
[DBG] {"category": "QUEUE", "component": "queue", "event": "BEGIN:queue_get", "host": "d6b2a058c4be", "key": "smoke01:rollout:24a02f17f0de4faaa93266b5f19e9af5", "pid": 201946, "queue": "rollout", "rank": null, "ts": "2026-10-04 16:23:01"}
[DBG] {"category": "QUEUE", "component": "queue", "event": "watchdog_armed", "host": "d6b2a058c4be", "pid": 201946, "rank": null, "stage": "queue_get", "timeout_sec": 30.0, "ts": "2026-10-04 16:23:01"}
[DBG] {"category": "QUEUE", "component": "queue", "elapsed_sec": 0.03208, "event": "END:queue_get", "host": "d6b2a058c4be", "pid": 201946, "rank": null, "ts": "2026-10-04 16:23:01"}
[DBG] {"category": "QUEUE", "component": "queue", "event": "queue_item_decoded", "host": "d6b2a058c4be", "item_id": "24a02f17f0de4faaa93266b5f19e9af5", "key": "smoke01:rollout:24a02f17f0de4faaa93266b5f19e9af5", "pid": 201946, "policy_version": 0, "queue": "rollout", "rank": null, "ts": "2026-10-04 16:23:01"}
[DBG] {"category": "QUEUE", "component": "queue", "count": 1, "event": "BEGIN:clear_popped", "host": "d6b2a058c4be", "pid": 201946, "queue": "rollout", "rank": null, "ts": "2026-10-04 16:23:01"}
[DBG] {"category": "QUEUE", "component": "queue", "event": "watchdog_armed", "host": "d6b2a058c4be", "pid": 201946, "rank": null, "stage": "clear_popped", "timeout_sec": 30.0, "ts": "2026-10-04 16:23:01"}
[DBG] {"category": "QUEUE", "component": "queue", "elapsed_sec": 0.015744, "event": "END:clear_popped", "host": "d6b2a058c4be", "pid": 201946, "rank": null, "ts": "2026-10-04 16:23:01"}
[DBG] {"category": "QUEUE", "component": "queue", "event": "pop_done", "host": "d6b2a058c4be", "item_ids": ["24a02f17f0de4faaa93266b5f19e9af5"], "pid": 201946, "queue": "rollout", "rank": null, "remaining": 7, "returned": 1, "stale": 0, "ts": "2026-10-04 16:23:01"}
[DBG] {"category": "QUEUE", "component": "queue", "event": "size_changed", "host": "d6b2a058c4be", "pid": 201946, "queue": "rollout", "rank": null, "size": 7, "ts": "2026-10-04 16:23:01"}
[DBG] {"category": "QUEUE", "component": "queue", "event": "put_prepare", "host": "d6b2a058c4be", "item_id": "1197d7f213204063afe35730f89e7736", "partition": "smoke01:rollout", "payload_bytes": 2471, "pid": 201946, "policy_version": 0, "queue": "rollout", "rank": null, "ts": "2026-10-04 16:23:02"}
[DBG] {"category": "QUEUE", "component": "queue", "event": "BEGIN:queue_put", "host": "d6b2a058c4be", "item_id": "1197d7f213204063afe35730f89e7736", "pid": 201946, "queue": "rollout", "rank": null, "ts": "2026-10-04 16:23:02"}
[DBG] {"category": "QUEUE", "component": "queue", "event": "watchdog_armed", "host": "d6b2a058c4be", "pid": 201946, "rank": null, "stage": "queue_put", "timeout_sec": 30.0, "ts": "2026-10-04 16:23:02"}
[DBG] {"category": "QUEUE", "component": "queue", "elapsed_sec": 0.015036, "event": "END:queue_put", "host": "d6b2a058c4be", "pid": 201946, "rank": null, "ts": "2026-10-04 16:23:02"}
[DBG] {"category": "QUEUE", "component": "queue", "event": "put_done", "host": "d6b2a058c4be", "key": "smoke01:rollout:1197d7f213204063afe35730f89e7736", "pid": 201946, "policy_version": 0, "queue": "rollout", "rank": null, "ts": "2026-10-04 16:23:02"}
[DBG] {"category": "QUEUE", "component": "queue", "event": "put_prepare", "host": "d6b2a058c4be", "item_id": "949dfd6acdc4424681477d817c6352fa", "partition": "smoke01:rollout", "payload_bytes": 2541, "pid": 201946, "policy_version": 0, "queue": "rollout", "rank": null, "ts": "2026-10-04 16:23:02"}
[DBG] {"category": "QUEUE", "component": "queue", "event": "BEGIN:queue_put", "host": "d6b2a058c4be", "item_id": "949dfd6acdc4424681477d817c6352fa", "pid": 201946, "queue": "rollout", "rank": null, "ts": "2026-10-04 16:23:02"}
[DBG] {"category": "QUEUE", "component": "queue", "event": "watchdog_armed", "host": "d6b2a058c4be", "pid": 201946, "rank": null, "stage": "queue_put", "timeout_sec": 30.0, "ts": "2026-10-04 16:23:02"}
[DBG] {"category": "QUEUE", "component": "queue", "elapsed_sec": 0.018946, "event": "END:queue_put", "host": "d6b2a058c4be", "pid": 201946, "rank": null, "ts": "2026-10-04 16:23:02"}
[DBG] {"category": "QUEUE", "component": "queue", "event": "put_done", "host": "d6b2a058c4be", "key": "smoke01:rollout:949dfd6acdc4424681477d817c6352fa", "pid": 201946, "policy_version": 0, "queue": "rollout", "rank": null, "ts": "2026-10-04 16:23:02"}
[DBG] {"category": "QUEUE", "component": "queue", "event": "size_changed", "host": "d6b2a058c4be", "pid": 201946, "queue": "rollout", "rank": null, "size": 9, "ts": "2026-10-04 16:23:02"}
[DBG] {"category": "QUEUE", "component": "queue", "event": "put_prepare", "host": "d6b2a058c4be", "item_id": "24a02f17f0de4faaa93266b5f19e9af5", "partition": "smoke01:preference", "payload_bytes": 1395, "pid": 201946, "policy_version": 0, "queue": "preference", "rank": null, "ts": "2026-10-04 16:23:48"}
[DBG] {"category": "QUEUE", "component": "queue", "event": "BEGIN:queue_put", "host": "d6b2a058c4be", "item_id": "24a02f17f0de4faaa93266b5f19e9af5", "pid": 201946, "queue": "preference", "rank": null, "ts": "2026-10-04 16:23:48"}
[DBG] {"category": "QUEUE", "component": "queue", "event": "watchdog_armed", "host": "d6b2a058c4be", "pid": 201946, "rank": null, "stage": "queue_put", "timeout_sec": 30.0, "ts": "2026-10-04 16:23:48"}
[DBG] {"category": "QUEUE", "component": "queue", "elapsed_sec": 0.02541, "event": "END:queue_put", "host": "d6b2a058c4be", "pid": 201946, "rank": null, "ts": "2026-10-04 16:23:48"}
[DBG] {"category": "QUEUE", "component": "queue", "event": "put_done", "host": "d6b2a058c4be", "key": "smoke01:preference:24a02f17f0de4faaa93266b5f19e9af5", "pid": 201946, "policy_version": 0, "queue": "preference", "rank": null, "ts": "2026-10-04 16:23:48"}
[DBG] {"category": "QUEUE", "component": "queue", "event": "size_changed", "host": "d6b2a058c4be", "pid": 201946, "queue": "preference", "rank": null, "size": 5, "ts": "2026-10-04 16:23:48"}
[DBG] {"category": "QUEUE", "component": "queue", "current_version": null, "event": "BEGIN:queue_list_for_pop", "exact": false, "host": "d6b2a058c4be", "max_lag": null, "pid": 201946, "queue": "rollout", "rank": null, "requested": 1, "ts": "2026-10-04 16:23:49"}
[DBG] {"category": "QUEUE", "component": "queue", "event": "watchdog_armed", "host": "d6b2a058c4be", "pid": 201946, "rank": null, "stage": "queue_list_for_pop", "timeout_sec": 30.0, "ts": "2026-10-04 16:23:49"}
[DBG] {"category": "QUEUE", "component": "queue", "elapsed_sec": 0.001546, "event": "END:queue_list_for_pop", "host": "d6b2a058c4be", "pid": 201946, "rank": null, "ts": "2026-10-04 16:23:49"}
[DBG] {"available": 9, "category": "QUEUE", "component": "queue", "event": "pop_scan", "exact": false, "host": "d6b2a058c4be", "pid": 201946, "queue": "rollout", "rank": null, "requested": 1, "selected": 1, "selected_keys": ["smoke01:rollout:8864356b6166463d9860795071777452"], "stale": 0, "stale_keys": [], "ts": "2026-10-04 16:23:49"}
[DBG] {"category": "QUEUE", "component": "queue", "event": "BEGIN:queue_get", "host": "d6b2a058c4be", "key": "smoke01:rollout:8864356b6166463d9860795071777452", "pid": 201946, "queue": "rollout", "rank": null, "ts": "2026-10-04 16:23:49"}
[DBG] {"category": "QUEUE", "component": "queue", "event": "watchdog_armed", "host": "d6b2a058c4be", "pid": 201946, "rank": null, "stage": "queue_get", "timeout_sec": 30.0, "ts": "2026-10-04 16:23:49"}
[DBG] {"category": "QUEUE", "component": "queue", "elapsed_sec": 0.013104, "event": "END:queue_get", "host": "d6b2a058c4be", "pid": 201946, "rank": null, "ts": "2026-10-04 16:23:49"}
[DBG] {"category": "QUEUE", "component": "queue", "event": "queue_item_decoded", "host": "d6b2a058c4be", "item_id": "8864356b6166463d9860795071777452", "key": "smoke01:rollout:8864356b6166463d9860795071777452", "pid": 201946, "policy_version": 0, "queue": "rollout", "rank": null, "ts": "2026-10-04 16:23:49"}
[DBG] {"category": "QUEUE", "component": "queue", "count": 1, "event": "BEGIN:clear_popped", "host": "d6b2a058c4be", "pid": 201946, "queue": "rollout", "rank": null, "ts": "2026-10-04 16:23:49"}
[DBG] {"category": "QUEUE", "component": "queue", "event": "watchdog_armed", "host": "d6b2a058c4be", "pid": 201946, "rank": null, "stage": "clear_popped", "timeout_sec": 30.0, "ts": "2026-10-04 16:23:49"}
[DBG] {"category": "QUEUE", "component": "queue", "elapsed_sec": 0.007676, "event": "END:clear_popped", "host": "d6b2a058c4be", "pid": 201946, "rank": null, "ts": "2026-10-04 16:23:49"}
[DBG] {"category": "QUEUE", "component": "queue", "event": "pop_done", "host": "d6b2a058c4be", "item_ids": ["8864356b6166463d9860795071777452"], "pid": 201946, "queue": "rollout", "rank": null, "remaining": 8, "returned": 1, "stale": 0, "ts": "2026-10-04 16:23:49"}
[DBG] {"category": "QUEUE", "component": "queue", "event": "size_changed", "host": "d6b2a058c4be", "pid": 201946, "queue": "rollout", "rank": null, "size": 8, "ts": "2026-10-04 16:23:50"}
