[DBG] {"category": "QUEUE", "component": "queue", "event": "BEGIN:transfer_queue_init", "host": "d6b2a058c4be", "pid": 52151, "rank": null, "run_id": "smoke01", "ts": "2026-10-04 13:06:53"}
[DBG] {"category": "QUEUE", "component": "queue", "event": "watchdog_armed", "host": "d6b2a058c4be", "pid": 52151, "rank": null, "stage": "transfer_queue_init", "timeout_sec": 30.0, "ts": "2026-10-04 13:06:53"}
[DBG] {"category": "QUEUE", "component": "queue", "elapsed_sec": 5.686448, "event": "END:transfer_queue_init", "host": "d6b2a058c4be", "pid": 52151, "rank": null, "ts": "2026-10-04 13:06:59"}
[DBG] {"category": "QUEUE", "component": "queue", "event": "broker_ready", "host": "d6b2a058c4be", "pid": 52151, "queues": {"preference": "preference", "rollout": "rollout"}, "rank": null, "ts": "2026-10-04 13:06:59"}
[DBG] {"category": "QUEUE", "component": "queue", "current_version": null, "event": "BEGIN:queue_list_for_pop", "exact": false, "host": "d6b2a058c4be", "max_lag": null, "pid": 52151, "queue": "rollout", "rank": null, "requested": 1, "ts": "2026-10-04 13:07:38"}
[DBG] {"category": "QUEUE", "component": "queue", "event": "watchdog_armed", "host": "d6b2a058c4be", "pid": 52151, "rank": null, "stage": "queue_list_for_pop", "timeout_sec": 30.0, "ts": "2026-10-04 13:07:38"}
[DBG] {"category": "QUEUE", "component": "queue", "elapsed_sec": 0.024302, "event": "END:queue_list_for_pop", "host": "d6b2a058c4be", "pid": 52151, "rank": null, "ts": "2026-10-04 13:07:38"}
[DBG] {"available": 0, "category": "QUEUE", "component": "queue", "event": "pop_scan", "exact": false, "host": "d6b2a058c4be", "pid": 52151, "queue": "rollout", "rank": null, "requested": 1, "selected": 0, "stale": 0, "ts": "2026-10-04 13:07:38"}
[DBG] {"category": "QUEUE", "component": "queue", "event": "pop_done", "host": "d6b2a058c4be", "pid": 52151, "queue": "rollout", "rank": null, "returned": 0, "stale": 0, "ts": "2026-10-04 13:07:38"}
[DBG] {"category": "QUEUE", "component": "queue", "event": "size_changed", "host": "d6b2a058c4be", "pid": 52151, "queue": "rollout", "rank": null, "size": 0, "ts": "2026-10-04 13:07:38"}
[DBG] {"category": "QUEUE", "component": "queue", "current_version": null, "event": "BEGIN:queue_list_for_pop", "exact": false, "host": "d6b2a058c4be", "max_lag": null, "pid": 52151, "queue": "rollout", "rank": null, "requested": 1, "ts": "2026-10-04 13:07:38"}
[DBG] {"category": "QUEUE", "component": "queue", "event": "watchdog_armed", "host": "d6b2a058c4be", "pid": 52151, "rank": null, "stage": "queue_list_for_pop", "timeout_sec": 30.0, "ts": "2026-10-04 13:07:38"}
[DBG] {"category": "QUEUE", "component": "queue", "elapsed_sec": 0.002642, "event": "END:queue_list_for_pop", "host": "d6b2a058c4be", "pid": 52151, "rank": null, "ts": "2026-10-04 13:07:38"}
[DBG] {"available": 0, "category": "QUEUE", "component": "queue", "event": "pop_scan", "exact": false, "host": "d6b2a058c4be", "pid": 52151, "queue": "rollout", "rank": null, "requested": 1, "selected": 0, "stale": 0, "ts": "2026-10-04 13:07:38"}
[DBG] {"category": "QUEUE", "component": "queue", "event": "pop_done", "host": "d6b2a058c4be", "pid": 52151, "queue": "rollout", "rank": null, "returned": 0, "stale": 0, "ts": "2026-10-04 13:07:38"}
[DBG] {"category": "QUEUE", "component": "queue", "current_version": null, "event": "BEGIN:queue_list_for_pop", "exact": false, "host": "d6b2a058c4be", "max_lag": null, "pid": 52151, "queue": "rollout", "rank": null, "requested": 1, "ts": "2026-10-04 13:07:38"}
[DBG] {"category": "QUEUE", "component": "queue", "event": "watchdog_armed", "host": "d6b2a058c4be", "pid": 52151, "rank": null, "stage": "queue_list_for_pop", "timeout_sec": 30.0, "ts": "2026-10-04 13:07:38"}
[DBG] {"category": "QUEUE", "component": "queue", "elapsed_sec": 0.002655, "event": "END:queue_list_for_pop", "host": "d6b2a058c4be", "pid": 52151, "rank": null, "ts": "2026-10-04 13:07:38"}
[DBG] {"available": 0, "category": "QUEUE", "component": "queue", "event": "pop_scan", "exact": false, "host": "d6b2a058c4be", "pid": 52151, "queue": "rollout", "rank": null, "requested": 1, "selected": 0, "stale": 0, "ts": "2026-10-04 13:07:38"}
[DBG] {"category": "QUEUE", "component": "queue", "event": "pop_done", "host": "d6b2a058c4be", "pid": 52151, "queue": "rollout", "rank": null, "returned": 0, "stale": 0, "ts": "2026-10-04 13:07:38"}
[DBG] {"category": "QUEUE", "component": "queue", "current_version": null, "event": "BEGIN:queue_list_for_pop", "exact": false, "host": "d6b2a058c4be", "max_lag": null, "pid": 52151, "queue": "rollout", "rank": null, "requested": 1, "ts": "2026-10-04 13:07:38"}
[DBG] {"category": "QUEUE", "component": "queue", "event": "watchdog_armed", "host": "d6b2a058c4be", "pid": 52151, "rank": null, "stage": "queue_list_for_pop", "timeout_sec": 30.0, "ts": "2026-10-04 13:07:38"}
[DBG] {"category": "QUEUE", "component": "queue", "elapsed_sec": 0.002626, "event": "END:queue_list_for_pop", "host": "d6b2a058c4be", "pid": 52151, "rank": null, "ts": "2026-10-04 13:07:38"}
[DBG] {"available": 0, "category": "QUEUE", "component": "queue", "event": "pop_scan", "exact": false, "host": "d6b2a058c4be", "pid": 52151, "queue": "rollout", "rank": null, "requested": 1, "selected": 0, "stale": 0, "ts": "2026-10-04 13:07:38"}
[DBG] {"category": "QUEUE", "component": "queue", "event": "pop_done", "host": "d6b2a058c4be", "pid": 52151, "queue": "rollout", "rank": null, "returned": 0, "stale": 0, "ts": "2026-10-04 13:07:38"}
[DBG] {"category": "QUEUE", "component": "queue", "current_version": null, "event": "BEGIN:queue_list_for_pop", "exact": false, "host": "d6b2a058c4be", "max_lag": null, "pid": 52151, "queue": "rollout", "rank": null, "requested": 1, "ts": "2026-10-04 13:07:39"}
[DBG] {"category": "QUEUE", "component": "queue", "event": "watchdog_armed", "host": "d6b2a058c4be", "pid": 52151, "rank": null, "stage": "queue_list_for_pop", "timeout_sec": 30.0, "ts": "2026-10-04 13:07:39"}
[DBG] {"category": "QUEUE", "component": "queue", "elapsed_sec": 0.002595, "event": "END:queue_list_for_pop", "host": "d6b2a058c4be", "pid": 52151, "rank": null, "ts": "2026-10-04 13:07:39"}
[DBG] {"available": 0, "category": "QUEUE", "component": "queue", "event": "pop_scan", "exact": false, "host": "d6b2a058c4be", "pid": 52151, "queue": "rollout", "rank": null, "requested": 1, "selected": 0, "stale": 0, "ts": "2026-10-04 13:07:39"}
[DBG] {"category": "QUEUE", "component": "queue", "event": "pop_done", "host": "d6b2a058c4be", "pid": 52151, "queue": "rollout", "rank": null, "returned": 0, "stale": 0, "ts": "2026-10-04 13:07:39"}
[DBG] {"category": "QUEUE", "component": "queue", "current_version": null, "event": "BEGIN:queue_list_for_pop", "exact": false, "host": "d6b2a058c4be", "max_lag": null, "pid": 52151, "queue": "rollout", "rank": null, "requested": 1, "ts": "2026-10-04 13:07:39"}
[DBG] {"category": "QUEUE", "component": "queue", "event": "watchdog_armed", "host": "d6b2a058c4be", "pid": 52151, "rank": null, "stage": "queue_list_for_pop", "timeout_sec": 30.0, "ts": "2026-10-04 13:07:39"}
[DBG] {"category": "QUEUE", "component": "queue", "elapsed_sec": 0.002611, "event": "END:queue_list_for_pop", "host": "d6b2a058c4be", "pid": 52151, "rank": null, "ts": "2026-10-04 13:07:39"}
[DBG] {"available": 0, "category": "QUEUE", "component": "queue", "event": "pop_scan", "exact": false, "host": "d6b2a058c4be", "pid": 52151, "queue": "rollout", "rank": null, "requested": 1, "selected": 0, "stale": 0, "ts": "2026-10-04 13:07:39"}
[DBG] {"category": "QUEUE", "component": "queue", "event": "pop_done", "host": "d6b2a058c4be", "pid": 52151, "queue": "rollout", "rank": null, "returned": 0, "stale": 0, "ts": "2026-10-04 13:07:39"}
[DBG] {"category": "QUEUE", "component": "queue", "current_version": null, "event": "BEGIN:queue_list_for_pop", "exact": false, "host": "d6b2a058c4be", "max_lag": null, "pid": 52151, "queue": "rollout", "rank": null, "requested": 1, "ts": "2026-10-04 13:07:39"}
[DBG] {"category": "QUEUE", "component": "queue", "event": "watchdog_armed", "host": "d6b2a058c4be", "pid": 52151, "rank": null, "stage": "queue_list_for_pop", "timeout_sec": 30.0, "ts": "2026-10-04 13:07:39"}
[DBG] {"category": "QUEUE", "component": "queue", "elapsed_sec": 0.002673, "event": "END:queue_list_for_pop", "host": "d6b2a058c4be", "pid": 52151, "rank": null, "ts": "2026-10-04 13:07:39"}
[DBG] {"available": 0, "category": "QUEUE", "component": "queue", "event": "pop_scan", "exact": false, "host": "d6b2a058c4be", "pid": 52151, "queue": "rollout", "rank": null, "requested": 1, "selected": 0, "stale": 0, "ts": "2026-10-04 13:07:39"}
[DBG] {"category": "QUEUE", "component": "queue", "event": "pop_done", "host": "d6b2a058c4be", "pid": 52151, "queue": "rollout", "rank": null, "returned": 0, "stale": 0, "ts": "2026-10-04 13:07:39"}
[DBG] {"category": "QUEUE", "component": "queue", "current_version": null, "event": "BEGIN:queue_list_for_pop", "exact": false, "host": "d6b2a058c4be", "max_lag": null, "pid": 52151, "queue": "rollout", "rank": null, "requested": 1, "ts": "2026-10-04 13:07:39"}
[DBG] {"category": "QUEUE", "component": "queue", "event": "watchdog_armed", "host": "d6b2a058c4be", "pid": 52151, "rank": null, "stage": "queue_list_for_pop", "timeout_sec": 30.0, "ts": "2026-10-04 13:07:39"}
[DBG] {"category": "QUEUE", "component": "queue", "elapsed_sec": 0.002696, "event": "END:queue_list_for_pop", "host": "d6b2a058c4be", "pid": 52151, "rank": null, "ts": "2026-10-04 13:07:39"}
[DBG] {"available": 0, "category": "QUEUE", "component": "queue", "event": "pop_scan", "exact": false, "host": "d6b2a058c4be", "pid": 52151, "queue": "rollout", "rank": null, "requested": 1, "selected": 0, "stale": 0, "ts": "2026-10-04 13:07:39"}
[DBG] {"category": "QUEUE", "component": "queue", "event": "pop_done", "host": "d6b2a058c4be", "pid": 52151, "queue": "rollout", "rank": null, "returned": 0, "stale": 0, "ts": "2026-10-04 13:07:39"}
[DBG] {"category": "QUEUE", "component": "queue", "current_version": null, "event": "BEGIN:queue_list_for_pop", "exact": false, "host": "d6b2a058c4be", "max_lag": null, "pid": 52151, "queue": "rollout", "rank": null, "requested": 1, "ts": "2026-10-04 13:07:39"}
[DBG] {"category": "QUEUE", "component": "queue", "event": "watchdog_armed", "host": "d6b2a058c4be", "pid": 52151, "rank": null, "stage": "queue_list_for_pop", "timeout_sec": 30.0, "ts": "2026-10-04 13:07:39"}
[DBG] {"category": "QUEUE", "component": "queue", "elapsed_sec": 0.002411, "event": "END:queue_list_for_pop", "host": "d6b2a058c4be", "pid": 52151, "rank": null, "ts": "2026-10-04 13:07:39"}
[DBG] {"available": 0, "category": "QUEUE", "component": "queue", "event": "pop_scan", "exact": false, "host": "d6b2a058c4be", "pid": 52151, "queue": "rollout", "rank": null, "requested": 1, "selected": 0, "stale": 0, "ts": "2026-10-04 13:07:39"}
[DBG] {"category": "QUEUE", "component": "queue", "event": "pop_done", "host": "d6b2a058c4be", "pid": 52151, "queue": "rollout", "rank": null, "returned": 0, "stale": 0, "ts": "2026-10-04 13:07:39"}
[DBG] {"category": "QUEUE", "component": "queue", "current_version": null, "event": "BEGIN:queue_list_for_pop", "exact": false, "host": "d6b2a058c4be", "max_lag": null, "pid": 52151, "queue": "rollout", "rank": null, "requested": 1, "ts": "2026-10-04 13:07:40"}
[DBG] {"category": "QUEUE", "component": "queue", "event": "watchdog_armed", "host": "d6b2a058c4be", "pid": 52151, "rank": null, "stage": "queue_list_for_pop", "timeout_sec": 30.0, "ts": "2026-10-04 13:07:40"}
[DBG] {"category": "QUEUE", "component": "queue", "elapsed_sec": 0.002555, "event": "END:queue_list_for_pop", "host": "d6b2a058c4be", "pid": 52151, "rank": null, "ts": "2026-10-04 13:07:40"}
[DBG] {"available": 0, "category": "QUEUE", "component": "queue", "event": "pop_scan", "exact": false, "host": "d6b2a058c4be", "pid": 52151, "queue": "rollout", "rank": null, "requested": 1, "selected": 0, "stale": 0, "ts": "2026-10-04 13:07:40"}
[DBG] {"category": "QUEUE", "component": "queue", "event": "pop_done", "host": "d6b2a058c4be", "pid": 52151, "queue": "rollout", "rank": null, "returned": 0, "stale": 0, "ts": "2026-10-04 13:07:40"}
[DBG] {"category": "QUEUE", "component": "queue", "current_version": null, "event": "BEGIN:queue_list_for_pop", "exact": false, "host": "d6b2a058c4be", "max_lag": null, "pid": 52151, "queue": "rollout", "rank": null, "requested": 1, "ts": "2026-10-04 13:07:40"}
[DBG] {"category": "QUEUE", "component": "queue", "event": "watchdog_armed", "host": "d6b2a058c4be", "pid": 52151, "rank": null, "stage": "queue_list_for_pop", "timeout_sec": 30.0, "ts": "2026-10-04 13:07:40"}
[DBG] {"category": "QUEUE", "component": "queue", "elapsed_sec": 0.001985, "event": "END:queue_list_for_pop", "host": "d6b2a058c4be", "pid": 52151, "rank": null, "ts": "2026-10-04 13:07:40"}
[DBG] {"available": 0, "category": "QUEUE", "component": "queue", "event": "pop_scan", "exact": false, "host": "d6b2a058c4be", "pid": 52151, "queue": "rollout", "rank": null, "requested": 1, "selected": 0, "stale": 0, "ts": "2026-10-04 13:07:40"}
[DBG] {"category": "QUEUE", "component": "queue", "event": "pop_done", "host": "d6b2a058c4be", "pid": 52151, "queue": "rollout", "rank": null, "returned": 0, "stale": 0, "ts": "2026-10-04 13:07:40"}
[DBG] {"category": "QUEUE", "component": "queue", "current_version": null, "event": "BEGIN:queue_list_for_pop", "exact": false, "host": "d6b2a058c4be", "max_lag": null, "pid": 52151, "queue": "rollout", "rank": null, "requested": 1, "ts": "2026-10-04 13:07:40"}
[DBG] {"category": "QUEUE", "component": "queue", "event": "watchdog_armed", "host": "d6b2a058c4be", "pid": 52151, "rank": null, "stage": "queue_list_for_pop", "timeout_sec": 30.0, "ts": "2026-10-04 13:07:40"}
[DBG] {"category": "QUEUE", "component": "queue", "elapsed_sec": 0.002431, "event": "END:queue_list_for_pop", "host": "d6b2a058c4be", "pid": 52151, "rank": null, "ts": "2026-10-04 13:07:40"}
[DBG] {"available": 0, "category": "QUEUE", "component": "queue", "event": "pop_scan", "exact": false, "host": "d6b2a058c4be", "pid": 52151, "queue": "rollout", "rank": null, "requested": 1, "selected": 0, "stale": 0, "ts": "2026-10-04 13:07:40"}
[DBG] {"category": "QUEUE", "component": "queue", "event": "pop_done", "host": "d6b2a058c4be", "pid": 52151, "queue": "rollout", "rank": null, "returned": 0, "stale": 0, "ts": "2026-10-04 13:07:40"}
[DBG] {"category": "QUEUE", "component": "queue", "event": "BEGIN:queue_put", "host": "d6b2a058c4be", "item_id": "63192e9e1e7548b5a8b79ba011dd4991", "pid": 52151, "queue": "rollout", "rank": null, "ts": "2026-10-04 13:07:40"}
[DBG] {"category": "QUEUE", "component": "queue", "event": "watchdog_armed", "host": "d6b2a058c4be", "pid": 52151, "rank": null, "stage": "queue_put", "timeout_sec": 30.0, "ts": "2026-10-04 13:07:40"}
[DBG] {"category": "QUEUE", "component": "queue", "elapsed_sec": 0.035661, "event": "END:queue_put", "host": "d6b2a058c4be", "pid": 52151, "rank": null, "ts": "2026-10-04 13:07:40"}
[DBG] {"category": "QUEUE", "component": "queue", "event": "put_done", "host": "d6b2a058c4be", "key": "smoke01:rollout:63192e9e1e7548b5a8b79ba011dd4991", "pid": 52151, "policy_version": 0, "queue": "rollout", "rank": null, "ts": "2026-10-04 13:07:40"}
[DBG] {"category": "QUEUE", "component": "queue", "event": "BEGIN:queue_put", "host": "d6b2a058c4be", "item_id": "4cb45b8cee75403fa569300662a994f5", "pid": 52151, "queue": "rollout", "rank": null, "ts": "2026-10-04 13:07:40"}
[DBG] {"category": "QUEUE", "component": "queue", "event": "watchdog_armed", "host": "d6b2a058c4be", "pid": 52151, "rank": null, "stage": "queue_put", "timeout_sec": 30.0, "ts": "2026-10-04 13:07:40"}
[DBG] {"category": "QUEUE", "component": "queue", "elapsed_sec": 0.026187, "event": "END:queue_put", "host": "d6b2a058c4be", "pid": 52151, "rank": null, "ts": "2026-10-04 13:07:40"}
[DBG] {"category": "QUEUE", "component": "queue", "event": "put_done", "host": "d6b2a058c4be", "key": "smoke01:rollout:4cb45b8cee75403fa569300662a994f5", "pid": 52151, "policy_version": 0, "queue": "rollout", "rank": null, "ts": "2026-10-04 13:07:40"}
[DBG] {"category": "QUEUE", "component": "queue", "current_version": null, "event": "BEGIN:queue_list_for_pop", "exact": false, "host": "d6b2a058c4be", "max_lag": null, "pid": 52151, "queue": "rollout", "rank": null, "requested": 1, "ts": "2026-10-04 13:07:40"}
[DBG] {"category": "QUEUE", "component": "queue", "event": "watchdog_armed", "host": "d6b2a058c4be", "pid": 52151, "rank": null, "stage": "queue_list_for_pop", "timeout_sec": 30.0, "ts": "2026-10-04 13:07:40"}
[DBG] {"category": "QUEUE", "component": "queue", "elapsed_sec": 0.001902, "event": "END:queue_list_for_pop", "host": "d6b2a058c4be", "pid": 52151, "rank": null, "ts": "2026-10-04 13:07:40"}
[DBG] {"available": 2, "category": "QUEUE", "component": "queue", "event": "pop_scan", "exact": false, "host": "d6b2a058c4be", "pid": 52151, "queue": "rollout", "rank": null, "requested": 1, "selected": 1, "stale": 0, "ts": "2026-10-04 13:07:40"}
[DBG] {"category": "QUEUE", "component": "queue", "event": "BEGIN:queue_get", "host": "d6b2a058c4be", "key": "smoke01:rollout:63192e9e1e7548b5a8b79ba011dd4991", "pid": 52151, "queue": "rollout", "rank": null, "ts": "2026-10-04 13:07:40"}
[DBG] {"category": "QUEUE", "component": "queue", "event": "watchdog_armed", "host": "d6b2a058c4be", "pid": 52151, "rank": null, "stage": "queue_get", "timeout_sec": 30.0, "ts": "2026-10-04 13:07:40"}
[DBG] {"category": "QUEUE", "component": "queue", "elapsed_sec": 0.036791, "event": "END:queue_get", "host": "d6b2a058c4be", "pid": 52151, "rank": null, "ts": "2026-10-04 13:07:40"}
[DBG] {"category": "QUEUE", "component": "queue", "count": 1, "event": "BEGIN:clear_popped", "host": "d6b2a058c4be", "pid": 52151, "queue": "rollout", "rank": null, "ts": "2026-10-04 13:07:40"}
[DBG] {"category": "QUEUE", "component": "queue", "event": "watchdog_armed", "host": "d6b2a058c4be", "pid": 52151, "rank": null, "stage": "clear_popped", "timeout_sec": 30.0, "ts": "2026-10-04 13:07:40"}
[DBG] {"category": "QUEUE", "component": "queue", "elapsed_sec": 0.016113, "event": "END:clear_popped", "host": "d6b2a058c4be", "pid": 52151, "rank": null, "ts": "2026-10-04 13:07:40"}
[DBG] {"category": "QUEUE", "component": "queue", "event": "pop_done", "host": "d6b2a058c4be", "pid": 52151, "queue": "rollout", "rank": null, "returned": 1, "stale": 0, "ts": "2026-10-04 13:07:40"}
[DBG] {"category": "QUEUE", "component": "queue", "event": "size_changed", "host": "d6b2a058c4be", "pid": 52151, "queue": "rollout", "rank": null, "size": 1, "ts": "2026-10-04 13:07:40"}
[DBG] {"category": "QUEUE", "component": "queue", "event": "BEGIN:queue_put", "host": "d6b2a058c4be", "item_id": "b7230fefa0f8456eb7a526192575dd57", "pid": 52151, "queue": "rollout", "rank": null, "ts": "2026-10-04 13:07:41"}
[DBG] {"category": "QUEUE", "component": "queue", "event": "watchdog_armed", "host": "d6b2a058c4be", "pid": 52151, "rank": null, "stage": "queue_put", "timeout_sec": 30.0, "ts": "2026-10-04 13:07:41"}
[DBG] {"category": "QUEUE", "component": "queue", "elapsed_sec": 0.031402, "event": "END:queue_put", "host": "d6b2a058c4be", "pid": 52151, "rank": null, "ts": "2026-10-04 13:07:41"}
[DBG] {"category": "QUEUE", "component": "queue", "event": "put_done", "host": "d6b2a058c4be", "key": "smoke01:rollout:b7230fefa0f8456eb7a526192575dd57", "pid": 52151, "policy_version": 0, "queue": "rollout", "rank": null, "ts": "2026-10-04 13:07:41"}
[DBG] {"category": "QUEUE", "component": "queue", "event": "BEGIN:queue_put", "host": "d6b2a058c4be", "item_id": "6438dca0c6c1400a86f9347ef441307d", "pid": 52151, "queue": "rollout", "rank": null, "ts": "2026-10-04 13:07:41"}
[DBG] {"category": "QUEUE", "component": "queue", "event": "watchdog_armed", "host": "d6b2a058c4be", "pid": 52151, "rank": null, "stage": "queue_put", "timeout_sec": 30.0, "ts": "2026-10-04 13:07:41"}
[DBG] {"category": "QUEUE", "component": "queue", "elapsed_sec": 0.027613, "event": "END:queue_put", "host": "d6b2a058c4be", "pid": 52151, "rank": null, "ts": "2026-10-04 13:07:41"}
[DBG] {"category": "QUEUE", "component": "queue", "event": "put_done", "host": "d6b2a058c4be", "key": "smoke01:rollout:6438dca0c6c1400a86f9347ef441307d", "pid": 52151, "policy_version": 0, "queue": "rollout", "rank": null, "ts": "2026-10-04 13:07:41"}
[DBG] {"category": "QUEUE", "component": "queue", "event": "size_changed", "host": "d6b2a058c4be", "pid": 52151, "queue": "rollout", "rank": null, "size": 3, "ts": "2026-10-04 13:07:41"}
[DBG] {"category": "QUEUE", "component": "queue", "event": "BEGIN:queue_put", "host": "d6b2a058c4be", "item_id": "60bc1e349fef47cc9470590481e7a5b6", "pid": 52151, "queue": "rollout", "rank": null, "ts": "2026-10-04 13:07:41"}
[DBG] {"category": "QUEUE", "component": "queue", "event": "watchdog_armed", "host": "d6b2a058c4be", "pid": 52151, "rank": null, "stage": "queue_put", "timeout_sec": 30.0, "ts": "2026-10-04 13:07:41"}
[DBG] {"category": "QUEUE", "component": "queue", "elapsed_sec": 0.023915, "event": "END:queue_put", "host": "d6b2a058c4be", "pid": 52151, "rank": null, "ts": "2026-10-04 13:07:41"}
[DBG] {"category": "QUEUE", "component": "queue", "event": "put_done", "host": "d6b2a058c4be", "key": "smoke01:rollout:60bc1e349fef47cc9470590481e7a5b6", "pid": 52151, "policy_version": 0, "queue": "rollout", "rank": null, "ts": "2026-10-04 13:07:41"}
[DBG] {"category": "QUEUE", "component": "queue", "event": "BEGIN:queue_put", "host": "d6b2a058c4be", "item_id": "52db8bedc2f54a3c8816107f4986adf4", "pid": 52151, "queue": "rollout", "rank": null, "ts": "2026-10-04 13:07:41"}
[DBG] {"category": "QUEUE", "component": "queue", "event": "watchdog_armed", "host": "d6b2a058c4be", "pid": 52151, "rank": null, "stage": "queue_put", "timeout_sec": 30.0, "ts": "2026-10-04 13:07:41"}
[DBG] {"category": "QUEUE", "component": "queue", "elapsed_sec": 0.026893, "event": "END:queue_put", "host": "d6b2a058c4be", "pid": 52151, "rank": null, "ts": "2026-10-04 13:07:41"}
[DBG] {"category": "QUEUE", "component": "queue", "event": "put_done", "host": "d6b2a058c4be", "key": "smoke01:rollout:52db8bedc2f54a3c8816107f4986adf4", "pid": 52151, "policy_version": 0, "queue": "rollout", "rank": null, "ts": "2026-10-04 13:07:41"}
[DBG] {"category": "QUEUE", "component": "queue", "event": "size_changed", "host": "d6b2a058c4be", "pid": 52151, "queue": "rollout", "rank": null, "size": 5, "ts": "2026-10-04 13:07:42"}
[DBG] {"category": "QUEUE", "component": "queue", "event": "BEGIN:queue_put", "host": "d6b2a058c4be", "item_id": "09e3de82fbcc4c12bd2f9c072b5f584a", "pid": 52151, "queue": "rollout", "rank": null, "ts": "2026-10-04 13:07:42"}
[DBG] {"category": "QUEUE", "component": "queue", "event": "watchdog_armed", "host": "d6b2a058c4be", "pid": 52151, "rank": null, "stage": "queue_put", "timeout_sec": 30.0, "ts": "2026-10-04 13:07:42"}
[DBG] {"category": "QUEUE", "component": "queue", "elapsed_sec": 0.023527, "event": "END:queue_put", "host": "d6b2a058c4be", "pid": 52151, "rank": null, "ts": "2026-10-04 13:07:42"}
[DBG] {"category": "QUEUE", "component": "queue", "event": "put_done", "host": "d6b2a058c4be", "key": "smoke01:rollout:09e3de82fbcc4c12bd2f9c072b5f584a", "pid": 52151, "policy_version": 0, "queue": "rollout", "rank": null, "ts": "2026-10-04 13:07:42"}
[DBG] {"category": "QUEUE", "component": "queue", "event": "BEGIN:queue_put", "host": "d6b2a058c4be", "item_id": "bc2870573752401bb7537f27482f24fd", "pid": 52151, "queue": "rollout", "rank": null, "ts": "2026-10-04 13:07:42"}
[DBG] {"category": "QUEUE", "component": "queue", "event": "watchdog_armed", "host": "d6b2a058c4be", "pid": 52151, "rank": null, "stage": "queue_put", "timeout_sec": 30.0, "ts": "2026-10-04 13:07:42"}
[DBG] {"category": "QUEUE", "component": "queue", "elapsed_sec": 0.027042, "event": "END:queue_put", "host": "d6b2a058c4be", "pid": 52151, "rank": null, "ts": "2026-10-04 13:07:42"}
[DBG] {"category": "QUEUE", "component": "queue", "event": "put_done", "host": "d6b2a058c4be", "key": "smoke01:rollout:bc2870573752401bb7537f27482f24fd", "pid": 52151, "policy_version": 0, "queue": "rollout", "rank": null, "ts": "2026-10-04 13:07:42"}
[DBG] {"category": "QUEUE", "component": "queue", "event": "size_changed", "host": "d6b2a058c4be", "pid": 52151, "queue": "rollout", "rank": null, "size": 7, "ts": "2026-10-04 13:07:42"}
[DBG] {"category": "QUEUE", "component": "queue", "event": "BEGIN:queue_put", "host": "d6b2a058c4be", "item_id": "3020fde8f8044724a84d86f2ce9cf9a1", "pid": 52151, "queue": "rollout", "rank": null, "ts": "2026-10-04 13:07:43"}
[DBG] {"category": "QUEUE", "component": "queue", "event": "watchdog_armed", "host": "d6b2a058c4be", "pid": 52151, "rank": null, "stage": "queue_put", "timeout_sec": 30.0, "ts": "2026-10-04 13:07:43"}
[DBG] {"category": "QUEUE", "component": "queue", "elapsed_sec": 0.028222, "event": "END:queue_put", "host": "d6b2a058c4be", "pid": 52151, "rank": null, "ts": "2026-10-04 13:07:43"}
[DBG] {"category": "QUEUE", "component": "queue", "event": "put_done", "host": "d6b2a058c4be", "key": "smoke01:rollout:3020fde8f8044724a84d86f2ce9cf9a1", "pid": 52151, "policy_version": 0, "queue": "rollout", "rank": null, "ts": "2026-10-04 13:07:43"}
[DBG] {"category": "QUEUE", "component": "queue", "event": "BEGIN:queue_put", "host": "d6b2a058c4be", "item_id": "f49e195cf71141a09e994b75d3f1bc6a", "pid": 52151, "queue": "rollout", "rank": null, "ts": "2026-10-04 13:07:43"}
[DBG] {"category": "QUEUE", "component": "queue", "event": "watchdog_armed", "host": "d6b2a058c4be", "pid": 52151, "rank": null, "stage": "queue_put", "timeout_sec": 30.0, "ts": "2026-10-04 13:07:43"}
[DBG] {"category": "QUEUE", "component": "queue", "elapsed_sec": 0.040089, "event": "END:queue_put", "host": "d6b2a058c4be", "pid": 52151, "rank": null, "ts": "2026-10-04 13:07:43"}
[DBG] {"category": "QUEUE", "component": "queue", "event": "put_done", "host": "d6b2a058c4be", "key": "smoke01:rollout:f49e195cf71141a09e994b75d3f1bc6a", "pid": 52151, "policy_version": 0, "queue": "rollout", "rank": null, "ts": "2026-10-04 13:07:43"}
[DBG] {"category": "QUEUE", "component": "queue", "event": "size_changed", "host": "d6b2a058c4be", "pid": 52151, "queue": "rollout", "rank": null, "size": 9, "ts": "2026-10-04 13:07:43"}
[DBG] {"category": "QUEUE", "component": "queue", "event": "BEGIN:queue_put", "host": "d6b2a058c4be", "item_id": "63192e9e1e7548b5a8b79ba011dd4991", "pid": 52151, "queue": "preference", "rank": null, "ts": "2026-10-04 13:09:28"}
[DBG] {"category": "QUEUE", "component": "queue", "event": "watchdog_armed", "host": "d6b2a058c4be", "pid": 52151, "rank": null, "stage": "queue_put", "timeout_sec": 30.0, "ts": "2026-10-04 13:09:28"}
[DBG] {"category": "QUEUE", "component": "queue", "elapsed_sec": 0.029676, "event": "END:queue_put", "host": "d6b2a058c4be", "pid": 52151, "rank": null, "ts": "2026-10-04 13:09:28"}
[DBG] {"category": "QUEUE", "component": "queue", "event": "put_done", "host": "d6b2a058c4be", "key": "smoke01:preference:63192e9e1e7548b5a8b79ba011dd4991", "pid": 52151, "policy_version": 0, "queue": "preference", "rank": null, "ts": "2026-10-04 13:09:28"}
[DBG] {"category": "QUEUE", "component": "queue", "event": "size_changed", "host": "d6b2a058c4be", "pid": 52151, "queue": "preference", "rank": null, "size": 1, "ts": "2026-10-04 13:09:28"}
[DBG] {"category": "QUEUE", "component": "queue", "current_version": null, "event": "BEGIN:queue_list_for_pop", "exact": false, "host": "d6b2a058c4be", "max_lag": null, "pid": 52151, "queue": "rollout", "rank": null, "requested": 1, "ts": "2026-10-04 13:09:28"}
[DBG] {"category": "QUEUE", "component": "queue", "event": "watchdog_armed", "host": "d6b2a058c4be", "pid": 52151, "rank": null, "stage": "queue_list_for_pop", "timeout_sec": 30.0, "ts": "2026-10-04 13:09:28"}
[DBG] {"category": "QUEUE", "component": "queue", "elapsed_sec": 0.000912, "event": "END:queue_list_for_pop", "host": "d6b2a058c4be", "pid": 52151, "rank": null, "ts": "2026-10-04 13:09:28"}
[DBG] {"available": 9, "category": "QUEUE", "component": "queue", "event": "pop_scan", "exact": false, "host": "d6b2a058c4be", "pid": 52151, "queue": "rollout", "rank": null, "requested": 1, "selected": 1, "stale": 0, "ts": "2026-10-04 13:09:28"}
[DBG] {"category": "QUEUE", "component": "queue", "event": "BEGIN:queue_get", "host": "d6b2a058c4be", "key": "smoke01:rollout:4cb45b8cee75403fa569300662a994f5", "pid": 52151, "queue": "rollout", "rank": null, "ts": "2026-10-04 13:09:28"}
[DBG] {"category": "QUEUE", "component": "queue", "event": "watchdog_armed", "host": "d6b2a058c4be", "pid": 52151, "rank": null, "stage": "queue_get", "timeout_sec": 30.0, "ts": "2026-10-04 13:09:28"}
[DBG] {"category": "QUEUE", "component": "queue", "elapsed_sec": 0.018466, "event": "END:queue_get", "host": "d6b2a058c4be", "pid": 52151, "rank": null, "ts": "2026-10-04 13:09:28"}
[DBG] {"category": "QUEUE", "component": "queue", "count": 1, "event": "BEGIN:clear_popped", "host": "d6b2a058c4be", "pid": 52151, "queue": "rollout", "rank": null, "ts": "2026-10-04 13:09:28"}
[DBG] {"category": "QUEUE", "component": "queue", "event": "watchdog_armed", "host": "d6b2a058c4be", "pid": 52151, "rank": null, "stage": "clear_popped", "timeout_sec": 30.0, "ts": "2026-10-04 13:09:28"}
[DBG] {"category": "QUEUE", "component": "queue", "elapsed_sec": 0.015713, "event": "END:clear_popped", "host": "d6b2a058c4be", "pid": 52151, "rank": null, "ts": "2026-10-04 13:09:28"}
[DBG] {"category": "QUEUE", "component": "queue", "event": "pop_done", "host": "d6b2a058c4be", "pid": 52151, "queue": "rollout", "rank": null, "returned": 1, "stale": 0, "ts": "2026-10-04 13:09:28"}
[DBG] {"category": "QUEUE", "component": "queue", "event": "size_changed", "host": "d6b2a058c4be", "pid": 52151, "queue": "rollout", "rank": null, "size": 8, "ts": "2026-10-04 13:09:28"}
[DBG] {"category": "QUEUE", "component": "queue", "event": "BEGIN:queue_put", "host": "d6b2a058c4be", "item_id": "4cb45b8cee75403fa569300662a994f5", "pid": 52151, "queue": "preference", "rank": null, "ts": "2026-10-04 13:09:32"}
[DBG] {"category": "QUEUE", "component": "queue", "event": "watchdog_armed", "host": "d6b2a058c4be", "pid": 52151, "rank": null, "stage": "queue_put", "timeout_sec": 30.0, "ts": "2026-10-04 13:09:32"}
[DBG] {"category": "QUEUE", "component": "queue", "elapsed_sec": 0.03138, "event": "END:queue_put", "host": "d6b2a058c4be", "pid": 52151, "rank": null, "ts": "2026-10-04 13:09:32"}
[DBG] {"category": "QUEUE", "component": "queue", "event": "put_done", "host": "d6b2a058c4be", "key": "smoke01:preference:4cb45b8cee75403fa569300662a994f5", "pid": 52151, "policy_version": 0, "queue": "preference", "rank": null, "ts": "2026-10-04 13:09:32"}
[DBG] {"category": "QUEUE", "component": "queue", "event": "size_changed", "host": "d6b2a058c4be", "pid": 52151, "queue": "preference", "rank": null, "size": 2, "ts": "2026-10-04 13:09:32"}
[DBG] {"category": "QUEUE", "component": "queue", "current_version": null, "event": "BEGIN:queue_list_for_pop", "exact": false, "host": "d6b2a058c4be", "max_lag": null, "pid": 52151, "queue": "rollout", "rank": null, "requested": 1, "ts": "2026-10-04 13:09:32"}
[DBG] {"category": "QUEUE", "component": "queue", "event": "watchdog_armed", "host": "d6b2a058c4be", "pid": 52151, "rank": null, "stage": "queue_list_for_pop", "timeout_sec": 30.0, "ts": "2026-10-04 13:09:32"}
[DBG] {"category": "QUEUE", "component": "queue", "elapsed_sec": 0.001943, "event": "END:queue_list_for_pop", "host": "d6b2a058c4be", "pid": 52151, "rank": null, "ts": "2026-10-04 13:09:32"}
[DBG] {"available": 8, "category": "QUEUE", "component": "queue", "event": "pop_scan", "exact": false, "host": "d6b2a058c4be", "pid": 52151, "queue": "rollout", "rank": null, "requested": 1, "selected": 1, "stale": 0, "ts": "2026-10-04 13:09:32"}
[DBG] {"category": "QUEUE", "component": "queue", "event": "BEGIN:queue_get", "host": "d6b2a058c4be", "key": "smoke01:rollout:b7230fefa0f8456eb7a526192575dd57", "pid": 52151, "queue": "rollout", "rank": null, "ts": "2026-10-04 13:09:32"}
[DBG] {"category": "QUEUE", "component": "queue", "event": "watchdog_armed", "host": "d6b2a058c4be", "pid": 52151, "rank": null, "stage": "queue_get", "timeout_sec": 30.0, "ts": "2026-10-04 13:09:32"}
[DBG] {"category": "QUEUE", "component": "queue", "elapsed_sec": 0.026028, "event": "END:queue_get", "host": "d6b2a058c4be", "pid": 52151, "rank": null, "ts": "2026-10-04 13:09:32"}
[DBG] {"category": "QUEUE", "component": "queue", "count": 1, "event": "BEGIN:clear_popped", "host": "d6b2a058c4be", "pid": 52151, "queue": "rollout", "rank": null, "ts": "2026-10-04 13:09:32"}
[DBG] {"category": "QUEUE", "component": "queue", "event": "watchdog_armed", "host": "d6b2a058c4be", "pid": 52151, "rank": null, "stage": "clear_popped", "timeout_sec": 30.0, "ts": "2026-10-04 13:09:32"}
[DBG] {"category": "QUEUE", "component": "queue", "elapsed_sec": 0.016729, "event": "END:clear_popped", "host": "d6b2a058c4be", "pid": 52151, "rank": null, "ts": "2026-10-04 13:09:32"}
[DBG] {"category": "QUEUE", "component": "queue", "event": "pop_done", "host": "d6b2a058c4be", "pid": 52151, "queue": "rollout", "rank": null, "returned": 1, "stale": 0, "ts": "2026-10-04 13:09:32"}
[DBG] {"category": "QUEUE", "component": "queue", "event": "size_changed", "host": "d6b2a058c4be", "pid": 52151, "queue": "rollout", "rank": null, "size": 7, "ts": "2026-10-04 13:09:32"}
[DBG] {"category": "QUEUE", "component": "queue", "event": "BEGIN:queue_put", "host": "d6b2a058c4be", "item_id": "7b265b15ded043a7913bdf3f7c23e6b7", "pid": 52151, "queue": "rollout", "rank": null, "ts": "2026-10-04 13:09:33"}
[DBG] {"category": "QUEUE", "component": "queue", "event": "watchdog_armed", "host": "d6b2a058c4be", "pid": 52151, "rank": null, "stage": "queue_put", "timeout_sec": 30.0, "ts": "2026-10-04 13:09:33"}
[DBG] {"category": "QUEUE", "component": "queue", "elapsed_sec": 0.028183, "event": "END:queue_put", "host": "d6b2a058c4be", "pid": 52151, "rank": null, "ts": "2026-10-04 13:09:33"}
[DBG] {"category": "QUEUE", "component": "queue", "event": "put_done", "host": "d6b2a058c4be", "key": "smoke01:rollout:7b265b15ded043a7913bdf3f7c23e6b7", "pid": 52151, "policy_version": 0, "queue": "rollout", "rank": null, "ts": "2026-10-04 13:09:33"}
[DBG] {"category": "QUEUE", "component": "queue", "event": "BEGIN:queue_put", "host": "d6b2a058c4be", "item_id": "23717b6ac98649c88d6db3bf87fea57e", "pid": 52151, "queue": "rollout", "rank": null, "ts": "2026-10-04 13:09:33"}
[DBG] {"category": "QUEUE", "component": "queue", "event": "watchdog_armed", "host": "d6b2a058c4be", "pid": 52151, "rank": null, "stage": "queue_put", "timeout_sec": 30.0, "ts": "2026-10-04 13:09:33"}
[DBG] {"category": "QUEUE", "component": "queue", "elapsed_sec": 0.0269, "event": "END:queue_put", "host": "d6b2a058c4be", "pid": 52151, "rank": null, "ts": "2026-10-04 13:09:33"}
[DBG] {"category": "QUEUE", "component": "queue", "event": "put_done", "host": "d6b2a058c4be", "key": "smoke01:rollout:23717b6ac98649c88d6db3bf87fea57e", "pid": 52151, "policy_version": 0, "queue": "rollout", "rank": null, "ts": "2026-10-04 13:09:33"}
[DBG] {"category": "QUEUE", "component": "queue", "event": "size_changed", "host": "d6b2a058c4be", "pid": 52151, "queue": "rollout", "rank": null, "size": 9, "ts": "2026-10-04 13:09:33"}
[DBG] {"category": "QUEUE", "component": "queue", "event": "BEGIN:queue_put", "host": "d6b2a058c4be", "item_id": "b7230fefa0f8456eb7a526192575dd57", "pid": 52151, "queue": "preference", "rank": null, "ts": "2026-10-04 13:09:33"}
[DBG] {"category": "QUEUE", "component": "queue", "event": "watchdog_armed", "host": "d6b2a058c4be", "pid": 52151, "rank": null, "stage": "queue_put", "timeout_sec": 30.0, "ts": "2026-10-04 13:09:33"}
[DBG] {"category": "QUEUE", "component": "queue", "elapsed_sec": 0.027848, "event": "END:queue_put", "host": "d6b2a058c4be", "pid": 52151, "rank": null, "ts": "2026-10-04 13:09:33"}
[DBG] {"category": "QUEUE", "component": "queue", "event": "put_done", "host": "d6b2a058c4be", "key": "smoke01:preference:b7230fefa0f8456eb7a526192575dd57", "pid": 52151, "policy_version": 0, "queue": "preference", "rank": null, "ts": "2026-10-04 13:09:33"}
[DBG] {"category": "QUEUE", "component": "queue", "event": "size_changed", "host": "d6b2a058c4be", "pid": 52151, "queue": "preference", "rank": null, "size": 3, "ts": "2026-10-04 13:09:33"}
[DBG] {"category": "QUEUE", "component": "queue", "current_version": null, "event": "BEGIN:queue_list_for_pop", "exact": false, "host": "d6b2a058c4be", "max_lag": null, "pid": 52151, "queue": "rollout", "rank": null, "requested": 1, "ts": "2026-10-04 13:09:33"}
[DBG] {"category": "QUEUE", "component": "queue", "event": "watchdog_armed", "host": "d6b2a058c4be", "pid": 52151, "rank": null, "stage": "queue_list_for_pop", "timeout_sec": 30.0, "ts": "2026-10-04 13:09:33"}
[DBG] {"category": "QUEUE", "component": "queue", "elapsed_sec": 0.002124, "event": "END:queue_list_for_pop", "host": "d6b2a058c4be", "pid": 52151, "rank": null, "ts": "2026-10-04 13:09:33"}
[DBG] {"available": 9, "category": "QUEUE", "component": "queue", "event": "pop_scan", "exact": false, "host": "d6b2a058c4be", "pid": 52151, "queue": "rollout", "rank": null, "requested": 1, "selected": 1, "stale": 0, "ts": "2026-10-04 13:09:33"}
[DBG] {"category": "QUEUE", "component": "queue", "event": "BEGIN:queue_get", "host": "d6b2a058c4be", "key": "smoke01:rollout:6438dca0c6c1400a86f9347ef441307d", "pid": 52151, "queue": "rollout", "rank": null, "ts": "2026-10-04 13:09:33"}
[DBG] {"category": "QUEUE", "component": "queue", "event": "watchdog_armed", "host": "d6b2a058c4be", "pid": 52151, "rank": null, "stage": "queue_get", "timeout_sec": 30.0, "ts": "2026-10-04 13:09:33"}
[DBG] {"category": "QUEUE", "component": "queue", "elapsed_sec": 0.02327, "event": "END:queue_get", "host": "d6b2a058c4be", "pid": 52151, "rank": null, "ts": "2026-10-04 13:09:33"}
[DBG] {"category": "QUEUE", "component": "queue", "count": 1, "event": "BEGIN:clear_popped", "host": "d6b2a058c4be", "pid": 52151, "queue": "rollout", "rank": null, "ts": "2026-10-04 13:09:33"}
[DBG] {"category": "QUEUE", "component": "queue", "event": "watchdog_armed", "host": "d6b2a058c4be", "pid": 52151, "rank": null, "stage": "clear_popped", "timeout_sec": 30.0, "ts": "2026-10-04 13:09:33"}
[DBG] {"category": "QUEUE", "component": "queue", "elapsed_sec": 0.013076, "event": "END:clear_popped", "host": "d6b2a058c4be", "pid": 52151, "rank": null, "ts": "2026-10-04 13:09:33"}
[DBG] {"category": "QUEUE", "component": "queue", "event": "pop_done", "host": "d6b2a058c4be", "pid": 52151, "queue": "rollout", "rank": null, "returned": 1, "stale": 0, "ts": "2026-10-04 13:09:33"}
[DBG] {"category": "QUEUE", "component": "queue", "event": "size_changed", "host": "d6b2a058c4be", "pid": 52151, "queue": "rollout", "rank": null, "size": 8, "ts": "2026-10-04 13:09:33"}
[DBG] {"category": "QUEUE", "component": "queue", "event": "BEGIN:queue_put", "host": "d6b2a058c4be", "item_id": "6438dca0c6c1400a86f9347ef441307d", "pid": 52151, "queue": "preference", "rank": null, "ts": "2026-10-04 13:09:35"}
[DBG] {"category": "QUEUE", "component": "queue", "event": "watchdog_armed", "host": "d6b2a058c4be", "pid": 52151, "rank": null, "stage": "queue_put", "timeout_sec": 30.0, "ts": "2026-10-04 13:09:35"}
[DBG] {"category": "QUEUE", "component": "queue", "elapsed_sec": 0.023628, "event": "END:queue_put", "host": "d6b2a058c4be", "pid": 52151, "rank": null, "ts": "2026-10-04 13:09:35"}
[DBG] {"category": "QUEUE", "component": "queue", "event": "put_done", "host": "d6b2a058c4be", "key": "smoke01:preference:6438dca0c6c1400a86f9347ef441307d", "pid": 52151, "policy_version": 0, "queue": "preference", "rank": null, "ts": "2026-10-04 13:09:35"}
[DBG] {"category": "QUEUE", "component": "queue", "event": "size_changed", "host": "d6b2a058c4be", "pid": 52151, "queue": "preference", "rank": null, "size": 4, "ts": "2026-10-04 13:09:35"}
[DBG] {"category": "QUEUE", "component": "queue", "current_version": null, "event": "BEGIN:queue_list_for_pop", "exact": false, "host": "d6b2a058c4be", "max_lag": null, "pid": 52151, "queue": "rollout", "rank": null, "requested": 1, "ts": "2026-10-04 13:09:35"}
[DBG] {"category": "QUEUE", "component": "queue", "event": "watchdog_armed", "host": "d6b2a058c4be", "pid": 52151, "rank": null, "stage": "queue_list_for_pop", "timeout_sec": 30.0, "ts": "2026-10-04 13:09:35"}
[DBG] {"category": "QUEUE", "component": "queue", "elapsed_sec": 0.001809, "event": "END:queue_list_for_pop", "host": "d6b2a058c4be", "pid": 52151, "rank": null, "ts": "2026-10-04 13:09:35"}
[DBG] {"available": 8, "category": "QUEUE", "component": "queue", "event": "pop_scan", "exact": false, "host": "d6b2a058c4be", "pid": 52151, "queue": "rollout", "rank": null, "requested": 1, "selected": 1, "stale": 0, "ts": "2026-10-04 13:09:35"}
[DBG] {"category": "QUEUE", "component": "queue", "event": "BEGIN:queue_get", "host": "d6b2a058c4be", "key": "smoke01:rollout:60bc1e349fef47cc9470590481e7a5b6", "pid": 52151, "queue": "rollout", "rank": null, "ts": "2026-10-04 13:09:35"}
[DBG] {"category": "QUEUE", "component": "queue", "event": "watchdog_armed", "host": "d6b2a058c4be", "pid": 52151, "rank": null, "stage": "queue_get", "timeout_sec": 30.0, "ts": "2026-10-04 13:09:35"}
[DBG] {"category": "QUEUE", "component": "queue", "elapsed_sec": 0.024781, "event": "END:queue_get", "host": "d6b2a058c4be", "pid": 52151, "rank": null, "ts": "2026-10-04 13:09:35"}
[DBG] {"category": "QUEUE", "component": "queue", "count": 1, "event": "BEGIN:clear_popped", "host": "d6b2a058c4be", "pid": 52151, "queue": "rollout", "rank": null, "ts": "2026-10-04 13:09:35"}
[DBG] {"category": "QUEUE", "component": "queue", "event": "watchdog_armed", "host": "d6b2a058c4be", "pid": 52151, "rank": null, "stage": "clear_popped", "timeout_sec": 30.0, "ts": "2026-10-04 13:09:35"}
[DBG] {"category": "QUEUE", "component": "queue", "elapsed_sec": 0.016331, "event": "END:clear_popped", "host": "d6b2a058c4be", "pid": 52151, "rank": null, "ts": "2026-10-04 13:09:35"}
[DBG] {"category": "QUEUE", "component": "queue", "event": "pop_done", "host": "d6b2a058c4be", "pid": 52151, "queue": "rollout", "rank": null, "returned": 1, "stale": 0, "ts": "2026-10-04 13:09:35"}
[DBG] {"category": "QUEUE", "component": "queue", "event": "size_changed", "host": "d6b2a058c4be", "pid": 52151, "queue": "rollout", "rank": null, "size": 7, "ts": "2026-10-04 13:09:35"}
[DBG] {"category": "QUEUE", "component": "queue", "event": "BEGIN:queue_put", "host": "d6b2a058c4be", "item_id": "c1235baa624f49d3b195a280a4dac46d", "pid": 52151, "queue": "rollout", "rank": null, "ts": "2026-10-04 13:09:36"}
[DBG] {"category": "QUEUE", "component": "queue", "event": "watchdog_armed", "host": "d6b2a058c4be", "pid": 52151, "rank": null, "stage": "queue_put", "timeout_sec": 30.0, "ts": "2026-10-04 13:09:36"}
[DBG] {"category": "QUEUE", "component": "queue", "elapsed_sec": 0.028694, "event": "END:queue_put", "host": "d6b2a058c4be", "pid": 52151, "rank": null, "ts": "2026-10-04 13:09:36"}
[DBG] {"category": "QUEUE", "component": "queue", "event": "put_done", "host": "d6b2a058c4be", "key": "smoke01:rollout:c1235baa624f49d3b195a280a4dac46d", "pid": 52151, "policy_version": 0, "queue": "rollout", "rank": null, "ts": "2026-10-04 13:09:36"}
[DBG] {"category": "QUEUE", "component": "queue", "event": "BEGIN:queue_put", "host": "d6b2a058c4be", "item_id": "db52cf0c2b2e49618b5e33d5f73c54d9", "pid": 52151, "queue": "rollout", "rank": null, "ts": "2026-10-04 13:09:36"}
[DBG] {"category": "QUEUE", "component": "queue", "event": "watchdog_armed", "host": "d6b2a058c4be", "pid": 52151, "rank": null, "stage": "queue_put", "timeout_sec": 30.0, "ts": "2026-10-04 13:09:36"}
[DBG] {"category": "QUEUE", "component": "queue", "elapsed_sec": 0.026651, "event": "END:queue_put", "host": "d6b2a058c4be", "pid": 52151, "rank": null, "ts": "2026-10-04 13:09:36"}
[DBG] {"category": "QUEUE", "component": "queue", "event": "put_done", "host": "d6b2a058c4be", "key": "smoke01:rollout:db52cf0c2b2e49618b5e33d5f73c54d9", "pid": 52151, "policy_version": 0, "queue": "rollout", "rank": null, "ts": "2026-10-04 13:09:36"}
[DBG] {"category": "QUEUE", "component": "queue", "event": "size_changed", "host": "d6b2a058c4be", "pid": 52151, "queue": "rollout", "rank": null, "size": 9, "ts": "2026-10-04 13:09:36"}
[DBG] {"category": "QUEUE", "component": "queue", "event": "BEGIN:queue_put", "host": "d6b2a058c4be", "item_id": "60bc1e349fef47cc9470590481e7a5b6", "pid": 52151, "queue": "preference", "rank": null, "ts": "2026-10-04 13:09:36"}
[DBG] {"category": "QUEUE", "component": "queue", "event": "watchdog_armed", "host": "d6b2a058c4be", "pid": 52151, "rank": null, "stage": "queue_put", "timeout_sec": 30.0, "ts": "2026-10-04 13:09:36"}
[DBG] {"category": "QUEUE", "component": "queue", "elapsed_sec": 0.028162, "event": "END:queue_put", "host": "d6b2a058c4be", "pid": 52151, "rank": null, "ts": "2026-10-04 13:09:36"}
[DBG] {"category": "QUEUE", "component": "queue", "event": "put_done", "host": "d6b2a058c4be", "key": "smoke01:preference:60bc1e349fef47cc9470590481e7a5b6", "pid": 52151, "policy_version": 0, "queue": "preference", "rank": null, "ts": "2026-10-04 13:09:36"}
[DBG] {"category": "QUEUE", "component": "queue", "event": "size_changed", "host": "d6b2a058c4be", "pid": 52151, "queue": "preference", "rank": null, "size": 5, "ts": "2026-10-04 13:09:36"}
[DBG] {"category": "QUEUE", "component": "queue", "current_version": null, "event": "BEGIN:queue_list_for_pop", "exact": false, "host": "d6b2a058c4be", "max_lag": null, "pid": 52151, "queue": "rollout", "rank": null, "requested": 1, "ts": "2026-10-04 13:09:36"}
[DBG] {"category": "QUEUE", "component": "queue", "event": "watchdog_armed", "host": "d6b2a058c4be", "pid": 52151, "rank": null, "stage": "queue_list_for_pop", "timeout_sec": 30.0, "ts": "2026-10-04 13:09:36"}
[DBG] {"category": "QUEUE", "component": "queue", "elapsed_sec": 0.001813, "event": "END:queue_list_for_pop", "host": "d6b2a058c4be", "pid": 52151, "rank": null, "ts": "2026-10-04 13:09:36"}
[DBG] {"available": 9, "category": "QUEUE", "component": "queue", "event": "pop_scan", "exact": false, "host": "d6b2a058c4be", "pid": 52151, "queue": "rollout", "rank": null, "requested": 1, "selected": 1, "stale": 0, "ts": "2026-10-04 13:09:36"}
[DBG] {"category": "QUEUE", "component": "queue", "event": "BEGIN:queue_get", "host": "d6b2a058c4be", "key": "smoke01:rollout:52db8bedc2f54a3c8816107f4986adf4", "pid": 52151, "queue": "rollout", "rank": null, "ts": "2026-10-04 13:09:36"}
[DBG] {"category": "QUEUE", "component": "queue", "event": "watchdog_armed", "host": "d6b2a058c4be", "pid": 52151, "rank": null, "stage": "queue_get", "timeout_sec": 30.0, "ts": "2026-10-04 13:09:36"}
[DBG] {"category": "QUEUE", "component": "queue", "elapsed_sec": 0.024385, "event": "END:queue_get", "host": "d6b2a058c4be", "pid": 52151, "rank": null, "ts": "2026-10-04 13:09:36"}
[DBG] {"category": "QUEUE", "component": "queue", "count": 1, "event": "BEGIN:clear_popped", "host": "d6b2a058c4be", "pid": 52151, "queue": "rollout", "rank": null, "ts": "2026-10-04 13:09:36"}
[DBG] {"category": "QUEUE", "component": "queue", "event": "watchdog_armed", "host": "d6b2a058c4be", "pid": 52151, "rank": null, "stage": "clear_popped", "timeout_sec": 30.0, "ts": "2026-10-04 13:09:36"}
[DBG] {"category": "QUEUE", "component": "queue", "elapsed_sec": 0.015373, "event": "END:clear_popped", "host": "d6b2a058c4be", "pid": 52151, "rank": null, "ts": "2026-10-04 13:09:36"}
[DBG] {"category": "QUEUE", "component": "queue", "event": "pop_done", "host": "d6b2a058c4be", "pid": 52151, "queue": "rollout", "rank": null, "returned": 1, "stale": 0, "ts": "2026-10-04 13:09:36"}
[DBG] {"category": "QUEUE", "component": "queue", "event": "size_changed", "host": "d6b2a058c4be", "pid": 52151, "queue": "rollout", "rank": null, "size": 8, "ts": "2026-10-04 13:09:36"}
