[DBG] {"category": "QUEUE", "component": "queue", "event": "BEGIN:transfer_queue_init", "host": "d6b2a058c4be", "pid": 164566, "rank": null, "run_id": "smoke01", "ts": "2026-10-04 15:44:17"}
[DBG] {"category": "QUEUE", "component": "queue", "event": "watchdog_armed", "host": "d6b2a058c4be", "pid": 164566, "rank": null, "stage": "transfer_queue_init", "timeout_sec": 30.0, "ts": "2026-10-04 15:44:17"}
[DBG] {"category": "QUEUE", "component": "queue", "elapsed_sec": 7.196199, "event": "END:transfer_queue_init", "host": "d6b2a058c4be", "pid": 164566, "rank": null, "ts": "2026-10-04 15:44:24"}
[DBG] {"category": "QUEUE", "component": "queue", "event": "broker_ready", "host": "d6b2a058c4be", "pid": 164566, "queues": {"preference": "preference", "rollout": "rollout"}, "rank": null, "ts": "2026-10-04 15:44:24"}
[DBG] {"category": "QUEUE", "component": "queue", "current_version": null, "event": "BEGIN:queue_list_for_pop", "exact": false, "host": "d6b2a058c4be", "max_lag": null, "pid": 164566, "queue": "rollout", "rank": null, "requested": 1, "ts": "2026-10-04 15:45:04"}
[DBG] {"category": "QUEUE", "component": "queue", "event": "watchdog_armed", "host": "d6b2a058c4be", "pid": 164566, "rank": null, "stage": "queue_list_for_pop", "timeout_sec": 30.0, "ts": "2026-10-04 15:45:04"}
[DBG] {"category": "QUEUE", "component": "queue", "elapsed_sec": 0.004586, "event": "END:queue_list_for_pop", "host": "d6b2a058c4be", "pid": 164566, "rank": null, "ts": "2026-10-04 15:45:04"}
[DBG] {"available": 0, "category": "QUEUE", "component": "queue", "event": "pop_scan", "exact": false, "host": "d6b2a058c4be", "pid": 164566, "queue": "rollout", "rank": null, "requested": 1, "selected": 0, "selected_keys": [], "stale": 0, "stale_keys": [], "ts": "2026-10-04 15:45:04"}
[DBG] {"category": "QUEUE", "component": "queue", "event": "pop_done", "host": "d6b2a058c4be", "item_ids": [], "pid": 164566, "queue": "rollout", "rank": null, "remaining": 0, "returned": 0, "stale": 0, "ts": "2026-10-04 15:45:04"}
[DBG] {"category": "QUEUE", "component": "queue", "event": "size_changed", "host": "d6b2a058c4be", "pid": 164566, "queue": "rollout", "rank": null, "size": 0, "ts": "2026-10-04 15:45:04"}
[DBG] {"category": "QUEUE", "component": "queue", "current_version": null, "event": "BEGIN:queue_list_for_pop", "exact": false, "host": "d6b2a058c4be", "max_lag": null, "pid": 164566, "queue": "rollout", "rank": null, "requested": 1, "ts": "2026-10-04 15:45:04"}
[DBG] {"category": "QUEUE", "component": "queue", "event": "watchdog_armed", "host": "d6b2a058c4be", "pid": 164566, "rank": null, "stage": "queue_list_for_pop", "timeout_sec": 30.0, "ts": "2026-10-04 15:45:04"}
[DBG] {"category": "QUEUE", "component": "queue", "elapsed_sec": 0.003544, "event": "END:queue_list_for_pop", "host": "d6b2a058c4be", "pid": 164566, "rank": null, "ts": "2026-10-04 15:45:04"}
[DBG] {"available": 0, "category": "QUEUE", "component": "queue", "event": "pop_scan", "exact": false, "host": "d6b2a058c4be", "pid": 164566, "queue": "rollout", "rank": null, "requested": 1, "selected": 0, "selected_keys": [], "stale": 0, "stale_keys": [], "ts": "2026-10-04 15:45:04"}
[DBG] {"category": "QUEUE", "component": "queue", "event": "pop_done", "host": "d6b2a058c4be", "item_ids": [], "pid": 164566, "queue": "rollout", "rank": null, "remaining": 0, "returned": 0, "stale": 0, "ts": "2026-10-04 15:45:04"}
[DBG] {"category": "QUEUE", "component": "queue", "current_version": null, "event": "BEGIN:queue_list_for_pop", "exact": false, "host": "d6b2a058c4be", "max_lag": null, "pid": 164566, "queue": "rollout", "rank": null, "requested": 1, "ts": "2026-10-04 15:45:05"}
[DBG] {"category": "QUEUE", "component": "queue", "event": "watchdog_armed", "host": "d6b2a058c4be", "pid": 164566, "rank": null, "stage": "queue_list_for_pop", "timeout_sec": 30.0, "ts": "2026-10-04 15:45:05"}
[DBG] {"category": "QUEUE", "component": "queue", "elapsed_sec": 0.003985, "event": "END:queue_list_for_pop", "host": "d6b2a058c4be", "pid": 164566, "rank": null, "ts": "2026-10-04 15:45:05"}
[DBG] {"available": 0, "category": "QUEUE", "component": "queue", "event": "pop_scan", "exact": false, "host": "d6b2a058c4be", "pid": 164566, "queue": "rollout", "rank": null, "requested": 1, "selected": 0, "selected_keys": [], "stale": 0, "stale_keys": [], "ts": "2026-10-04 15:45:05"}
[DBG] {"category": "QUEUE", "component": "queue", "event": "pop_done", "host": "d6b2a058c4be", "item_ids": [], "pid": 164566, "queue": "rollout", "rank": null, "remaining": 0, "returned": 0, "stale": 0, "ts": "2026-10-04 15:45:05"}
[DBG] {"category": "QUEUE", "component": "queue", "current_version": null, "event": "BEGIN:queue_list_for_pop", "exact": false, "host": "d6b2a058c4be", "max_lag": null, "pid": 164566, "queue": "rollout", "rank": null, "requested": 1, "ts": "2026-10-04 15:45:05"}
[DBG] {"category": "QUEUE", "component": "queue", "event": "watchdog_armed", "host": "d6b2a058c4be", "pid": 164566, "rank": null, "stage": "queue_list_for_pop", "timeout_sec": 30.0, "ts": "2026-10-04 15:45:05"}
[DBG] {"category": "QUEUE", "component": "queue", "elapsed_sec": 0.003622, "event": "END:queue_list_for_pop", "host": "d6b2a058c4be", "pid": 164566, "rank": null, "ts": "2026-10-04 15:45:05"}
[DBG] {"available": 0, "category": "QUEUE", "component": "queue", "event": "pop_scan", "exact": false, "host": "d6b2a058c4be", "pid": 164566, "queue": "rollout", "rank": null, "requested": 1, "selected": 0, "selected_keys": [], "stale": 0, "stale_keys": [], "ts": "2026-10-04 15:45:05"}
[DBG] {"category": "QUEUE", "component": "queue", "event": "pop_done", "host": "d6b2a058c4be", "item_ids": [], "pid": 164566, "queue": "rollout", "rank": null, "remaining": 0, "returned": 0, "stale": 0, "ts": "2026-10-04 15:45:05"}
[DBG] {"category": "QUEUE", "component": "queue", "current_version": null, "event": "BEGIN:queue_list_for_pop", "exact": false, "host": "d6b2a058c4be", "max_lag": null, "pid": 164566, "queue": "rollout", "rank": null, "requested": 1, "ts": "2026-10-04 15:45:05"}
[DBG] {"category": "QUEUE", "component": "queue", "event": "watchdog_armed", "host": "d6b2a058c4be", "pid": 164566, "rank": null, "stage": "queue_list_for_pop", "timeout_sec": 30.0, "ts": "2026-10-04 15:45:05"}
[DBG] {"category": "QUEUE", "component": "queue", "elapsed_sec": 0.003385, "event": "END:queue_list_for_pop", "host": "d6b2a058c4be", "pid": 164566, "rank": null, "ts": "2026-10-04 15:45:05"}
[DBG] {"available": 0, "category": "QUEUE", "component": "queue", "event": "pop_scan", "exact": false, "host": "d6b2a058c4be", "pid": 164566, "queue": "rollout", "rank": null, "requested": 1, "selected": 0, "selected_keys": [], "stale": 0, "stale_keys": [], "ts": "2026-10-04 15:45:05"}
[DBG] {"category": "QUEUE", "component": "queue", "event": "pop_done", "host": "d6b2a058c4be", "item_ids": [], "pid": 164566, "queue": "rollout", "rank": null, "remaining": 0, "returned": 0, "stale": 0, "ts": "2026-10-04 15:45:05"}
[DBG] {"category": "QUEUE", "component": "queue", "current_version": null, "event": "BEGIN:queue_list_for_pop", "exact": false, "host": "d6b2a058c4be", "max_lag": null, "pid": 164566, "queue": "rollout", "rank": null, "requested": 1, "ts": "2026-10-04 15:45:05"}
[DBG] {"category": "QUEUE", "component": "queue", "event": "watchdog_armed", "host": "d6b2a058c4be", "pid": 164566, "rank": null, "stage": "queue_list_for_pop", "timeout_sec": 30.0, "ts": "2026-10-04 15:45:05"}
[DBG] {"category": "QUEUE", "component": "queue", "elapsed_sec": 0.003352, "event": "END:queue_list_for_pop", "host": "d6b2a058c4be", "pid": 164566, "rank": null, "ts": "2026-10-04 15:45:05"}
[DBG] {"available": 0, "category": "QUEUE", "component": "queue", "event": "pop_scan", "exact": false, "host": "d6b2a058c4be", "pid": 164566, "queue": "rollout", "rank": null, "requested": 1, "selected": 0, "selected_keys": [], "stale": 0, "stale_keys": [], "ts": "2026-10-04 15:45:05"}
[DBG] {"category": "QUEUE", "component": "queue", "event": "pop_done", "host": "d6b2a058c4be", "item_ids": [], "pid": 164566, "queue": "rollout", "rank": null, "remaining": 0, "returned": 0, "stale": 0, "ts": "2026-10-04 15:45:05"}
[DBG] {"category": "QUEUE", "component": "queue", "current_version": null, "event": "BEGIN:queue_list_for_pop", "exact": false, "host": "d6b2a058c4be", "max_lag": null, "pid": 164566, "queue": "rollout", "rank": null, "requested": 1, "ts": "2026-10-04 15:45:06"}
[DBG] {"category": "QUEUE", "component": "queue", "event": "watchdog_armed", "host": "d6b2a058c4be", "pid": 164566, "rank": null, "stage": "queue_list_for_pop", "timeout_sec": 30.0, "ts": "2026-10-04 15:45:06"}
[DBG] {"category": "QUEUE", "component": "queue", "elapsed_sec": 0.003676, "event": "END:queue_list_for_pop", "host": "d6b2a058c4be", "pid": 164566, "rank": null, "ts": "2026-10-04 15:45:06"}
[DBG] {"available": 0, "category": "QUEUE", "component": "queue", "event": "pop_scan", "exact": false, "host": "d6b2a058c4be", "pid": 164566, "queue": "rollout", "rank": null, "requested": 1, "selected": 0, "selected_keys": [], "stale": 0, "stale_keys": [], "ts": "2026-10-04 15:45:06"}
[DBG] {"category": "QUEUE", "component": "queue", "event": "pop_done", "host": "d6b2a058c4be", "item_ids": [], "pid": 164566, "queue": "rollout", "rank": null, "remaining": 0, "returned": 0, "stale": 0, "ts": "2026-10-04 15:45:06"}
[DBG] {"category": "QUEUE", "component": "queue", "current_version": null, "event": "BEGIN:queue_list_for_pop", "exact": false, "host": "d6b2a058c4be", "max_lag": null, "pid": 164566, "queue": "rollout", "rank": null, "requested": 1, "ts": "2026-10-04 15:45:06"}
[DBG] {"category": "QUEUE", "component": "queue", "event": "watchdog_armed", "host": "d6b2a058c4be", "pid": 164566, "rank": null, "stage": "queue_list_for_pop", "timeout_sec": 30.0, "ts": "2026-10-04 15:45:06"}
[DBG] {"category": "QUEUE", "component": "queue", "elapsed_sec": 0.003627, "event": "END:queue_list_for_pop", "host": "d6b2a058c4be", "pid": 164566, "rank": null, "ts": "2026-10-04 15:45:06"}
[DBG] {"available": 0, "category": "QUEUE", "component": "queue", "event": "pop_scan", "exact": false, "host": "d6b2a058c4be", "pid": 164566, "queue": "rollout", "rank": null, "requested": 1, "selected": 0, "selected_keys": [], "stale": 0, "stale_keys": [], "ts": "2026-10-04 15:45:06"}
[DBG] {"category": "QUEUE", "component": "queue", "event": "pop_done", "host": "d6b2a058c4be", "item_ids": [], "pid": 164566, "queue": "rollout", "rank": null, "remaining": 0, "returned": 0, "stale": 0, "ts": "2026-10-04 15:45:06"}
[DBG] {"category": "QUEUE", "component": "queue", "current_version": null, "event": "BEGIN:queue_list_for_pop", "exact": false, "host": "d6b2a058c4be", "max_lag": null, "pid": 164566, "queue": "rollout", "rank": null, "requested": 1, "ts": "2026-10-04 15:45:06"}
[DBG] {"category": "QUEUE", "component": "queue", "event": "watchdog_armed", "host": "d6b2a058c4be", "pid": 164566, "rank": null, "stage": "queue_list_for_pop", "timeout_sec": 30.0, "ts": "2026-10-04 15:45:06"}
[DBG] {"category": "QUEUE", "component": "queue", "elapsed_sec": 0.003493, "event": "END:queue_list_for_pop", "host": "d6b2a058c4be", "pid": 164566, "rank": null, "ts": "2026-10-04 15:45:06"}
[DBG] {"available": 0, "category": "QUEUE", "component": "queue", "event": "pop_scan", "exact": false, "host": "d6b2a058c4be", "pid": 164566, "queue": "rollout", "rank": null, "requested": 1, "selected": 0, "selected_keys": [], "stale": 0, "stale_keys": [], "ts": "2026-10-04 15:45:06"}
[DBG] {"category": "QUEUE", "component": "queue", "event": "pop_done", "host": "d6b2a058c4be", "item_ids": [], "pid": 164566, "queue": "rollout", "rank": null, "remaining": 0, "returned": 0, "stale": 0, "ts": "2026-10-04 15:45:06"}
[DBG] {"category": "QUEUE", "component": "queue", "current_version": null, "event": "BEGIN:queue_list_for_pop", "exact": false, "host": "d6b2a058c4be", "max_lag": null, "pid": 164566, "queue": "rollout", "rank": null, "requested": 1, "ts": "2026-10-04 15:45:06"}
[DBG] {"category": "QUEUE", "component": "queue", "event": "watchdog_armed", "host": "d6b2a058c4be", "pid": 164566, "rank": null, "stage": "queue_list_for_pop", "timeout_sec": 30.0, "ts": "2026-10-04 15:45:06"}
[DBG] {"category": "QUEUE", "component": "queue", "elapsed_sec": 0.003774, "event": "END:queue_list_for_pop", "host": "d6b2a058c4be", "pid": 164566, "rank": null, "ts": "2026-10-04 15:45:06"}
[DBG] {"available": 0, "category": "QUEUE", "component": "queue", "event": "pop_scan", "exact": false, "host": "d6b2a058c4be", "pid": 164566, "queue": "rollout", "rank": null, "requested": 1, "selected": 0, "selected_keys": [], "stale": 0, "stale_keys": [], "ts": "2026-10-04 15:45:06"}
[DBG] {"category": "QUEUE", "component": "queue", "event": "pop_done", "host": "d6b2a058c4be", "item_ids": [], "pid": 164566, "queue": "rollout", "rank": null, "remaining": 0, "returned": 0, "stale": 0, "ts": "2026-10-04 15:45:06"}
[DBG] {"category": "QUEUE", "component": "queue", "current_version": null, "event": "BEGIN:queue_list_for_pop", "exact": false, "host": "d6b2a058c4be", "max_lag": null, "pid": 164566, "queue": "rollout", "rank": null, "requested": 1, "ts": "2026-10-04 15:45:06"}
[DBG] {"category": "QUEUE", "component": "queue", "event": "watchdog_armed", "host": "d6b2a058c4be", "pid": 164566, "rank": null, "stage": "queue_list_for_pop", "timeout_sec": 30.0, "ts": "2026-10-04 15:45:06"}
[DBG] {"category": "QUEUE", "component": "queue", "elapsed_sec": 0.004002, "event": "END:queue_list_for_pop", "host": "d6b2a058c4be", "pid": 164566, "rank": null, "ts": "2026-10-04 15:45:06"}
[DBG] {"available": 0, "category": "QUEUE", "component": "queue", "event": "pop_scan", "exact": false, "host": "d6b2a058c4be", "pid": 164566, "queue": "rollout", "rank": null, "requested": 1, "selected": 0, "selected_keys": [], "stale": 0, "stale_keys": [], "ts": "2026-10-04 15:45:06"}
[DBG] {"category": "QUEUE", "component": "queue", "event": "pop_done", "host": "d6b2a058c4be", "item_ids": [], "pid": 164566, "queue": "rollout", "rank": null, "remaining": 0, "returned": 0, "stale": 0, "ts": "2026-10-04 15:45:06"}
[DBG] {"category": "QUEUE", "component": "queue", "current_version": null, "event": "BEGIN:queue_list_for_pop", "exact": false, "host": "d6b2a058c4be", "max_lag": null, "pid": 164566, "queue": "rollout", "rank": null, "requested": 1, "ts": "2026-10-04 15:45:07"}
[DBG] {"category": "QUEUE", "component": "queue", "event": "watchdog_armed", "host": "d6b2a058c4be", "pid": 164566, "rank": null, "stage": "queue_list_for_pop", "timeout_sec": 30.0, "ts": "2026-10-04 15:45:07"}
[DBG] {"category": "QUEUE", "component": "queue", "elapsed_sec": 0.003109, "event": "END:queue_list_for_pop", "host": "d6b2a058c4be", "pid": 164566, "rank": null, "ts": "2026-10-04 15:45:07"}
[DBG] {"available": 0, "category": "QUEUE", "component": "queue", "event": "pop_scan", "exact": false, "host": "d6b2a058c4be", "pid": 164566, "queue": "rollout", "rank": null, "requested": 1, "selected": 0, "selected_keys": [], "stale": 0, "stale_keys": [], "ts": "2026-10-04 15:45:07"}
[DBG] {"category": "QUEUE", "component": "queue", "event": "pop_done", "host": "d6b2a058c4be", "item_ids": [], "pid": 164566, "queue": "rollout", "rank": null, "remaining": 0, "returned": 0, "stale": 0, "ts": "2026-10-04 15:45:07"}
[DBG] {"category": "QUEUE", "component": "queue", "event": "put_prepare", "host": "d6b2a058c4be", "item_id": "c783935a0903455aa08ac85aa57df3db", "partition": "smoke01:rollout", "payload_bytes": 2076, "pid": 164566, "policy_version": 0, "queue": "rollout", "rank": null, "ts": "2026-10-04 15:45:07"}
[DBG] {"category": "QUEUE", "component": "queue", "event": "BEGIN:queue_put", "host": "d6b2a058c4be", "item_id": "c783935a0903455aa08ac85aa57df3db", "pid": 164566, "queue": "rollout", "rank": null, "ts": "2026-10-04 15:45:07"}
[DBG] {"category": "QUEUE", "component": "queue", "event": "watchdog_armed", "host": "d6b2a058c4be", "pid": 164566, "rank": null, "stage": "queue_put", "timeout_sec": 30.0, "ts": "2026-10-04 15:45:07"}
[DBG] {"category": "QUEUE", "component": "queue", "elapsed_sec": 0.041017, "event": "END:queue_put", "host": "d6b2a058c4be", "pid": 164566, "rank": null, "ts": "2026-10-04 15:45:07"}
[DBG] {"category": "QUEUE", "component": "queue", "event": "put_done", "host": "d6b2a058c4be", "key": "smoke01:rollout:c783935a0903455aa08ac85aa57df3db", "pid": 164566, "policy_version": 0, "queue": "rollout", "rank": null, "ts": "2026-10-04 15:45:07"}
[DBG] {"category": "QUEUE", "component": "queue", "event": "put_prepare", "host": "d6b2a058c4be", "item_id": "e049017bd5c24bae9596d46dedaf0103", "partition": "smoke01:rollout", "payload_bytes": 2488, "pid": 164566, "policy_version": 0, "queue": "rollout", "rank": null, "ts": "2026-10-04 15:45:07"}
[DBG] {"category": "QUEUE", "component": "queue", "event": "BEGIN:queue_put", "host": "d6b2a058c4be", "item_id": "e049017bd5c24bae9596d46dedaf0103", "pid": 164566, "queue": "rollout", "rank": null, "ts": "2026-10-04 15:45:07"}
[DBG] {"category": "QUEUE", "component": "queue", "event": "watchdog_armed", "host": "d6b2a058c4be", "pid": 164566, "rank": null, "stage": "queue_put", "timeout_sec": 30.0, "ts": "2026-10-04 15:45:07"}
[DBG] {"category": "QUEUE", "component": "queue", "elapsed_sec": 0.035742, "event": "END:queue_put", "host": "d6b2a058c4be", "pid": 164566, "rank": null, "ts": "2026-10-04 15:45:07"}
[DBG] {"category": "QUEUE", "component": "queue", "event": "put_done", "host": "d6b2a058c4be", "key": "smoke01:rollout:e049017bd5c24bae9596d46dedaf0103", "pid": 164566, "policy_version": 0, "queue": "rollout", "rank": null, "ts": "2026-10-04 15:45:07"}
[DBG] {"category": "QUEUE", "component": "queue", "event": "size_changed", "host": "d6b2a058c4be", "pid": 164566, "queue": "rollout", "rank": null, "size": 2, "ts": "2026-10-04 15:45:07"}
[DBG] {"category": "QUEUE", "component": "queue", "current_version": null, "event": "BEGIN:queue_list_for_pop", "exact": false, "host": "d6b2a058c4be", "max_lag": null, "pid": 164566, "queue": "rollout", "rank": null, "requested": 1, "ts": "2026-10-04 15:45:07"}
[DBG] {"category": "QUEUE", "component": "queue", "event": "watchdog_armed", "host": "d6b2a058c4be", "pid": 164566, "rank": null, "stage": "queue_list_for_pop", "timeout_sec": 30.0, "ts": "2026-10-04 15:45:07"}
[DBG] {"category": "QUEUE", "component": "queue", "elapsed_sec": 0.003148, "event": "END:queue_list_for_pop", "host": "d6b2a058c4be", "pid": 164566, "rank": null, "ts": "2026-10-04 15:45:07"}
[DBG] {"available": 2, "category": "QUEUE", "component": "queue", "event": "pop_scan", "exact": false, "host": "d6b2a058c4be", "pid": 164566, "queue": "rollout", "rank": null, "requested": 1, "selected": 1, "selected_keys": ["smoke01:rollout:c783935a0903455aa08ac85aa57df3db"], "stale": 0, "stale_keys": [], "ts": "2026-10-04 15:45:07"}
[DBG] {"category": "QUEUE", "component": "queue", "event": "BEGIN:queue_get", "host": "d6b2a058c4be", "key": "smoke01:rollout:c783935a0903455aa08ac85aa57df3db", "pid": 164566, "queue": "rollout", "rank": null, "ts": "2026-10-04 15:45:07"}
[DBG] {"category": "QUEUE", "component": "queue", "event": "watchdog_armed", "host": "d6b2a058c4be", "pid": 164566, "rank": null, "stage": "queue_get", "timeout_sec": 30.0, "ts": "2026-10-04 15:45:07"}
[DBG] {"category": "QUEUE", "component": "queue", "elapsed_sec": 0.043094, "event": "END:queue_get", "host": "d6b2a058c4be", "pid": 164566, "rank": null, "ts": "2026-10-04 15:45:07"}
[DBG] {"category": "QUEUE", "component": "queue", "event": "queue_item_decoded", "host": "d6b2a058c4be", "item_id": "c783935a0903455aa08ac85aa57df3db", "key": "smoke01:rollout:c783935a0903455aa08ac85aa57df3db", "pid": 164566, "policy_version": 0, "queue": "rollout", "rank": null, "ts": "2026-10-04 15:45:07"}
[DBG] {"category": "QUEUE", "component": "queue", "count": 1, "event": "BEGIN:clear_popped", "host": "d6b2a058c4be", "pid": 164566, "queue": "rollout", "rank": null, "ts": "2026-10-04 15:45:07"}
[DBG] {"category": "QUEUE", "component": "queue", "event": "watchdog_armed", "host": "d6b2a058c4be", "pid": 164566, "rank": null, "stage": "clear_popped", "timeout_sec": 30.0, "ts": "2026-10-04 15:45:07"}
[DBG] {"category": "QUEUE", "component": "queue", "elapsed_sec": 0.017661, "event": "END:clear_popped", "host": "d6b2a058c4be", "pid": 164566, "rank": null, "ts": "2026-10-04 15:45:07"}
[DBG] {"category": "QUEUE", "component": "queue", "event": "pop_done", "host": "d6b2a058c4be", "item_ids": ["c783935a0903455aa08ac85aa57df3db"], "pid": 164566, "queue": "rollout", "rank": null, "remaining": 1, "returned": 1, "stale": 0, "ts": "2026-10-04 15:45:07"}
[DBG] {"category": "QUEUE", "component": "queue", "event": "put_prepare", "host": "d6b2a058c4be", "item_id": "9b7d14b637e445d2af072f5d1d874c9e", "partition": "smoke01:rollout", "payload_bytes": 3044, "pid": 164566, "policy_version": 0, "queue": "rollout", "rank": null, "ts": "2026-10-04 15:45:07"}
[DBG] {"category": "QUEUE", "component": "queue", "event": "BEGIN:queue_put", "host": "d6b2a058c4be", "item_id": "9b7d14b637e445d2af072f5d1d874c9e", "pid": 164566, "queue": "rollout", "rank": null, "ts": "2026-10-04 15:45:07"}
[DBG] {"category": "QUEUE", "component": "queue", "event": "watchdog_armed", "host": "d6b2a058c4be", "pid": 164566, "rank": null, "stage": "queue_put", "timeout_sec": 30.0, "ts": "2026-10-04 15:45:07"}
[DBG] {"category": "QUEUE", "component": "queue", "elapsed_sec": 0.028517, "event": "END:queue_put", "host": "d6b2a058c4be", "pid": 164566, "rank": null, "ts": "2026-10-04 15:45:07"}
[DBG] {"category": "QUEUE", "component": "queue", "event": "put_done", "host": "d6b2a058c4be", "key": "smoke01:rollout:9b7d14b637e445d2af072f5d1d874c9e", "pid": 164566, "policy_version": 0, "queue": "rollout", "rank": null, "ts": "2026-10-04 15:45:07"}
[DBG] {"category": "QUEUE", "component": "queue", "event": "put_prepare", "host": "d6b2a058c4be", "item_id": "e3d9ebd792b0418f8ad6d453f1df2603", "partition": "smoke01:rollout", "payload_bytes": 2557, "pid": 164566, "policy_version": 0, "queue": "rollout", "rank": null, "ts": "2026-10-04 15:45:07"}
[DBG] {"category": "QUEUE", "component": "queue", "event": "BEGIN:queue_put", "host": "d6b2a058c4be", "item_id": "e3d9ebd792b0418f8ad6d453f1df2603", "pid": 164566, "queue": "rollout", "rank": null, "ts": "2026-10-04 15:45:07"}
[DBG] {"category": "QUEUE", "component": "queue", "event": "watchdog_armed", "host": "d6b2a058c4be", "pid": 164566, "rank": null, "stage": "queue_put", "timeout_sec": 30.0, "ts": "2026-10-04 15:45:07"}
[DBG] {"category": "QUEUE", "component": "queue", "elapsed_sec": 0.034814, "event": "END:queue_put", "host": "d6b2a058c4be", "pid": 164566, "rank": null, "ts": "2026-10-04 15:45:07"}
[DBG] {"category": "QUEUE", "component": "queue", "event": "put_done", "host": "d6b2a058c4be", "key": "smoke01:rollout:e3d9ebd792b0418f8ad6d453f1df2603", "pid": 164566, "policy_version": 0, "queue": "rollout", "rank": null, "ts": "2026-10-04 15:45:07"}
[DBG] {"category": "QUEUE", "component": "queue", "event": "size_changed", "host": "d6b2a058c4be", "pid": 164566, "queue": "rollout", "rank": null, "size": 3, "ts": "2026-10-04 15:45:07"}
[DBG] {"category": "QUEUE", "component": "queue", "event": "put_prepare", "host": "d6b2a058c4be", "item_id": "445802e8a2e44d94ae50fb837868e2d5", "partition": "smoke01:rollout", "payload_bytes": 2090, "pid": 164566, "policy_version": 0, "queue": "rollout", "rank": null, "ts": "2026-10-04 15:45:08"}
[DBG] {"category": "QUEUE", "component": "queue", "event": "BEGIN:queue_put", "host": "d6b2a058c4be", "item_id": "445802e8a2e44d94ae50fb837868e2d5", "pid": 164566, "queue": "rollout", "rank": null, "ts": "2026-10-04 15:45:08"}
[DBG] {"category": "QUEUE", "component": "queue", "event": "watchdog_armed", "host": "d6b2a058c4be", "pid": 164566, "rank": null, "stage": "queue_put", "timeout_sec": 30.0, "ts": "2026-10-04 15:45:08"}
[DBG] {"category": "QUEUE", "component": "queue", "elapsed_sec": 0.031358, "event": "END:queue_put", "host": "d6b2a058c4be", "pid": 164566, "rank": null, "ts": "2026-10-04 15:45:08"}
[DBG] {"category": "QUEUE", "component": "queue", "event": "put_done", "host": "d6b2a058c4be", "key": "smoke01:rollout:445802e8a2e44d94ae50fb837868e2d5", "pid": 164566, "policy_version": 0, "queue": "rollout", "rank": null, "ts": "2026-10-04 15:45:08"}
[DBG] {"category": "QUEUE", "component": "queue", "event": "put_prepare", "host": "d6b2a058c4be", "item_id": "d730330e826540f2bd0405ad29f118c1", "partition": "smoke01:rollout", "payload_bytes": 2594, "pid": 164566, "policy_version": 0, "queue": "rollout", "rank": null, "ts": "2026-10-04 15:45:08"}
[DBG] {"category": "QUEUE", "component": "queue", "event": "BEGIN:queue_put", "host": "d6b2a058c4be", "item_id": "d730330e826540f2bd0405ad29f118c1", "pid": 164566, "queue": "rollout", "rank": null, "ts": "2026-10-04 15:45:08"}
[DBG] {"category": "QUEUE", "component": "queue", "event": "watchdog_armed", "host": "d6b2a058c4be", "pid": 164566, "rank": null, "stage": "queue_put", "timeout_sec": 30.0, "ts": "2026-10-04 15:45:08"}
[DBG] {"category": "QUEUE", "component": "queue", "elapsed_sec": 0.031926, "event": "END:queue_put", "host": "d6b2a058c4be", "pid": 164566, "rank": null, "ts": "2026-10-04 15:45:08"}
[DBG] {"category": "QUEUE", "component": "queue", "event": "put_done", "host": "d6b2a058c4be", "key": "smoke01:rollout:d730330e826540f2bd0405ad29f118c1", "pid": 164566, "policy_version": 0, "queue": "rollout", "rank": null, "ts": "2026-10-04 15:45:08"}
[DBG] {"category": "QUEUE", "component": "queue", "event": "size_changed", "host": "d6b2a058c4be", "pid": 164566, "queue": "rollout", "rank": null, "size": 5, "ts": "2026-10-04 15:45:08"}
[DBG] {"category": "QUEUE", "component": "queue", "event": "put_prepare", "host": "d6b2a058c4be", "item_id": "93e242af12d04f0695e47b01d4a3e515", "partition": "smoke01:rollout", "payload_bytes": 2108, "pid": 164566, "policy_version": 0, "queue": "rollout", "rank": null, "ts": "2026-10-04 15:45:09"}
[DBG] {"category": "QUEUE", "component": "queue", "event": "BEGIN:queue_put", "host": "d6b2a058c4be", "item_id": "93e242af12d04f0695e47b01d4a3e515", "pid": 164566, "queue": "rollout", "rank": null, "ts": "2026-10-04 15:45:09"}
[DBG] {"category": "QUEUE", "component": "queue", "event": "watchdog_armed", "host": "d6b2a058c4be", "pid": 164566, "rank": null, "stage": "queue_put", "timeout_sec": 30.0, "ts": "2026-10-04 15:45:09"}
[DBG] {"category": "QUEUE", "component": "queue", "elapsed_sec": 0.03024, "event": "END:queue_put", "host": "d6b2a058c4be", "pid": 164566, "rank": null, "ts": "2026-10-04 15:45:09"}
[DBG] {"category": "QUEUE", "component": "queue", "event": "put_done", "host": "d6b2a058c4be", "key": "smoke01:rollout:93e242af12d04f0695e47b01d4a3e515", "pid": 164566, "policy_version": 0, "queue": "rollout", "rank": null, "ts": "2026-10-04 15:45:09"}
[DBG] {"category": "QUEUE", "component": "queue", "event": "put_prepare", "host": "d6b2a058c4be", "item_id": "27ef906a0dfa4c2894b11fcfa4e1ca5b", "partition": "smoke01:rollout", "payload_bytes": 2785, "pid": 164566, "policy_version": 0, "queue": "rollout", "rank": null, "ts": "2026-10-04 15:45:09"}
[DBG] {"category": "QUEUE", "component": "queue", "event": "BEGIN:queue_put", "host": "d6b2a058c4be", "item_id": "27ef906a0dfa4c2894b11fcfa4e1ca5b", "pid": 164566, "queue": "rollout", "rank": null, "ts": "2026-10-04 15:45:09"}
[DBG] {"category": "QUEUE", "component": "queue", "event": "watchdog_armed", "host": "d6b2a058c4be", "pid": 164566, "rank": null, "stage": "queue_put", "timeout_sec": 30.0, "ts": "2026-10-04 15:45:09"}
[DBG] {"category": "QUEUE", "component": "queue", "elapsed_sec": 0.030112, "event": "END:queue_put", "host": "d6b2a058c4be", "pid": 164566, "rank": null, "ts": "2026-10-04 15:45:09"}
[DBG] {"category": "QUEUE", "component": "queue", "event": "put_done", "host": "d6b2a058c4be", "key": "smoke01:rollout:27ef906a0dfa4c2894b11fcfa4e1ca5b", "pid": 164566, "policy_version": 0, "queue": "rollout", "rank": null, "ts": "2026-10-04 15:45:09"}
[DBG] {"category": "QUEUE", "component": "queue", "event": "size_changed", "host": "d6b2a058c4be", "pid": 164566, "queue": "rollout", "rank": null, "size": 7, "ts": "2026-10-04 15:45:09"}
[DBG] {"category": "QUEUE", "component": "queue", "event": "put_prepare", "host": "d6b2a058c4be", "item_id": "5fdcaac55a1042ba910f2a89d59ecc29", "partition": "smoke01:rollout", "payload_bytes": 2525, "pid": 164566, "policy_version": 0, "queue": "rollout", "rank": null, "ts": "2026-10-04 15:45:09"}
[DBG] {"category": "QUEUE", "component": "queue", "event": "BEGIN:queue_put", "host": "d6b2a058c4be", "item_id": "5fdcaac55a1042ba910f2a89d59ecc29", "pid": 164566, "queue": "rollout", "rank": null, "ts": "2026-10-04 15:45:09"}
[DBG] {"category": "QUEUE", "component": "queue", "event": "watchdog_armed", "host": "d6b2a058c4be", "pid": 164566, "rank": null, "stage": "queue_put", "timeout_sec": 30.0, "ts": "2026-10-04 15:45:09"}
[DBG] {"category": "QUEUE", "component": "queue", "elapsed_sec": 0.030188, "event": "END:queue_put", "host": "d6b2a058c4be", "pid": 164566, "rank": null, "ts": "2026-10-04 15:45:09"}
[DBG] {"category": "QUEUE", "component": "queue", "event": "put_done", "host": "d6b2a058c4be", "key": "smoke01:rollout:5fdcaac55a1042ba910f2a89d59ecc29", "pid": 164566, "policy_version": 0, "queue": "rollout", "rank": null, "ts": "2026-10-04 15:45:09"}
[DBG] {"category": "QUEUE", "component": "queue", "event": "put_prepare", "host": "d6b2a058c4be", "item_id": "00de7f5f5ae044d48ccf98362c74b59a", "partition": "smoke01:rollout", "payload_bytes": 2973, "pid": 164566, "policy_version": 0, "queue": "rollout", "rank": null, "ts": "2026-10-04 15:45:09"}
[DBG] {"category": "QUEUE", "component": "queue", "event": "BEGIN:queue_put", "host": "d6b2a058c4be", "item_id": "00de7f5f5ae044d48ccf98362c74b59a", "pid": 164566, "queue": "rollout", "rank": null, "ts": "2026-10-04 15:45:09"}
[DBG] {"category": "QUEUE", "component": "queue", "event": "watchdog_armed", "host": "d6b2a058c4be", "pid": 164566, "rank": null, "stage": "queue_put", "timeout_sec": 30.0, "ts": "2026-10-04 15:45:09"}
[DBG] {"category": "QUEUE", "component": "queue", "elapsed_sec": 0.036653, "event": "END:queue_put", "host": "d6b2a058c4be", "pid": 164566, "rank": null, "ts": "2026-10-04 15:45:09"}
[DBG] {"category": "QUEUE", "component": "queue", "event": "put_done", "host": "d6b2a058c4be", "key": "smoke01:rollout:00de7f5f5ae044d48ccf98362c74b59a", "pid": 164566, "policy_version": 0, "queue": "rollout", "rank": null, "ts": "2026-10-04 15:45:09"}
[DBG] {"category": "QUEUE", "component": "queue", "event": "size_changed", "host": "d6b2a058c4be", "pid": 164566, "queue": "rollout", "rank": null, "size": 9, "ts": "2026-10-04 15:45:09"}
[DBG] {"category": "QUEUE", "component": "queue", "event": "size_changed", "host": "d6b2a058c4be", "pid": 164566, "queue": "preference", "rank": null, "size": 0, "ts": "2026-10-04 15:45:13"}
[DBG] {"category": "QUEUE", "component": "queue", "event": "put_prepare", "host": "d6b2a058c4be", "item_id": "c783935a0903455aa08ac85aa57df3db", "partition": "smoke01:preference", "payload_bytes": 1305, "pid": 164566, "policy_version": 0, "queue": "preference", "rank": null, "ts": "2026-10-04 15:45:13"}
[DBG] {"category": "QUEUE", "component": "queue", "event": "BEGIN:queue_put", "host": "d6b2a058c4be", "item_id": "c783935a0903455aa08ac85aa57df3db", "pid": 164566, "queue": "preference", "rank": null, "ts": "2026-10-04 15:45:13"}
[DBG] {"category": "QUEUE", "component": "queue", "event": "watchdog_armed", "host": "d6b2a058c4be", "pid": 164566, "rank": null, "stage": "queue_put", "timeout_sec": 30.0, "ts": "2026-10-04 15:45:13"}
[DBG] {"category": "QUEUE", "component": "queue", "elapsed_sec": 0.031055, "event": "END:queue_put", "host": "d6b2a058c4be", "pid": 164566, "rank": null, "ts": "2026-10-04 15:45:13"}
[DBG] {"category": "QUEUE", "component": "queue", "event": "put_done", "host": "d6b2a058c4be", "key": "smoke01:preference:c783935a0903455aa08ac85aa57df3db", "pid": 164566, "policy_version": 0, "queue": "preference", "rank": null, "ts": "2026-10-04 15:45:13"}
[DBG] {"category": "QUEUE", "component": "queue", "event": "size_changed", "host": "d6b2a058c4be", "pid": 164566, "queue": "preference", "rank": null, "size": 1, "ts": "2026-10-04 15:45:13"}
[DBG] {"category": "QUEUE", "component": "queue", "current_version": null, "event": "BEGIN:queue_list_for_pop", "exact": false, "host": "d6b2a058c4be", "max_lag": null, "pid": 164566, "queue": "rollout", "rank": null, "requested": 1, "ts": "2026-10-04 15:45:15"}
[DBG] {"category": "QUEUE", "component": "queue", "event": "watchdog_armed", "host": "d6b2a058c4be", "pid": 164566, "rank": null, "stage": "queue_list_for_pop", "timeout_sec": 30.0, "ts": "2026-10-04 15:45:15"}
[DBG] {"category": "QUEUE", "component": "queue", "elapsed_sec": 0.003622, "event": "END:queue_list_for_pop", "host": "d6b2a058c4be", "pid": 164566, "rank": null, "ts": "2026-10-04 15:45:15"}
[DBG] {"available": 9, "category": "QUEUE", "component": "queue", "event": "pop_scan", "exact": false, "host": "d6b2a058c4be", "pid": 164566, "queue": "rollout", "rank": null, "requested": 1, "selected": 1, "selected_keys": ["smoke01:rollout:e049017bd5c24bae9596d46dedaf0103"], "stale": 0, "stale_keys": [], "ts": "2026-10-04 15:45:15"}
[DBG] {"category": "QUEUE", "component": "queue", "event": "BEGIN:queue_get", "host": "d6b2a058c4be", "key": "smoke01:rollout:e049017bd5c24bae9596d46dedaf0103", "pid": 164566, "queue": "rollout", "rank": null, "ts": "2026-10-04 15:45:15"}
[DBG] {"category": "QUEUE", "component": "queue", "event": "watchdog_armed", "host": "d6b2a058c4be", "pid": 164566, "rank": null, "stage": "queue_get", "timeout_sec": 30.0, "ts": "2026-10-04 15:45:15"}
[DBG] {"category": "QUEUE", "component": "queue", "elapsed_sec": 0.029492, "event": "END:queue_get", "host": "d6b2a058c4be", "pid": 164566, "rank": null, "ts": "2026-10-04 15:45:15"}
[DBG] {"category": "QUEUE", "component": "queue", "event": "queue_item_decoded", "host": "d6b2a058c4be", "item_id": "e049017bd5c24bae9596d46dedaf0103", "key": "smoke01:rollout:e049017bd5c24bae9596d46dedaf0103", "pid": 164566, "policy_version": 0, "queue": "rollout", "rank": null, "ts": "2026-10-04 15:45:15"}
[DBG] {"category": "QUEUE", "component": "queue", "count": 1, "event": "BEGIN:clear_popped", "host": "d6b2a058c4be", "pid": 164566, "queue": "rollout", "rank": null, "ts": "2026-10-04 15:45:15"}
[DBG] {"category": "QUEUE", "component": "queue", "event": "watchdog_armed", "host": "d6b2a058c4be", "pid": 164566, "rank": null, "stage": "clear_popped", "timeout_sec": 30.0, "ts": "2026-10-04 15:45:15"}
[DBG] {"category": "QUEUE", "component": "queue", "elapsed_sec": 0.018307, "event": "END:clear_popped", "host": "d6b2a058c4be", "pid": 164566, "rank": null, "ts": "2026-10-04 15:45:15"}
[DBG] {"category": "QUEUE", "component": "queue", "event": "pop_done", "host": "d6b2a058c4be", "item_ids": ["e049017bd5c24bae9596d46dedaf0103"], "pid": 164566, "queue": "rollout", "rank": null, "remaining": 8, "returned": 1, "stale": 0, "ts": "2026-10-04 15:45:15"}
[DBG] {"category": "QUEUE", "component": "queue", "event": "size_changed", "host": "d6b2a058c4be", "pid": 164566, "queue": "rollout", "rank": null, "size": 8, "ts": "2026-10-04 15:45:15"}
[DBG] {"category": "QUEUE", "component": "queue", "event": "put_prepare", "host": "d6b2a058c4be", "item_id": "e049017bd5c24bae9596d46dedaf0103", "partition": "smoke01:preference", "payload_bytes": 1469, "pid": 164566, "policy_version": 0, "queue": "preference", "rank": null, "ts": "2026-10-04 15:45:17"}
[DBG] {"category": "QUEUE", "component": "queue", "event": "BEGIN:queue_put", "host": "d6b2a058c4be", "item_id": "e049017bd5c24bae9596d46dedaf0103", "pid": 164566, "queue": "preference", "rank": null, "ts": "2026-10-04 15:45:17"}
[DBG] {"category": "QUEUE", "component": "queue", "event": "watchdog_armed", "host": "d6b2a058c4be", "pid": 164566, "rank": null, "stage": "queue_put", "timeout_sec": 30.0, "ts": "2026-10-04 15:45:17"}
[DBG] {"category": "QUEUE", "component": "queue", "elapsed_sec": 0.035791, "event": "END:queue_put", "host": "d6b2a058c4be", "pid": 164566, "rank": null, "ts": "2026-10-04 15:45:17"}
[DBG] {"category": "QUEUE", "component": "queue", "event": "put_done", "host": "d6b2a058c4be", "key": "smoke01:preference:e049017bd5c24bae9596d46dedaf0103", "pid": 164566, "policy_version": 0, "queue": "preference", "rank": null, "ts": "2026-10-04 15:45:17"}
[DBG] {"category": "QUEUE", "component": "queue", "event": "size_changed", "host": "d6b2a058c4be", "pid": 164566, "queue": "preference", "rank": null, "size": 2, "ts": "2026-10-04 15:45:17"}
[DBG] {"category": "QUEUE", "component": "queue", "current_version": null, "event": "BEGIN:queue_list_for_pop", "exact": false, "host": "d6b2a058c4be", "max_lag": null, "pid": 164566, "queue": "rollout", "rank": null, "requested": 1, "ts": "2026-10-04 15:45:19"}
[DBG] {"category": "QUEUE", "component": "queue", "event": "watchdog_armed", "host": "d6b2a058c4be", "pid": 164566, "rank": null, "stage": "queue_list_for_pop", "timeout_sec": 30.0, "ts": "2026-10-04 15:45:19"}
[DBG] {"category": "QUEUE", "component": "queue", "elapsed_sec": 0.003378, "event": "END:queue_list_for_pop", "host": "d6b2a058c4be", "pid": 164566, "rank": null, "ts": "2026-10-04 15:45:19"}
[DBG] {"available": 8, "category": "QUEUE", "component": "queue", "event": "pop_scan", "exact": false, "host": "d6b2a058c4be", "pid": 164566, "queue": "rollout", "rank": null, "requested": 1, "selected": 1, "selected_keys": ["smoke01:rollout:9b7d14b637e445d2af072f5d1d874c9e"], "stale": 0, "stale_keys": [], "ts": "2026-10-04 15:45:19"}
[DBG] {"category": "QUEUE", "component": "queue", "event": "BEGIN:queue_get", "host": "d6b2a058c4be", "key": "smoke01:rollout:9b7d14b637e445d2af072f5d1d874c9e", "pid": 164566, "queue": "rollout", "rank": null, "ts": "2026-10-04 15:45:19"}
[DBG] {"category": "QUEUE", "component": "queue", "event": "watchdog_armed", "host": "d6b2a058c4be", "pid": 164566, "rank": null, "stage": "queue_get", "timeout_sec": 30.0, "ts": "2026-10-04 15:45:19"}
[DBG] {"category": "QUEUE", "component": "queue", "elapsed_sec": 0.031845, "event": "END:queue_get", "host": "d6b2a058c4be", "pid": 164566, "rank": null, "ts": "2026-10-04 15:45:20"}
[DBG] {"category": "QUEUE", "component": "queue", "event": "queue_item_decoded", "host": "d6b2a058c4be", "item_id": "9b7d14b637e445d2af072f5d1d874c9e", "key": "smoke01:rollout:9b7d14b637e445d2af072f5d1d874c9e", "pid": 164566, "policy_version": 0, "queue": "rollout", "rank": null, "ts": "2026-10-04 15:45:20"}
[DBG] {"category": "QUEUE", "component": "queue", "count": 1, "event": "BEGIN:clear_popped", "host": "d6b2a058c4be", "pid": 164566, "queue": "rollout", "rank": null, "ts": "2026-10-04 15:45:20"}
[DBG] {"category": "QUEUE", "component": "queue", "event": "watchdog_armed", "host": "d6b2a058c4be", "pid": 164566, "rank": null, "stage": "clear_popped", "timeout_sec": 30.0, "ts": "2026-10-04 15:45:20"}
[DBG] {"category": "QUEUE", "component": "queue", "elapsed_sec": 0.018624, "event": "END:clear_popped", "host": "d6b2a058c4be", "pid": 164566, "rank": null, "ts": "2026-10-04 15:45:20"}
[DBG] {"category": "QUEUE", "component": "queue", "event": "pop_done", "host": "d6b2a058c4be", "item_ids": ["9b7d14b637e445d2af072f5d1d874c9e"], "pid": 164566, "queue": "rollout", "rank": null, "remaining": 7, "returned": 1, "stale": 0, "ts": "2026-10-04 15:45:20"}
[DBG] {"category": "QUEUE", "component": "queue", "event": "size_changed", "host": "d6b2a058c4be", "pid": 164566, "queue": "rollout", "rank": null, "size": 7, "ts": "2026-10-04 15:45:20"}
[DBG] {"category": "QUEUE", "component": "queue", "event": "put_prepare", "host": "d6b2a058c4be", "item_id": "a78b7e08474d4d44aaf107fe32aeb1bf", "partition": "smoke01:rollout", "payload_bytes": 2411, "pid": 164566, "policy_version": 0, "queue": "rollout", "rank": null, "ts": "2026-10-04 15:45:20"}
[DBG] {"category": "QUEUE", "component": "queue", "event": "BEGIN:queue_put", "host": "d6b2a058c4be", "item_id": "a78b7e08474d4d44aaf107fe32aeb1bf", "pid": 164566, "queue": "rollout", "rank": null, "ts": "2026-10-04 15:45:20"}
[DBG] {"category": "QUEUE", "component": "queue", "event": "watchdog_armed", "host": "d6b2a058c4be", "pid": 164566, "rank": null, "stage": "queue_put", "timeout_sec": 30.0, "ts": "2026-10-04 15:45:20"}
[DBG] {"category": "QUEUE", "component": "queue", "elapsed_sec": 0.025665, "event": "END:queue_put", "host": "d6b2a058c4be", "pid": 164566, "rank": null, "ts": "2026-10-04 15:45:20"}
[DBG] {"category": "QUEUE", "component": "queue", "event": "put_done", "host": "d6b2a058c4be", "key": "smoke01:rollout:a78b7e08474d4d44aaf107fe32aeb1bf", "pid": 164566, "policy_version": 0, "queue": "rollout", "rank": null, "ts": "2026-10-04 15:45:20"}
[DBG] {"category": "QUEUE", "component": "queue", "event": "put_prepare", "host": "d6b2a058c4be", "item_id": "2bffcbaddfa945548c1151b275dce0a4", "partition": "smoke01:rollout", "payload_bytes": 2589, "pid": 164566, "policy_version": 0, "queue": "rollout", "rank": null, "ts": "2026-10-04 15:45:20"}
[DBG] {"category": "QUEUE", "component": "queue", "event": "BEGIN:queue_put", "host": "d6b2a058c4be", "item_id": "2bffcbaddfa945548c1151b275dce0a4", "pid": 164566, "queue": "rollout", "rank": null, "ts": "2026-10-04 15:45:20"}
[DBG] {"category": "QUEUE", "component": "queue", "event": "watchdog_armed", "host": "d6b2a058c4be", "pid": 164566, "rank": null, "stage": "queue_put", "timeout_sec": 30.0, "ts": "2026-10-04 15:45:20"}
[DBG] {"category": "QUEUE", "component": "queue", "elapsed_sec": 0.024713, "event": "END:queue_put", "host": "d6b2a058c4be", "pid": 164566, "rank": null, "ts": "2026-10-04 15:45:20"}
[DBG] {"category": "QUEUE", "component": "queue", "event": "put_done", "host": "d6b2a058c4be", "key": "smoke01:rollout:2bffcbaddfa945548c1151b275dce0a4", "pid": 164566, "policy_version": 0, "queue": "rollout", "rank": null, "ts": "2026-10-04 15:45:20"}
[DBG] {"category": "QUEUE", "component": "queue", "event": "size_changed", "host": "d6b2a058c4be", "pid": 164566, "queue": "rollout", "rank": null, "size": 9, "ts": "2026-10-04 15:45:20"}
[DBG] {"category": "QUEUE", "component": "queue", "event": "put_prepare", "host": "d6b2a058c4be", "item_id": "9b7d14b637e445d2af072f5d1d874c9e", "partition": "smoke01:preference", "payload_bytes": 1664, "pid": 164566, "policy_version": 0, "queue": "preference", "rank": null, "ts": "2026-10-04 15:45:21"}
[DBG] {"category": "QUEUE", "component": "queue", "event": "BEGIN:queue_put", "host": "d6b2a058c4be", "item_id": "9b7d14b637e445d2af072f5d1d874c9e", "pid": 164566, "queue": "preference", "rank": null, "ts": "2026-10-04 15:45:21"}
[DBG] {"category": "QUEUE", "component": "queue", "event": "watchdog_armed", "host": "d6b2a058c4be", "pid": 164566, "rank": null, "stage": "queue_put", "timeout_sec": 30.0, "ts": "2026-10-04 15:45:21"}
[DBG] {"category": "QUEUE", "component": "queue", "elapsed_sec": 0.024937, "event": "END:queue_put", "host": "d6b2a058c4be", "pid": 164566, "rank": null, "ts": "2026-10-04 15:45:21"}
[DBG] {"category": "QUEUE", "component": "queue", "event": "put_done", "host": "d6b2a058c4be", "key": "smoke01:preference:9b7d14b637e445d2af072f5d1d874c9e", "pid": 164566, "policy_version": 0, "queue": "preference", "rank": null, "ts": "2026-10-04 15:45:21"}
[DBG] {"category": "QUEUE", "component": "queue", "event": "size_changed", "host": "d6b2a058c4be", "pid": 164566, "queue": "preference", "rank": null, "size": 3, "ts": "2026-10-04 15:45:21"}
[DBG] {"category": "QUEUE", "component": "queue", "current_version": null, "event": "BEGIN:queue_list_for_pop", "exact": false, "host": "d6b2a058c4be", "max_lag": null, "pid": 164566, "queue": "rollout", "rank": null, "requested": 1, "ts": "2026-10-04 15:45:23"}
[DBG] {"category": "QUEUE", "component": "queue", "event": "watchdog_armed", "host": "d6b2a058c4be", "pid": 164566, "rank": null, "stage": "queue_list_for_pop", "timeout_sec": 30.0, "ts": "2026-10-04 15:45:23"}
[DBG] {"category": "QUEUE", "component": "queue", "elapsed_sec": 0.003586, "event": "END:queue_list_for_pop", "host": "d6b2a058c4be", "pid": 164566, "rank": null, "ts": "2026-10-04 15:45:23"}
[DBG] {"available": 9, "category": "QUEUE", "component": "queue", "event": "pop_scan", "exact": false, "host": "d6b2a058c4be", "pid": 164566, "queue": "rollout", "rank": null, "requested": 1, "selected": 1, "selected_keys": ["smoke01:rollout:e3d9ebd792b0418f8ad6d453f1df2603"], "stale": 0, "stale_keys": [], "ts": "2026-10-04 15:45:23"}
[DBG] {"category": "QUEUE", "component": "queue", "event": "BEGIN:queue_get", "host": "d6b2a058c4be", "key": "smoke01:rollout:e3d9ebd792b0418f8ad6d453f1df2603", "pid": 164566, "queue": "rollout", "rank": null, "ts": "2026-10-04 15:45:23"}
[DBG] {"category": "QUEUE", "component": "queue", "event": "watchdog_armed", "host": "d6b2a058c4be", "pid": 164566, "rank": null, "stage": "queue_get", "timeout_sec": 30.0, "ts": "2026-10-04 15:45:23"}
[DBG] {"category": "QUEUE", "component": "queue", "elapsed_sec": 0.02807, "event": "END:queue_get", "host": "d6b2a058c4be", "pid": 164566, "rank": null, "ts": "2026-10-04 15:45:23"}
[DBG] {"category": "QUEUE", "component": "queue", "event": "queue_item_decoded", "host": "d6b2a058c4be", "item_id": "e3d9ebd792b0418f8ad6d453f1df2603", "key": "smoke01:rollout:e3d9ebd792b0418f8ad6d453f1df2603", "pid": 164566, "policy_version": 0, "queue": "rollout", "rank": null, "ts": "2026-10-04 15:45:23"}
[DBG] {"category": "QUEUE", "component": "queue", "count": 1, "event": "BEGIN:clear_popped", "host": "d6b2a058c4be", "pid": 164566, "queue": "rollout", "rank": null, "ts": "2026-10-04 15:45:23"}
[DBG] {"category": "QUEUE", "component": "queue", "event": "watchdog_armed", "host": "d6b2a058c4be", "pid": 164566, "rank": null, "stage": "clear_popped", "timeout_sec": 30.0, "ts": "2026-10-04 15:45:23"}
[DBG] {"category": "QUEUE", "component": "queue", "elapsed_sec": 0.016187, "event": "END:clear_popped", "host": "d6b2a058c4be", "pid": 164566, "rank": null, "ts": "2026-10-04 15:45:23"}
[DBG] {"category": "QUEUE", "component": "queue", "event": "pop_done", "host": "d6b2a058c4be", "item_ids": ["e3d9ebd792b0418f8ad6d453f1df2603"], "pid": 164566, "queue": "rollout", "rank": null, "remaining": 8, "returned": 1, "stale": 0, "ts": "2026-10-04 15:45:23"}
[DBG] {"category": "QUEUE", "component": "queue", "event": "size_changed", "host": "d6b2a058c4be", "pid": 164566, "queue": "rollout", "rank": null, "size": 8, "ts": "2026-10-04 15:45:23"}
[DBG] {"category": "QUEUE", "component": "queue", "event": "put_prepare", "host": "d6b2a058c4be", "item_id": "e3d9ebd792b0418f8ad6d453f1df2603", "partition": "smoke01:preference", "payload_bytes": 1357, "pid": 164566, "policy_version": 0, "queue": "preference", "rank": null, "ts": "2026-10-04 15:45:25"}
[DBG] {"category": "QUEUE", "component": "queue", "event": "BEGIN:queue_put", "host": "d6b2a058c4be", "item_id": "e3d9ebd792b0418f8ad6d453f1df2603", "pid": 164566, "queue": "preference", "rank": null, "ts": "2026-10-04 15:45:25"}
[DBG] {"category": "QUEUE", "component": "queue", "event": "watchdog_armed", "host": "d6b2a058c4be", "pid": 164566, "rank": null, "stage": "queue_put", "timeout_sec": 30.0, "ts": "2026-10-04 15:45:25"}
[DBG] {"category": "QUEUE", "component": "queue", "elapsed_sec": 0.027449, "event": "END:queue_put", "host": "d6b2a058c4be", "pid": 164566, "rank": null, "ts": "2026-10-04 15:45:25"}
[DBG] {"category": "QUEUE", "component": "queue", "event": "put_done", "host": "d6b2a058c4be", "key": "smoke01:preference:e3d9ebd792b0418f8ad6d453f1df2603", "pid": 164566, "policy_version": 0, "queue": "preference", "rank": null, "ts": "2026-10-04 15:45:25"}
[DBG] {"category": "QUEUE", "component": "queue", "event": "size_changed", "host": "d6b2a058c4be", "pid": 164566, "queue": "preference", "rank": null, "size": 4, "ts": "2026-10-04 15:45:25"}
[DBG] {"category": "QUEUE", "component": "queue", "current_version": null, "event": "BEGIN:queue_list_for_pop", "exact": false, "host": "d6b2a058c4be", "max_lag": null, "pid": 164566, "queue": "rollout", "rank": null, "requested": 1, "ts": "2026-10-04 15:45:27"}
[DBG] {"category": "QUEUE", "component": "queue", "event": "watchdog_armed", "host": "d6b2a058c4be", "pid": 164566, "rank": null, "stage": "queue_list_for_pop", "timeout_sec": 30.0, "ts": "2026-10-04 15:45:27"}
[DBG] {"category": "QUEUE", "component": "queue", "elapsed_sec": 0.003831, "event": "END:queue_list_for_pop", "host": "d6b2a058c4be", "pid": 164566, "rank": null, "ts": "2026-10-04 15:45:27"}
[DBG] {"available": 8, "category": "QUEUE", "component": "queue", "event": "pop_scan", "exact": false, "host": "d6b2a058c4be", "pid": 164566, "queue": "rollout", "rank": null, "requested": 1, "selected": 1, "selected_keys": ["smoke01:rollout:445802e8a2e44d94ae50fb837868e2d5"], "stale": 0, "stale_keys": [], "ts": "2026-10-04 15:45:27"}
[DBG] {"category": "QUEUE", "component": "queue", "event": "BEGIN:queue_get", "host": "d6b2a058c4be", "key": "smoke01:rollout:445802e8a2e44d94ae50fb837868e2d5", "pid": 164566, "queue": "rollout", "rank": null, "ts": "2026-10-04 15:45:27"}
[DBG] {"category": "QUEUE", "component": "queue", "event": "watchdog_armed", "host": "d6b2a058c4be", "pid": 164566, "rank": null, "stage": "queue_get", "timeout_sec": 30.0, "ts": "2026-10-04 15:45:27"}
[DBG] {"category": "QUEUE", "component": "queue", "elapsed_sec": 0.027982, "event": "END:queue_get", "host": "d6b2a058c4be", "pid": 164566, "rank": null, "ts": "2026-10-04 15:45:27"}
[DBG] {"category": "QUEUE", "component": "queue", "event": "queue_item_decoded", "host": "d6b2a058c4be", "item_id": "445802e8a2e44d94ae50fb837868e2d5", "key": "smoke01:rollout:445802e8a2e44d94ae50fb837868e2d5", "pid": 164566, "policy_version": 0, "queue": "rollout", "rank": null, "ts": "2026-10-04 15:45:27"}
[DBG] {"category": "QUEUE", "component": "queue", "count": 1, "event": "BEGIN:clear_popped", "host": "d6b2a058c4be", "pid": 164566, "queue": "rollout", "rank": null, "ts": "2026-10-04 15:45:27"}
[DBG] {"category": "QUEUE", "component": "queue", "event": "watchdog_armed", "host": "d6b2a058c4be", "pid": 164566, "rank": null, "stage": "clear_popped", "timeout_sec": 30.0, "ts": "2026-10-04 15:45:27"}
[DBG] {"category": "QUEUE", "component": "queue", "elapsed_sec": 0.018514, "event": "END:clear_popped", "host": "d6b2a058c4be", "pid": 164566, "rank": null, "ts": "2026-10-04 15:45:27"}
[DBG] {"category": "QUEUE", "component": "queue", "event": "pop_done", "host": "d6b2a058c4be", "item_ids": ["445802e8a2e44d94ae50fb837868e2d5"], "pid": 164566, "queue": "rollout", "rank": null, "remaining": 7, "returned": 1, "stale": 0, "ts": "2026-10-04 15:45:27"}
[DBG] {"category": "QUEUE", "component": "queue", "event": "size_changed", "host": "d6b2a058c4be", "pid": 164566, "queue": "rollout", "rank": null, "size": 7, "ts": "2026-10-04 15:45:27"}
[DBG] {"category": "QUEUE", "component": "queue", "event": "put_prepare", "host": "d6b2a058c4be", "item_id": "d076ce7a91b34e2f979d7723e1157c4c", "partition": "smoke01:rollout", "payload_bytes": 2729, "pid": 164566, "policy_version": 0, "queue": "rollout", "rank": null, "ts": "2026-10-04 15:45:27"}
[DBG] {"category": "QUEUE", "component": "queue", "event": "BEGIN:queue_put", "host": "d6b2a058c4be", "item_id": "d076ce7a91b34e2f979d7723e1157c4c", "pid": 164566, "queue": "rollout", "rank": null, "ts": "2026-10-04 15:45:27"}
[DBG] {"category": "QUEUE", "component": "queue", "event": "watchdog_armed", "host": "d6b2a058c4be", "pid": 164566, "rank": null, "stage": "queue_put", "timeout_sec": 30.0, "ts": "2026-10-04 15:45:27"}
[DBG] {"category": "QUEUE", "component": "queue", "elapsed_sec": 0.028291, "event": "END:queue_put", "host": "d6b2a058c4be", "pid": 164566, "rank": null, "ts": "2026-10-04 15:45:27"}
[DBG] {"category": "QUEUE", "component": "queue", "event": "put_done", "host": "d6b2a058c4be", "key": "smoke01:rollout:d076ce7a91b34e2f979d7723e1157c4c", "pid": 164566, "policy_version": 0, "queue": "rollout", "rank": null, "ts": "2026-10-04 15:45:27"}
[DBG] {"category": "QUEUE", "component": "queue", "event": "put_prepare", "host": "d6b2a058c4be", "item_id": "62ace749b50047da94354b06cfd655c7", "partition": "smoke01:rollout", "payload_bytes": 1556, "pid": 164566, "policy_version": 0, "queue": "rollout", "rank": null, "ts": "2026-10-04 15:45:27"}
[DBG] {"category": "QUEUE", "component": "queue", "event": "BEGIN:queue_put", "host": "d6b2a058c4be", "item_id": "62ace749b50047da94354b06cfd655c7", "pid": 164566, "queue": "rollout", "rank": null, "ts": "2026-10-04 15:45:27"}
[DBG] {"category": "QUEUE", "component": "queue", "event": "watchdog_armed", "host": "d6b2a058c4be", "pid": 164566, "rank": null, "stage": "queue_put", "timeout_sec": 30.0, "ts": "2026-10-04 15:45:27"}
[DBG] {"category": "QUEUE", "component": "queue", "elapsed_sec": 0.026901, "event": "END:queue_put", "host": "d6b2a058c4be", "pid": 164566, "rank": null, "ts": "2026-10-04 15:45:27"}
[DBG] {"category": "QUEUE", "component": "queue", "event": "put_done", "host": "d6b2a058c4be", "key": "smoke01:rollout:62ace749b50047da94354b06cfd655c7", "pid": 164566, "policy_version": 0, "queue": "rollout", "rank": null, "ts": "2026-10-04 15:45:27"}
[DBG] {"category": "QUEUE", "component": "queue", "event": "size_changed", "host": "d6b2a058c4be", "pid": 164566, "queue": "rollout", "rank": null, "size": 9, "ts": "2026-10-04 15:45:27"}
[DBG] {"category": "QUEUE", "component": "queue", "event": "put_prepare", "host": "d6b2a058c4be", "item_id": "445802e8a2e44d94ae50fb837868e2d5", "partition": "smoke01:preference", "payload_bytes": 1462, "pid": 164566, "policy_version": 0, "queue": "preference", "rank": null, "ts": "2026-10-04 15:45:28"}
[DBG] {"category": "QUEUE", "component": "queue", "event": "BEGIN:queue_put", "host": "d6b2a058c4be", "item_id": "445802e8a2e44d94ae50fb837868e2d5", "pid": 164566, "queue": "preference", "rank": null, "ts": "2026-10-04 15:45:28"}
[DBG] {"category": "QUEUE", "component": "queue", "event": "watchdog_armed", "host": "d6b2a058c4be", "pid": 164566, "rank": null, "stage": "queue_put", "timeout_sec": 30.0, "ts": "2026-10-04 15:45:28"}
[DBG] {"category": "QUEUE", "component": "queue", "elapsed_sec": 0.021516, "event": "END:queue_put", "host": "d6b2a058c4be", "pid": 164566, "rank": null, "ts": "2026-10-04 15:45:29"}
[DBG] {"category": "QUEUE", "component": "queue", "event": "put_done", "host": "d6b2a058c4be", "key": "smoke01:preference:445802e8a2e44d94ae50fb837868e2d5", "pid": 164566, "policy_version": 0, "queue": "preference", "rank": null, "ts": "2026-10-04 15:45:29"}
[DBG] {"category": "QUEUE", "component": "queue", "event": "size_changed", "host": "d6b2a058c4be", "pid": 164566, "queue": "preference", "rank": null, "size": 5, "ts": "2026-10-04 15:45:29"}
[DBG] {"category": "QUEUE", "component": "queue", "current_version": 0, "event": "BEGIN:queue_list_for_pop", "exact": true, "host": "d6b2a058c4be", "max_lag": 3, "pid": 164566, "queue": "preference", "rank": null, "requested": 4, "ts": "2026-10-04 15:45:29"}
[DBG] {"category": "QUEUE", "component": "queue", "event": "watchdog_armed", "host": "d6b2a058c4be", "pid": 164566, "rank": null, "stage": "queue_list_for_pop", "timeout_sec": 30.0, "ts": "2026-10-04 15:45:29"}
[DBG] {"category": "QUEUE", "component": "queue", "elapsed_sec": 0.001735, "event": "END:queue_list_for_pop", "host": "d6b2a058c4be", "pid": 164566, "rank": null, "ts": "2026-10-04 15:45:29"}
[DBG] {"available": 5, "category": "QUEUE", "component": "queue", "event": "pop_scan", "exact": true, "host": "d6b2a058c4be", "pid": 164566, "queue": "preference", "rank": null, "requested": 4, "selected": 4, "selected_keys": ["smoke01:preference:c783935a0903455aa08ac85aa57df3db", "smoke01:preference:e049017bd5c24bae9596d46dedaf0103", "smoke01:preference:9b7d14b637e445d2af072f5d1d874c9e", "smoke01:preference:e3d9ebd792b0418f8ad6d453f1df2603"], "stale": 0, "stale_keys": [], "ts": "2026-10-04 15:45:29"}
[DBG] {"category": "QUEUE", "component": "queue", "event": "BEGIN:queue_get", "host": "d6b2a058c4be", "key": "smoke01:preference:c783935a0903455aa08ac85aa57df3db", "pid": 164566, "queue": "preference", "rank": null, "ts": "2026-10-04 15:45:29"}
[DBG] {"category": "QUEUE", "component": "queue", "event": "watchdog_armed", "host": "d6b2a058c4be", "pid": 164566, "rank": null, "stage": "queue_get", "timeout_sec": 30.0, "ts": "2026-10-04 15:45:29"}
[DBG] {"category": "QUEUE", "component": "queue", "elapsed_sec": 0.018398, "event": "END:queue_get", "host": "d6b2a058c4be", "pid": 164566, "rank": null, "ts": "2026-10-04 15:45:29"}
[DBG] {"category": "QUEUE", "component": "queue", "event": "queue_item_decoded", "host": "d6b2a058c4be", "item_id": "c783935a0903455aa08ac85aa57df3db", "key": "smoke01:preference:c783935a0903455aa08ac85aa57df3db", "pid": 164566, "policy_version": 0, "queue": "preference", "rank": null, "ts": "2026-10-04 15:45:29"}
[DBG] {"category": "QUEUE", "component": "queue", "event": "BEGIN:queue_get", "host": "d6b2a058c4be", "key": "smoke01:preference:e049017bd5c24bae9596d46dedaf0103", "pid": 164566, "queue": "preference", "rank": null, "ts": "2026-10-04 15:45:29"}
[DBG] {"category": "QUEUE", "component": "queue", "event": "watchdog_armed", "host": "d6b2a058c4be", "pid": 164566, "rank": null, "stage": "queue_get", "timeout_sec": 30.0, "ts": "2026-10-04 15:45:29"}
[DBG] {"category": "QUEUE", "component": "queue", "elapsed_sec": 0.027407, "event": "END:queue_get", "host": "d6b2a058c4be", "pid": 164566, "rank": null, "ts": "2026-10-04 15:45:29"}
[DBG] {"category": "QUEUE", "component": "queue", "event": "queue_item_decoded", "host": "d6b2a058c4be", "item_id": "e049017bd5c24bae9596d46dedaf0103", "key": "smoke01:preference:e049017bd5c24bae9596d46dedaf0103", "pid": 164566, "policy_version": 0, "queue": "preference", "rank": null, "ts": "2026-10-04 15:45:29"}
[DBG] {"category": "QUEUE", "component": "queue", "event": "BEGIN:queue_get", "host": "d6b2a058c4be", "key": "smoke01:preference:9b7d14b637e445d2af072f5d1d874c9e", "pid": 164566, "queue": "preference", "rank": null, "ts": "2026-10-04 15:45:29"}
[DBG] {"category": "QUEUE", "component": "queue", "event": "watchdog_armed", "host": "d6b2a058c4be", "pid": 164566, "rank": null, "stage": "queue_get", "timeout_sec": 30.0, "ts": "2026-10-04 15:45:29"}
[DBG] {"category": "QUEUE", "component": "queue", "elapsed_sec": 0.024729, "event": "END:queue_get", "host": "d6b2a058c4be", "pid": 164566, "rank": null, "ts": "2026-10-04 15:45:29"}
[DBG] {"category": "QUEUE", "component": "queue", "event": "queue_item_decoded", "host": "d6b2a058c4be", "item_id": "9b7d14b637e445d2af072f5d1d874c9e", "key": "smoke01:preference:9b7d14b637e445d2af072f5d1d874c9e", "pid": 164566, "policy_version": 0, "queue": "preference", "rank": null, "ts": "2026-10-04 15:45:29"}
[DBG] {"category": "QUEUE", "component": "queue", "event": "BEGIN:queue_get", "host": "d6b2a058c4be", "key": "smoke01:preference:e3d9ebd792b0418f8ad6d453f1df2603", "pid": 164566, "queue": "preference", "rank": null, "ts": "2026-10-04 15:45:29"}
[DBG] {"category": "QUEUE", "component": "queue", "event": "watchdog_armed", "host": "d6b2a058c4be", "pid": 164566, "rank": null, "stage": "queue_get", "timeout_sec": 30.0, "ts": "2026-10-04 15:45:29"}
[DBG] {"category": "QUEUE", "component": "queue", "elapsed_sec": 0.025207, "event": "END:queue_get", "host": "d6b2a058c4be", "pid": 164566, "rank": null, "ts": "2026-10-04 15:45:29"}
[DBG] {"category": "QUEUE", "component": "queue", "event": "queue_item_decoded", "host": "d6b2a058c4be", "item_id": "e3d9ebd792b0418f8ad6d453f1df2603", "key": "smoke01:preference:e3d9ebd792b0418f8ad6d453f1df2603", "pid": 164566, "policy_version": 0, "queue": "preference", "rank": null, "ts": "2026-10-04 15:45:29"}
[DBG] {"category": "QUEUE", "component": "queue", "count": 4, "event": "BEGIN:clear_popped", "host": "d6b2a058c4be", "pid": 164566, "queue": "preference", "rank": null, "ts": "2026-10-04 15:45:29"}
[DBG] {"category": "QUEUE", "component": "queue", "event": "watchdog_armed", "host": "d6b2a058c4be", "pid": 164566, "rank": null, "stage": "clear_popped", "timeout_sec": 30.0, "ts": "2026-10-04 15:45:29"}
[DBG] {"category": "QUEUE", "component": "queue", "elapsed_sec": 0.017514, "event": "END:clear_popped", "host": "d6b2a058c4be", "pid": 164566, "rank": null, "ts": "2026-10-04 15:45:29"}
[DBG] {"category": "QUEUE", "component": "queue", "event": "pop_done", "host": "d6b2a058c4be", "item_ids": ["c783935a0903455aa08ac85aa57df3db", "e049017bd5c24bae9596d46dedaf0103", "9b7d14b637e445d2af072f5d1d874c9e", "e3d9ebd792b0418f8ad6d453f1df2603"], "pid": 164566, "queue": "preference", "rank": null, "remaining": 1, "returned": 4, "stale": 0, "ts": "2026-10-04 15:45:29"}
[DBG] {"category": "QUEUE", "component": "queue", "event": "size_changed", "host": "d6b2a058c4be", "pid": 164566, "queue": "preference", "rank": null, "size": 1, "ts": "2026-10-04 15:45:29"}
[DBG] {"category": "QUEUE", "component": "queue", "current_version": null, "event": "BEGIN:queue_list_for_pop", "exact": false, "host": "d6b2a058c4be", "max_lag": null, "pid": 164566, "queue": "rollout", "rank": null, "requested": 1, "ts": "2026-10-04 15:45:31"}
[DBG] {"category": "QUEUE", "component": "queue", "event": "watchdog_armed", "host": "d6b2a058c4be", "pid": 164566, "rank": null, "stage": "queue_list_for_pop", "timeout_sec": 30.0, "ts": "2026-10-04 15:45:31"}
[DBG] {"category": "QUEUE", "component": "queue", "elapsed_sec": 0.0025, "event": "END:queue_list_for_pop", "host": "d6b2a058c4be", "pid": 164566, "rank": null, "ts": "2026-10-04 15:45:31"}
[DBG] {"available": 9, "category": "QUEUE", "component": "queue", "event": "pop_scan", "exact": false, "host": "d6b2a058c4be", "pid": 164566, "queue": "rollout", "rank": null, "requested": 1, "selected": 1, "selected_keys": ["smoke01:rollout:d730330e826540f2bd0405ad29f118c1"], "stale": 0, "stale_keys": [], "ts": "2026-10-04 15:45:31"}
[DBG] {"category": "QUEUE", "component": "queue", "event": "BEGIN:queue_get", "host": "d6b2a058c4be", "key": "smoke01:rollout:d730330e826540f2bd0405ad29f118c1", "pid": 164566, "queue": "rollout", "rank": null, "ts": "2026-10-04 15:45:31"}
[DBG] {"category": "QUEUE", "component": "queue", "event": "watchdog_armed", "host": "d6b2a058c4be", "pid": 164566, "rank": null, "stage": "queue_get", "timeout_sec": 30.0, "ts": "2026-10-04 15:45:31"}
[DBG] {"category": "QUEUE", "component": "queue", "elapsed_sec": 0.025805, "event": "END:queue_get", "host": "d6b2a058c4be", "pid": 164566, "rank": null, "ts": "2026-10-04 15:45:31"}
[DBG] {"category": "QUEUE", "component": "queue", "event": "queue_item_decoded", "host": "d6b2a058c4be", "item_id": "d730330e826540f2bd0405ad29f118c1", "key": "smoke01:rollout:d730330e826540f2bd0405ad29f118c1", "pid": 164566, "policy_version": 0, "queue": "rollout", "rank": null, "ts": "2026-10-04 15:45:31"}
[DBG] {"category": "QUEUE", "component": "queue", "count": 1, "event": "BEGIN:clear_popped", "host": "d6b2a058c4be", "pid": 164566, "queue": "rollout", "rank": null, "ts": "2026-10-04 15:45:31"}
[DBG] {"category": "QUEUE", "component": "queue", "event": "watchdog_armed", "host": "d6b2a058c4be", "pid": 164566, "rank": null, "stage": "clear_popped", "timeout_sec": 30.0, "ts": "2026-10-04 15:45:31"}
[DBG] {"category": "QUEUE", "component": "queue", "elapsed_sec": 0.01757, "event": "END:clear_popped", "host": "d6b2a058c4be", "pid": 164566, "rank": null, "ts": "2026-10-04 15:45:31"}
[DBG] {"category": "QUEUE", "component": "queue", "event": "pop_done", "host": "d6b2a058c4be", "item_ids": ["d730330e826540f2bd0405ad29f118c1"], "pid": 164566, "queue": "rollout", "rank": null, "remaining": 8, "returned": 1, "stale": 0, "ts": "2026-10-04 15:45:31"}
[DBG] {"category": "QUEUE", "component": "queue", "event": "size_changed", "host": "d6b2a058c4be", "pid": 164566, "queue": "rollout", "rank": null, "size": 8, "ts": "2026-10-04 15:45:31"}
[DBG] {"category": "QUEUE", "component": "queue", "event": "broker_close_begin", "host": "d6b2a058c4be", "pid": 164566, "rank": null, "ts": "2026-10-04 15:47:29"}
[DBG] {"category": "QUEUE", "component": "queue", "event": "broker_close_end", "host": "d6b2a058c4be", "pid": 164566, "rank": null, "ts": "2026-10-04 15:47:29"}
