[DBG] {"category": "QUEUE", "component": "queue", "event": "BEGIN:transfer_queue_init", "host": "d6b2a058c4be", "pid": 215541, "rank": null, "run_id": "smoke01", "ts": "2026-10-04 16:35:01"}
[DBG] {"category": "QUEUE", "component": "queue", "event": "watchdog_armed", "host": "d6b2a058c4be", "pid": 215541, "rank": null, "stage": "transfer_queue_init", "timeout_sec": 30.0, "ts": "2026-10-04 16:35:01"}
[DBG] {"category": "QUEUE", "component": "queue", "elapsed_sec": 7.032578, "event": "END:transfer_queue_init", "host": "d6b2a058c4be", "pid": 215541, "rank": null, "ts": "2026-10-04 16:35:08"}
[DBG] {"category": "QUEUE", "component": "queue", "event": "broker_ready", "host": "d6b2a058c4be", "pid": 215541, "queues": {"preference": "preference", "rollout": "rollout"}, "rank": null, "ts": "2026-10-04 16:35:08"}
[DBG] {"category": "QUEUE", "component": "queue", "current_version": null, "event": "BEGIN:queue_list_for_pop", "exact": false, "host": "d6b2a058c4be", "max_lag": null, "pid": 215541, "queue": "rollout", "rank": null, "requested": 1, "ts": "2026-10-04 16:35:47"}
[DBG] {"category": "QUEUE", "component": "queue", "event": "watchdog_armed", "host": "d6b2a058c4be", "pid": 215541, "rank": null, "stage": "queue_list_for_pop", "timeout_sec": 30.0, "ts": "2026-10-04 16:35:47"}
[DBG] {"category": "QUEUE", "component": "queue", "elapsed_sec": 0.004537, "event": "END:queue_list_for_pop", "host": "d6b2a058c4be", "pid": 215541, "rank": null, "ts": "2026-10-04 16:35:47"}
[DBG] {"available": 0, "category": "QUEUE", "component": "queue", "event": "pop_scan", "exact": false, "host": "d6b2a058c4be", "pid": 215541, "queue": "rollout", "rank": null, "requested": 1, "selected": 0, "selected_keys": [], "stale": 0, "stale_keys": [], "ts": "2026-10-04 16:35:47"}
[DBG] {"category": "QUEUE", "component": "queue", "event": "pop_done", "host": "d6b2a058c4be", "item_ids": [], "pid": 215541, "queue": "rollout", "rank": null, "remaining": 0, "returned": 0, "stale": 0, "ts": "2026-10-04 16:35:47"}
[DBG] {"category": "QUEUE", "component": "queue", "event": "size_changed", "host": "d6b2a058c4be", "pid": 215541, "queue": "rollout", "rank": null, "size": 0, "ts": "2026-10-04 16:35:47"}
[DBG] {"category": "QUEUE", "component": "queue", "current_version": null, "event": "BEGIN:queue_list_for_pop", "exact": false, "host": "d6b2a058c4be", "max_lag": null, "pid": 215541, "queue": "rollout", "rank": null, "requested": 1, "ts": "2026-10-04 16:35:47"}
[DBG] {"category": "QUEUE", "component": "queue", "event": "watchdog_armed", "host": "d6b2a058c4be", "pid": 215541, "rank": null, "stage": "queue_list_for_pop", "timeout_sec": 30.0, "ts": "2026-10-04 16:35:47"}
[DBG] {"category": "QUEUE", "component": "queue", "elapsed_sec": 0.003142, "event": "END:queue_list_for_pop", "host": "d6b2a058c4be", "pid": 215541, "rank": null, "ts": "2026-10-04 16:35:47"}
[DBG] {"available": 0, "category": "QUEUE", "component": "queue", "event": "pop_scan", "exact": false, "host": "d6b2a058c4be", "pid": 215541, "queue": "rollout", "rank": null, "requested": 1, "selected": 0, "selected_keys": [], "stale": 0, "stale_keys": [], "ts": "2026-10-04 16:35:47"}
[DBG] {"category": "QUEUE", "component": "queue", "event": "pop_done", "host": "d6b2a058c4be", "item_ids": [], "pid": 215541, "queue": "rollout", "rank": null, "remaining": 0, "returned": 0, "stale": 0, "ts": "2026-10-04 16:35:47"}
[DBG] {"category": "QUEUE", "component": "queue", "current_version": null, "event": "BEGIN:queue_list_for_pop", "exact": false, "host": "d6b2a058c4be", "max_lag": null, "pid": 215541, "queue": "rollout", "rank": null, "requested": 1, "ts": "2026-10-04 16:35:47"}
[DBG] {"category": "QUEUE", "component": "queue", "event": "watchdog_armed", "host": "d6b2a058c4be", "pid": 215541, "rank": null, "stage": "queue_list_for_pop", "timeout_sec": 30.0, "ts": "2026-10-04 16:35:47"}
[DBG] {"category": "QUEUE", "component": "queue", "elapsed_sec": 0.003015, "event": "END:queue_list_for_pop", "host": "d6b2a058c4be", "pid": 215541, "rank": null, "ts": "2026-10-04 16:35:47"}
[DBG] {"available": 0, "category": "QUEUE", "component": "queue", "event": "pop_scan", "exact": false, "host": "d6b2a058c4be", "pid": 215541, "queue": "rollout", "rank": null, "requested": 1, "selected": 0, "selected_keys": [], "stale": 0, "stale_keys": [], "ts": "2026-10-04 16:35:47"}
[DBG] {"category": "QUEUE", "component": "queue", "event": "pop_done", "host": "d6b2a058c4be", "item_ids": [], "pid": 215541, "queue": "rollout", "rank": null, "remaining": 0, "returned": 0, "stale": 0, "ts": "2026-10-04 16:35:47"}
[DBG] {"category": "QUEUE", "component": "queue", "current_version": null, "event": "BEGIN:queue_list_for_pop", "exact": false, "host": "d6b2a058c4be", "max_lag": null, "pid": 215541, "queue": "rollout", "rank": null, "requested": 1, "ts": "2026-10-04 16:35:47"}
[DBG] {"category": "QUEUE", "component": "queue", "event": "watchdog_armed", "host": "d6b2a058c4be", "pid": 215541, "rank": null, "stage": "queue_list_for_pop", "timeout_sec": 30.0, "ts": "2026-10-04 16:35:47"}
[DBG] {"category": "QUEUE", "component": "queue", "elapsed_sec": 0.003279, "event": "END:queue_list_for_pop", "host": "d6b2a058c4be", "pid": 215541, "rank": null, "ts": "2026-10-04 16:35:47"}
[DBG] {"available": 0, "category": "QUEUE", "component": "queue", "event": "pop_scan", "exact": false, "host": "d6b2a058c4be", "pid": 215541, "queue": "rollout", "rank": null, "requested": 1, "selected": 0, "selected_keys": [], "stale": 0, "stale_keys": [], "ts": "2026-10-04 16:35:47"}
[DBG] {"category": "QUEUE", "component": "queue", "event": "pop_done", "host": "d6b2a058c4be", "item_ids": [], "pid": 215541, "queue": "rollout", "rank": null, "remaining": 0, "returned": 0, "stale": 0, "ts": "2026-10-04 16:35:47"}
[DBG] {"category": "QUEUE", "component": "queue", "current_version": null, "event": "BEGIN:queue_list_for_pop", "exact": false, "host": "d6b2a058c4be", "max_lag": null, "pid": 215541, "queue": "rollout", "rank": null, "requested": 1, "ts": "2026-10-04 16:35:47"}
[DBG] {"category": "QUEUE", "component": "queue", "event": "watchdog_armed", "host": "d6b2a058c4be", "pid": 215541, "rank": null, "stage": "queue_list_for_pop", "timeout_sec": 30.0, "ts": "2026-10-04 16:35:47"}
[DBG] {"category": "QUEUE", "component": "queue", "elapsed_sec": 0.001947, "event": "END:queue_list_for_pop", "host": "d6b2a058c4be", "pid": 215541, "rank": null, "ts": "2026-10-04 16:35:47"}
[DBG] {"available": 0, "category": "QUEUE", "component": "queue", "event": "pop_scan", "exact": false, "host": "d6b2a058c4be", "pid": 215541, "queue": "rollout", "rank": null, "requested": 1, "selected": 0, "selected_keys": [], "stale": 0, "stale_keys": [], "ts": "2026-10-04 16:35:47"}
[DBG] {"category": "QUEUE", "component": "queue", "event": "pop_done", "host": "d6b2a058c4be", "item_ids": [], "pid": 215541, "queue": "rollout", "rank": null, "remaining": 0, "returned": 0, "stale": 0, "ts": "2026-10-04 16:35:47"}
[DBG] {"category": "QUEUE", "component": "queue", "current_version": null, "event": "BEGIN:queue_list_for_pop", "exact": false, "host": "d6b2a058c4be", "max_lag": null, "pid": 215541, "queue": "rollout", "rank": null, "requested": 1, "ts": "2026-10-04 16:35:48"}
[DBG] {"category": "QUEUE", "component": "queue", "event": "watchdog_armed", "host": "d6b2a058c4be", "pid": 215541, "rank": null, "stage": "queue_list_for_pop", "timeout_sec": 30.0, "ts": "2026-10-04 16:35:48"}
[DBG] {"category": "QUEUE", "component": "queue", "elapsed_sec": 0.002565, "event": "END:queue_list_for_pop", "host": "d6b2a058c4be", "pid": 215541, "rank": null, "ts": "2026-10-04 16:35:48"}
[DBG] {"available": 0, "category": "QUEUE", "component": "queue", "event": "pop_scan", "exact": false, "host": "d6b2a058c4be", "pid": 215541, "queue": "rollout", "rank": null, "requested": 1, "selected": 0, "selected_keys": [], "stale": 0, "stale_keys": [], "ts": "2026-10-04 16:35:48"}
[DBG] {"category": "QUEUE", "component": "queue", "event": "pop_done", "host": "d6b2a058c4be", "item_ids": [], "pid": 215541, "queue": "rollout", "rank": null, "remaining": 0, "returned": 0, "stale": 0, "ts": "2026-10-04 16:35:48"}
[DBG] {"category": "QUEUE", "component": "queue", "current_version": null, "event": "BEGIN:queue_list_for_pop", "exact": false, "host": "d6b2a058c4be", "max_lag": null, "pid": 215541, "queue": "rollout", "rank": null, "requested": 1, "ts": "2026-10-04 16:35:48"}
[DBG] {"category": "QUEUE", "component": "queue", "event": "watchdog_armed", "host": "d6b2a058c4be", "pid": 215541, "rank": null, "stage": "queue_list_for_pop", "timeout_sec": 30.0, "ts": "2026-10-04 16:35:48"}
[DBG] {"category": "QUEUE", "component": "queue", "elapsed_sec": 0.00246, "event": "END:queue_list_for_pop", "host": "d6b2a058c4be", "pid": 215541, "rank": null, "ts": "2026-10-04 16:35:48"}
[DBG] {"available": 0, "category": "QUEUE", "component": "queue", "event": "pop_scan", "exact": false, "host": "d6b2a058c4be", "pid": 215541, "queue": "rollout", "rank": null, "requested": 1, "selected": 0, "selected_keys": [], "stale": 0, "stale_keys": [], "ts": "2026-10-04 16:35:48"}
[DBG] {"category": "QUEUE", "component": "queue", "event": "pop_done", "host": "d6b2a058c4be", "item_ids": [], "pid": 215541, "queue": "rollout", "rank": null, "remaining": 0, "returned": 0, "stale": 0, "ts": "2026-10-04 16:35:48"}
[DBG] {"category": "QUEUE", "component": "queue", "current_version": null, "event": "BEGIN:queue_list_for_pop", "exact": false, "host": "d6b2a058c4be", "max_lag": null, "pid": 215541, "queue": "rollout", "rank": null, "requested": 1, "ts": "2026-10-04 16:35:48"}
[DBG] {"category": "QUEUE", "component": "queue", "event": "watchdog_armed", "host": "d6b2a058c4be", "pid": 215541, "rank": null, "stage": "queue_list_for_pop", "timeout_sec": 30.0, "ts": "2026-10-04 16:35:48"}
[DBG] {"category": "QUEUE", "component": "queue", "elapsed_sec": 0.002439, "event": "END:queue_list_for_pop", "host": "d6b2a058c4be", "pid": 215541, "rank": null, "ts": "2026-10-04 16:35:48"}
[DBG] {"available": 0, "category": "QUEUE", "component": "queue", "event": "pop_scan", "exact": false, "host": "d6b2a058c4be", "pid": 215541, "queue": "rollout", "rank": null, "requested": 1, "selected": 0, "selected_keys": [], "stale": 0, "stale_keys": [], "ts": "2026-10-04 16:35:48"}
[DBG] {"category": "QUEUE", "component": "queue", "event": "pop_done", "host": "d6b2a058c4be", "item_ids": [], "pid": 215541, "queue": "rollout", "rank": null, "remaining": 0, "returned": 0, "stale": 0, "ts": "2026-10-04 16:35:48"}
[DBG] {"category": "QUEUE", "component": "queue", "current_version": null, "event": "BEGIN:queue_list_for_pop", "exact": false, "host": "d6b2a058c4be", "max_lag": null, "pid": 215541, "queue": "rollout", "rank": null, "requested": 1, "ts": "2026-10-04 16:35:48"}
[DBG] {"category": "QUEUE", "component": "queue", "event": "watchdog_armed", "host": "d6b2a058c4be", "pid": 215541, "rank": null, "stage": "queue_list_for_pop", "timeout_sec": 30.0, "ts": "2026-10-04 16:35:48"}
[DBG] {"category": "QUEUE", "component": "queue", "elapsed_sec": 0.002532, "event": "END:queue_list_for_pop", "host": "d6b2a058c4be", "pid": 215541, "rank": null, "ts": "2026-10-04 16:35:48"}
[DBG] {"available": 0, "category": "QUEUE", "component": "queue", "event": "pop_scan", "exact": false, "host": "d6b2a058c4be", "pid": 215541, "queue": "rollout", "rank": null, "requested": 1, "selected": 0, "selected_keys": [], "stale": 0, "stale_keys": [], "ts": "2026-10-04 16:35:48"}
[DBG] {"category": "QUEUE", "component": "queue", "event": "pop_done", "host": "d6b2a058c4be", "item_ids": [], "pid": 215541, "queue": "rollout", "rank": null, "remaining": 0, "returned": 0, "stale": 0, "ts": "2026-10-04 16:35:48"}
[DBG] {"category": "QUEUE", "component": "queue", "current_version": null, "event": "BEGIN:queue_list_for_pop", "exact": false, "host": "d6b2a058c4be", "max_lag": null, "pid": 215541, "queue": "rollout", "rank": null, "requested": 1, "ts": "2026-10-04 16:35:48"}
[DBG] {"category": "QUEUE", "component": "queue", "event": "watchdog_armed", "host": "d6b2a058c4be", "pid": 215541, "rank": null, "stage": "queue_list_for_pop", "timeout_sec": 30.0, "ts": "2026-10-04 16:35:48"}
[DBG] {"category": "QUEUE", "component": "queue", "elapsed_sec": 0.002484, "event": "END:queue_list_for_pop", "host": "d6b2a058c4be", "pid": 215541, "rank": null, "ts": "2026-10-04 16:35:48"}
[DBG] {"available": 0, "category": "QUEUE", "component": "queue", "event": "pop_scan", "exact": false, "host": "d6b2a058c4be", "pid": 215541, "queue": "rollout", "rank": null, "requested": 1, "selected": 0, "selected_keys": [], "stale": 0, "stale_keys": [], "ts": "2026-10-04 16:35:48"}
[DBG] {"category": "QUEUE", "component": "queue", "event": "pop_done", "host": "d6b2a058c4be", "item_ids": [], "pid": 215541, "queue": "rollout", "rank": null, "remaining": 0, "returned": 0, "stale": 0, "ts": "2026-10-04 16:35:48"}
[DBG] {"category": "QUEUE", "component": "queue", "current_version": null, "event": "BEGIN:queue_list_for_pop", "exact": false, "host": "d6b2a058c4be", "max_lag": null, "pid": 215541, "queue": "rollout", "rank": null, "requested": 1, "ts": "2026-10-04 16:35:49"}
[DBG] {"category": "QUEUE", "component": "queue", "event": "watchdog_armed", "host": "d6b2a058c4be", "pid": 215541, "rank": null, "stage": "queue_list_for_pop", "timeout_sec": 30.0, "ts": "2026-10-04 16:35:49"}
[DBG] {"category": "QUEUE", "component": "queue", "elapsed_sec": 0.00197, "event": "END:queue_list_for_pop", "host": "d6b2a058c4be", "pid": 215541, "rank": null, "ts": "2026-10-04 16:35:49"}
[DBG] {"available": 0, "category": "QUEUE", "component": "queue", "event": "pop_scan", "exact": false, "host": "d6b2a058c4be", "pid": 215541, "queue": "rollout", "rank": null, "requested": 1, "selected": 0, "selected_keys": [], "stale": 0, "stale_keys": [], "ts": "2026-10-04 16:35:49"}
[DBG] {"category": "QUEUE", "component": "queue", "event": "pop_done", "host": "d6b2a058c4be", "item_ids": [], "pid": 215541, "queue": "rollout", "rank": null, "remaining": 0, "returned": 0, "stale": 0, "ts": "2026-10-04 16:35:49"}
[DBG] {"category": "QUEUE", "component": "queue", "current_version": null, "event": "BEGIN:queue_list_for_pop", "exact": false, "host": "d6b2a058c4be", "max_lag": null, "pid": 215541, "queue": "rollout", "rank": null, "requested": 1, "ts": "2026-10-04 16:35:49"}
[DBG] {"category": "QUEUE", "component": "queue", "event": "watchdog_armed", "host": "d6b2a058c4be", "pid": 215541, "rank": null, "stage": "queue_list_for_pop", "timeout_sec": 30.0, "ts": "2026-10-04 16:35:49"}
[DBG] {"category": "QUEUE", "component": "queue", "elapsed_sec": 0.002672, "event": "END:queue_list_for_pop", "host": "d6b2a058c4be", "pid": 215541, "rank": null, "ts": "2026-10-04 16:35:49"}
[DBG] {"available": 0, "category": "QUEUE", "component": "queue", "event": "pop_scan", "exact": false, "host": "d6b2a058c4be", "pid": 215541, "queue": "rollout", "rank": null, "requested": 1, "selected": 0, "selected_keys": [], "stale": 0, "stale_keys": [], "ts": "2026-10-04 16:35:49"}
[DBG] {"category": "QUEUE", "component": "queue", "event": "pop_done", "host": "d6b2a058c4be", "item_ids": [], "pid": 215541, "queue": "rollout", "rank": null, "remaining": 0, "returned": 0, "stale": 0, "ts": "2026-10-04 16:35:49"}
[DBG] {"category": "QUEUE", "component": "queue", "event": "put_prepare", "host": "d6b2a058c4be", "item_id": "d294753886354473bd6980f82b163e6b", "partition": "smoke01:rollout", "payload_bytes": 2050, "pid": 215541, "policy_version": 0, "queue": "rollout", "rank": null, "ts": "2026-10-04 16:35:49"}
[DBG] {"category": "QUEUE", "component": "queue", "event": "BEGIN:queue_put", "host": "d6b2a058c4be", "item_id": "d294753886354473bd6980f82b163e6b", "pid": 215541, "queue": "rollout", "rank": null, "ts": "2026-10-04 16:35:49"}
[DBG] {"category": "QUEUE", "component": "queue", "event": "watchdog_armed", "host": "d6b2a058c4be", "pid": 215541, "rank": null, "stage": "queue_put", "timeout_sec": 30.0, "ts": "2026-10-04 16:35:49"}
[DBG] {"category": "QUEUE", "component": "queue", "elapsed_sec": 0.03869, "event": "END:queue_put", "host": "d6b2a058c4be", "pid": 215541, "rank": null, "ts": "2026-10-04 16:35:49"}
[DBG] {"category": "QUEUE", "component": "queue", "event": "put_done", "host": "d6b2a058c4be", "key": "smoke01:rollout:d294753886354473bd6980f82b163e6b", "pid": 215541, "policy_version": 0, "queue": "rollout", "rank": null, "ts": "2026-10-04 16:35:49"}
[DBG] {"category": "QUEUE", "component": "queue", "event": "put_prepare", "host": "d6b2a058c4be", "item_id": "e6710255d54443fbb961942d190f5c9b", "partition": "smoke01:rollout", "payload_bytes": 2740, "pid": 215541, "policy_version": 0, "queue": "rollout", "rank": null, "ts": "2026-10-04 16:35:49"}
[DBG] {"category": "QUEUE", "component": "queue", "event": "BEGIN:queue_put", "host": "d6b2a058c4be", "item_id": "e6710255d54443fbb961942d190f5c9b", "pid": 215541, "queue": "rollout", "rank": null, "ts": "2026-10-04 16:35:49"}
[DBG] {"category": "QUEUE", "component": "queue", "event": "watchdog_armed", "host": "d6b2a058c4be", "pid": 215541, "rank": null, "stage": "queue_put", "timeout_sec": 30.0, "ts": "2026-10-04 16:35:49"}
[DBG] {"category": "QUEUE", "component": "queue", "elapsed_sec": 0.029131, "event": "END:queue_put", "host": "d6b2a058c4be", "pid": 215541, "rank": null, "ts": "2026-10-04 16:35:49"}
[DBG] {"category": "QUEUE", "component": "queue", "event": "put_done", "host": "d6b2a058c4be", "key": "smoke01:rollout:e6710255d54443fbb961942d190f5c9b", "pid": 215541, "policy_version": 0, "queue": "rollout", "rank": null, "ts": "2026-10-04 16:35:49"}
[DBG] {"category": "QUEUE", "component": "queue", "event": "size_changed", "host": "d6b2a058c4be", "pid": 215541, "queue": "rollout", "rank": null, "size": 2, "ts": "2026-10-04 16:35:49"}
[DBG] {"category": "QUEUE", "component": "queue", "current_version": null, "event": "BEGIN:queue_list_for_pop", "exact": false, "host": "d6b2a058c4be", "max_lag": null, "pid": 215541, "queue": "rollout", "rank": null, "requested": 1, "ts": "2026-10-04 16:35:49"}
[DBG] {"category": "QUEUE", "component": "queue", "event": "watchdog_armed", "host": "d6b2a058c4be", "pid": 215541, "rank": null, "stage": "queue_list_for_pop", "timeout_sec": 30.0, "ts": "2026-10-04 16:35:49"}
[DBG] {"category": "QUEUE", "component": "queue", "elapsed_sec": 0.001489, "event": "END:queue_list_for_pop", "host": "d6b2a058c4be", "pid": 215541, "rank": null, "ts": "2026-10-04 16:35:49"}
[DBG] {"available": 2, "category": "QUEUE", "component": "queue", "event": "pop_scan", "exact": false, "host": "d6b2a058c4be", "pid": 215541, "queue": "rollout", "rank": null, "requested": 1, "selected": 1, "selected_keys": ["smoke01:rollout:d294753886354473bd6980f82b163e6b"], "stale": 0, "stale_keys": [], "ts": "2026-10-04 16:35:49"}
[DBG] {"category": "QUEUE", "component": "queue", "event": "BEGIN:queue_get", "host": "d6b2a058c4be", "key": "smoke01:rollout:d294753886354473bd6980f82b163e6b", "pid": 215541, "queue": "rollout", "rank": null, "ts": "2026-10-04 16:35:49"}
[DBG] {"category": "QUEUE", "component": "queue", "event": "watchdog_armed", "host": "d6b2a058c4be", "pid": 215541, "rank": null, "stage": "queue_get", "timeout_sec": 30.0, "ts": "2026-10-04 16:35:49"}
[DBG] {"category": "QUEUE", "component": "queue", "elapsed_sec": 0.034609, "event": "END:queue_get", "host": "d6b2a058c4be", "pid": 215541, "rank": null, "ts": "2026-10-04 16:35:49"}
[DBG] {"category": "QUEUE", "component": "queue", "event": "queue_item_decoded", "host": "d6b2a058c4be", "item_id": "d294753886354473bd6980f82b163e6b", "key": "smoke01:rollout:d294753886354473bd6980f82b163e6b", "pid": 215541, "policy_version": 0, "queue": "rollout", "rank": null, "ts": "2026-10-04 16:35:49"}
[DBG] {"category": "QUEUE", "component": "queue", "count": 1, "event": "BEGIN:clear_popped", "host": "d6b2a058c4be", "pid": 215541, "queue": "rollout", "rank": null, "ts": "2026-10-04 16:35:49"}
[DBG] {"category": "QUEUE", "component": "queue", "event": "watchdog_armed", "host": "d6b2a058c4be", "pid": 215541, "rank": null, "stage": "clear_popped", "timeout_sec": 30.0, "ts": "2026-10-04 16:35:49"}
[DBG] {"category": "QUEUE", "component": "queue", "elapsed_sec": 0.016076, "event": "END:clear_popped", "host": "d6b2a058c4be", "pid": 215541, "rank": null, "ts": "2026-10-04 16:35:49"}
[DBG] {"category": "QUEUE", "component": "queue", "event": "pop_done", "host": "d6b2a058c4be", "item_ids": ["d294753886354473bd6980f82b163e6b"], "pid": 215541, "queue": "rollout", "rank": null, "remaining": 1, "returned": 1, "stale": 0, "ts": "2026-10-04 16:35:49"}
[DBG] {"category": "QUEUE", "component": "queue", "event": "put_prepare", "host": "d6b2a058c4be", "item_id": "89cd26a0146b4364bbea95817af75ae2", "partition": "smoke01:rollout", "payload_bytes": 2940, "pid": 215541, "policy_version": 0, "queue": "rollout", "rank": null, "ts": "2026-10-04 16:35:50"}
[DBG] {"category": "QUEUE", "component": "queue", "event": "BEGIN:queue_put", "host": "d6b2a058c4be", "item_id": "89cd26a0146b4364bbea95817af75ae2", "pid": 215541, "queue": "rollout", "rank": null, "ts": "2026-10-04 16:35:50"}
[DBG] {"category": "QUEUE", "component": "queue", "event": "watchdog_armed", "host": "d6b2a058c4be", "pid": 215541, "rank": null, "stage": "queue_put", "timeout_sec": 30.0, "ts": "2026-10-04 16:35:50"}
[DBG] {"category": "QUEUE", "component": "queue", "elapsed_sec": 0.027917, "event": "END:queue_put", "host": "d6b2a058c4be", "pid": 215541, "rank": null, "ts": "2026-10-04 16:35:50"}
[DBG] {"category": "QUEUE", "component": "queue", "event": "put_done", "host": "d6b2a058c4be", "key": "smoke01:rollout:89cd26a0146b4364bbea95817af75ae2", "pid": 215541, "policy_version": 0, "queue": "rollout", "rank": null, "ts": "2026-10-04 16:35:50"}
[DBG] {"category": "QUEUE", "component": "queue", "event": "put_prepare", "host": "d6b2a058c4be", "item_id": "261adecc0c7c4feeadcb2e7103f7e17b", "partition": "smoke01:rollout", "payload_bytes": 2592, "pid": 215541, "policy_version": 0, "queue": "rollout", "rank": null, "ts": "2026-10-04 16:35:50"}
[DBG] {"category": "QUEUE", "component": "queue", "event": "BEGIN:queue_put", "host": "d6b2a058c4be", "item_id": "261adecc0c7c4feeadcb2e7103f7e17b", "pid": 215541, "queue": "rollout", "rank": null, "ts": "2026-10-04 16:35:50"}
[DBG] {"category": "QUEUE", "component": "queue", "event": "watchdog_armed", "host": "d6b2a058c4be", "pid": 215541, "rank": null, "stage": "queue_put", "timeout_sec": 30.0, "ts": "2026-10-04 16:35:50"}
[DBG] {"category": "QUEUE", "component": "queue", "elapsed_sec": 0.026706, "event": "END:queue_put", "host": "d6b2a058c4be", "pid": 215541, "rank": null, "ts": "2026-10-04 16:35:50"}
[DBG] {"category": "QUEUE", "component": "queue", "event": "put_done", "host": "d6b2a058c4be", "key": "smoke01:rollout:261adecc0c7c4feeadcb2e7103f7e17b", "pid": 215541, "policy_version": 0, "queue": "rollout", "rank": null, "ts": "2026-10-04 16:35:50"}
[DBG] {"category": "QUEUE", "component": "queue", "event": "size_changed", "host": "d6b2a058c4be", "pid": 215541, "queue": "rollout", "rank": null, "size": 3, "ts": "2026-10-04 16:35:50"}
[DBG] {"category": "QUEUE", "component": "queue", "event": "put_prepare", "host": "d6b2a058c4be", "item_id": "23d0bdc1aa344949ad8ed50b06afaa8c", "partition": "smoke01:rollout", "payload_bytes": 1897, "pid": 215541, "policy_version": 0, "queue": "rollout", "rank": null, "ts": "2026-10-04 16:35:50"}
[DBG] {"category": "QUEUE", "component": "queue", "event": "BEGIN:queue_put", "host": "d6b2a058c4be", "item_id": "23d0bdc1aa344949ad8ed50b06afaa8c", "pid": 215541, "queue": "rollout", "rank": null, "ts": "2026-10-04 16:35:50"}
[DBG] {"category": "QUEUE", "component": "queue", "event": "watchdog_armed", "host": "d6b2a058c4be", "pid": 215541, "rank": null, "stage": "queue_put", "timeout_sec": 30.0, "ts": "2026-10-04 16:35:50"}
[DBG] {"category": "QUEUE", "component": "queue", "elapsed_sec": 0.0278, "event": "END:queue_put", "host": "d6b2a058c4be", "pid": 215541, "rank": null, "ts": "2026-10-04 16:35:50"}
[DBG] {"category": "QUEUE", "component": "queue", "event": "put_done", "host": "d6b2a058c4be", "key": "smoke01:rollout:23d0bdc1aa344949ad8ed50b06afaa8c", "pid": 215541, "policy_version": 0, "queue": "rollout", "rank": null, "ts": "2026-10-04 16:35:50"}
[DBG] {"category": "QUEUE", "component": "queue", "event": "put_prepare", "host": "d6b2a058c4be", "item_id": "c81bffc00d2949d69a137d1bdf3e0372", "partition": "smoke01:rollout", "payload_bytes": 2505, "pid": 215541, "policy_version": 0, "queue": "rollout", "rank": null, "ts": "2026-10-04 16:35:50"}
[DBG] {"category": "QUEUE", "component": "queue", "event": "BEGIN:queue_put", "host": "d6b2a058c4be", "item_id": "c81bffc00d2949d69a137d1bdf3e0372", "pid": 215541, "queue": "rollout", "rank": null, "ts": "2026-10-04 16:35:50"}
[DBG] {"category": "QUEUE", "component": "queue", "event": "watchdog_armed", "host": "d6b2a058c4be", "pid": 215541, "rank": null, "stage": "queue_put", "timeout_sec": 30.0, "ts": "2026-10-04 16:35:50"}
[DBG] {"category": "QUEUE", "component": "queue", "elapsed_sec": 0.025882, "event": "END:queue_put", "host": "d6b2a058c4be", "pid": 215541, "rank": null, "ts": "2026-10-04 16:35:50"}
[DBG] {"category": "QUEUE", "component": "queue", "event": "put_done", "host": "d6b2a058c4be", "key": "smoke01:rollout:c81bffc00d2949d69a137d1bdf3e0372", "pid": 215541, "policy_version": 0, "queue": "rollout", "rank": null, "ts": "2026-10-04 16:35:50"}
[DBG] {"category": "QUEUE", "component": "queue", "event": "size_changed", "host": "d6b2a058c4be", "pid": 215541, "queue": "rollout", "rank": null, "size": 5, "ts": "2026-10-04 16:35:50"}
[DBG] {"category": "QUEUE", "component": "queue", "event": "put_prepare", "host": "d6b2a058c4be", "item_id": "905863522b9a41ffb30f2df1ec0d5443", "partition": "smoke01:rollout", "payload_bytes": 2108, "pid": 215541, "policy_version": 0, "queue": "rollout", "rank": null, "ts": "2026-10-04 16:35:51"}
[DBG] {"category": "QUEUE", "component": "queue", "event": "BEGIN:queue_put", "host": "d6b2a058c4be", "item_id": "905863522b9a41ffb30f2df1ec0d5443", "pid": 215541, "queue": "rollout", "rank": null, "ts": "2026-10-04 16:35:51"}
[DBG] {"category": "QUEUE", "component": "queue", "event": "watchdog_armed", "host": "d6b2a058c4be", "pid": 215541, "rank": null, "stage": "queue_put", "timeout_sec": 30.0, "ts": "2026-10-04 16:35:51"}
[DBG] {"category": "QUEUE", "component": "queue", "elapsed_sec": 0.027906, "event": "END:queue_put", "host": "d6b2a058c4be", "pid": 215541, "rank": null, "ts": "2026-10-04 16:35:51"}
[DBG] {"category": "QUEUE", "component": "queue", "event": "put_done", "host": "d6b2a058c4be", "key": "smoke01:rollout:905863522b9a41ffb30f2df1ec0d5443", "pid": 215541, "policy_version": 0, "queue": "rollout", "rank": null, "ts": "2026-10-04 16:35:51"}
[DBG] {"category": "QUEUE", "component": "queue", "event": "put_prepare", "host": "d6b2a058c4be", "item_id": "9738a37f0087456f963f175c3ec0efcf", "partition": "smoke01:rollout", "payload_bytes": 2785, "pid": 215541, "policy_version": 0, "queue": "rollout", "rank": null, "ts": "2026-10-04 16:35:51"}
[DBG] {"category": "QUEUE", "component": "queue", "event": "BEGIN:queue_put", "host": "d6b2a058c4be", "item_id": "9738a37f0087456f963f175c3ec0efcf", "pid": 215541, "queue": "rollout", "rank": null, "ts": "2026-10-04 16:35:51"}
[DBG] {"category": "QUEUE", "component": "queue", "event": "watchdog_armed", "host": "d6b2a058c4be", "pid": 215541, "rank": null, "stage": "queue_put", "timeout_sec": 30.0, "ts": "2026-10-04 16:35:51"}
[DBG] {"category": "QUEUE", "component": "queue", "elapsed_sec": 0.026071, "event": "END:queue_put", "host": "d6b2a058c4be", "pid": 215541, "rank": null, "ts": "2026-10-04 16:35:51"}
[DBG] {"category": "QUEUE", "component": "queue", "event": "put_done", "host": "d6b2a058c4be", "key": "smoke01:rollout:9738a37f0087456f963f175c3ec0efcf", "pid": 215541, "policy_version": 0, "queue": "rollout", "rank": null, "ts": "2026-10-04 16:35:51"}
[DBG] {"category": "QUEUE", "component": "queue", "event": "size_changed", "host": "d6b2a058c4be", "pid": 215541, "queue": "rollout", "rank": null, "size": 7, "ts": "2026-10-04 16:35:51"}
[DBG] {"category": "QUEUE", "component": "queue", "event": "put_prepare", "host": "d6b2a058c4be", "item_id": "0bebca82c483478ab3f298a1ac9c9cc0", "partition": "smoke01:rollout", "payload_bytes": 2525, "pid": 215541, "policy_version": 0, "queue": "rollout", "rank": null, "ts": "2026-10-04 16:35:51"}
[DBG] {"category": "QUEUE", "component": "queue", "event": "BEGIN:queue_put", "host": "d6b2a058c4be", "item_id": "0bebca82c483478ab3f298a1ac9c9cc0", "pid": 215541, "queue": "rollout", "rank": null, "ts": "2026-10-04 16:35:51"}
[DBG] {"category": "QUEUE", "component": "queue", "event": "watchdog_armed", "host": "d6b2a058c4be", "pid": 215541, "rank": null, "stage": "queue_put", "timeout_sec": 30.0, "ts": "2026-10-04 16:35:51"}
[DBG] {"category": "QUEUE", "component": "queue", "elapsed_sec": 0.028063, "event": "END:queue_put", "host": "d6b2a058c4be", "pid": 215541, "rank": null, "ts": "2026-10-04 16:35:51"}
[DBG] {"category": "QUEUE", "component": "queue", "event": "put_done", "host": "d6b2a058c4be", "key": "smoke01:rollout:0bebca82c483478ab3f298a1ac9c9cc0", "pid": 215541, "policy_version": 0, "queue": "rollout", "rank": null, "ts": "2026-10-04 16:35:51"}
[DBG] {"category": "QUEUE", "component": "queue", "event": "put_prepare", "host": "d6b2a058c4be", "item_id": "5d99ea31fd504f8ea6fdc1aee976d7ff", "partition": "smoke01:rollout", "payload_bytes": 2973, "pid": 215541, "policy_version": 0, "queue": "rollout", "rank": null, "ts": "2026-10-04 16:35:51"}
[DBG] {"category": "QUEUE", "component": "queue", "event": "BEGIN:queue_put", "host": "d6b2a058c4be", "item_id": "5d99ea31fd504f8ea6fdc1aee976d7ff", "pid": 215541, "queue": "rollout", "rank": null, "ts": "2026-10-04 16:35:51"}
[DBG] {"category": "QUEUE", "component": "queue", "event": "watchdog_armed", "host": "d6b2a058c4be", "pid": 215541, "rank": null, "stage": "queue_put", "timeout_sec": 30.0, "ts": "2026-10-04 16:35:51"}
[DBG] {"category": "QUEUE", "component": "queue", "elapsed_sec": 0.028884, "event": "END:queue_put", "host": "d6b2a058c4be", "pid": 215541, "rank": null, "ts": "2026-10-04 16:35:51"}
[DBG] {"category": "QUEUE", "component": "queue", "event": "put_done", "host": "d6b2a058c4be", "key": "smoke01:rollout:5d99ea31fd504f8ea6fdc1aee976d7ff", "pid": 215541, "policy_version": 0, "queue": "rollout", "rank": null, "ts": "2026-10-04 16:35:51"}
[DBG] {"category": "QUEUE", "component": "queue", "event": "size_changed", "host": "d6b2a058c4be", "pid": 215541, "queue": "rollout", "rank": null, "size": 9, "ts": "2026-10-04 16:35:51"}
[DBG] {"category": "QUEUE", "component": "queue", "event": "size_changed", "host": "d6b2a058c4be", "pid": 215541, "queue": "preference", "rank": null, "size": 0, "ts": "2026-10-04 16:36:05"}
[DBG] {"category": "QUEUE", "component": "queue", "event": "put_prepare", "host": "d6b2a058c4be", "item_id": "d294753886354473bd6980f82b163e6b", "partition": "smoke01:preference", "payload_bytes": 1279, "pid": 215541, "policy_version": 0, "queue": "preference", "rank": null, "ts": "2026-10-04 16:36:05"}
[DBG] {"category": "QUEUE", "component": "queue", "event": "BEGIN:queue_put", "host": "d6b2a058c4be", "item_id": "d294753886354473bd6980f82b163e6b", "pid": 215541, "queue": "preference", "rank": null, "ts": "2026-10-04 16:36:05"}
[DBG] {"category": "QUEUE", "component": "queue", "event": "watchdog_armed", "host": "d6b2a058c4be", "pid": 215541, "rank": null, "stage": "queue_put", "timeout_sec": 30.0, "ts": "2026-10-04 16:36:05"}
[DBG] {"category": "QUEUE", "component": "queue", "elapsed_sec": 0.0312, "event": "END:queue_put", "host": "d6b2a058c4be", "pid": 215541, "rank": null, "ts": "2026-10-04 16:36:05"}
[DBG] {"category": "QUEUE", "component": "queue", "event": "put_done", "host": "d6b2a058c4be", "key": "smoke01:preference:d294753886354473bd6980f82b163e6b", "pid": 215541, "policy_version": 0, "queue": "preference", "rank": null, "ts": "2026-10-04 16:36:05"}
[DBG] {"category": "QUEUE", "component": "queue", "event": "size_changed", "host": "d6b2a058c4be", "pid": 215541, "queue": "preference", "rank": null, "size": 1, "ts": "2026-10-04 16:36:05"}
[DBG] {"category": "QUEUE", "component": "queue", "current_version": null, "event": "BEGIN:queue_list_for_pop", "exact": false, "host": "d6b2a058c4be", "max_lag": null, "pid": 215541, "queue": "rollout", "rank": null, "requested": 1, "ts": "2026-10-04 16:36:06"}
[DBG] {"category": "QUEUE", "component": "queue", "event": "watchdog_armed", "host": "d6b2a058c4be", "pid": 215541, "rank": null, "stage": "queue_list_for_pop", "timeout_sec": 30.0, "ts": "2026-10-04 16:36:06"}
[DBG] {"category": "QUEUE", "component": "queue", "elapsed_sec": 0.00205, "event": "END:queue_list_for_pop", "host": "d6b2a058c4be", "pid": 215541, "rank": null, "ts": "2026-10-04 16:36:06"}
[DBG] {"available": 9, "category": "QUEUE", "component": "queue", "event": "pop_scan", "exact": false, "host": "d6b2a058c4be", "pid": 215541, "queue": "rollout", "rank": null, "requested": 1, "selected": 1, "selected_keys": ["smoke01:rollout:e6710255d54443fbb961942d190f5c9b"], "stale": 0, "stale_keys": [], "ts": "2026-10-04 16:36:06"}
[DBG] {"category": "QUEUE", "component": "queue", "event": "BEGIN:queue_get", "host": "d6b2a058c4be", "key": "smoke01:rollout:e6710255d54443fbb961942d190f5c9b", "pid": 215541, "queue": "rollout", "rank": null, "ts": "2026-10-04 16:36:06"}
[DBG] {"category": "QUEUE", "component": "queue", "event": "watchdog_armed", "host": "d6b2a058c4be", "pid": 215541, "rank": null, "stage": "queue_get", "timeout_sec": 30.0, "ts": "2026-10-04 16:36:06"}
[DBG] {"category": "QUEUE", "component": "queue", "elapsed_sec": 0.027391, "event": "END:queue_get", "host": "d6b2a058c4be", "pid": 215541, "rank": null, "ts": "2026-10-04 16:36:06"}
[DBG] {"category": "QUEUE", "component": "queue", "event": "queue_item_decoded", "host": "d6b2a058c4be", "item_id": "e6710255d54443fbb961942d190f5c9b", "key": "smoke01:rollout:e6710255d54443fbb961942d190f5c9b", "pid": 215541, "policy_version": 0, "queue": "rollout", "rank": null, "ts": "2026-10-04 16:36:06"}
[DBG] {"category": "QUEUE", "component": "queue", "count": 1, "event": "BEGIN:clear_popped", "host": "d6b2a058c4be", "pid": 215541, "queue": "rollout", "rank": null, "ts": "2026-10-04 16:36:06"}
[DBG] {"category": "QUEUE", "component": "queue", "event": "watchdog_armed", "host": "d6b2a058c4be", "pid": 215541, "rank": null, "stage": "clear_popped", "timeout_sec": 30.0, "ts": "2026-10-04 16:36:06"}
[DBG] {"category": "QUEUE", "component": "queue", "elapsed_sec": 0.016069, "event": "END:clear_popped", "host": "d6b2a058c4be", "pid": 215541, "rank": null, "ts": "2026-10-04 16:36:06"}
[DBG] {"category": "QUEUE", "component": "queue", "event": "pop_done", "host": "d6b2a058c4be", "item_ids": ["e6710255d54443fbb961942d190f5c9b"], "pid": 215541, "queue": "rollout", "rank": null, "remaining": 8, "returned": 1, "stale": 0, "ts": "2026-10-04 16:36:06"}
[DBG] {"category": "QUEUE", "component": "queue", "event": "size_changed", "host": "d6b2a058c4be", "pid": 215541, "queue": "rollout", "rank": null, "size": 8, "ts": "2026-10-04 16:36:06"}
[DBG] {"category": "QUEUE", "component": "queue", "event": "put_prepare", "host": "d6b2a058c4be", "item_id": "e6710255d54443fbb961942d190f5c9b", "partition": "smoke01:preference", "payload_bytes": 1622, "pid": 215541, "policy_version": 0, "queue": "preference", "rank": null, "ts": "2026-10-04 16:36:08"}
[DBG] {"category": "QUEUE", "component": "queue", "event": "BEGIN:queue_put", "host": "d6b2a058c4be", "item_id": "e6710255d54443fbb961942d190f5c9b", "pid": 215541, "queue": "preference", "rank": null, "ts": "2026-10-04 16:36:08"}
[DBG] {"category": "QUEUE", "component": "queue", "event": "watchdog_armed", "host": "d6b2a058c4be", "pid": 215541, "rank": null, "stage": "queue_put", "timeout_sec": 30.0, "ts": "2026-10-04 16:36:08"}
[DBG] {"category": "QUEUE", "component": "queue", "elapsed_sec": 0.029883, "event": "END:queue_put", "host": "d6b2a058c4be", "pid": 215541, "rank": null, "ts": "2026-10-04 16:36:08"}
[DBG] {"category": "QUEUE", "component": "queue", "event": "put_done", "host": "d6b2a058c4be", "key": "smoke01:preference:e6710255d54443fbb961942d190f5c9b", "pid": 215541, "policy_version": 0, "queue": "preference", "rank": null, "ts": "2026-10-04 16:36:08"}
[DBG] {"category": "QUEUE", "component": "queue", "event": "size_changed", "host": "d6b2a058c4be", "pid": 215541, "queue": "preference", "rank": null, "size": 2, "ts": "2026-10-04 16:36:08"}
[DBG] {"category": "QUEUE", "component": "queue", "current_version": null, "event": "BEGIN:queue_list_for_pop", "exact": false, "host": "d6b2a058c4be", "max_lag": null, "pid": 215541, "queue": "rollout", "rank": null, "requested": 1, "ts": "2026-10-04 16:36:09"}
[DBG] {"category": "QUEUE", "component": "queue", "event": "watchdog_armed", "host": "d6b2a058c4be", "pid": 215541, "rank": null, "stage": "queue_list_for_pop", "timeout_sec": 30.0, "ts": "2026-10-04 16:36:09"}
[DBG] {"category": "QUEUE", "component": "queue", "elapsed_sec": 0.002417, "event": "END:queue_list_for_pop", "host": "d6b2a058c4be", "pid": 215541, "rank": null, "ts": "2026-10-04 16:36:09"}
[DBG] {"available": 8, "category": "QUEUE", "component": "queue", "event": "pop_scan", "exact": false, "host": "d6b2a058c4be", "pid": 215541, "queue": "rollout", "rank": null, "requested": 1, "selected": 1, "selected_keys": ["smoke01:rollout:89cd26a0146b4364bbea95817af75ae2"], "stale": 0, "stale_keys": [], "ts": "2026-10-04 16:36:09"}
[DBG] {"category": "QUEUE", "component": "queue", "event": "BEGIN:queue_get", "host": "d6b2a058c4be", "key": "smoke01:rollout:89cd26a0146b4364bbea95817af75ae2", "pid": 215541, "queue": "rollout", "rank": null, "ts": "2026-10-04 16:36:09"}
[DBG] {"category": "QUEUE", "component": "queue", "event": "watchdog_armed", "host": "d6b2a058c4be", "pid": 215541, "rank": null, "stage": "queue_get", "timeout_sec": 30.0, "ts": "2026-10-04 16:36:09"}
[DBG] {"category": "QUEUE", "component": "queue", "elapsed_sec": 0.026464, "event": "END:queue_get", "host": "d6b2a058c4be", "pid": 215541, "rank": null, "ts": "2026-10-04 16:36:09"}
[DBG] {"category": "QUEUE", "component": "queue", "event": "queue_item_decoded", "host": "d6b2a058c4be", "item_id": "89cd26a0146b4364bbea95817af75ae2", "key": "smoke01:rollout:89cd26a0146b4364bbea95817af75ae2", "pid": 215541, "policy_version": 0, "queue": "rollout", "rank": null, "ts": "2026-10-04 16:36:09"}
[DBG] {"category": "QUEUE", "component": "queue", "count": 1, "event": "BEGIN:clear_popped", "host": "d6b2a058c4be", "pid": 215541, "queue": "rollout", "rank": null, "ts": "2026-10-04 16:36:09"}
[DBG] {"category": "QUEUE", "component": "queue", "event": "watchdog_armed", "host": "d6b2a058c4be", "pid": 215541, "rank": null, "stage": "clear_popped", "timeout_sec": 30.0, "ts": "2026-10-04 16:36:09"}
[DBG] {"category": "QUEUE", "component": "queue", "elapsed_sec": 0.017779, "event": "END:clear_popped", "host": "d6b2a058c4be", "pid": 215541, "rank": null, "ts": "2026-10-04 16:36:09"}
[DBG] {"category": "QUEUE", "component": "queue", "event": "pop_done", "host": "d6b2a058c4be", "item_ids": ["89cd26a0146b4364bbea95817af75ae2"], "pid": 215541, "queue": "rollout", "rank": null, "remaining": 7, "returned": 1, "stale": 0, "ts": "2026-10-04 16:36:09"}
[DBG] {"category": "QUEUE", "component": "queue", "current_version": 0, "event": "BEGIN:queue_list_for_pop", "exact": true, "host": "d6b2a058c4be", "max_lag": 3, "pid": 215541, "queue": "preference", "rank": null, "requested": 4, "ts": "2026-10-04 16:36:09"}
[DBG] {"category": "QUEUE", "component": "queue", "event": "watchdog_armed", "host": "d6b2a058c4be", "pid": 215541, "rank": null, "stage": "queue_list_for_pop", "timeout_sec": 30.0, "ts": "2026-10-04 16:36:09"}
[DBG] {"category": "QUEUE", "component": "queue", "elapsed_sec": 0.002113, "event": "END:queue_list_for_pop", "host": "d6b2a058c4be", "pid": 215541, "rank": null, "ts": "2026-10-04 16:36:09"}
[DBG] {"available": 2, "category": "QUEUE", "component": "queue", "event": "pop_scan", "exact": true, "host": "d6b2a058c4be", "pid": 215541, "queue": "preference", "rank": null, "requested": 4, "selected": 2, "selected_keys": ["smoke01:preference:d294753886354473bd6980f82b163e6b", "smoke01:preference:e6710255d54443fbb961942d190f5c9b"], "stale": 0, "stale_keys": [], "ts": "2026-10-04 16:36:09"}
[DBG] {"available": 2, "category": "QUEUE", "component": "queue", "event": "pop_not_enough", "host": "d6b2a058c4be", "pid": 215541, "queue": "preference", "rank": null, "requested": 4, "ts": "2026-10-04 16:36:09"}
[DBG] {"category": "QUEUE", "component": "queue", "event": "size_changed", "host": "d6b2a058c4be", "pid": 215541, "queue": "rollout", "rank": null, "size": 7, "ts": "2026-10-04 16:36:09"}
[DBG] {"category": "QUEUE", "component": "queue", "current_version": 0, "event": "BEGIN:queue_list_for_pop", "exact": true, "host": "d6b2a058c4be", "max_lag": 3, "pid": 215541, "queue": "preference", "rank": null, "requested": 4, "ts": "2026-10-04 16:36:10"}
[DBG] {"category": "QUEUE", "component": "queue", "event": "watchdog_armed", "host": "d6b2a058c4be", "pid": 215541, "rank": null, "stage": "queue_list_for_pop", "timeout_sec": 30.0, "ts": "2026-10-04 16:36:10"}
[DBG] {"category": "QUEUE", "component": "queue", "elapsed_sec": 0.001898, "event": "END:queue_list_for_pop", "host": "d6b2a058c4be", "pid": 215541, "rank": null, "ts": "2026-10-04 16:36:10"}
[DBG] {"available": 2, "category": "QUEUE", "component": "queue", "event": "pop_scan", "exact": true, "host": "d6b2a058c4be", "pid": 215541, "queue": "preference", "rank": null, "requested": 4, "selected": 2, "selected_keys": ["smoke01:preference:d294753886354473bd6980f82b163e6b", "smoke01:preference:e6710255d54443fbb961942d190f5c9b"], "stale": 0, "stale_keys": [], "ts": "2026-10-04 16:36:10"}
[DBG] {"available": 2, "category": "QUEUE", "component": "queue", "event": "pop_not_enough", "host": "d6b2a058c4be", "pid": 215541, "queue": "preference", "rank": null, "requested": 4, "ts": "2026-10-04 16:36:10"}
[DBG] {"category": "QUEUE", "component": "queue", "event": "put_prepare", "host": "d6b2a058c4be", "item_id": "4545a98ddcf24d329760f5a224b2796e", "partition": "smoke01:rollout", "payload_bytes": 2411, "pid": 215541, "policy_version": 0, "queue": "rollout", "rank": null, "ts": "2026-10-04 16:36:10"}
[DBG] {"category": "QUEUE", "component": "queue", "event": "BEGIN:queue_put", "host": "d6b2a058c4be", "item_id": "4545a98ddcf24d329760f5a224b2796e", "pid": 215541, "queue": "rollout", "rank": null, "ts": "2026-10-04 16:36:10"}
[DBG] {"category": "QUEUE", "component": "queue", "event": "watchdog_armed", "host": "d6b2a058c4be", "pid": 215541, "rank": null, "stage": "queue_put", "timeout_sec": 30.0, "ts": "2026-10-04 16:36:10"}
[DBG] {"category": "QUEUE", "component": "queue", "elapsed_sec": 0.026085, "event": "END:queue_put", "host": "d6b2a058c4be", "pid": 215541, "rank": null, "ts": "2026-10-04 16:36:10"}
[DBG] {"category": "QUEUE", "component": "queue", "event": "put_done", "host": "d6b2a058c4be", "key": "smoke01:rollout:4545a98ddcf24d329760f5a224b2796e", "pid": 215541, "policy_version": 0, "queue": "rollout", "rank": null, "ts": "2026-10-04 16:36:10"}
[DBG] {"category": "QUEUE", "component": "queue", "event": "put_prepare", "host": "d6b2a058c4be", "item_id": "2555a82560084e4f9f70bee5cde723ac", "partition": "smoke01:rollout", "payload_bytes": 2589, "pid": 215541, "policy_version": 0, "queue": "rollout", "rank": null, "ts": "2026-10-04 16:36:10"}
[DBG] {"category": "QUEUE", "component": "queue", "event": "BEGIN:queue_put", "host": "d6b2a058c4be", "item_id": "2555a82560084e4f9f70bee5cde723ac", "pid": 215541, "queue": "rollout", "rank": null, "ts": "2026-10-04 16:36:10"}
[DBG] {"category": "QUEUE", "component": "queue", "event": "watchdog_armed", "host": "d6b2a058c4be", "pid": 215541, "rank": null, "stage": "queue_put", "timeout_sec": 30.0, "ts": "2026-10-04 16:36:10"}
[DBG] {"category": "QUEUE", "component": "queue", "elapsed_sec": 0.025095, "event": "END:queue_put", "host": "d6b2a058c4be", "pid": 215541, "rank": null, "ts": "2026-10-04 16:36:10"}
[DBG] {"category": "QUEUE", "component": "queue", "event": "put_done", "host": "d6b2a058c4be", "key": "smoke01:rollout:2555a82560084e4f9f70bee5cde723ac", "pid": 215541, "policy_version": 0, "queue": "rollout", "rank": null, "ts": "2026-10-04 16:36:10"}
[DBG] {"category": "QUEUE", "component": "queue", "event": "size_changed", "host": "d6b2a058c4be", "pid": 215541, "queue": "rollout", "rank": null, "size": 9, "ts": "2026-10-04 16:36:10"}
[DBG] {"category": "QUEUE", "component": "queue", "current_version": 0, "event": "BEGIN:queue_list_for_pop", "exact": true, "host": "d6b2a058c4be", "max_lag": 3, "pid": 215541, "queue": "preference", "rank": null, "requested": 4, "ts": "2026-10-04 16:36:10"}
[DBG] {"category": "QUEUE", "component": "queue", "event": "watchdog_armed", "host": "d6b2a058c4be", "pid": 215541, "rank": null, "stage": "queue_list_for_pop", "timeout_sec": 30.0, "ts": "2026-10-04 16:36:10"}
[DBG] {"category": "QUEUE", "component": "queue", "elapsed_sec": 0.001741, "event": "END:queue_list_for_pop", "host": "d6b2a058c4be", "pid": 215541, "rank": null, "ts": "2026-10-04 16:36:10"}
[DBG] {"available": 2, "category": "QUEUE", "component": "queue", "event": "pop_scan", "exact": true, "host": "d6b2a058c4be", "pid": 215541, "queue": "preference", "rank": null, "requested": 4, "selected": 2, "selected_keys": ["smoke01:preference:d294753886354473bd6980f82b163e6b", "smoke01:preference:e6710255d54443fbb961942d190f5c9b"], "stale": 0, "stale_keys": [], "ts": "2026-10-04 16:36:10"}
[DBG] {"available": 2, "category": "QUEUE", "component": "queue", "event": "pop_not_enough", "host": "d6b2a058c4be", "pid": 215541, "queue": "preference", "rank": null, "requested": 4, "ts": "2026-10-04 16:36:10"}
[DBG] {"category": "QUEUE", "component": "queue", "event": "put_prepare", "host": "d6b2a058c4be", "item_id": "89cd26a0146b4364bbea95817af75ae2", "partition": "smoke01:preference", "payload_bytes": 1641, "pid": 215541, "policy_version": 0, "queue": "preference", "rank": null, "ts": "2026-10-04 16:36:11"}
[DBG] {"category": "QUEUE", "component": "queue", "event": "BEGIN:queue_put", "host": "d6b2a058c4be", "item_id": "89cd26a0146b4364bbea95817af75ae2", "pid": 215541, "queue": "preference", "rank": null, "ts": "2026-10-04 16:36:11"}
[DBG] {"category": "QUEUE", "component": "queue", "event": "watchdog_armed", "host": "d6b2a058c4be", "pid": 215541, "rank": null, "stage": "queue_put", "timeout_sec": 30.0, "ts": "2026-10-04 16:36:11"}
[DBG] {"category": "QUEUE", "component": "queue", "elapsed_sec": 0.031921, "event": "END:queue_put", "host": "d6b2a058c4be", "pid": 215541, "rank": null, "ts": "2026-10-04 16:36:11"}
[DBG] {"category": "QUEUE", "component": "queue", "event": "put_done", "host": "d6b2a058c4be", "key": "smoke01:preference:89cd26a0146b4364bbea95817af75ae2", "pid": 215541, "policy_version": 0, "queue": "preference", "rank": null, "ts": "2026-10-04 16:36:11"}
[DBG] {"category": "QUEUE", "component": "queue", "event": "size_changed", "host": "d6b2a058c4be", "pid": 215541, "queue": "preference", "rank": null, "size": 3, "ts": "2026-10-04 16:36:11"}
[DBG] {"category": "QUEUE", "component": "queue", "current_version": 0, "event": "BEGIN:queue_list_for_pop", "exact": true, "host": "d6b2a058c4be", "max_lag": 3, "pid": 215541, "queue": "preference", "rank": null, "requested": 4, "ts": "2026-10-04 16:36:11"}
[DBG] {"category": "QUEUE", "component": "queue", "event": "watchdog_armed", "host": "d6b2a058c4be", "pid": 215541, "rank": null, "stage": "queue_list_for_pop", "timeout_sec": 30.0, "ts": "2026-10-04 16:36:11"}
[DBG] {"category": "QUEUE", "component": "queue", "elapsed_sec": 0.001726, "event": "END:queue_list_for_pop", "host": "d6b2a058c4be", "pid": 215541, "rank": null, "ts": "2026-10-04 16:36:11"}
[DBG] {"available": 3, "category": "QUEUE", "component": "queue", "event": "pop_scan", "exact": true, "host": "d6b2a058c4be", "pid": 215541, "queue": "preference", "rank": null, "requested": 4, "selected": 3, "selected_keys": ["smoke01:preference:d294753886354473bd6980f82b163e6b", "smoke01:preference:e6710255d54443fbb961942d190f5c9b", "smoke01:preference:89cd26a0146b4364bbea95817af75ae2"], "stale": 0, "stale_keys": [], "ts": "2026-10-04 16:36:11"}
[DBG] {"available": 3, "category": "QUEUE", "component": "queue", "event": "pop_not_enough", "host": "d6b2a058c4be", "pid": 215541, "queue": "preference", "rank": null, "requested": 4, "ts": "2026-10-04 16:36:11"}
[DBG] {"category": "QUEUE", "component": "queue", "current_version": 0, "event": "BEGIN:queue_list_for_pop", "exact": true, "host": "d6b2a058c4be", "max_lag": 3, "pid": 215541, "queue": "preference", "rank": null, "requested": 4, "ts": "2026-10-04 16:36:11"}
[DBG] {"category": "QUEUE", "component": "queue", "event": "watchdog_armed", "host": "d6b2a058c4be", "pid": 215541, "rank": null, "stage": "queue_list_for_pop", "timeout_sec": 30.0, "ts": "2026-10-04 16:36:11"}
[DBG] {"category": "QUEUE", "component": "queue", "elapsed_sec": 0.002528, "event": "END:queue_list_for_pop", "host": "d6b2a058c4be", "pid": 215541, "rank": null, "ts": "2026-10-04 16:36:11"}
[DBG] {"available": 3, "category": "QUEUE", "component": "queue", "event": "pop_scan", "exact": true, "host": "d6b2a058c4be", "pid": 215541, "queue": "preference", "rank": null, "requested": 4, "selected": 3, "selected_keys": ["smoke01:preference:d294753886354473bd6980f82b163e6b", "smoke01:preference:e6710255d54443fbb961942d190f5c9b", "smoke01:preference:89cd26a0146b4364bbea95817af75ae2"], "stale": 0, "stale_keys": [], "ts": "2026-10-04 16:36:11"}
[DBG] {"available": 3, "category": "QUEUE", "component": "queue", "event": "pop_not_enough", "host": "d6b2a058c4be", "pid": 215541, "queue": "preference", "rank": null, "requested": 4, "ts": "2026-10-04 16:36:11"}
[DBG] {"category": "QUEUE", "component": "queue", "current_version": null, "event": "BEGIN:queue_list_for_pop", "exact": false, "host": "d6b2a058c4be", "max_lag": null, "pid": 215541, "queue": "rollout", "rank": null, "requested": 1, "ts": "2026-10-04 16:36:12"}
[DBG] {"category": "QUEUE", "component": "queue", "event": "watchdog_armed", "host": "d6b2a058c4be", "pid": 215541, "rank": null, "stage": "queue_list_for_pop", "timeout_sec": 30.0, "ts": "2026-10-04 16:36:12"}
[DBG] {"category": "QUEUE", "component": "queue", "elapsed_sec": 0.003059, "event": "END:queue_list_for_pop", "host": "d6b2a058c4be", "pid": 215541, "rank": null, "ts": "2026-10-04 16:36:12"}
[DBG] {"available": 9, "category": "QUEUE", "component": "queue", "event": "pop_scan", "exact": false, "host": "d6b2a058c4be", "pid": 215541, "queue": "rollout", "rank": null, "requested": 1, "selected": 1, "selected_keys": ["smoke01:rollout:261adecc0c7c4feeadcb2e7103f7e17b"], "stale": 0, "stale_keys": [], "ts": "2026-10-04 16:36:12"}
[DBG] {"category": "QUEUE", "component": "queue", "event": "BEGIN:queue_get", "host": "d6b2a058c4be", "key": "smoke01:rollout:261adecc0c7c4feeadcb2e7103f7e17b", "pid": 215541, "queue": "rollout", "rank": null, "ts": "2026-10-04 16:36:12"}
[DBG] {"category": "QUEUE", "component": "queue", "event": "watchdog_armed", "host": "d6b2a058c4be", "pid": 215541, "rank": null, "stage": "queue_get", "timeout_sec": 30.0, "ts": "2026-10-04 16:36:12"}
[DBG] {"category": "QUEUE", "component": "queue", "elapsed_sec": 0.025457, "event": "END:queue_get", "host": "d6b2a058c4be", "pid": 215541, "rank": null, "ts": "2026-10-04 16:36:12"}
[DBG] {"category": "QUEUE", "component": "queue", "event": "queue_item_decoded", "host": "d6b2a058c4be", "item_id": "261adecc0c7c4feeadcb2e7103f7e17b", "key": "smoke01:rollout:261adecc0c7c4feeadcb2e7103f7e17b", "pid": 215541, "policy_version": 0, "queue": "rollout", "rank": null, "ts": "2026-10-04 16:36:12"}
[DBG] {"category": "QUEUE", "component": "queue", "count": 1, "event": "BEGIN:clear_popped", "host": "d6b2a058c4be", "pid": 215541, "queue": "rollout", "rank": null, "ts": "2026-10-04 16:36:12"}
[DBG] {"category": "QUEUE", "component": "queue", "event": "watchdog_armed", "host": "d6b2a058c4be", "pid": 215541, "rank": null, "stage": "clear_popped", "timeout_sec": 30.0, "ts": "2026-10-04 16:36:12"}
[DBG] {"category": "QUEUE", "component": "queue", "elapsed_sec": 0.01722, "event": "END:clear_popped", "host": "d6b2a058c4be", "pid": 215541, "rank": null, "ts": "2026-10-04 16:36:12"}
[DBG] {"category": "QUEUE", "component": "queue", "event": "pop_done", "host": "d6b2a058c4be", "item_ids": ["261adecc0c7c4feeadcb2e7103f7e17b"], "pid": 215541, "queue": "rollout", "rank": null, "remaining": 8, "returned": 1, "stale": 0, "ts": "2026-10-04 16:36:12"}
[DBG] {"category": "QUEUE", "component": "queue", "current_version": 0, "event": "BEGIN:queue_list_for_pop", "exact": true, "host": "d6b2a058c4be", "max_lag": 3, "pid": 215541, "queue": "preference", "rank": null, "requested": 4, "ts": "2026-10-04 16:36:12"}
[DBG] {"category": "QUEUE", "component": "queue", "event": "watchdog_armed", "host": "d6b2a058c4be", "pid": 215541, "rank": null, "stage": "queue_list_for_pop", "timeout_sec": 30.0, "ts": "2026-10-04 16:36:12"}
[DBG] {"category": "QUEUE", "component": "queue", "elapsed_sec": 0.002498, "event": "END:queue_list_for_pop", "host": "d6b2a058c4be", "pid": 215541, "rank": null, "ts": "2026-10-04 16:36:12"}
[DBG] {"available": 3, "category": "QUEUE", "component": "queue", "event": "pop_scan", "exact": true, "host": "d6b2a058c4be", "pid": 215541, "queue": "preference", "rank": null, "requested": 4, "selected": 3, "selected_keys": ["smoke01:preference:d294753886354473bd6980f82b163e6b", "smoke01:preference:e6710255d54443fbb961942d190f5c9b", "smoke01:preference:89cd26a0146b4364bbea95817af75ae2"], "stale": 0, "stale_keys": [], "ts": "2026-10-04 16:36:12"}
[DBG] {"available": 3, "category": "QUEUE", "component": "queue", "event": "pop_not_enough", "host": "d6b2a058c4be", "pid": 215541, "queue": "preference", "rank": null, "requested": 4, "ts": "2026-10-04 16:36:12"}
[DBG] {"category": "QUEUE", "component": "queue", "event": "size_changed", "host": "d6b2a058c4be", "pid": 215541, "queue": "rollout", "rank": null, "size": 8, "ts": "2026-10-04 16:36:12"}
[DBG] {"category": "QUEUE", "component": "queue", "current_version": 0, "event": "BEGIN:queue_list_for_pop", "exact": true, "host": "d6b2a058c4be", "max_lag": 3, "pid": 215541, "queue": "preference", "rank": null, "requested": 4, "ts": "2026-10-04 16:36:12"}
[DBG] {"category": "QUEUE", "component": "queue", "event": "watchdog_armed", "host": "d6b2a058c4be", "pid": 215541, "rank": null, "stage": "queue_list_for_pop", "timeout_sec": 30.0, "ts": "2026-10-04 16:36:12"}
[DBG] {"category": "QUEUE", "component": "queue", "elapsed_sec": 0.002043, "event": "END:queue_list_for_pop", "host": "d6b2a058c4be", "pid": 215541, "rank": null, "ts": "2026-10-04 16:36:12"}
[DBG] {"available": 3, "category": "QUEUE", "component": "queue", "event": "pop_scan", "exact": true, "host": "d6b2a058c4be", "pid": 215541, "queue": "preference", "rank": null, "requested": 4, "selected": 3, "selected_keys": ["smoke01:preference:d294753886354473bd6980f82b163e6b", "smoke01:preference:e6710255d54443fbb961942d190f5c9b", "smoke01:preference:89cd26a0146b4364bbea95817af75ae2"], "stale": 0, "stale_keys": [], "ts": "2026-10-04 16:36:12"}
[DBG] {"available": 3, "category": "QUEUE", "component": "queue", "event": "pop_not_enough", "host": "d6b2a058c4be", "pid": 215541, "queue": "preference", "rank": null, "requested": 4, "ts": "2026-10-04 16:36:12"}
[DBG] {"category": "QUEUE", "component": "queue", "current_version": 0, "event": "BEGIN:queue_list_for_pop", "exact": true, "host": "d6b2a058c4be", "max_lag": 3, "pid": 215541, "queue": "preference", "rank": null, "requested": 4, "ts": "2026-10-04 16:36:13"}
[DBG] {"category": "QUEUE", "component": "queue", "event": "watchdog_armed", "host": "d6b2a058c4be", "pid": 215541, "rank": null, "stage": "queue_list_for_pop", "timeout_sec": 30.0, "ts": "2026-10-04 16:36:13"}
[DBG] {"category": "QUEUE", "component": "queue", "elapsed_sec": 0.00181, "event": "END:queue_list_for_pop", "host": "d6b2a058c4be", "pid": 215541, "rank": null, "ts": "2026-10-04 16:36:13"}
[DBG] {"available": 3, "category": "QUEUE", "component": "queue", "event": "pop_scan", "exact": true, "host": "d6b2a058c4be", "pid": 215541, "queue": "preference", "rank": null, "requested": 4, "selected": 3, "selected_keys": ["smoke01:preference:d294753886354473bd6980f82b163e6b", "smoke01:preference:e6710255d54443fbb961942d190f5c9b", "smoke01:preference:89cd26a0146b4364bbea95817af75ae2"], "stale": 0, "stale_keys": [], "ts": "2026-10-04 16:36:13"}
[DBG] {"available": 3, "category": "QUEUE", "component": "queue", "event": "pop_not_enough", "host": "d6b2a058c4be", "pid": 215541, "queue": "preference", "rank": null, "requested": 4, "ts": "2026-10-04 16:36:13"}
[DBG] {"category": "QUEUE", "component": "queue", "event": "put_prepare", "host": "d6b2a058c4be", "item_id": "261adecc0c7c4feeadcb2e7103f7e17b", "partition": "smoke01:preference", "payload_bytes": 1363, "pid": 215541, "policy_version": 0, "queue": "preference", "rank": null, "ts": "2026-10-04 16:36:13"}
[DBG] {"category": "QUEUE", "component": "queue", "event": "BEGIN:queue_put", "host": "d6b2a058c4be", "item_id": "261adecc0c7c4feeadcb2e7103f7e17b", "pid": 215541, "queue": "preference", "rank": null, "ts": "2026-10-04 16:36:13"}
[DBG] {"category": "QUEUE", "component": "queue", "event": "watchdog_armed", "host": "d6b2a058c4be", "pid": 215541, "rank": null, "stage": "queue_put", "timeout_sec": 30.0, "ts": "2026-10-04 16:36:13"}
[DBG] {"category": "QUEUE", "component": "queue", "elapsed_sec": 0.02794, "event": "END:queue_put", "host": "d6b2a058c4be", "pid": 215541, "rank": null, "ts": "2026-10-04 16:36:13"}
[DBG] {"category": "QUEUE", "component": "queue", "event": "put_done", "host": "d6b2a058c4be", "key": "smoke01:preference:261adecc0c7c4feeadcb2e7103f7e17b", "pid": 215541, "policy_version": 0, "queue": "preference", "rank": null, "ts": "2026-10-04 16:36:13"}
[DBG] {"category": "QUEUE", "component": "queue", "event": "size_changed", "host": "d6b2a058c4be", "pid": 215541, "queue": "preference", "rank": null, "size": 4, "ts": "2026-10-04 16:36:13"}
[DBG] {"category": "QUEUE", "component": "queue", "current_version": 0, "event": "BEGIN:queue_list_for_pop", "exact": true, "host": "d6b2a058c4be", "max_lag": 3, "pid": 215541, "queue": "preference", "rank": null, "requested": 4, "ts": "2026-10-04 16:36:13"}
[DBG] {"category": "QUEUE", "component": "queue", "event": "watchdog_armed", "host": "d6b2a058c4be", "pid": 215541, "rank": null, "stage": "queue_list_for_pop", "timeout_sec": 30.0, "ts": "2026-10-04 16:36:13"}
[DBG] {"category": "QUEUE", "component": "queue", "elapsed_sec": 0.001886, "event": "END:queue_list_for_pop", "host": "d6b2a058c4be", "pid": 215541, "rank": null, "ts": "2026-10-04 16:36:13"}
[DBG] {"available": 4, "category": "QUEUE", "component": "queue", "event": "pop_scan", "exact": true, "host": "d6b2a058c4be", "pid": 215541, "queue": "preference", "rank": null, "requested": 4, "selected": 4, "selected_keys": ["smoke01:preference:d294753886354473bd6980f82b163e6b", "smoke01:preference:e6710255d54443fbb961942d190f5c9b", "smoke01:preference:89cd26a0146b4364bbea95817af75ae2", "smoke01:preference:261adecc0c7c4feeadcb2e7103f7e17b"], "stale": 0, "stale_keys": [], "ts": "2026-10-04 16:36:13"}
[DBG] {"category": "QUEUE", "component": "queue", "event": "BEGIN:queue_get", "host": "d6b2a058c4be", "key": "smoke01:preference:d294753886354473bd6980f82b163e6b", "pid": 215541, "queue": "preference", "rank": null, "ts": "2026-10-04 16:36:13"}
[DBG] {"category": "QUEUE", "component": "queue", "event": "watchdog_armed", "host": "d6b2a058c4be", "pid": 215541, "rank": null, "stage": "queue_get", "timeout_sec": 30.0, "ts": "2026-10-04 16:36:13"}
[DBG] {"category": "QUEUE", "component": "queue", "elapsed_sec": 0.020608, "event": "END:queue_get", "host": "d6b2a058c4be", "pid": 215541, "rank": null, "ts": "2026-10-04 16:36:13"}
[DBG] {"category": "QUEUE", "component": "queue", "event": "queue_item_decoded", "host": "d6b2a058c4be", "item_id": "d294753886354473bd6980f82b163e6b", "key": "smoke01:preference:d294753886354473bd6980f82b163e6b", "pid": 215541, "policy_version": 0, "queue": "preference", "rank": null, "ts": "2026-10-04 16:36:13"}
[DBG] {"category": "QUEUE", "component": "queue", "event": "BEGIN:queue_get", "host": "d6b2a058c4be", "key": "smoke01:preference:e6710255d54443fbb961942d190f5c9b", "pid": 215541, "queue": "preference", "rank": null, "ts": "2026-10-04 16:36:13"}
[DBG] {"category": "QUEUE", "component": "queue", "event": "watchdog_armed", "host": "d6b2a058c4be", "pid": 215541, "rank": null, "stage": "queue_get", "timeout_sec": 30.0, "ts": "2026-10-04 16:36:13"}
[DBG] {"category": "QUEUE", "component": "queue", "elapsed_sec": 0.025653, "event": "END:queue_get", "host": "d6b2a058c4be", "pid": 215541, "rank": null, "ts": "2026-10-04 16:36:13"}
[DBG] {"category": "QUEUE", "component": "queue", "event": "queue_item_decoded", "host": "d6b2a058c4be", "item_id": "e6710255d54443fbb961942d190f5c9b", "key": "smoke01:preference:e6710255d54443fbb961942d190f5c9b", "pid": 215541, "policy_version": 0, "queue": "preference", "rank": null, "ts": "2026-10-04 16:36:13"}
[DBG] {"category": "QUEUE", "component": "queue", "event": "BEGIN:queue_get", "host": "d6b2a058c4be", "key": "smoke01:preference:89cd26a0146b4364bbea95817af75ae2", "pid": 215541, "queue": "preference", "rank": null, "ts": "2026-10-04 16:36:13"}
[DBG] {"category": "QUEUE", "component": "queue", "event": "watchdog_armed", "host": "d6b2a058c4be", "pid": 215541, "rank": null, "stage": "queue_get", "timeout_sec": 30.0, "ts": "2026-10-04 16:36:13"}
[DBG] {"category": "QUEUE", "component": "queue", "elapsed_sec": 0.024989, "event": "END:queue_get", "host": "d6b2a058c4be", "pid": 215541, "rank": null, "ts": "2026-10-04 16:36:13"}
[DBG] {"category": "QUEUE", "component": "queue", "event": "queue_item_decoded", "host": "d6b2a058c4be", "item_id": "89cd26a0146b4364bbea95817af75ae2", "key": "smoke01:preference:89cd26a0146b4364bbea95817af75ae2", "pid": 215541, "policy_version": 0, "queue": "preference", "rank": null, "ts": "2026-10-04 16:36:13"}
[DBG] {"category": "QUEUE", "component": "queue", "event": "BEGIN:queue_get", "host": "d6b2a058c4be", "key": "smoke01:preference:261adecc0c7c4feeadcb2e7103f7e17b", "pid": 215541, "queue": "preference", "rank": null, "ts": "2026-10-04 16:36:13"}
[DBG] {"category": "QUEUE", "component": "queue", "event": "watchdog_armed", "host": "d6b2a058c4be", "pid": 215541, "rank": null, "stage": "queue_get", "timeout_sec": 30.0, "ts": "2026-10-04 16:36:13"}
[DBG] {"category": "QUEUE", "component": "queue", "elapsed_sec": 0.039283, "event": "END:queue_get", "host": "d6b2a058c4be", "pid": 215541, "rank": null, "ts": "2026-10-04 16:36:13"}
[DBG] {"category": "QUEUE", "component": "queue", "event": "queue_item_decoded", "host": "d6b2a058c4be", "item_id": "261adecc0c7c4feeadcb2e7103f7e17b", "key": "smoke01:preference:261adecc0c7c4feeadcb2e7103f7e17b", "pid": 215541, "policy_version": 0, "queue": "preference", "rank": null, "ts": "2026-10-04 16:36:13"}
[DBG] {"category": "QUEUE", "component": "queue", "count": 4, "event": "BEGIN:clear_popped", "host": "d6b2a058c4be", "pid": 215541, "queue": "preference", "rank": null, "ts": "2026-10-04 16:36:13"}
[DBG] {"category": "QUEUE", "component": "queue", "event": "watchdog_armed", "host": "d6b2a058c4be", "pid": 215541, "rank": null, "stage": "clear_popped", "timeout_sec": 30.0, "ts": "2026-10-04 16:36:13"}
[DBG] {"category": "QUEUE", "component": "queue", "elapsed_sec": 0.017941, "event": "END:clear_popped", "host": "d6b2a058c4be", "pid": 215541, "rank": null, "ts": "2026-10-04 16:36:13"}
[DBG] {"category": "QUEUE", "component": "queue", "event": "pop_done", "host": "d6b2a058c4be", "item_ids": ["d294753886354473bd6980f82b163e6b", "e6710255d54443fbb961942d190f5c9b", "89cd26a0146b4364bbea95817af75ae2", "261adecc0c7c4feeadcb2e7103f7e17b"], "pid": 215541, "queue": "preference", "rank": null, "remaining": 0, "returned": 4, "stale": 0, "ts": "2026-10-04 16:36:13"}
[DBG] {"category": "QUEUE", "component": "queue", "current_version": null, "event": "BEGIN:queue_list_for_pop", "exact": false, "host": "d6b2a058c4be", "max_lag": null, "pid": 215541, "queue": "rollout", "rank": null, "requested": 1, "ts": "2026-10-04 16:36:51"}
[DBG] {"category": "QUEUE", "component": "queue", "event": "watchdog_armed", "host": "d6b2a058c4be", "pid": 215541, "rank": null, "stage": "queue_list_for_pop", "timeout_sec": 30.0, "ts": "2026-10-04 16:36:51"}
[DBG] {"category": "QUEUE", "component": "queue", "elapsed_sec": 0.002439, "event": "END:queue_list_for_pop", "host": "d6b2a058c4be", "pid": 215541, "rank": null, "ts": "2026-10-04 16:36:51"}
[DBG] {"available": 8, "category": "QUEUE", "component": "queue", "event": "pop_scan", "exact": false, "host": "d6b2a058c4be", "pid": 215541, "queue": "rollout", "rank": null, "requested": 1, "selected": 1, "selected_keys": ["smoke01:rollout:23d0bdc1aa344949ad8ed50b06afaa8c"], "stale": 0, "stale_keys": [], "ts": "2026-10-04 16:36:51"}
[DBG] {"category": "QUEUE", "component": "queue", "event": "BEGIN:queue_get", "host": "d6b2a058c4be", "key": "smoke01:rollout:23d0bdc1aa344949ad8ed50b06afaa8c", "pid": 215541, "queue": "rollout", "rank": null, "ts": "2026-10-04 16:36:51"}
[DBG] {"category": "QUEUE", "component": "queue", "event": "watchdog_armed", "host": "d6b2a058c4be", "pid": 215541, "rank": null, "stage": "queue_get", "timeout_sec": 30.0, "ts": "2026-10-04 16:36:51"}
[DBG] {"category": "QUEUE", "component": "queue", "elapsed_sec": 0.02647, "event": "END:queue_get", "host": "d6b2a058c4be", "pid": 215541, "rank": null, "ts": "2026-10-04 16:36:51"}
[DBG] {"category": "QUEUE", "component": "queue", "event": "queue_item_decoded", "host": "d6b2a058c4be", "item_id": "23d0bdc1aa344949ad8ed50b06afaa8c", "key": "smoke01:rollout:23d0bdc1aa344949ad8ed50b06afaa8c", "pid": 215541, "policy_version": 0, "queue": "rollout", "rank": null, "ts": "2026-10-04 16:36:51"}
[DBG] {"category": "QUEUE", "component": "queue", "count": 1, "event": "BEGIN:clear_popped", "host": "d6b2a058c4be", "pid": 215541, "queue": "rollout", "rank": null, "ts": "2026-10-04 16:36:51"}
[DBG] {"category": "QUEUE", "component": "queue", "event": "watchdog_armed", "host": "d6b2a058c4be", "pid": 215541, "rank": null, "stage": "clear_popped", "timeout_sec": 30.0, "ts": "2026-10-04 16:36:51"}
[DBG] {"category": "QUEUE", "component": "queue", "elapsed_sec": 0.015417, "event": "END:clear_popped", "host": "d6b2a058c4be", "pid": 215541, "rank": null, "ts": "2026-10-04 16:36:51"}
[DBG] {"category": "QUEUE", "component": "queue", "event": "pop_done", "host": "d6b2a058c4be", "item_ids": ["23d0bdc1aa344949ad8ed50b06afaa8c"], "pid": 215541, "queue": "rollout", "rank": null, "remaining": 7, "returned": 1, "stale": 0, "ts": "2026-10-04 16:36:51"}
[DBG] {"category": "QUEUE", "component": "queue", "event": "size_changed", "host": "d6b2a058c4be", "pid": 215541, "queue": "rollout", "rank": null, "size": 7, "ts": "2026-10-04 16:36:51"}
[DBG] {"category": "QUEUE", "component": "queue", "event": "put_prepare", "host": "d6b2a058c4be", "item_id": "99de69b375f44b12a58c8873f22d79bf", "partition": "smoke01:rollout", "payload_bytes": 2614, "pid": 215541, "policy_version": 0, "queue": "rollout", "rank": null, "ts": "2026-10-04 16:36:52"}
[DBG] {"category": "QUEUE", "component": "queue", "event": "BEGIN:queue_put", "host": "d6b2a058c4be", "item_id": "99de69b375f44b12a58c8873f22d79bf", "pid": 215541, "queue": "rollout", "rank": null, "ts": "2026-10-04 16:36:52"}
[DBG] {"category": "QUEUE", "component": "queue", "event": "watchdog_armed", "host": "d6b2a058c4be", "pid": 215541, "rank": null, "stage": "queue_put", "timeout_sec": 30.0, "ts": "2026-10-04 16:36:52"}
[DBG] {"category": "QUEUE", "component": "queue", "elapsed_sec": 0.028212, "event": "END:queue_put", "host": "d6b2a058c4be", "pid": 215541, "rank": null, "ts": "2026-10-04 16:36:52"}
[DBG] {"category": "QUEUE", "component": "queue", "event": "put_done", "host": "d6b2a058c4be", "key": "smoke01:rollout:99de69b375f44b12a58c8873f22d79bf", "pid": 215541, "policy_version": 0, "queue": "rollout", "rank": null, "ts": "2026-10-04 16:36:52"}
[DBG] {"category": "QUEUE", "component": "queue", "event": "put_prepare", "host": "d6b2a058c4be", "item_id": "b3cbd9f82e6d4ddf967f1f125e0281fe", "partition": "smoke01:rollout", "payload_bytes": 1489, "pid": 215541, "policy_version": 0, "queue": "rollout", "rank": null, "ts": "2026-10-04 16:36:52"}
[DBG] {"category": "QUEUE", "component": "queue", "event": "BEGIN:queue_put", "host": "d6b2a058c4be", "item_id": "b3cbd9f82e6d4ddf967f1f125e0281fe", "pid": 215541, "queue": "rollout", "rank": null, "ts": "2026-10-04 16:36:52"}
[DBG] {"category": "QUEUE", "component": "queue", "event": "watchdog_armed", "host": "d6b2a058c4be", "pid": 215541, "rank": null, "stage": "queue_put", "timeout_sec": 30.0, "ts": "2026-10-04 16:36:52"}
[DBG] {"category": "QUEUE", "component": "queue", "elapsed_sec": 0.026425, "event": "END:queue_put", "host": "d6b2a058c4be", "pid": 215541, "rank": null, "ts": "2026-10-04 16:36:52"}
[DBG] {"category": "QUEUE", "component": "queue", "event": "put_done", "host": "d6b2a058c4be", "key": "smoke01:rollout:b3cbd9f82e6d4ddf967f1f125e0281fe", "pid": 215541, "policy_version": 0, "queue": "rollout", "rank": null, "ts": "2026-10-04 16:36:52"}
[DBG] {"category": "QUEUE", "component": "queue", "event": "size_changed", "host": "d6b2a058c4be", "pid": 215541, "queue": "rollout", "rank": null, "size": 9, "ts": "2026-10-04 16:36:52"}
[DBG] {"category": "QUEUE", "component": "queue", "event": "size_changed", "host": "d6b2a058c4be", "pid": 215541, "queue": "preference", "rank": null, "size": 0, "ts": "2026-10-04 16:36:59"}
[DBG] {"category": "QUEUE", "component": "queue", "event": "put_prepare", "host": "d6b2a058c4be", "item_id": "23d0bdc1aa344949ad8ed50b06afaa8c", "partition": "smoke01:preference", "payload_bytes": 1269, "pid": 215541, "policy_version": 0, "queue": "preference", "rank": null, "ts": "2026-10-04 16:36:59"}
[DBG] {"category": "QUEUE", "component": "queue", "event": "BEGIN:queue_put", "host": "d6b2a058c4be", "item_id": "23d0bdc1aa344949ad8ed50b06afaa8c", "pid": 215541, "queue": "preference", "rank": null, "ts": "2026-10-04 16:36:59"}
[DBG] {"category": "QUEUE", "component": "queue", "event": "watchdog_armed", "host": "d6b2a058c4be", "pid": 215541, "rank": null, "stage": "queue_put", "timeout_sec": 30.0, "ts": "2026-10-04 16:36:59"}
[DBG] {"category": "QUEUE", "component": "queue", "elapsed_sec": 0.02716, "event": "END:queue_put", "host": "d6b2a058c4be", "pid": 215541, "rank": null, "ts": "2026-10-04 16:36:59"}
[DBG] {"category": "QUEUE", "component": "queue", "event": "put_done", "host": "d6b2a058c4be", "key": "smoke01:preference:23d0bdc1aa344949ad8ed50b06afaa8c", "pid": 215541, "policy_version": 0, "queue": "preference", "rank": null, "ts": "2026-10-04 16:36:59"}
[DBG] {"category": "QUEUE", "component": "queue", "event": "size_changed", "host": "d6b2a058c4be", "pid": 215541, "queue": "preference", "rank": null, "size": 1, "ts": "2026-10-04 16:36:59"}
[DBG] {"category": "QUEUE", "component": "queue", "current_version": null, "event": "BEGIN:queue_list_for_pop", "exact": false, "host": "d6b2a058c4be", "max_lag": null, "pid": 215541, "queue": "rollout", "rank": null, "requested": 1, "ts": "2026-10-04 16:37:00"}
[DBG] {"category": "QUEUE", "component": "queue", "event": "watchdog_armed", "host": "d6b2a058c4be", "pid": 215541, "rank": null, "stage": "queue_list_for_pop", "timeout_sec": 30.0, "ts": "2026-10-04 16:37:00"}
[DBG] {"category": "QUEUE", "component": "queue", "elapsed_sec": 0.002515, "event": "END:queue_list_for_pop", "host": "d6b2a058c4be", "pid": 215541, "rank": null, "ts": "2026-10-04 16:37:00"}
[DBG] {"available": 9, "category": "QUEUE", "component": "queue", "event": "pop_scan", "exact": false, "host": "d6b2a058c4be", "pid": 215541, "queue": "rollout", "rank": null, "requested": 1, "selected": 1, "selected_keys": ["smoke01:rollout:c81bffc00d2949d69a137d1bdf3e0372"], "stale": 0, "stale_keys": [], "ts": "2026-10-04 16:37:00"}
[DBG] {"category": "QUEUE", "component": "queue", "event": "BEGIN:queue_get", "host": "d6b2a058c4be", "key": "smoke01:rollout:c81bffc00d2949d69a137d1bdf3e0372", "pid": 215541, "queue": "rollout", "rank": null, "ts": "2026-10-04 16:37:00"}
[DBG] {"category": "QUEUE", "component": "queue", "event": "watchdog_armed", "host": "d6b2a058c4be", "pid": 215541, "rank": null, "stage": "queue_get", "timeout_sec": 30.0, "ts": "2026-10-04 16:37:00"}
[DBG] {"category": "QUEUE", "component": "queue", "elapsed_sec": 0.025448, "event": "END:queue_get", "host": "d6b2a058c4be", "pid": 215541, "rank": null, "ts": "2026-10-04 16:37:00"}
[DBG] {"category": "QUEUE", "component": "queue", "event": "queue_item_decoded", "host": "d6b2a058c4be", "item_id": "c81bffc00d2949d69a137d1bdf3e0372", "key": "smoke01:rollout:c81bffc00d2949d69a137d1bdf3e0372", "pid": 215541, "policy_version": 0, "queue": "rollout", "rank": null, "ts": "2026-10-04 16:37:00"}
[DBG] {"category": "QUEUE", "component": "queue", "count": 1, "event": "BEGIN:clear_popped", "host": "d6b2a058c4be", "pid": 215541, "queue": "rollout", "rank": null, "ts": "2026-10-04 16:37:00"}
[DBG] {"category": "QUEUE", "component": "queue", "event": "watchdog_armed", "host": "d6b2a058c4be", "pid": 215541, "rank": null, "stage": "clear_popped", "timeout_sec": 30.0, "ts": "2026-10-04 16:37:00"}
[DBG] {"category": "QUEUE", "component": "queue", "elapsed_sec": 0.015635, "event": "END:clear_popped", "host": "d6b2a058c4be", "pid": 215541, "rank": null, "ts": "2026-10-04 16:37:00"}
[DBG] {"category": "QUEUE", "component": "queue", "event": "pop_done", "host": "d6b2a058c4be", "item_ids": ["c81bffc00d2949d69a137d1bdf3e0372"], "pid": 215541, "queue": "rollout", "rank": null, "remaining": 8, "returned": 1, "stale": 0, "ts": "2026-10-04 16:37:00"}
[DBG] {"category": "QUEUE", "component": "queue", "event": "size_changed", "host": "d6b2a058c4be", "pid": 215541, "queue": "rollout", "rank": null, "size": 8, "ts": "2026-10-04 16:37:00"}
