[DBG] {"category": "RAY", "component": "ray", "debug_all": false, "debug_data": false, "debug_fsdp": true, "debug_inference": false, "debug_queue": true, "debug_ray": true, "debug_reward": false, "debug_train": true, "event": "application_start", "host": "d6b2a058c4be", "pid": 236082, "rank": null, "ts": "2026-10-04 17:09:42"}
[DBG] {"address": "auto", "category": "RAY", "component": "ray", "event": "BEGIN:ray_init", "host": "d6b2a058c4be", "pid": 236082, "rank": null, "ts": "2026-10-04 17:09:42"}
[DBG] {"category": "RAY", "component": "ray", "event": "watchdog_armed", "host": "d6b2a058c4be", "pid": 236082, "rank": null, "stage": "ray_init", "timeout_sec": 30.0, "ts": "2026-10-04 17:09:42"}
[DBG] {"category": "RAY", "component": "ray", "elapsed_sec": 0.595673, "event": "END:ray_init", "host": "d6b2a058c4be", "pid": 236082, "rank": null, "ts": "2026-10-04 17:09:42"}
[DBG] {"category": "RAY", "component": "ray", "event": "cluster_resources", "host": "d6b2a058c4be", "pid": 236082, "rank": null, "resources": {"CPU": 27.0, "GPU": 3.0, "accelerator_type:RTX-A6000": 1.0, "memory": 115829721908.0, "node:172.20.0.2": 1.0, "node:__internal_head__": 1.0, "object_store_memory": 49641309388.0}, "ts": "2026-10-04 17:09:42"}
[DBG] {"category": "RAY", "component": "ray", "event": "resource_check", "gpu_available": 3, "gpu_needed": 3, "host": "d6b2a058c4be", "pid": 236082, "rank": null, "ts": "2026-10-04 17:09:42"}
[DBG] {"category": "RAY", "component": "ray", "event": "run_id", "host": "d6b2a058c4be", "pid": 236082, "rank": null, "run_id": "smoke01", "ts": "2026-10-04 17:09:42"}
[DBG] {"category": "RAY", "component": "ray", "event": "BEGIN:create_queue_actor", "host": "d6b2a058c4be", "pid": 236082, "rank": null, "ts": "2026-10-04 17:09:42"}
[DBG] {"category": "RAY", "component": "ray", "event": "watchdog_armed", "host": "d6b2a058c4be", "pid": 236082, "rank": null, "stage": "create_queue_actor", "timeout_sec": 30.0, "ts": "2026-10-04 17:09:42"}
[DBG] {"category": "RAY", "component": "ray", "elapsed_sec": 0.048324, "event": "END:create_queue_actor", "host": "d6b2a058c4be", "pid": 236082, "rank": null, "ts": "2026-10-04 17:09:42"}
[DBG] {"category": "QUEUE", "component": "ray", "event": "BEGIN:queue_describe", "host": "d6b2a058c4be", "pid": 236082, "rank": null, "ts": "2026-10-04 17:09:42"}
[DBG] {"category": "QUEUE", "component": "ray", "event": "watchdog_armed", "host": "d6b2a058c4be", "pid": 236082, "rank": null, "stage": "queue_describe", "timeout_sec": 30.0, "ts": "2026-10-04 17:09:42"}
[DBG] {"category": "QUEUE", "component": "ray", "elapsed_sec": 10.724011, "event": "END:queue_describe", "host": "d6b2a058c4be", "pid": 236082, "rank": null, "ts": "2026-10-04 17:09:53"}
[DBG] {"category": "RAY", "component": "ray", "event": "BEGIN:create_control_actor", "host": "d6b2a058c4be", "pid": 236082, "rank": null, "ts": "2026-10-04 17:09:53"}
[DBG] {"category": "RAY", "component": "ray", "event": "watchdog_armed", "host": "d6b2a058c4be", "pid": 236082, "rank": null, "stage": "create_control_actor", "timeout_sec": 30.0, "ts": "2026-10-04 17:09:53"}
[DBG] {"category": "RAY", "component": "ray", "elapsed_sec": 0.029979, "event": "END:create_control_actor", "host": "d6b2a058c4be", "pid": 236082, "rank": null, "ts": "2026-10-04 17:09:53"}
[DBG] {"category": "RAY", "component": "ray", "event": "BEGIN:create_tracker_actor", "host": "d6b2a058c4be", "pid": 236082, "rank": null, "ts": "2026-10-04 17:09:53"}
[DBG] {"category": "RAY", "component": "ray", "event": "watchdog_armed", "host": "d6b2a058c4be", "pid": 236082, "rank": null, "stage": "create_tracker_actor", "timeout_sec": 30.0, "ts": "2026-10-04 17:09:53"}
[DBG] {"category": "RAY", "component": "ray", "elapsed_sec": 0.029559, "event": "END:create_tracker_actor", "host": "d6b2a058c4be", "pid": 236082, "rank": null, "ts": "2026-10-04 17:09:53"}
[DBG] {"category": "RAY", "component": "ray", "event": "BEGIN:create_inference_actor", "gpus": 1, "host": "d6b2a058c4be", "pid": 236082, "rank": null, "ts": "2026-10-04 17:09:53"}
[DBG] {"category": "RAY", "component": "ray", "event": "watchdog_armed", "host": "d6b2a058c4be", "pid": 236082, "rank": null, "stage": "create_inference_actor", "timeout_sec": 30.0, "ts": "2026-10-04 17:09:53"}
[DBG] {"category": "RAY", "component": "ray", "elapsed_sec": 0.0253, "event": "END:create_inference_actor", "host": "d6b2a058c4be", "pid": 236082, "rank": null, "ts": "2026-10-04 17:09:53"}
[DBG] {"category": "RAY", "component": "ray", "event": "BEGIN:create_reward_actor", "gpus": 0, "host": "d6b2a058c4be", "pid": 236082, "rank": null, "ts": "2026-10-04 17:09:53"}
[DBG] {"category": "RAY", "component": "ray", "event": "watchdog_armed", "host": "d6b2a058c4be", "pid": 236082, "rank": null, "stage": "create_reward_actor", "timeout_sec": 30.0, "ts": "2026-10-04 17:09:53"}
[DBG] {"category": "RAY", "component": "ray", "elapsed_sec": 0.030212, "event": "END:create_reward_actor", "host": "d6b2a058c4be", "pid": 236082, "rank": null, "ts": "2026-10-04 17:09:53"}
[DBG] {"category": "RAY", "component": "ray", "event": "BEGIN:create_rollout_actor", "host": "d6b2a058c4be", "pid": 236082, "rank": null, "ts": "2026-10-04 17:09:53"}
[DBG] {"category": "RAY", "component": "ray", "event": "watchdog_armed", "host": "d6b2a058c4be", "pid": 236082, "rank": null, "stage": "create_rollout_actor", "timeout_sec": 30.0, "ts": "2026-10-04 17:09:53"}
[DBG] {"category": "RAY", "component": "ray", "elapsed_sec": 0.012766, "event": "END:create_rollout_actor", "host": "d6b2a058c4be", "pid": 236082, "rank": null, "ts": "2026-10-04 17:09:53"}
[DBG] {"category": "RAY", "component": "ray", "event": "BEGIN:create_trainer_actor", "host": "d6b2a058c4be", "pid": 236082, "rank": null, "ts": "2026-10-04 17:09:53"}
[DBG] {"category": "RAY", "component": "ray", "event": "watchdog_armed", "host": "d6b2a058c4be", "pid": 236082, "rank": null, "stage": "create_trainer_actor", "timeout_sec": 30.0, "ts": "2026-10-04 17:09:53"}
[DBG] {"category": "RAY", "component": "ray", "elapsed_sec": 0.017127, "event": "END:create_trainer_actor", "host": "d6b2a058c4be", "pid": 236082, "rank": null, "ts": "2026-10-04 17:09:53"}
[DBG] {"category": "RAY", "component": "ray", "event": "BEGIN:launch_trainer_actor", "host": "d6b2a058c4be", "pid": 236082, "rank": null, "ts": "2026-10-04 17:10:34"}
[DBG] {"category": "RAY", "component": "ray", "event": "watchdog_armed", "host": "d6b2a058c4be", "pid": 236082, "rank": null, "stage": "launch_trainer_actor", "timeout_sec": 30.0, "ts": "2026-10-04 17:10:34"}
[DBG] {"category": "RAY", "component": "ray", "elapsed_sec": 0.001121, "event": "END:launch_trainer_actor", "host": "d6b2a058c4be", "pid": 236082, "rank": null, "ts": "2026-10-04 17:10:34"}
[DBG] {"category": "RAY", "component": "ray", "event": "BEGIN:launch_rollout_producer", "host": "d6b2a058c4be", "pid": 236082, "rank": null, "ts": "2026-10-04 17:10:34"}
[DBG] {"category": "RAY", "component": "ray", "event": "watchdog_armed", "host": "d6b2a058c4be", "pid": 236082, "rank": null, "stage": "launch_rollout_producer", "timeout_sec": 30.0, "ts": "2026-10-04 17:10:34"}
[DBG] {"category": "RAY", "component": "ray", "elapsed_sec": 0.000396, "event": "END:launch_rollout_producer", "host": "d6b2a058c4be", "pid": 236082, "rank": null, "ts": "2026-10-04 17:10:34"}
[DBG] {"category": "RAY", "component": "ray", "event": "human_loop_start", "host": "d6b2a058c4be", "pid": 236082, "rank": null, "ts": "2026-10-04 17:10:34"}
[DBG] {"category": "QUEUE", "component": "ray", "event": "BEGIN:human_pop_rollout", "host": "d6b2a058c4be", "pid": 236082, "rank": null, "ts": "2026-10-04 17:10:34"}
[DBG] {"category": "QUEUE", "component": "ray", "event": "watchdog_armed", "host": "d6b2a058c4be", "pid": 236082, "rank": null, "stage": "human_pop_rollout", "timeout_sec": 30.0, "ts": "2026-10-04 17:10:34"}
[DBG] {"category": "QUEUE", "component": "ray", "elapsed_sec": 0.006754, "event": "END:human_pop_rollout", "host": "d6b2a058c4be", "pid": 236082, "rank": null, "ts": "2026-10-04 17:10:34"}
[DBG] {"category": "QUEUE", "component": "ray", "event": "BEGIN:human_pop_rollout", "host": "d6b2a058c4be", "pid": 236082, "rank": null, "ts": "2026-10-04 17:10:34"}
[DBG] {"category": "QUEUE", "component": "ray", "event": "watchdog_armed", "host": "d6b2a058c4be", "pid": 236082, "rank": null, "stage": "human_pop_rollout", "timeout_sec": 30.0, "ts": "2026-10-04 17:10:34"}
[DBG] {"category": "QUEUE", "component": "ray", "elapsed_sec": 0.003571, "event": "END:human_pop_rollout", "host": "d6b2a058c4be", "pid": 236082, "rank": null, "ts": "2026-10-04 17:10:34"}
[DBG] {"category": "QUEUE", "component": "ray", "event": "BEGIN:human_pop_rollout", "host": "d6b2a058c4be", "pid": 236082, "rank": null, "ts": "2026-10-04 17:10:34"}
[DBG] {"category": "QUEUE", "component": "ray", "event": "watchdog_armed", "host": "d6b2a058c4be", "pid": 236082, "rank": null, "stage": "human_pop_rollout", "timeout_sec": 30.0, "ts": "2026-10-04 17:10:34"}
[DBG] {"category": "QUEUE", "component": "ray", "elapsed_sec": 0.006806, "event": "END:human_pop_rollout", "host": "d6b2a058c4be", "pid": 236082, "rank": null, "ts": "2026-10-04 17:10:34"}
[DBG] {"category": "QUEUE", "component": "ray", "event": "BEGIN:human_pop_rollout", "host": "d6b2a058c4be", "pid": 236082, "rank": null, "ts": "2026-10-04 17:10:35"}
[DBG] {"category": "QUEUE", "component": "ray", "event": "watchdog_armed", "host": "d6b2a058c4be", "pid": 236082, "rank": null, "stage": "human_pop_rollout", "timeout_sec": 30.0, "ts": "2026-10-04 17:10:35"}
[DBG] {"category": "QUEUE", "component": "ray", "elapsed_sec": 0.006603, "event": "END:human_pop_rollout", "host": "d6b2a058c4be", "pid": 236082, "rank": null, "ts": "2026-10-04 17:10:35"}
[DBG] {"category": "QUEUE", "component": "ray", "event": "BEGIN:human_pop_rollout", "host": "d6b2a058c4be", "pid": 236082, "rank": null, "ts": "2026-10-04 17:10:35"}
[DBG] {"category": "QUEUE", "component": "ray", "event": "watchdog_armed", "host": "d6b2a058c4be", "pid": 236082, "rank": null, "stage": "human_pop_rollout", "timeout_sec": 30.0, "ts": "2026-10-04 17:10:35"}
[DBG] {"category": "QUEUE", "component": "ray", "elapsed_sec": 0.006404, "event": "END:human_pop_rollout", "host": "d6b2a058c4be", "pid": 236082, "rank": null, "ts": "2026-10-04 17:10:35"}
[DBG] {"category": "QUEUE", "component": "ray", "event": "BEGIN:human_pop_rollout", "host": "d6b2a058c4be", "pid": 236082, "rank": null, "ts": "2026-10-04 17:10:35"}
[DBG] {"category": "QUEUE", "component": "ray", "event": "watchdog_armed", "host": "d6b2a058c4be", "pid": 236082, "rank": null, "stage": "human_pop_rollout", "timeout_sec": 30.0, "ts": "2026-10-04 17:10:35"}
[DBG] {"category": "QUEUE", "component": "ray", "elapsed_sec": 0.006511, "event": "END:human_pop_rollout", "host": "d6b2a058c4be", "pid": 236082, "rank": null, "ts": "2026-10-04 17:10:35"}
[DBG] {"category": "QUEUE", "component": "ray", "event": "BEGIN:human_pop_rollout", "host": "d6b2a058c4be", "pid": 236082, "rank": null, "ts": "2026-10-04 17:10:35"}
[DBG] {"category": "QUEUE", "component": "ray", "event": "watchdog_armed", "host": "d6b2a058c4be", "pid": 236082, "rank": null, "stage": "human_pop_rollout", "timeout_sec": 30.0, "ts": "2026-10-04 17:10:35"}
[DBG] {"category": "QUEUE", "component": "ray", "elapsed_sec": 0.006812, "event": "END:human_pop_rollout", "host": "d6b2a058c4be", "pid": 236082, "rank": null, "ts": "2026-10-04 17:10:35"}
[DBG] {"category": "QUEUE", "component": "ray", "event": "BEGIN:human_pop_rollout", "host": "d6b2a058c4be", "pid": 236082, "rank": null, "ts": "2026-10-04 17:10:35"}
[DBG] {"category": "QUEUE", "component": "ray", "event": "watchdog_armed", "host": "d6b2a058c4be", "pid": 236082, "rank": null, "stage": "human_pop_rollout", "timeout_sec": 30.0, "ts": "2026-10-04 17:10:35"}
[DBG] {"category": "QUEUE", "component": "ray", "elapsed_sec": 0.005449, "event": "END:human_pop_rollout", "host": "d6b2a058c4be", "pid": 236082, "rank": null, "ts": "2026-10-04 17:10:35"}
[DBG] {"category": "QUEUE", "component": "ray", "event": "BEGIN:human_pop_rollout", "host": "d6b2a058c4be", "pid": 236082, "rank": null, "ts": "2026-10-04 17:10:36"}
[DBG] {"category": "QUEUE", "component": "ray", "event": "watchdog_armed", "host": "d6b2a058c4be", "pid": 236082, "rank": null, "stage": "human_pop_rollout", "timeout_sec": 30.0, "ts": "2026-10-04 17:10:36"}
[DBG] {"category": "QUEUE", "component": "ray", "elapsed_sec": 0.005763, "event": "END:human_pop_rollout", "host": "d6b2a058c4be", "pid": 236082, "rank": null, "ts": "2026-10-04 17:10:36"}
[DBG] {"category": "QUEUE", "component": "ray", "event": "BEGIN:human_pop_rollout", "host": "d6b2a058c4be", "pid": 236082, "rank": null, "ts": "2026-10-04 17:10:36"}
[DBG] {"category": "QUEUE", "component": "ray", "event": "watchdog_armed", "host": "d6b2a058c4be", "pid": 236082, "rank": null, "stage": "human_pop_rollout", "timeout_sec": 30.0, "ts": "2026-10-04 17:10:36"}
[DBG] {"category": "QUEUE", "component": "ray", "elapsed_sec": 0.006178, "event": "END:human_pop_rollout", "host": "d6b2a058c4be", "pid": 236082, "rank": null, "ts": "2026-10-04 17:10:36"}
[DBG] {"category": "QUEUE", "component": "ray", "event": "BEGIN:human_pop_rollout", "host": "d6b2a058c4be", "pid": 236082, "rank": null, "ts": "2026-10-04 17:10:36"}
[DBG] {"category": "QUEUE", "component": "ray", "event": "watchdog_armed", "host": "d6b2a058c4be", "pid": 236082, "rank": null, "stage": "human_pop_rollout", "timeout_sec": 30.0, "ts": "2026-10-04 17:10:36"}
[DBG] {"category": "QUEUE", "component": "ray", "elapsed_sec": 0.005169, "event": "END:human_pop_rollout", "host": "d6b2a058c4be", "pid": 236082, "rank": null, "ts": "2026-10-04 17:10:36"}
[DBG] {"category": "QUEUE", "component": "ray", "event": "BEGIN:human_pop_rollout", "host": "d6b2a058c4be", "pid": 236082, "rank": null, "ts": "2026-10-04 17:10:36"}
[DBG] {"category": "QUEUE", "component": "ray", "event": "watchdog_armed", "host": "d6b2a058c4be", "pid": 236082, "rank": null, "stage": "human_pop_rollout", "timeout_sec": 30.0, "ts": "2026-10-04 17:10:36"}
[DBG] {"category": "QUEUE", "component": "ray", "elapsed_sec": 0.007517, "event": "END:human_pop_rollout", "host": "d6b2a058c4be", "pid": 236082, "rank": null, "ts": "2026-10-04 17:10:36"}
[DBG] {"category": "QUEUE", "component": "ray", "event": "BEGIN:human_pop_rollout", "host": "d6b2a058c4be", "pid": 236082, "rank": null, "ts": "2026-10-04 17:10:36"}
[DBG] {"category": "QUEUE", "component": "ray", "event": "watchdog_armed", "host": "d6b2a058c4be", "pid": 236082, "rank": null, "stage": "human_pop_rollout", "timeout_sec": 30.0, "ts": "2026-10-04 17:10:36"}
[DBG] {"category": "QUEUE", "component": "ray", "elapsed_sec": 0.059227, "event": "END:human_pop_rollout", "host": "d6b2a058c4be", "pid": 236082, "rank": null, "ts": "2026-10-04 17:10:36"}
[DBG] {"category": "QUEUE", "component": "ray", "event": "human_group_received", "group_id": "9491d22e86bf44a7a5734741c5019b1a", "host": "d6b2a058c4be", "pid": 236082, "rank": null, "ts": "2026-10-04 17:10:36"}
[DBG] {"category": "RAY", "component": "ray", "event": "human_prompt_begin", "group_id": "9491d22e86bf44a7a5734741c5019b1a", "host": "d6b2a058c4be", "pid": 236082, "rank": null, "ts": "2026-10-04 17:10:36"}
[DBG] {"category": "RAY", "component": "ray", "event": "human_prompt_end", "group_id": "9491d22e86bf44a7a5734741c5019b1a", "host": "d6b2a058c4be", "pid": 236082, "rank": null, "ts": "2026-10-04 17:10:53"}
[DBG] {"category": "QUEUE", "component": "ray", "event": "BEGIN:human_put_preference", "group_id": "9491d22e86bf44a7a5734741c5019b1a", "host": "d6b2a058c4be", "pid": 236082, "rank": null, "ts": "2026-10-04 17:10:53"}
[DBG] {"category": "QUEUE", "component": "ray", "event": "watchdog_armed", "host": "d6b2a058c4be", "pid": 236082, "rank": null, "stage": "human_put_preference", "timeout_sec": 30.0, "ts": "2026-10-04 17:10:53"}
[DBG] {"category": "QUEUE", "component": "ray", "elapsed_sec": 0.025417, "event": "END:human_put_preference", "host": "d6b2a058c4be", "pid": 236082, "rank": null, "ts": "2026-10-04 17:10:53"}
[DBG] {"category": "QUEUE", "component": "ray", "event": "preference_selected", "group_id": "9491d22e86bf44a7a5734741c5019b1a", "host": "d6b2a058c4be", "pid": 236082, "preference_pending": 1, "rank": null, "selected": 1, "ts": "2026-10-04 17:10:53"}
[DBG] {"axis/human_groups": 1, "category": "QUEUE", "component": "ray", "data/candidate_all": 1, "data/candidate_lgbm_agree": 0, "data/candidate_lgbm_only": 0, "data/candidate_neural_agree": 0, "data/candidate_neural_only": 0, "data/candidate_triple_agree": 0, "data/selected_pairs": 1, "data/selection_rate": 1.0, "event": "pipeline_metrics", "host": "d6b2a058c4be", "pid": 236082, "queue/preference": 1, "queue/rollout": 9, "rank": null, "ts": "2026-10-04 17:10:53"}
[DBG] {"category": "QUEUE", "component": "ray", "event": "BEGIN:human_pop_rollout", "host": "d6b2a058c4be", "pid": 236082, "rank": null, "ts": "2026-10-04 17:10:53"}
[DBG] {"category": "QUEUE", "component": "ray", "event": "watchdog_armed", "host": "d6b2a058c4be", "pid": 236082, "rank": null, "stage": "human_pop_rollout", "timeout_sec": 30.0, "ts": "2026-10-04 17:10:53"}
[DBG] {"category": "QUEUE", "component": "ray", "elapsed_sec": 0.040165, "event": "END:human_pop_rollout", "host": "d6b2a058c4be", "pid": 236082, "rank": null, "ts": "2026-10-04 17:10:53"}
[DBG] {"category": "QUEUE", "component": "ray", "event": "human_group_received", "group_id": "078f14a086c84686bc6389d591eb41c0", "host": "d6b2a058c4be", "pid": 236082, "rank": null, "ts": "2026-10-04 17:10:53"}
[DBG] {"category": "RAY", "component": "ray", "event": "human_prompt_begin", "group_id": "078f14a086c84686bc6389d591eb41c0", "host": "d6b2a058c4be", "pid": 236082, "rank": null, "ts": "2026-10-04 17:10:53"}
[DBG] {"category": "RAY", "component": "ray", "event": "human_prompt_end", "group_id": "078f14a086c84686bc6389d591eb41c0", "host": "d6b2a058c4be", "pid": 236082, "rank": null, "ts": "2026-10-04 17:11:33"}
[DBG] {"category": "QUEUE", "component": "ray", "event": "BEGIN:human_put_preference", "group_id": "078f14a086c84686bc6389d591eb41c0", "host": "d6b2a058c4be", "pid": 236082, "rank": null, "ts": "2026-10-04 17:11:33"}
[DBG] {"category": "QUEUE", "component": "ray", "event": "watchdog_armed", "host": "d6b2a058c4be", "pid": 236082, "rank": null, "stage": "human_put_preference", "timeout_sec": 30.0, "ts": "2026-10-04 17:11:33"}
[DBG] {"category": "QUEUE", "component": "ray", "elapsed_sec": 0.043059, "event": "END:human_put_preference", "host": "d6b2a058c4be", "pid": 236082, "rank": null, "ts": "2026-10-04 17:11:33"}
[DBG] {"category": "QUEUE", "component": "ray", "event": "preference_selected", "group_id": "078f14a086c84686bc6389d591eb41c0", "host": "d6b2a058c4be", "pid": 236082, "preference_pending": 2, "rank": null, "selected": 2, "ts": "2026-10-04 17:11:33"}
[DBG] {"axis/human_groups": 2, "category": "QUEUE", "component": "ray", "data/candidate_all": 2, "data/candidate_lgbm_agree": 0, "data/candidate_lgbm_only": 0, "data/candidate_neural_agree": 0, "data/candidate_neural_only": 0, "data/candidate_triple_agree": 0, "data/selected_pairs": 2, "data/selection_rate": 1.0, "event": "pipeline_metrics", "host": "d6b2a058c4be", "pid": 236082, "queue/preference": 2, "queue/rollout": 8, "rank": null, "ts": "2026-10-04 17:11:33"}
[DBG] {"category": "QUEUE", "component": "ray", "event": "BEGIN:human_pop_rollout", "host": "d6b2a058c4be", "pid": 236082, "rank": null, "ts": "2026-10-04 17:11:33"}
[DBG] {"category": "QUEUE", "component": "ray", "event": "watchdog_armed", "host": "d6b2a058c4be", "pid": 236082, "rank": null, "stage": "human_pop_rollout", "timeout_sec": 30.0, "ts": "2026-10-04 17:11:33"}
[DBG] {"category": "QUEUE", "component": "ray", "elapsed_sec": 0.058607, "event": "END:human_pop_rollout", "host": "d6b2a058c4be", "pid": 236082, "rank": null, "ts": "2026-10-04 17:11:33"}
[DBG] {"category": "QUEUE", "component": "ray", "event": "human_group_received", "group_id": "ddcd180771ed46009e54425c04805e58", "host": "d6b2a058c4be", "pid": 236082, "rank": null, "ts": "2026-10-04 17:11:33"}
[DBG] {"category": "RAY", "component": "ray", "event": "human_prompt_begin", "group_id": "ddcd180771ed46009e54425c04805e58", "host": "d6b2a058c4be", "pid": 236082, "rank": null, "ts": "2026-10-04 17:11:33"}
[DBG] {"category": "RAY", "component": "ray", "event": "human_prompt_end", "group_id": "ddcd180771ed46009e54425c04805e58", "host": "d6b2a058c4be", "pid": 236082, "rank": null, "ts": "2026-10-04 17:11:51"}
[DBG] {"category": "QUEUE", "component": "ray", "event": "BEGIN:human_put_preference", "group_id": "ddcd180771ed46009e54425c04805e58", "host": "d6b2a058c4be", "pid": 236082, "rank": null, "ts": "2026-10-04 17:11:51"}
[DBG] {"category": "QUEUE", "component": "ray", "event": "watchdog_armed", "host": "d6b2a058c4be", "pid": 236082, "rank": null, "stage": "human_put_preference", "timeout_sec": 30.0, "ts": "2026-10-04 17:11:51"}
[DBG] {"category": "QUEUE", "component": "ray", "elapsed_sec": 0.031318, "event": "END:human_put_preference", "host": "d6b2a058c4be", "pid": 236082, "rank": null, "ts": "2026-10-04 17:11:51"}
[DBG] {"category": "QUEUE", "component": "ray", "event": "preference_selected", "group_id": "ddcd180771ed46009e54425c04805e58", "host": "d6b2a058c4be", "pid": 236082, "preference_pending": 3, "rank": null, "selected": 3, "ts": "2026-10-04 17:11:51"}
[DBG] {"axis/human_groups": 3, "category": "QUEUE", "component": "ray", "data/candidate_all": 3, "data/candidate_lgbm_agree": 0, "data/candidate_lgbm_only": 0, "data/candidate_neural_agree": 0, "data/candidate_neural_only": 0, "data/candidate_triple_agree": 0, "data/selected_pairs": 3, "data/selection_rate": 1.0, "event": "pipeline_metrics", "host": "d6b2a058c4be", "pid": 236082, "queue/preference": 3, "queue/rollout": 9, "rank": null, "ts": "2026-10-04 17:11:51"}
[DBG] {"category": "QUEUE", "component": "ray", "event": "BEGIN:human_pop_rollout", "host": "d6b2a058c4be", "pid": 236082, "rank": null, "ts": "2026-10-04 17:11:51"}
[DBG] {"category": "QUEUE", "component": "ray", "event": "watchdog_armed", "host": "d6b2a058c4be", "pid": 236082, "rank": null, "stage": "human_pop_rollout", "timeout_sec": 30.0, "ts": "2026-10-04 17:11:51"}
[DBG] {"category": "QUEUE", "component": "ray", "elapsed_sec": 0.024007, "event": "END:human_pop_rollout", "host": "d6b2a058c4be", "pid": 236082, "rank": null, "ts": "2026-10-04 17:11:51"}
[DBG] {"category": "QUEUE", "component": "ray", "event": "human_group_received", "group_id": "3b36f5aa4d7e4c7da27383b02ec74330", "host": "d6b2a058c4be", "pid": 236082, "rank": null, "ts": "2026-10-04 17:11:51"}
[DBG] {"category": "RAY", "component": "ray", "event": "human_prompt_begin", "group_id": "3b36f5aa4d7e4c7da27383b02ec74330", "host": "d6b2a058c4be", "pid": 236082, "rank": null, "ts": "2026-10-04 17:11:51"}
[DBG] {"category": "RAY", "component": "ray", "event": "human_prompt_end", "group_id": "3b36f5aa4d7e4c7da27383b02ec74330", "host": "d6b2a058c4be", "pid": 236082, "rank": null, "ts": "2026-10-04 17:12:06"}
[DBG] {"category": "QUEUE", "component": "ray", "event": "BEGIN:human_put_preference", "group_id": "3b36f5aa4d7e4c7da27383b02ec74330", "host": "d6b2a058c4be", "pid": 236082, "rank": null, "ts": "2026-10-04 17:12:06"}
[DBG] {"category": "QUEUE", "component": "ray", "event": "watchdog_armed", "host": "d6b2a058c4be", "pid": 236082, "rank": null, "stage": "human_put_preference", "timeout_sec": 30.0, "ts": "2026-10-04 17:12:06"}
[DBG] {"category": "QUEUE", "component": "ray", "elapsed_sec": 0.017222, "event": "END:human_put_preference", "host": "d6b2a058c4be", "pid": 236082, "rank": null, "ts": "2026-10-04 17:12:06"}
[DBG] {"category": "QUEUE", "component": "ray", "event": "preference_selected", "group_id": "3b36f5aa4d7e4c7da27383b02ec74330", "host": "d6b2a058c4be", "pid": 236082, "preference_pending": 4, "rank": null, "selected": 4, "ts": "2026-10-04 17:12:06"}
[DBG] {"axis/human_groups": 4, "category": "QUEUE", "component": "ray", "data/candidate_all": 4, "data/candidate_lgbm_agree": 0, "data/candidate_lgbm_only": 0, "data/candidate_neural_agree": 0, "data/candidate_neural_only": 0, "data/candidate_triple_agree": 0, "data/selected_pairs": 4, "data/selection_rate": 1.0, "event": "pipeline_metrics", "host": "d6b2a058c4be", "pid": 236082, "queue/preference": 4, "queue/rollout": 8, "rank": null, "ts": "2026-10-04 17:12:06"}
[DBG] {"category": "QUEUE", "component": "ray", "event": "BEGIN:human_pop_rollout", "host": "d6b2a058c4be", "pid": 236082, "rank": null, "ts": "2026-10-04 17:12:06"}
[DBG] {"category": "QUEUE", "component": "ray", "event": "watchdog_armed", "host": "d6b2a058c4be", "pid": 236082, "rank": null, "stage": "human_pop_rollout", "timeout_sec": 30.0, "ts": "2026-10-04 17:12:06"}
[DBG] {"category": "QUEUE", "component": "ray", "elapsed_sec": 0.040587, "event": "END:human_pop_rollout", "host": "d6b2a058c4be", "pid": 236082, "rank": null, "ts": "2026-10-04 17:12:07"}
[DBG] {"category": "QUEUE", "component": "ray", "event": "human_group_received", "group_id": "e76087e8f6c54963b7b747ca47a5ce46", "host": "d6b2a058c4be", "pid": 236082, "rank": null, "ts": "2026-10-04 17:12:07"}
[DBG] {"category": "RAY", "component": "ray", "event": "human_prompt_begin", "group_id": "e76087e8f6c54963b7b747ca47a5ce46", "host": "d6b2a058c4be", "pid": 236082, "rank": null, "ts": "2026-10-04 17:12:07"}
[DBG] {"category": "RAY", "component": "ray", "event": "human_prompt_end", "group_id": "e76087e8f6c54963b7b747ca47a5ce46", "host": "d6b2a058c4be", "pid": 236082, "rank": null, "ts": "2026-10-04 17:12:19"}
[DBG] {"category": "QUEUE", "component": "ray", "event": "BEGIN:human_put_preference", "group_id": "e76087e8f6c54963b7b747ca47a5ce46", "host": "d6b2a058c4be", "pid": 236082, "rank": null, "ts": "2026-10-04 17:12:19"}
[DBG] {"category": "QUEUE", "component": "ray", "event": "watchdog_armed", "host": "d6b2a058c4be", "pid": 236082, "rank": null, "stage": "human_put_preference", "timeout_sec": 30.0, "ts": "2026-10-04 17:12:19"}
[DBG] {"category": "QUEUE", "component": "ray", "elapsed_sec": 0.028873, "event": "END:human_put_preference", "host": "d6b2a058c4be", "pid": 236082, "rank": null, "ts": "2026-10-04 17:12:19"}
[DBG] {"category": "QUEUE", "component": "ray", "event": "preference_selected", "group_id": "e76087e8f6c54963b7b747ca47a5ce46", "host": "d6b2a058c4be", "pid": 236082, "preference_pending": 1, "rank": null, "selected": 5, "ts": "2026-10-04 17:12:19"}
[DBG] {"axis/human_groups": 5, "category": "QUEUE", "component": "ray", "data/candidate_all": 5, "data/candidate_lgbm_agree": 0, "data/candidate_lgbm_only": 0, "data/candidate_neural_agree": 0, "data/candidate_neural_only": 0, "data/candidate_triple_agree": 0, "data/selected_pairs": 5, "data/selection_rate": 1.0, "event": "pipeline_metrics", "host": "d6b2a058c4be", "pid": 236082, "queue/preference": 1, "queue/rollout": 9, "rank": null, "ts": "2026-10-04 17:12:19"}
[DBG] {"category": "QUEUE", "component": "ray", "event": "BEGIN:human_pop_rollout", "host": "d6b2a058c4be", "pid": 236082, "rank": null, "ts": "2026-10-04 17:12:19"}
[DBG] {"category": "QUEUE", "component": "ray", "event": "watchdog_armed", "host": "d6b2a058c4be", "pid": 236082, "rank": null, "stage": "human_pop_rollout", "timeout_sec": 30.0, "ts": "2026-10-04 17:12:19"}
[DBG] {"category": "QUEUE", "component": "ray", "elapsed_sec": 0.030528, "event": "END:human_pop_rollout", "host": "d6b2a058c4be", "pid": 236082, "rank": null, "ts": "2026-10-04 17:12:19"}
[DBG] {"category": "QUEUE", "component": "ray", "event": "human_group_received", "group_id": "005c01efef5e4a429cd9e7b59933564e", "host": "d6b2a058c4be", "pid": 236082, "rank": null, "ts": "2026-10-04 17:12:19"}
[DBG] {"category": "RAY", "component": "ray", "event": "human_prompt_begin", "group_id": "005c01efef5e4a429cd9e7b59933564e", "host": "d6b2a058c4be", "pid": 236082, "rank": null, "ts": "2026-10-04 17:12:19"}
[DBG] {"category": "RAY", "component": "ray", "event": "human_prompt_end", "group_id": "005c01efef5e4a429cd9e7b59933564e", "host": "d6b2a058c4be", "pid": 236082, "rank": null, "ts": "2026-10-04 17:12:33"}
[DBG] {"category": "QUEUE", "component": "ray", "event": "BEGIN:human_put_preference", "group_id": "005c01efef5e4a429cd9e7b59933564e", "host": "d6b2a058c4be", "pid": 236082, "rank": null, "ts": "2026-10-04 17:12:33"}
[DBG] {"category": "QUEUE", "component": "ray", "event": "watchdog_armed", "host": "d6b2a058c4be", "pid": 236082, "rank": null, "stage": "human_put_preference", "timeout_sec": 30.0, "ts": "2026-10-04 17:12:33"}
[DBG] {"category": "QUEUE", "component": "ray", "elapsed_sec": 0.037439, "event": "END:human_put_preference", "host": "d6b2a058c4be", "pid": 236082, "rank": null, "ts": "2026-10-04 17:12:33"}
[DBG] {"category": "QUEUE", "component": "ray", "event": "preference_selected", "group_id": "005c01efef5e4a429cd9e7b59933564e", "host": "d6b2a058c4be", "pid": 236082, "preference_pending": 2, "rank": null, "selected": 6, "ts": "2026-10-04 17:12:33"}
[DBG] {"axis/human_groups": 6, "category": "QUEUE", "component": "ray", "data/candidate_all": 6, "data/candidate_lgbm_agree": 0, "data/candidate_lgbm_only": 0, "data/candidate_neural_agree": 0, "data/candidate_neural_only": 0, "data/candidate_triple_agree": 0, "data/selected_pairs": 6, "data/selection_rate": 1.0, "event": "pipeline_metrics", "host": "d6b2a058c4be", "pid": 236082, "queue/preference": 2, "queue/rollout": 8, "rank": null, "ts": "2026-10-04 17:12:33"}
[DBG] {"category": "QUEUE", "component": "ray", "event": "BEGIN:human_pop_rollout", "host": "d6b2a058c4be", "pid": 236082, "rank": null, "ts": "2026-10-04 17:12:33"}
[DBG] {"category": "QUEUE", "component": "ray", "event": "watchdog_armed", "host": "d6b2a058c4be", "pid": 236082, "rank": null, "stage": "human_pop_rollout", "timeout_sec": 30.0, "ts": "2026-10-04 17:12:33"}
[DBG] {"category": "QUEUE", "component": "ray", "elapsed_sec": 0.054613, "event": "END:human_pop_rollout", "host": "d6b2a058c4be", "pid": 236082, "rank": null, "ts": "2026-10-04 17:12:33"}
[DBG] {"category": "QUEUE", "component": "ray", "event": "human_group_received", "group_id": "27c6ed2b5df245c195ca52c28677296b", "host": "d6b2a058c4be", "pid": 236082, "rank": null, "ts": "2026-10-04 17:12:33"}
[DBG] {"category": "RAY", "component": "ray", "event": "human_prompt_begin", "group_id": "27c6ed2b5df245c195ca52c28677296b", "host": "d6b2a058c4be", "pid": 236082, "rank": null, "ts": "2026-10-04 17:12:33"}
[DBG] {"category": "RAY", "component": "ray", "event": "human_prompt_end", "group_id": "27c6ed2b5df245c195ca52c28677296b", "host": "d6b2a058c4be", "pid": 236082, "rank": null, "ts": "2026-10-04 17:12:40"}
[DBG] {"category": "QUEUE", "component": "ray", "event": "BEGIN:human_put_preference", "group_id": "27c6ed2b5df245c195ca52c28677296b", "host": "d6b2a058c4be", "pid": 236082, "rank": null, "ts": "2026-10-04 17:12:40"}
[DBG] {"category": "QUEUE", "component": "ray", "event": "watchdog_armed", "host": "d6b2a058c4be", "pid": 236082, "rank": null, "stage": "human_put_preference", "timeout_sec": 30.0, "ts": "2026-10-04 17:12:40"}
[DBG] {"category": "QUEUE", "component": "ray", "elapsed_sec": 0.03125, "event": "END:human_put_preference", "host": "d6b2a058c4be", "pid": 236082, "rank": null, "ts": "2026-10-04 17:12:40"}
[DBG] {"category": "QUEUE", "component": "ray", "event": "preference_selected", "group_id": "27c6ed2b5df245c195ca52c28677296b", "host": "d6b2a058c4be", "pid": 236082, "preference_pending": 3, "rank": null, "selected": 7, "ts": "2026-10-04 17:12:40"}
[DBG] {"axis/human_groups": 7, "category": "QUEUE", "component": "ray", "data/candidate_all": 7, "data/candidate_lgbm_agree": 0, "data/candidate_lgbm_only": 0, "data/candidate_neural_agree": 0, "data/candidate_neural_only": 0, "data/candidate_triple_agree": 0, "data/selected_pairs": 7, "data/selection_rate": 1.0, "event": "pipeline_metrics", "host": "d6b2a058c4be", "pid": 236082, "queue/preference": 3, "queue/rollout": 9, "rank": null, "ts": "2026-10-04 17:12:40"}
[DBG] {"category": "QUEUE", "component": "ray", "event": "BEGIN:human_pop_rollout", "host": "d6b2a058c4be", "pid": 236082, "rank": null, "ts": "2026-10-04 17:12:40"}
[DBG] {"category": "QUEUE", "component": "ray", "event": "watchdog_armed", "host": "d6b2a058c4be", "pid": 236082, "rank": null, "stage": "human_pop_rollout", "timeout_sec": 30.0, "ts": "2026-10-04 17:12:40"}
[DBG] {"category": "QUEUE", "component": "ray", "elapsed_sec": 0.050268, "event": "END:human_pop_rollout", "host": "d6b2a058c4be", "pid": 236082, "rank": null, "ts": "2026-10-04 17:12:40"}
[DBG] {"category": "QUEUE", "component": "ray", "event": "human_group_received", "group_id": "80c06c2ab2ce4c99b36378b0e9dc7987", "host": "d6b2a058c4be", "pid": 236082, "rank": null, "ts": "2026-10-04 17:12:40"}
[DBG] {"category": "RAY", "component": "ray", "event": "human_prompt_begin", "group_id": "80c06c2ab2ce4c99b36378b0e9dc7987", "host": "d6b2a058c4be", "pid": 236082, "rank": null, "ts": "2026-10-04 17:12:40"}
[DBG] {"category": "RAY", "component": "ray", "event": "human_prompt_end", "group_id": "80c06c2ab2ce4c99b36378b0e9dc7987", "host": "d6b2a058c4be", "pid": 236082, "rank": null, "ts": "2026-10-04 17:12:47"}
[DBG] {"category": "QUEUE", "component": "ray", "event": "BEGIN:human_put_preference", "group_id": "80c06c2ab2ce4c99b36378b0e9dc7987", "host": "d6b2a058c4be", "pid": 236082, "rank": null, "ts": "2026-10-04 17:12:47"}
[DBG] {"category": "QUEUE", "component": "ray", "event": "watchdog_armed", "host": "d6b2a058c4be", "pid": 236082, "rank": null, "stage": "human_put_preference", "timeout_sec": 30.0, "ts": "2026-10-04 17:12:47"}
[DBG] {"category": "QUEUE", "component": "ray", "elapsed_sec": 0.031798, "event": "END:human_put_preference", "host": "d6b2a058c4be", "pid": 236082, "rank": null, "ts": "2026-10-04 17:12:48"}
[DBG] {"category": "QUEUE", "component": "ray", "event": "preference_selected", "group_id": "80c06c2ab2ce4c99b36378b0e9dc7987", "host": "d6b2a058c4be", "pid": 236082, "preference_pending": 4, "rank": null, "selected": 8, "ts": "2026-10-04 17:12:48"}
[DBG] {"axis/human_groups": 8, "category": "QUEUE", "component": "ray", "data/candidate_all": 8, "data/candidate_lgbm_agree": 0, "data/candidate_lgbm_only": 0, "data/candidate_neural_agree": 0, "data/candidate_neural_only": 0, "data/candidate_triple_agree": 0, "data/selected_pairs": 8, "data/selection_rate": 1.0, "event": "pipeline_metrics", "host": "d6b2a058c4be", "pid": 236082, "queue/preference": 4, "queue/rollout": 8, "rank": null, "ts": "2026-10-04 17:12:48"}
[DBG] {"category": "QUEUE", "component": "ray", "event": "BEGIN:human_pop_rollout", "host": "d6b2a058c4be", "pid": 236082, "rank": null, "ts": "2026-10-04 17:12:48"}
[DBG] {"category": "QUEUE", "component": "ray", "event": "watchdog_armed", "host": "d6b2a058c4be", "pid": 236082, "rank": null, "stage": "human_pop_rollout", "timeout_sec": 30.0, "ts": "2026-10-04 17:12:48"}
[DBG] {"category": "QUEUE", "component": "ray", "elapsed_sec": 0.049894, "event": "END:human_pop_rollout", "host": "d6b2a058c4be", "pid": 236082, "rank": null, "ts": "2026-10-04 17:12:48"}
[DBG] {"category": "QUEUE", "component": "ray", "event": "human_group_received", "group_id": "606ad32c4359476b9e96969e24269e74", "host": "d6b2a058c4be", "pid": 236082, "rank": null, "ts": "2026-10-04 17:12:48"}
[DBG] {"category": "RAY", "component": "ray", "event": "human_prompt_begin", "group_id": "606ad32c4359476b9e96969e24269e74", "host": "d6b2a058c4be", "pid": 236082, "rank": null, "ts": "2026-10-04 17:12:48"}
[DBG] {"category": "RAY", "component": "ray", "event": "human_prompt_end", "group_id": "606ad32c4359476b9e96969e24269e74", "host": "d6b2a058c4be", "pid": 236082, "rank": null, "ts": "2026-10-04 17:12:52"}
[DBG] {"category": "QUEUE", "component": "ray", "event": "BEGIN:human_put_preference", "group_id": "606ad32c4359476b9e96969e24269e74", "host": "d6b2a058c4be", "pid": 236082, "rank": null, "ts": "2026-10-04 17:12:52"}
[DBG] {"category": "QUEUE", "component": "ray", "event": "watchdog_armed", "host": "d6b2a058c4be", "pid": 236082, "rank": null, "stage": "human_put_preference", "timeout_sec": 30.0, "ts": "2026-10-04 17:12:52"}
[DBG] {"category": "QUEUE", "component": "ray", "elapsed_sec": 0.023679, "event": "END:human_put_preference", "host": "d6b2a058c4be", "pid": 236082, "rank": null, "ts": "2026-10-04 17:12:52"}
[DBG] {"category": "QUEUE", "component": "ray", "event": "preference_selected", "group_id": "606ad32c4359476b9e96969e24269e74", "host": "d6b2a058c4be", "pid": 236082, "preference_pending": 1, "rank": null, "selected": 9, "ts": "2026-10-04 17:12:52"}
[DBG] {"axis/human_groups": 9, "category": "QUEUE", "component": "ray", "data/candidate_all": 9, "data/candidate_lgbm_agree": 0, "data/candidate_lgbm_only": 0, "data/candidate_neural_agree": 0, "data/candidate_neural_only": 0, "data/candidate_triple_agree": 0, "data/selected_pairs": 9, "data/selection_rate": 1.0, "event": "pipeline_metrics", "host": "d6b2a058c4be", "pid": 236082, "queue/preference": 1, "queue/rollout": 9, "rank": null, "ts": "2026-10-04 17:12:52"}
[DBG] {"category": "QUEUE", "component": "ray", "event": "BEGIN:human_pop_rollout", "host": "d6b2a058c4be", "pid": 236082, "rank": null, "ts": "2026-10-04 17:12:52"}
[DBG] {"category": "QUEUE", "component": "ray", "event": "watchdog_armed", "host": "d6b2a058c4be", "pid": 236082, "rank": null, "stage": "human_pop_rollout", "timeout_sec": 30.0, "ts": "2026-10-04 17:12:52"}
[DBG] {"category": "QUEUE", "component": "ray", "elapsed_sec": 0.038083, "event": "END:human_pop_rollout", "host": "d6b2a058c4be", "pid": 236082, "rank": null, "ts": "2026-10-04 17:12:52"}
[DBG] {"category": "QUEUE", "component": "ray", "event": "human_group_received", "group_id": "e54f76d13ef144108a542828a22788dd", "host": "d6b2a058c4be", "pid": 236082, "rank": null, "ts": "2026-10-04 17:12:52"}
[DBG] {"category": "RAY", "component": "ray", "event": "human_prompt_begin", "group_id": "e54f76d13ef144108a542828a22788dd", "host": "d6b2a058c4be", "pid": 236082, "rank": null, "ts": "2026-10-04 17:12:52"}
[DBG] {"category": "RAY", "component": "ray", "event": "human_prompt_end", "group_id": "e54f76d13ef144108a542828a22788dd", "host": "d6b2a058c4be", "pid": 236082, "rank": null, "ts": "2026-10-04 17:13:44"}
[DBG] {"category": "QUEUE", "component": "ray", "event": "BEGIN:human_put_preference", "group_id": "e54f76d13ef144108a542828a22788dd", "host": "d6b2a058c4be", "pid": 236082, "rank": null, "ts": "2026-10-04 17:13:44"}
[DBG] {"category": "QUEUE", "component": "ray", "event": "watchdog_armed", "host": "d6b2a058c4be", "pid": 236082, "rank": null, "stage": "human_put_preference", "timeout_sec": 30.0, "ts": "2026-10-04 17:13:44"}
[DBG] {"category": "QUEUE", "component": "ray", "elapsed_sec": 0.038817, "event": "END:human_put_preference", "host": "d6b2a058c4be", "pid": 236082, "rank": null, "ts": "2026-10-04 17:13:44"}
[DBG] {"category": "QUEUE", "component": "ray", "event": "preference_selected", "group_id": "e54f76d13ef144108a542828a22788dd", "host": "d6b2a058c4be", "pid": 236082, "preference_pending": 2, "rank": null, "selected": 10, "ts": "2026-10-04 17:13:44"}
[DBG] {"axis/human_groups": 10, "category": "QUEUE", "component": "ray", "data/candidate_all": 10, "data/candidate_lgbm_agree": 0, "data/candidate_lgbm_only": 0, "data/candidate_neural_agree": 0, "data/candidate_neural_only": 0, "data/candidate_triple_agree": 0, "data/selected_pairs": 10, "data/selection_rate": 1.0, "event": "pipeline_metrics", "host": "d6b2a058c4be", "pid": 236082, "queue/preference": 2, "queue/rollout": 8, "rank": null, "ts": "2026-10-04 17:13:44"}
[DBG] {"category": "QUEUE", "component": "ray", "event": "BEGIN:human_pop_rollout", "host": "d6b2a058c4be", "pid": 236082, "rank": null, "ts": "2026-10-04 17:13:44"}
[DBG] {"category": "QUEUE", "component": "ray", "event": "watchdog_armed", "host": "d6b2a058c4be", "pid": 236082, "rank": null, "stage": "human_pop_rollout", "timeout_sec": 30.0, "ts": "2026-10-04 17:13:44"}
[DBG] {"category": "QUEUE", "component": "ray", "elapsed_sec": 0.064933, "event": "END:human_pop_rollout", "host": "d6b2a058c4be", "pid": 236082, "rank": null, "ts": "2026-10-04 17:13:44"}
[DBG] {"category": "QUEUE", "component": "ray", "event": "human_group_received", "group_id": "17388aa7bc964589b813159a2c153dd6", "host": "d6b2a058c4be", "pid": 236082, "rank": null, "ts": "2026-10-04 17:13:44"}
[DBG] {"category": "RAY", "component": "ray", "event": "human_prompt_begin", "group_id": "17388aa7bc964589b813159a2c153dd6", "host": "d6b2a058c4be", "pid": 236082, "rank": null, "ts": "2026-10-04 17:13:44"}
[DBG] {"category": "RAY", "component": "ray", "event": "human_prompt_end", "group_id": "17388aa7bc964589b813159a2c153dd6", "host": "d6b2a058c4be", "pid": 236082, "rank": null, "ts": "2026-10-04 17:13:48"}
[DBG] {"category": "QUEUE", "component": "ray", "event": "BEGIN:human_put_preference", "group_id": "17388aa7bc964589b813159a2c153dd6", "host": "d6b2a058c4be", "pid": 236082, "rank": null, "ts": "2026-10-04 17:13:48"}
[DBG] {"category": "QUEUE", "component": "ray", "event": "watchdog_armed", "host": "d6b2a058c4be", "pid": 236082, "rank": null, "stage": "human_put_preference", "timeout_sec": 30.0, "ts": "2026-10-04 17:13:48"}
[DBG] {"category": "QUEUE", "component": "ray", "elapsed_sec": 0.040273, "event": "END:human_put_preference", "host": "d6b2a058c4be", "pid": 236082, "rank": null, "ts": "2026-10-04 17:13:48"}
[DBG] {"category": "QUEUE", "component": "ray", "event": "preference_selected", "group_id": "17388aa7bc964589b813159a2c153dd6", "host": "d6b2a058c4be", "pid": 236082, "preference_pending": 3, "rank": null, "selected": 11, "ts": "2026-10-04 17:13:48"}
[DBG] {"axis/human_groups": 11, "category": "QUEUE", "component": "ray", "data/candidate_all": 11, "data/candidate_lgbm_agree": 0, "data/candidate_lgbm_only": 0, "data/candidate_neural_agree": 0, "data/candidate_neural_only": 0, "data/candidate_triple_agree": 0, "data/selected_pairs": 11, "data/selection_rate": 1.0, "event": "pipeline_metrics", "host": "d6b2a058c4be", "pid": 236082, "queue/preference": 3, "queue/rollout": 9, "rank": null, "ts": "2026-10-04 17:13:48"}
[DBG] {"category": "QUEUE", "component": "ray", "event": "BEGIN:human_pop_rollout", "host": "d6b2a058c4be", "pid": 236082, "rank": null, "ts": "2026-10-04 17:13:48"}
[DBG] {"category": "QUEUE", "component": "ray", "event": "watchdog_armed", "host": "d6b2a058c4be", "pid": 236082, "rank": null, "stage": "human_pop_rollout", "timeout_sec": 30.0, "ts": "2026-10-04 17:13:48"}
[DBG] {"category": "QUEUE", "component": "ray", "elapsed_sec": 0.062504, "event": "END:human_pop_rollout", "host": "d6b2a058c4be", "pid": 236082, "rank": null, "ts": "2026-10-04 17:13:48"}
[DBG] {"category": "QUEUE", "component": "ray", "event": "human_group_received", "group_id": "657d2fe32fa14959b822114d3763ee25", "host": "d6b2a058c4be", "pid": 236082, "rank": null, "ts": "2026-10-04 17:13:48"}
[DBG] {"category": "RAY", "component": "ray", "event": "human_prompt_begin", "group_id": "657d2fe32fa14959b822114d3763ee25", "host": "d6b2a058c4be", "pid": 236082, "rank": null, "ts": "2026-10-04 17:13:48"}
[DBG] {"category": "RAY", "component": "ray", "event": "human_prompt_end", "group_id": "657d2fe32fa14959b822114d3763ee25", "host": "d6b2a058c4be", "pid": 236082, "rank": null, "ts": "2026-10-04 17:14:53"}
[DBG] {"category": "QUEUE", "component": "ray", "event": "BEGIN:human_put_preference", "group_id": "657d2fe32fa14959b822114d3763ee25", "host": "d6b2a058c4be", "pid": 236082, "rank": null, "ts": "2026-10-04 17:14:53"}
[DBG] {"category": "QUEUE", "component": "ray", "event": "watchdog_armed", "host": "d6b2a058c4be", "pid": 236082, "rank": null, "stage": "human_put_preference", "timeout_sec": 30.0, "ts": "2026-10-04 17:14:53"}
[DBG] {"category": "QUEUE", "component": "ray", "elapsed_sec": 0.03428, "event": "END:human_put_preference", "host": "d6b2a058c4be", "pid": 236082, "rank": null, "ts": "2026-10-04 17:14:53"}
[DBG] {"category": "QUEUE", "component": "ray", "event": "preference_selected", "group_id": "657d2fe32fa14959b822114d3763ee25", "host": "d6b2a058c4be", "pid": 236082, "preference_pending": 4, "rank": null, "selected": 12, "ts": "2026-10-04 17:14:53"}
[DBG] {"axis/human_groups": 12, "category": "QUEUE", "component": "ray", "data/candidate_all": 12, "data/candidate_lgbm_agree": 0, "data/candidate_lgbm_only": 0, "data/candidate_neural_agree": 0, "data/candidate_neural_only": 0, "data/candidate_triple_agree": 0, "data/selected_pairs": 12, "data/selection_rate": 1.0, "event": "pipeline_metrics", "host": "d6b2a058c4be", "pid": 236082, "queue/preference": 4, "queue/rollout": 8, "rank": null, "ts": "2026-10-04 17:14:53"}
[DBG] {"category": "QUEUE", "component": "ray", "event": "BEGIN:human_pop_rollout", "host": "d6b2a058c4be", "pid": 236082, "rank": null, "ts": "2026-10-04 17:14:53"}
[DBG] {"category": "QUEUE", "component": "ray", "event": "watchdog_armed", "host": "d6b2a058c4be", "pid": 236082, "rank": null, "stage": "human_pop_rollout", "timeout_sec": 30.0, "ts": "2026-10-04 17:14:53"}
[DBG] {"category": "QUEUE", "component": "ray", "elapsed_sec": 0.058514, "event": "END:human_pop_rollout", "host": "d6b2a058c4be", "pid": 236082, "rank": null, "ts": "2026-10-04 17:14:53"}
[DBG] {"category": "QUEUE", "component": "ray", "event": "human_group_received", "group_id": "f12215af860e4fe9a44b994337a4e7cf", "host": "d6b2a058c4be", "pid": 236082, "rank": null, "ts": "2026-10-04 17:14:53"}
[DBG] {"category": "RAY", "component": "ray", "event": "human_prompt_begin", "group_id": "f12215af860e4fe9a44b994337a4e7cf", "host": "d6b2a058c4be", "pid": 236082, "rank": null, "ts": "2026-10-04 17:14:53"}
[DBG] {"category": "RAY", "component": "ray", "event": "human_prompt_end", "group_id": "f12215af860e4fe9a44b994337a4e7cf", "host": "d6b2a058c4be", "pid": 236082, "rank": null, "ts": "2026-10-04 17:14:56"}
[DBG] {"category": "QUEUE", "component": "ray", "event": "BEGIN:human_put_preference", "group_id": "f12215af860e4fe9a44b994337a4e7cf", "host": "d6b2a058c4be", "pid": 236082, "rank": null, "ts": "2026-10-04 17:14:56"}
[DBG] {"category": "QUEUE", "component": "ray", "event": "watchdog_armed", "host": "d6b2a058c4be", "pid": 236082, "rank": null, "stage": "human_put_preference", "timeout_sec": 30.0, "ts": "2026-10-04 17:14:56"}
[DBG] {"category": "QUEUE", "component": "ray", "elapsed_sec": 0.025199, "event": "END:human_put_preference", "host": "d6b2a058c4be", "pid": 236082, "rank": null, "ts": "2026-10-04 17:14:56"}
[DBG] {"category": "QUEUE", "component": "ray", "event": "preference_selected", "group_id": "f12215af860e4fe9a44b994337a4e7cf", "host": "d6b2a058c4be", "pid": 236082, "preference_pending": 1, "rank": null, "selected": 13, "ts": "2026-10-04 17:14:56"}
[DBG] {"axis/human_groups": 13, "category": "QUEUE", "component": "ray", "data/candidate_all": 13, "data/candidate_lgbm_agree": 0, "data/candidate_lgbm_only": 0, "data/candidate_neural_agree": 0, "data/candidate_neural_only": 0, "data/candidate_triple_agree": 0, "data/selected_pairs": 13, "data/selection_rate": 1.0, "event": "pipeline_metrics", "host": "d6b2a058c4be", "pid": 236082, "queue/preference": 1, "queue/rollout": 9, "rank": null, "ts": "2026-10-04 17:14:56"}
[DBG] {"category": "QUEUE", "component": "ray", "event": "BEGIN:human_pop_rollout", "host": "d6b2a058c4be", "pid": 236082, "rank": null, "ts": "2026-10-04 17:14:56"}
[DBG] {"category": "QUEUE", "component": "ray", "event": "watchdog_armed", "host": "d6b2a058c4be", "pid": 236082, "rank": null, "stage": "human_pop_rollout", "timeout_sec": 30.0, "ts": "2026-10-04 17:14:56"}
[DBG] {"category": "QUEUE", "component": "ray", "elapsed_sec": 0.056629, "event": "END:human_pop_rollout", "host": "d6b2a058c4be", "pid": 236082, "rank": null, "ts": "2026-10-04 17:14:56"}
[DBG] {"category": "QUEUE", "component": "ray", "event": "human_group_received", "group_id": "4d27f60a69274d3daf12035f1dd21cd4", "host": "d6b2a058c4be", "pid": 236082, "rank": null, "ts": "2026-10-04 17:14:56"}
[DBG] {"category": "RAY", "component": "ray", "event": "human_prompt_begin", "group_id": "4d27f60a69274d3daf12035f1dd21cd4", "host": "d6b2a058c4be", "pid": 236082, "rank": null, "ts": "2026-10-04 17:14:56"}
[DBG] {"category": "RAY", "component": "ray", "event": "human_prompt_end", "group_id": "4d27f60a69274d3daf12035f1dd21cd4", "host": "d6b2a058c4be", "pid": 236082, "rank": null, "ts": "2026-10-04 17:14:59"}
[DBG] {"category": "QUEUE", "component": "ray", "event": "BEGIN:human_put_preference", "group_id": "4d27f60a69274d3daf12035f1dd21cd4", "host": "d6b2a058c4be", "pid": 236082, "rank": null, "ts": "2026-10-04 17:14:59"}
[DBG] {"category": "QUEUE", "component": "ray", "event": "watchdog_armed", "host": "d6b2a058c4be", "pid": 236082, "rank": null, "stage": "human_put_preference", "timeout_sec": 30.0, "ts": "2026-10-04 17:14:59"}
[DBG] {"category": "QUEUE", "component": "ray", "elapsed_sec": 0.035489, "event": "END:human_put_preference", "host": "d6b2a058c4be", "pid": 236082, "rank": null, "ts": "2026-10-04 17:14:59"}
[DBG] {"category": "QUEUE", "component": "ray", "event": "preference_selected", "group_id": "4d27f60a69274d3daf12035f1dd21cd4", "host": "d6b2a058c4be", "pid": 236082, "preference_pending": 2, "rank": null, "selected": 14, "ts": "2026-10-04 17:14:59"}
[DBG] {"axis/human_groups": 14, "category": "QUEUE", "component": "ray", "data/candidate_all": 14, "data/candidate_lgbm_agree": 0, "data/candidate_lgbm_only": 0, "data/candidate_neural_agree": 0, "data/candidate_neural_only": 0, "data/candidate_triple_agree": 0, "data/selected_pairs": 14, "data/selection_rate": 1.0, "event": "pipeline_metrics", "host": "d6b2a058c4be", "pid": 236082, "queue/preference": 2, "queue/rollout": 8, "rank": null, "ts": "2026-10-04 17:14:59"}
[DBG] {"category": "QUEUE", "component": "ray", "event": "BEGIN:human_pop_rollout", "host": "d6b2a058c4be", "pid": 236082, "rank": null, "ts": "2026-10-04 17:14:59"}
[DBG] {"category": "QUEUE", "component": "ray", "event": "watchdog_armed", "host": "d6b2a058c4be", "pid": 236082, "rank": null, "stage": "human_pop_rollout", "timeout_sec": 30.0, "ts": "2026-10-04 17:14:59"}
[DBG] {"category": "QUEUE", "component": "ray", "elapsed_sec": 0.057586, "event": "END:human_pop_rollout", "host": "d6b2a058c4be", "pid": 236082, "rank": null, "ts": "2026-10-04 17:14:59"}
[DBG] {"category": "QUEUE", "component": "ray", "event": "human_group_received", "group_id": "6d95b58f540d4a5084e50974e72479e3", "host": "d6b2a058c4be", "pid": 236082, "rank": null, "ts": "2026-10-04 17:14:59"}
[DBG] {"category": "RAY", "component": "ray", "event": "human_prompt_begin", "group_id": "6d95b58f540d4a5084e50974e72479e3", "host": "d6b2a058c4be", "pid": 236082, "rank": null, "ts": "2026-10-04 17:14:59"}
[DBG] {"category": "RAY", "component": "ray", "event": "human_prompt_end", "group_id": "6d95b58f540d4a5084e50974e72479e3", "host": "d6b2a058c4be", "pid": 236082, "rank": null, "ts": "2026-10-04 17:15:02"}
[DBG] {"category": "QUEUE", "component": "ray", "event": "BEGIN:human_put_preference", "group_id": "6d95b58f540d4a5084e50974e72479e3", "host": "d6b2a058c4be", "pid": 236082, "rank": null, "ts": "2026-10-04 17:15:02"}
[DBG] {"category": "QUEUE", "component": "ray", "event": "watchdog_armed", "host": "d6b2a058c4be", "pid": 236082, "rank": null, "stage": "human_put_preference", "timeout_sec": 30.0, "ts": "2026-10-04 17:15:02"}
[DBG] {"category": "QUEUE", "component": "ray", "elapsed_sec": 0.040219, "event": "END:human_put_preference", "host": "d6b2a058c4be", "pid": 236082, "rank": null, "ts": "2026-10-04 17:15:02"}
[DBG] {"category": "QUEUE", "component": "ray", "event": "preference_selected", "group_id": "6d95b58f540d4a5084e50974e72479e3", "host": "d6b2a058c4be", "pid": 236082, "preference_pending": 3, "rank": null, "selected": 15, "ts": "2026-10-04 17:15:02"}
[DBG] {"axis/human_groups": 15, "category": "QUEUE", "component": "ray", "data/candidate_all": 15, "data/candidate_lgbm_agree": 0, "data/candidate_lgbm_only": 0, "data/candidate_neural_agree": 0, "data/candidate_neural_only": 0, "data/candidate_triple_agree": 0, "data/selected_pairs": 15, "data/selection_rate": 1.0, "event": "pipeline_metrics", "host": "d6b2a058c4be", "pid": 236082, "queue/preference": 3, "queue/rollout": 9, "rank": null, "ts": "2026-10-04 17:15:02"}
[DBG] {"category": "QUEUE", "component": "ray", "event": "BEGIN:human_pop_rollout", "host": "d6b2a058c4be", "pid": 236082, "rank": null, "ts": "2026-10-04 17:15:02"}
[DBG] {"category": "QUEUE", "component": "ray", "event": "watchdog_armed", "host": "d6b2a058c4be", "pid": 236082, "rank": null, "stage": "human_pop_rollout", "timeout_sec": 30.0, "ts": "2026-10-04 17:15:02"}
[DBG] {"category": "QUEUE", "component": "ray", "elapsed_sec": 0.064391, "event": "END:human_pop_rollout", "host": "d6b2a058c4be", "pid": 236082, "rank": null, "ts": "2026-10-04 17:15:02"}
[DBG] {"category": "QUEUE", "component": "ray", "event": "human_group_received", "group_id": "d9ec43c9a1024023acac863fe2644621", "host": "d6b2a058c4be", "pid": 236082, "rank": null, "ts": "2026-10-04 17:15:02"}
[DBG] {"category": "RAY", "component": "ray", "event": "human_prompt_begin", "group_id": "d9ec43c9a1024023acac863fe2644621", "host": "d6b2a058c4be", "pid": 236082, "rank": null, "ts": "2026-10-04 17:15:02"}
[DBG] {"category": "RAY", "component": "ray", "event": "human_prompt_end", "group_id": "d9ec43c9a1024023acac863fe2644621", "host": "d6b2a058c4be", "pid": 236082, "rank": null, "ts": "2026-10-04 17:15:05"}
[DBG] {"category": "QUEUE", "component": "ray", "event": "BEGIN:human_put_preference", "group_id": "d9ec43c9a1024023acac863fe2644621", "host": "d6b2a058c4be", "pid": 236082, "rank": null, "ts": "2026-10-04 17:15:05"}
[DBG] {"category": "QUEUE", "component": "ray", "event": "watchdog_armed", "host": "d6b2a058c4be", "pid": 236082, "rank": null, "stage": "human_put_preference", "timeout_sec": 30.0, "ts": "2026-10-04 17:15:05"}
[DBG] {"category": "QUEUE", "component": "ray", "elapsed_sec": 0.023499, "event": "END:human_put_preference", "host": "d6b2a058c4be", "pid": 236082, "rank": null, "ts": "2026-10-04 17:15:05"}
[DBG] {"category": "QUEUE", "component": "ray", "event": "preference_selected", "group_id": "d9ec43c9a1024023acac863fe2644621", "host": "d6b2a058c4be", "pid": 236082, "preference_pending": 4, "rank": null, "selected": 16, "ts": "2026-10-04 17:15:05"}
[DBG] {"axis/human_groups": 16, "category": "QUEUE", "component": "ray", "data/candidate_all": 16, "data/candidate_lgbm_agree": 0, "data/candidate_lgbm_only": 0, "data/candidate_neural_agree": 0, "data/candidate_neural_only": 0, "data/candidate_triple_agree": 0, "data/selected_pairs": 16, "data/selection_rate": 1.0, "event": "pipeline_metrics", "host": "d6b2a058c4be", "pid": 236082, "queue/preference": 0, "queue/rollout": 8, "rank": null, "ts": "2026-10-04 17:15:05"}
[DBG] {"category": "QUEUE", "component": "ray", "event": "BEGIN:human_pop_rollout", "host": "d6b2a058c4be", "pid": 236082, "rank": null, "ts": "2026-10-04 17:15:05"}
[DBG] {"category": "QUEUE", "component": "ray", "event": "watchdog_armed", "host": "d6b2a058c4be", "pid": 236082, "rank": null, "stage": "human_pop_rollout", "timeout_sec": 30.0, "ts": "2026-10-04 17:15:05"}
[DBG] {"category": "QUEUE", "component": "ray", "elapsed_sec": 0.057846, "event": "END:human_pop_rollout", "host": "d6b2a058c4be", "pid": 236082, "rank": null, "ts": "2026-10-04 17:15:06"}
[DBG] {"category": "QUEUE", "component": "ray", "event": "human_group_received", "group_id": "7a2d11ebf6c143b3aeda3f8d1d989813", "host": "d6b2a058c4be", "pid": 236082, "rank": null, "ts": "2026-10-04 17:15:06"}
[DBG] {"category": "RAY", "component": "ray", "event": "human_prompt_begin", "group_id": "7a2d11ebf6c143b3aeda3f8d1d989813", "host": "d6b2a058c4be", "pid": 236082, "rank": null, "ts": "2026-10-04 17:15:06"}
[DBG] {"category": "RAY", "component": "ray", "event": "human_prompt_end", "group_id": "7a2d11ebf6c143b3aeda3f8d1d989813", "host": "d6b2a058c4be", "pid": 236082, "rank": null, "ts": "2026-10-04 17:16:54"}
[DBG] {"category": "QUEUE", "component": "ray", "event": "BEGIN:human_put_preference", "group_id": "7a2d11ebf6c143b3aeda3f8d1d989813", "host": "d6b2a058c4be", "pid": 236082, "rank": null, "ts": "2026-10-04 17:16:54"}
[DBG] {"category": "QUEUE", "component": "ray", "event": "watchdog_armed", "host": "d6b2a058c4be", "pid": 236082, "rank": null, "stage": "human_put_preference", "timeout_sec": 30.0, "ts": "2026-10-04 17:16:54"}
[DBG] {"category": "QUEUE", "component": "ray", "elapsed_sec": 0.038797, "event": "END:human_put_preference", "host": "d6b2a058c4be", "pid": 236082, "rank": null, "ts": "2026-10-04 17:16:54"}
[DBG] {"category": "QUEUE", "component": "ray", "event": "preference_selected", "group_id": "7a2d11ebf6c143b3aeda3f8d1d989813", "host": "d6b2a058c4be", "pid": 236082, "preference_pending": 1, "rank": null, "selected": 17, "ts": "2026-10-04 17:16:54"}
[DBG] {"axis/human_groups": 17, "category": "QUEUE", "component": "ray", "data/candidate_all": 17, "data/candidate_lgbm_agree": 0, "data/candidate_lgbm_only": 0, "data/candidate_neural_agree": 0, "data/candidate_neural_only": 0, "data/candidate_triple_agree": 0, "data/selected_pairs": 17, "data/selection_rate": 1.0, "event": "pipeline_metrics", "host": "d6b2a058c4be", "pid": 236082, "queue/preference": 1, "queue/rollout": 9, "rank": null, "ts": "2026-10-04 17:16:54"}
[DBG] {"category": "RAY", "component": "ray", "event": "trainer_ref_ready", "host": "d6b2a058c4be", "pid": 236082, "rank": null, "ts": "2026-10-04 17:16:54"}
[DBG] {"category": "RAY", "component": "ray", "event": "shutdown_begin", "host": "d6b2a058c4be", "pid": 236082, "rank": null, "ts": "2026-10-04 17:16:54"}
[DBG] {"category": "RAY", "component": "ray", "event": "BEGIN:join_trainer", "host": "d6b2a058c4be", "pid": 236082, "rank": null, "ts": "2026-10-04 17:16:54"}
[DBG] {"category": "RAY", "component": "ray", "event": "watchdog_armed", "host": "d6b2a058c4be", "pid": 236082, "rank": null, "stage": "join_trainer", "timeout_sec": 30.0, "ts": "2026-10-04 17:16:54"}
[DBG] {"category": "RAY", "component": "ray", "error": "\u001b[36mray::TrainerJob.run()\u001b[39m (pid=238272, ip=172.20.0.2, actor_id=d82b92f4bb97af9dd0b1d8bc01000000, repr=<orchestrator.TrainerJob object at 0x728e4f0578d0>)\n           ^^^^^^^^^^^^^^^^^^^^^^^^^^^^^^^^^^^^\n           ^^^^^^^^^^^^^^^^^^^^^^^^^^^^^^^\n  File \"/root/Recursive_RLHF_training_for_LLM/orchestrator.py\", line 118, in run\n    result = trainer.fit()\n             ^^^^^^^^^^^^^\n  File \"/usr/local/lib/python3.11/dist-packages/ray/train/v2/api/data_parallel_trainer.py\", line 193, in fit\n    raise result.error\nray.train.WorkerGroupError: Training failed due to worker errors:\n[Rank 0 Error Snippet]:\n\u001b[36mray::TrainerJob.run()\u001b[39m (pid=238272, ip=172.20.0.2, actor_id=d82b92f4bb97af9dd0b1d8bc01000000, repr=<orchestrator.TrainerJob object at 0x728e4f0578d0>)\n  File \"/root/Recursive_RLHF_training_for_LLM/train/train.py\", line 35, in __call__\n    FSDPDPOTrainer(loop_config, dbg).run()\n  File \"/root/Recursive_RLHF_training_for_LLM/train/train.py\", line 141, in run\n    self._sync_inference()\n  File \"/root/Recursive_RLHF_training_for_LLM/train/train.py\", line 591, in _sync_inference\n    ray.get(self.inference.reload.remote(str(path), next_version))\n... (Output truncated. See individual worker logs for full details) ...\nest ID: Root=1-6ac2899e-7bf87cc77224e1cf6acc48c0;8b2c36ab-4ac7-4f7f-8257-0e07bf8bfbeb)\n\nRepository Not Found for url: https://huggingface.co/api/models/checkpoints/policy_v1/revision/main.\nPlease make sure you specified the correct `repo_id` and `repo_type`.\nIf you are trying to access a private or gated repo, make sure you are authenticated and your token has the required permissions.\nFor more details, see https://huggingface.co/docs/huggingface_hub/authentication\nInvalid username or password.", "error_type": "RayTaskError(WorkerGroupError)", "event": "ERROR:join_trainer", "host": "d6b2a058c4be", "pid": 236082, "rank": null, "traceback": "Traceback (most recent call last):\n  File \"/root/Recursive_RLHF_training_for_LLM/orchestrator.py\", line 162, in run\n    self._human_loop()\n  File \"/root/Recursive_RLHF_training_for_LLM/orchestrator.py\", line 345, in _human_loop\n    if self._check_trainer():\n       ^^^^^^^^^^^^^^^^^^^^^\n  File \"/root/Recursive_RLHF_training_for_LLM/orchestrator.py\", line 336, in _check_trainer\n    result = ray.get(ready[0])\n             ^^^^^^^^^^^^^^^^^\n  File \"/usr/local/lib/python3.11/dist-packages/ray/_private/auto_init_hook.py\", line 22, in auto_init_wrapper\n    return fn(*args, **kwargs)\n           ^^^^^^^^^^^^^^^^^^^\n  File \"/usr/local/lib/python3.11/dist-packages/ray/_private/client_mode_hook.py\", line 135, in wrapper\n    return func(*args, **kwargs)\n           ^^^^^^^^^^^^^^^^^^^^^\n  File \"/usr/local/lib/python3.11/dist-packages/ray/_private/worker.py\", line 3004, in get\n    values, debugger_breakpoint = worker.get_objects(\n                                  ^^^^^^^^^^^^^^^^^^^\n  File \"/usr/local/lib/python3.11/dist-packages/ray/_private/worker.py\", line 1053, in get_objects\n    raise value.as_instanceof_cause()\nray.exceptions.RayTaskError(WorkerGroupError): \u001b[36mray::TrainerJob.run()\u001b[39m (pid=238272, ip=172.20.0.2, actor_id=d82b92f4bb97af9dd0b1d8bc01000000, repr=<orchestrator.TrainerJob object at 0x728e4f0578d0>)\n           ^^^^^^^^^^^^^^^^^^^^^^^^^^^^^^^^^^^^\n           ^^^^^^^^^^^^^^^^^^^^^^^^^^^^^^^\n  File \"/root/Recursive_RLHF_training_for_LLM/orchestrator.py\", line 118, in run\n    result = trainer.fit()\n             ^^^^^^^^^^^^^\n  File \"/usr/local/lib/python3.11/dist-packages/ray/train/v2/api/data_parallel_trainer.py\", line 193, in fit\n    raise result.error\nray.train.WorkerGroupError: Training failed due to worker errors:\n[Rank 0 Error Snippet]:\n\u001b[36mray::TrainerJob.run()\u001b[39m (pid=238272, ip=172.20.0.2, actor_id=d82b92f4bb97af9dd0b1d8bc01000000, repr=<orchestrator.TrainerJob object at 0x728e4f0578d0>)\n  File \"/root/Recursive_RLHF_training_for_LLM/train/train.py\", line 35, in __call__\n    FSDPDPOTrainer(loop_config, dbg).run()\n  File \"/root/Recursive_RLHF_training_for_LLM/train/train.py\", line 141, in run\n    self._sync_inference()\n  File \"/root/Recursive_RLHF_training_for_LLM/train/train.py\", line 591, in _sync_inference\n    ray.get(self.inference.reload.remote(str(path), next_version))\n... (Output truncated. See individual worker logs for full details) ...\nest ID: Root=1-6ac2899e-7bf87cc77224e1cf6acc48c0;8b2c36ab-4ac7-4f7f-8257-0e07bf8bfbeb)\n\nRepository Not Found for url: https://huggingface.co/api/models/checkpoints/policy_v1/revision/main.\nPlease make sure you specified the correct `repo_id` and `repo_type`.\nIf you are trying to access a private or gated repo, make sure you are authenticated and your token has the required permissions.\nFor more details, see https://huggingface.co/docs/huggingface_hub/authentication\nInvalid username or password.\n\nDuring handling of the above exception, another exception occurred:\n\nTraceback (most recent call last):\n  File \"/root/Recursive_RLHF_training_for_LLM/debug.py\", line 154, in stage\n    yield\n  File \"/root/Recursive_RLHF_training_for_LLM/orchestrator.py\", line 178, in run\n    ray.get(ref, timeout=30)\n  File \"/usr/local/lib/python3.11/dist-packages/ray/_private/auto_init_hook.py\", line 22, in auto_init_wrapper\n    return fn(*args, **kwargs)\n           ^^^^^^^^^^^^^^^^^^^\n  File \"/usr/local/lib/python3.11/dist-packages/ray/_private/client_mode_hook.py\", line 135, in wrapper\n    return func(*args, **kwargs)\n           ^^^^^^^^^^^^^^^^^^^^^\n  File \"/usr/local/lib/python3.11/dist-packages/ray/_private/worker.py\", line 3004, in get\n    values, debugger_breakpoint = worker.get_objects(\n                                  ^^^^^^^^^^^^^^^^^^^\n  File \"/usr/local/lib/python3.11/dist-packages/ray/_private/worker.py\", line 1053, in get_objects\n    raise value.as_instanceof_cause()\nray.exceptions.RayTaskError(WorkerGroupError): \u001b[36mray::TrainerJob.run()\u001b[39m (pid=238272, ip=172.20.0.2, actor_id=d82b92f4bb97af9dd0b1d8bc01000000, repr=<orchestrator.TrainerJob object at 0x728e4f0578d0>)\n           ^^^^^^^^^^^^^^^^^^^^^^^^^^^^^^^^^^^^\n           ^^^^^^^^^^^^^^^^^^^^^^^^^^^^^^^\n  File \"/root/Recursive_RLHF_training_for_LLM/orchestrator.py\", line 118, in run\n    result = trainer.fit()\n             ^^^^^^^^^^^^^\n  File \"/usr/local/lib/python3.11/dist-packages/ray/train/v2/api/data_parallel_trainer.py\", line 193, in fit\n    raise result.error\nray.train.WorkerGroupError: Training failed due to worker errors:\n[Rank 0 Error Snippet]:\n\u001b[36mray::TrainerJob.run()\u001b[39m (pid=238272, ip=172.20.0.2, actor_id=d82b92f4bb97af9dd0b1d8bc01000000, repr=<orchestrator.TrainerJob object at 0x728e4f0578d0>)\n  File \"/root/Recursive_RLHF_training_for_LLM/train/train.py\", line 35, in __call__\n    FSDPDPOTrainer(loop_config, dbg).run()\n  File \"/root/Recursive_RLHF_training_for_LLM/train/train.py\", line 141, in run\n    self._sync_inference()\n  File \"/root/Recursive_RLHF_training_for_LLM/train/train.py\", line 591, in _sync_inference\n    ray.get(self.inference.reload.remote(str(path), next_version))\n... (Output truncated. See individual worker logs for full details) ...\nest ID: Root=1-6ac2899e-7bf87cc77224e1cf6acc48c0;8b2c36ab-4ac7-4f7f-8257-0e07bf8bfbeb)\n\nRepository Not Found for url: https://huggingface.co/api/models/checkpoints/policy_v1/revision/main.\nPlease make sure you specified the correct `repo_id` and `repo_type`.\nIf you are trying to access a private or gated repo, make sure you are authenticated and your token has the required permissions.\nFor more details, see https://huggingface.co/docs/huggingface_hub/authentication\nInvalid username or password.\n", "ts": "2026-10-04 17:16:54"}
[DBG] {"category": "RAY", "component": "ray", "elapsed_sec": 0.004226, "event": "END:join_trainer", "host": "d6b2a058c4be", "pid": 236082, "rank": null, "ts": "2026-10-04 17:16:54"}
[DBG] {"category": "RAY", "component": "ray", "error": "\u001b[36mray::TrainerJob.run()\u001b[39m (pid=238272, ip=172.20.0.2, actor_id=d82b92f4bb97af9dd0b1d8bc01000000, repr=<orchestrator.TrainerJob object at 0x728e4f0578d0>)\n           ^^^^^^^^^^^^^^^^^^^^^^^^^^^^^^^^^^^^\n           ^^^^^^^^^^^^^^^^^^^^^^^^^^^^^^^\n  File \"/root/Recursive_RLHF_training_for_LLM/orchestrator.py\", line 118, in run\n    result = trainer.fit()\n             ^^^^^^^^^^^^^\n  File \"/usr/local/lib/python3.11/dist-packages/ray/train/v2/api/data_parallel_trainer.py\", line 193, in fit\n    raise result.error\nray.train.WorkerGroupError: Training failed due to worker errors:\n[Rank 0 Error Snippet]:\n\u001b[36mray::TrainerJob.run()\u001b[39m (pid=238272, ip=172.20.0.2, actor_id=d82b92f4bb97af9dd0b1d8bc01000000, repr=<orchestrator.TrainerJob object at 0x728e4f0578d0>)\n  File \"/root/Recursive_RLHF_training_for_LLM/train/train.py\", line 35, in __call__\n    FSDPDPOTrainer(loop_config, dbg).run()\n  File \"/root/Recursive_RLHF_training_for_LLM/train/train.py\", line 141, in run\n    self._sync_inference()\n  File \"/root/Recursive_RLHF_training_for_LLM/train/train.py\", line 591, in _sync_inference\n    ray.get(self.inference.reload.remote(str(path), next_version))\n... (Output truncated. See individual worker logs for full details) ...\nest ID: Root=1-6ac2899e-7bf87cc77224e1cf6acc48c0;8b2c36ab-4ac7-4f7f-8257-0e07bf8bfbeb)\n\nRepository Not Found for url: https://huggingface.co/api/models/checkpoints/policy_v1/revision/main.\nPlease make sure you specified the correct `repo_id` and `repo_type`.\nIf you are trying to access a private or gated repo, make sure you are authenticated and your token has the required permissions.\nFor more details, see https://huggingface.co/docs/huggingface_hub/authentication\nInvalid username or password.", "error_type": "RayTaskError(WorkerGroupError)", "event": "join_trainer_failed", "host": "d6b2a058c4be", "pid": 236082, "rank": null, "traceback": "Traceback (most recent call last):\n  File \"/root/Recursive_RLHF_training_for_LLM/orchestrator.py\", line 162, in run\n    self._human_loop()\n  File \"/root/Recursive_RLHF_training_for_LLM/orchestrator.py\", line 345, in _human_loop\n    if self._check_trainer():\n       ^^^^^^^^^^^^^^^^^^^^^\n  File \"/root/Recursive_RLHF_training_for_LLM/orchestrator.py\", line 336, in _check_trainer\n    result = ray.get(ready[0])\n             ^^^^^^^^^^^^^^^^^\n  File \"/usr/local/lib/python3.11/dist-packages/ray/_private/auto_init_hook.py\", line 22, in auto_init_wrapper\n    return fn(*args, **kwargs)\n           ^^^^^^^^^^^^^^^^^^^\n  File \"/usr/local/lib/python3.11/dist-packages/ray/_private/client_mode_hook.py\", line 135, in wrapper\n    return func(*args, **kwargs)\n           ^^^^^^^^^^^^^^^^^^^^^\n  File \"/usr/local/lib/python3.11/dist-packages/ray/_private/worker.py\", line 3004, in get\n    values, debugger_breakpoint = worker.get_objects(\n                                  ^^^^^^^^^^^^^^^^^^^\n  File \"/usr/local/lib/python3.11/dist-packages/ray/_private/worker.py\", line 1053, in get_objects\n    raise value.as_instanceof_cause()\nray.exceptions.RayTaskError(WorkerGroupError): \u001b[36mray::TrainerJob.run()\u001b[39m (pid=238272, ip=172.20.0.2, actor_id=d82b92f4bb97af9dd0b1d8bc01000000, repr=<orchestrator.TrainerJob object at 0x728e4f0578d0>)\n           ^^^^^^^^^^^^^^^^^^^^^^^^^^^^^^^^^^^^\n           ^^^^^^^^^^^^^^^^^^^^^^^^^^^^^^^\n  File \"/root/Recursive_RLHF_training_for_LLM/orchestrator.py\", line 118, in run\n    result = trainer.fit()\n             ^^^^^^^^^^^^^\n  File \"/usr/local/lib/python3.11/dist-packages/ray/train/v2/api/data_parallel_trainer.py\", line 193, in fit\n    raise result.error\nray.train.WorkerGroupError: Training failed due to worker errors:\n[Rank 0 Error Snippet]:\n\u001b[36mray::TrainerJob.run()\u001b[39m (pid=238272, ip=172.20.0.2, actor_id=d82b92f4bb97af9dd0b1d8bc01000000, repr=<orchestrator.TrainerJob object at 0x728e4f0578d0>)\n  File \"/root/Recursive_RLHF_training_for_LLM/train/train.py\", line 35, in __call__\n    FSDPDPOTrainer(loop_config, dbg).run()\n  File \"/root/Recursive_RLHF_training_for_LLM/train/train.py\", line 141, in run\n    self._sync_inference()\n  File \"/root/Recursive_RLHF_training_for_LLM/train/train.py\", line 591, in _sync_inference\n    ray.get(self.inference.reload.remote(str(path), next_version))\n... (Output truncated. See individual worker logs for full details) ...\nest ID: Root=1-6ac2899e-7bf87cc77224e1cf6acc48c0;8b2c36ab-4ac7-4f7f-8257-0e07bf8bfbeb)\n\nRepository Not Found for url: https://huggingface.co/api/models/checkpoints/policy_v1/revision/main.\nPlease make sure you specified the correct `repo_id` and `repo_type`.\nIf you are trying to access a private or gated repo, make sure you are authenticated and your token has the required permissions.\nFor more details, see https://huggingface.co/docs/huggingface_hub/authentication\nInvalid username or password.\n\nDuring handling of the above exception, another exception occurred:\n\nTraceback (most recent call last):\n  File \"/root/Recursive_RLHF_training_for_LLM/orchestrator.py\", line 178, in run\n    ray.get(ref, timeout=30)\n  File \"/usr/local/lib/python3.11/dist-packages/ray/_private/auto_init_hook.py\", line 22, in auto_init_wrapper\n    return fn(*args, **kwargs)\n           ^^^^^^^^^^^^^^^^^^^\n  File \"/usr/local/lib/python3.11/dist-packages/ray/_private/client_mode_hook.py\", line 135, in wrapper\n    return func(*args, **kwargs)\n           ^^^^^^^^^^^^^^^^^^^^^\n  File \"/usr/local/lib/python3.11/dist-packages/ray/_private/worker.py\", line 3004, in get\n    values, debugger_breakpoint = worker.get_objects(\n                                  ^^^^^^^^^^^^^^^^^^^\n  File \"/usr/local/lib/python3.11/dist-packages/ray/_private/worker.py\", line 1053, in get_objects\n    raise value.as_instanceof_cause()\nray.exceptions.RayTaskError(WorkerGroupError): \u001b[36mray::TrainerJob.run()\u001b[39m (pid=238272, ip=172.20.0.2, actor_id=d82b92f4bb97af9dd0b1d8bc01000000, repr=<orchestrator.TrainerJob object at 0x728e4f0578d0>)\n           ^^^^^^^^^^^^^^^^^^^^^^^^^^^^^^^^^^^^\n           ^^^^^^^^^^^^^^^^^^^^^^^^^^^^^^^\n  File \"/root/Recursive_RLHF_training_for_LLM/orchestrator.py\", line 118, in run\n    result = trainer.fit()\n             ^^^^^^^^^^^^^\n  File \"/usr/local/lib/python3.11/dist-packages/ray/train/v2/api/data_parallel_trainer.py\", line 193, in fit\n    raise result.error\nray.train.WorkerGroupError: Training failed due to worker errors:\n[Rank 0 Error Snippet]:\n\u001b[36mray::TrainerJob.run()\u001b[39m (pid=238272, ip=172.20.0.2, actor_id=d82b92f4bb97af9dd0b1d8bc01000000, repr=<orchestrator.TrainerJob object at 0x728e4f0578d0>)\n  File \"/root/Recursive_RLHF_training_for_LLM/train/train.py\", line 35, in __call__\n    FSDPDPOTrainer(loop_config, dbg).run()\n  File \"/root/Recursive_RLHF_training_for_LLM/train/train.py\", line 141, in run\n    self._sync_inference()\n  File \"/root/Recursive_RLHF_training_for_LLM/train/train.py\", line 591, in _sync_inference\n    ray.get(self.inference.reload.remote(str(path), next_version))\n... (Output truncated. See individual worker logs for full details) ...\nest ID: Root=1-6ac2899e-7bf87cc77224e1cf6acc48c0;8b2c36ab-4ac7-4f7f-8257-0e07bf8bfbeb)\n\nRepository Not Found for url: https://huggingface.co/api/models/checkpoints/policy_v1/revision/main.\nPlease make sure you specified the correct `repo_id` and `repo_type`.\nIf you are trying to access a private or gated repo, make sure you are authenticated and your token has the required permissions.\nFor more details, see https://huggingface.co/docs/huggingface_hub/authentication\nInvalid username or password.\n", "ts": "2026-10-04 17:16:54"}
[DBG] {"category": "RAY", "component": "ray", "event": "BEGIN:join_producer", "host": "d6b2a058c4be", "pid": 236082, "rank": null, "ts": "2026-10-04 17:16:54"}
[DBG] {"category": "RAY", "component": "ray", "event": "watchdog_armed", "host": "d6b2a058c4be", "pid": 236082, "rank": null, "stage": "join_producer", "timeout_sec": 30.0, "ts": "2026-10-04 17:16:54"}
[DBG] {"category": "RAY", "component": "ray", "elapsed_sec": 0.046348, "event": "END:join_producer", "host": "d6b2a058c4be", "pid": 236082, "rank": null, "ts": "2026-10-04 17:16:54"}
[DBG] {"category": "RAY", "component": "ray", "event": "shutdown_end", "host": "d6b2a058c4be", "pid": 236082, "rank": null, "ts": "2026-10-04 17:16:55"}
