[DBG] {"category": "RAY", "component": "ray", "debug_all": false, "debug_data": false, "debug_fsdp": true, "debug_inference": false, "debug_queue": true, "debug_ray": true, "debug_reward": false, "debug_train": true, "event": "application_start", "host": "d6b2a058c4be", "pid": 162783, "rank": null, "ts": "2026-10-04 15:44:12"}
[DBG] {"category": "RAY", "component": "ray", "env": {"NCCL_DEBUG": "INFO", "NCCL_DEBUG_SUBSYS": "INIT,COLL,GRAPH", "TORCH_DISTRIBUTED_DEBUG": "DETAIL", "TORCH_NCCL_ASYNC_ERROR_HANDLING": "1", "TORCH_NCCL_DESYNC_DEBUG": "1", "TORCH_NCCL_DUMP_ON_TIMEOUT": "1", "TORCH_NCCL_TRACE_BUFFER_SIZE": "20000", "TORCH_SHOW_CPP_STACKTRACES": "1"}, "event": "distributed_debug_env", "host": "d6b2a058c4be", "pid": 162783, "rank": null, "ts": "2026-10-04 15:44:12"}
[DBG] {"address": "auto", "category": "RAY", "component": "ray", "event": "BEGIN:ray_init", "host": "d6b2a058c4be", "log_to_driver": false, "pid": 162783, "rank": null, "ts": "2026-10-04 15:44:12"}
[DBG] {"category": "RAY", "component": "ray", "event": "watchdog_armed", "host": "d6b2a058c4be", "pid": 162783, "rank": null, "stage": "ray_init", "timeout_sec": 30.0, "ts": "2026-10-04 15:44:12"}
[DBG] {"category": "RAY", "component": "ray", "elapsed_sec": 0.562323, "event": "END:ray_init", "host": "d6b2a058c4be", "pid": 162783, "rank": null, "ts": "2026-10-04 15:44:13"}
[DBG] {"category": "RAY", "component": "ray", "event": "cluster_resources", "host": "d6b2a058c4be", "pid": 162783, "rank": null, "resources": {"CPU": 27.0, "GPU": 3.0, "accelerator_type:RTX-A6000": 1.0, "memory": 115847934362.0, "node:172.20.0.2": 1.0, "node:__internal_head__": 1.0, "object_store_memory": 49649114726.0}, "ts": "2026-10-04 15:44:13"}
[DBG] {"category": "RAY", "component": "ray", "event": "resource_check", "gpu_available": 3, "gpu_needed": 3, "host": "d6b2a058c4be", "pid": 162783, "rank": null, "ts": "2026-10-04 15:44:13"}
[DBG] {"category": "RAY", "component": "ray", "event": "run_id", "host": "d6b2a058c4be", "pid": 162783, "rank": null, "run_id": "smoke01", "ts": "2026-10-04 15:44:13"}
[DBG] {"category": "RAY", "component": "ray", "event": "BEGIN:create_queue_actor", "host": "d6b2a058c4be", "pid": 162783, "rank": null, "ts": "2026-10-04 15:44:13"}
[DBG] {"category": "RAY", "component": "ray", "event": "watchdog_armed", "host": "d6b2a058c4be", "pid": 162783, "rank": null, "stage": "create_queue_actor", "timeout_sec": 30.0, "ts": "2026-10-04 15:44:13"}
[DBG] {"category": "RAY", "component": "ray", "elapsed_sec": 0.036782, "event": "END:create_queue_actor", "host": "d6b2a058c4be", "pid": 162783, "rank": null, "ts": "2026-10-04 15:44:13"}
[DBG] {"category": "QUEUE", "component": "ray", "event": "BEGIN:queue_describe", "host": "d6b2a058c4be", "pid": 162783, "rank": null, "ts": "2026-10-04 15:44:13"}
[DBG] {"category": "QUEUE", "component": "ray", "event": "watchdog_armed", "host": "d6b2a058c4be", "pid": 162783, "rank": null, "stage": "queue_describe", "timeout_sec": 30.0, "ts": "2026-10-04 15:44:13"}
[DBG] {"category": "QUEUE", "component": "ray", "elapsed_sec": 10.939343, "event": "END:queue_describe", "host": "d6b2a058c4be", "pid": 162783, "rank": null, "ts": "2026-10-04 15:44:24"}
[DBG] {"category": "RAY", "component": "ray", "event": "BEGIN:create_control_actor", "host": "d6b2a058c4be", "pid": 162783, "rank": null, "ts": "2026-10-04 15:44:24"}
[DBG] {"category": "RAY", "component": "ray", "event": "watchdog_armed", "host": "d6b2a058c4be", "pid": 162783, "rank": null, "stage": "create_control_actor", "timeout_sec": 30.0, "ts": "2026-10-04 15:44:24"}
[DBG] {"category": "RAY", "component": "ray", "elapsed_sec": 0.038472, "event": "END:create_control_actor", "host": "d6b2a058c4be", "pid": 162783, "rank": null, "ts": "2026-10-04 15:44:24"}
[DBG] {"category": "RAY", "component": "ray", "event": "BEGIN:create_tracker_actor", "host": "d6b2a058c4be", "pid": 162783, "rank": null, "ts": "2026-10-04 15:44:24"}
[DBG] {"category": "RAY", "component": "ray", "event": "watchdog_armed", "host": "d6b2a058c4be", "pid": 162783, "rank": null, "stage": "create_tracker_actor", "timeout_sec": 30.0, "ts": "2026-10-04 15:44:24"}
[DBG] {"category": "RAY", "component": "ray", "elapsed_sec": 0.027926, "event": "END:create_tracker_actor", "host": "d6b2a058c4be", "pid": 162783, "rank": null, "ts": "2026-10-04 15:44:24"}
[DBG] {"category": "RAY", "component": "ray", "event": "BEGIN:create_inference_actor", "gpus": 1, "host": "d6b2a058c4be", "pid": 162783, "rank": null, "ts": "2026-10-04 15:44:24"}
[DBG] {"category": "RAY", "component": "ray", "event": "watchdog_armed", "host": "d6b2a058c4be", "pid": 162783, "rank": null, "stage": "create_inference_actor", "timeout_sec": 30.0, "ts": "2026-10-04 15:44:24"}
[DBG] {"category": "RAY", "component": "ray", "elapsed_sec": 0.028274, "event": "END:create_inference_actor", "host": "d6b2a058c4be", "pid": 162783, "rank": null, "ts": "2026-10-04 15:44:24"}
[DBG] {"category": "RAY", "component": "ray", "event": "BEGIN:create_reward_actor", "gpus": 0, "host": "d6b2a058c4be", "pid": 162783, "rank": null, "ts": "2026-10-04 15:44:24"}
[DBG] {"category": "RAY", "component": "ray", "event": "watchdog_armed", "host": "d6b2a058c4be", "pid": 162783, "rank": null, "stage": "create_reward_actor", "timeout_sec": 30.0, "ts": "2026-10-04 15:44:24"}
[DBG] {"category": "RAY", "component": "ray", "elapsed_sec": 0.034664, "event": "END:create_reward_actor", "host": "d6b2a058c4be", "pid": 162783, "rank": null, "ts": "2026-10-04 15:44:24"}
[DBG] {"category": "RAY", "component": "ray", "event": "BEGIN:create_rollout_actor", "host": "d6b2a058c4be", "pid": 162783, "rank": null, "ts": "2026-10-04 15:44:24"}
[DBG] {"category": "RAY", "component": "ray", "event": "watchdog_armed", "host": "d6b2a058c4be", "pid": 162783, "rank": null, "stage": "create_rollout_actor", "timeout_sec": 30.0, "ts": "2026-10-04 15:44:24"}
[DBG] {"category": "RAY", "component": "ray", "elapsed_sec": 0.015132, "event": "END:create_rollout_actor", "host": "d6b2a058c4be", "pid": 162783, "rank": null, "ts": "2026-10-04 15:44:24"}
[DBG] {"category": "RAY", "component": "ray", "event": "BEGIN:create_trainer_actor", "host": "d6b2a058c4be", "pid": 162783, "rank": null, "ts": "2026-10-04 15:44:24"}
[DBG] {"category": "RAY", "component": "ray", "event": "watchdog_armed", "host": "d6b2a058c4be", "pid": 162783, "rank": null, "stage": "create_trainer_actor", "timeout_sec": 30.0, "ts": "2026-10-04 15:44:24"}
[DBG] {"category": "RAY", "component": "ray", "elapsed_sec": 0.01366, "event": "END:create_trainer_actor", "host": "d6b2a058c4be", "pid": 162783, "rank": null, "ts": "2026-10-04 15:44:24"}
[DBG] {"category": "RAY", "component": "ray", "event": "BEGIN:launch_trainer_actor", "host": "d6b2a058c4be", "pid": 162783, "rank": null, "ts": "2026-10-04 15:45:04"}
[DBG] {"category": "RAY", "component": "ray", "event": "watchdog_armed", "host": "d6b2a058c4be", "pid": 162783, "rank": null, "stage": "launch_trainer_actor", "timeout_sec": 30.0, "ts": "2026-10-04 15:45:04"}
[DBG] {"category": "RAY", "component": "ray", "elapsed_sec": 0.001713, "event": "END:launch_trainer_actor", "host": "d6b2a058c4be", "pid": 162783, "rank": null, "ts": "2026-10-04 15:45:04"}
[DBG] {"category": "RAY", "component": "ray", "event": "BEGIN:launch_rollout_producer", "host": "d6b2a058c4be", "pid": 162783, "rank": null, "ts": "2026-10-04 15:45:04"}
[DBG] {"category": "RAY", "component": "ray", "event": "watchdog_armed", "host": "d6b2a058c4be", "pid": 162783, "rank": null, "stage": "launch_rollout_producer", "timeout_sec": 30.0, "ts": "2026-10-04 15:45:04"}
[DBG] {"category": "RAY", "component": "ray", "elapsed_sec": 0.001411, "event": "END:launch_rollout_producer", "host": "d6b2a058c4be", "pid": 162783, "rank": null, "ts": "2026-10-04 15:45:04"}
[DBG] {"category": "RAY", "component": "ray", "event": "human_loop_start", "host": "d6b2a058c4be", "pid": 162783, "rank": null, "ts": "2026-10-04 15:45:04"}
[DBG] {"category": "QUEUE", "component": "ray", "event": "BEGIN:human_pop_rollout", "host": "d6b2a058c4be", "pid": 162783, "rank": null, "ts": "2026-10-04 15:45:04"}
[DBG] {"category": "QUEUE", "component": "ray", "event": "watchdog_armed", "host": "d6b2a058c4be", "pid": 162783, "rank": null, "stage": "human_pop_rollout", "timeout_sec": 30.0, "ts": "2026-10-04 15:45:04"}
[DBG] {"category": "QUEUE", "component": "ray", "elapsed_sec": 0.008967, "event": "END:human_pop_rollout", "host": "d6b2a058c4be", "pid": 162783, "rank": null, "ts": "2026-10-04 15:45:04"}
[DBG] {"category": "QUEUE", "component": "ray", "event": "BEGIN:human_pop_rollout", "host": "d6b2a058c4be", "pid": 162783, "rank": null, "ts": "2026-10-04 15:45:04"}
[DBG] {"category": "QUEUE", "component": "ray", "event": "watchdog_armed", "host": "d6b2a058c4be", "pid": 162783, "rank": null, "stage": "human_pop_rollout", "timeout_sec": 30.0, "ts": "2026-10-04 15:45:04"}
[DBG] {"category": "QUEUE", "component": "ray", "elapsed_sec": 0.013098, "event": "END:human_pop_rollout", "host": "d6b2a058c4be", "pid": 162783, "rank": null, "ts": "2026-10-04 15:45:04"}
[DBG] {"category": "QUEUE", "component": "ray", "event": "BEGIN:human_pop_rollout", "host": "d6b2a058c4be", "pid": 162783, "rank": null, "ts": "2026-10-04 15:45:05"}
[DBG] {"category": "QUEUE", "component": "ray", "event": "watchdog_armed", "host": "d6b2a058c4be", "pid": 162783, "rank": null, "stage": "human_pop_rollout", "timeout_sec": 30.0, "ts": "2026-10-04 15:45:05"}
[DBG] {"category": "QUEUE", "component": "ray", "elapsed_sec": 0.015051, "event": "END:human_pop_rollout", "host": "d6b2a058c4be", "pid": 162783, "rank": null, "ts": "2026-10-04 15:45:05"}
[DBG] {"category": "QUEUE", "component": "ray", "event": "BEGIN:human_pop_rollout", "host": "d6b2a058c4be", "pid": 162783, "rank": null, "ts": "2026-10-04 15:45:05"}
[DBG] {"category": "QUEUE", "component": "ray", "event": "watchdog_armed", "host": "d6b2a058c4be", "pid": 162783, "rank": null, "stage": "human_pop_rollout", "timeout_sec": 30.0, "ts": "2026-10-04 15:45:05"}
[DBG] {"category": "QUEUE", "component": "ray", "elapsed_sec": 0.012199, "event": "END:human_pop_rollout", "host": "d6b2a058c4be", "pid": 162783, "rank": null, "ts": "2026-10-04 15:45:05"}
[DBG] {"category": "QUEUE", "component": "ray", "event": "BEGIN:human_pop_rollout", "host": "d6b2a058c4be", "pid": 162783, "rank": null, "ts": "2026-10-04 15:45:05"}
[DBG] {"category": "QUEUE", "component": "ray", "event": "watchdog_armed", "host": "d6b2a058c4be", "pid": 162783, "rank": null, "stage": "human_pop_rollout", "timeout_sec": 30.0, "ts": "2026-10-04 15:45:05"}
[DBG] {"category": "QUEUE", "component": "ray", "elapsed_sec": 0.011167, "event": "END:human_pop_rollout", "host": "d6b2a058c4be", "pid": 162783, "rank": null, "ts": "2026-10-04 15:45:05"}
[DBG] {"category": "QUEUE", "component": "ray", "event": "BEGIN:human_pop_rollout", "host": "d6b2a058c4be", "pid": 162783, "rank": null, "ts": "2026-10-04 15:45:05"}
[DBG] {"category": "QUEUE", "component": "ray", "event": "watchdog_armed", "host": "d6b2a058c4be", "pid": 162783, "rank": null, "stage": "human_pop_rollout", "timeout_sec": 30.0, "ts": "2026-10-04 15:45:05"}
[DBG] {"category": "QUEUE", "component": "ray", "elapsed_sec": 0.011489, "event": "END:human_pop_rollout", "host": "d6b2a058c4be", "pid": 162783, "rank": null, "ts": "2026-10-04 15:45:05"}
[DBG] {"category": "QUEUE", "component": "ray", "event": "BEGIN:human_pop_rollout", "host": "d6b2a058c4be", "pid": 162783, "rank": null, "ts": "2026-10-04 15:45:06"}
[DBG] {"category": "QUEUE", "component": "ray", "event": "watchdog_armed", "host": "d6b2a058c4be", "pid": 162783, "rank": null, "stage": "human_pop_rollout", "timeout_sec": 30.0, "ts": "2026-10-04 15:45:06"}
[DBG] {"category": "QUEUE", "component": "ray", "elapsed_sec": 0.011496, "event": "END:human_pop_rollout", "host": "d6b2a058c4be", "pid": 162783, "rank": null, "ts": "2026-10-04 15:45:06"}
[DBG] {"category": "QUEUE", "component": "ray", "event": "BEGIN:human_pop_rollout", "host": "d6b2a058c4be", "pid": 162783, "rank": null, "ts": "2026-10-04 15:45:06"}
[DBG] {"category": "QUEUE", "component": "ray", "event": "watchdog_armed", "host": "d6b2a058c4be", "pid": 162783, "rank": null, "stage": "human_pop_rollout", "timeout_sec": 30.0, "ts": "2026-10-04 15:45:06"}
[DBG] {"category": "QUEUE", "component": "ray", "elapsed_sec": 0.012256, "event": "END:human_pop_rollout", "host": "d6b2a058c4be", "pid": 162783, "rank": null, "ts": "2026-10-04 15:45:06"}
[DBG] {"category": "QUEUE", "component": "ray", "event": "BEGIN:human_pop_rollout", "host": "d6b2a058c4be", "pid": 162783, "rank": null, "ts": "2026-10-04 15:45:06"}
[DBG] {"category": "QUEUE", "component": "ray", "event": "watchdog_armed", "host": "d6b2a058c4be", "pid": 162783, "rank": null, "stage": "human_pop_rollout", "timeout_sec": 30.0, "ts": "2026-10-04 15:45:06"}
[DBG] {"category": "QUEUE", "component": "ray", "elapsed_sec": 0.011209, "event": "END:human_pop_rollout", "host": "d6b2a058c4be", "pid": 162783, "rank": null, "ts": "2026-10-04 15:45:06"}
[DBG] {"category": "QUEUE", "component": "ray", "event": "BEGIN:human_pop_rollout", "host": "d6b2a058c4be", "pid": 162783, "rank": null, "ts": "2026-10-04 15:45:06"}
[DBG] {"category": "QUEUE", "component": "ray", "event": "watchdog_armed", "host": "d6b2a058c4be", "pid": 162783, "rank": null, "stage": "human_pop_rollout", "timeout_sec": 30.0, "ts": "2026-10-04 15:45:06"}
[DBG] {"category": "QUEUE", "component": "ray", "elapsed_sec": 0.011723, "event": "END:human_pop_rollout", "host": "d6b2a058c4be", "pid": 162783, "rank": null, "ts": "2026-10-04 15:45:06"}
[DBG] {"category": "QUEUE", "component": "ray", "event": "BEGIN:human_pop_rollout", "host": "d6b2a058c4be", "pid": 162783, "rank": null, "ts": "2026-10-04 15:45:06"}
[DBG] {"category": "QUEUE", "component": "ray", "event": "watchdog_armed", "host": "d6b2a058c4be", "pid": 162783, "rank": null, "stage": "human_pop_rollout", "timeout_sec": 30.0, "ts": "2026-10-04 15:45:06"}
[DBG] {"category": "QUEUE", "component": "ray", "elapsed_sec": 0.012101, "event": "END:human_pop_rollout", "host": "d6b2a058c4be", "pid": 162783, "rank": null, "ts": "2026-10-04 15:45:06"}
[DBG] {"category": "QUEUE", "component": "ray", "event": "BEGIN:human_pop_rollout", "host": "d6b2a058c4be", "pid": 162783, "rank": null, "ts": "2026-10-04 15:45:07"}
[DBG] {"category": "QUEUE", "component": "ray", "event": "watchdog_armed", "host": "d6b2a058c4be", "pid": 162783, "rank": null, "stage": "human_pop_rollout", "timeout_sec": 30.0, "ts": "2026-10-04 15:45:07"}
[DBG] {"category": "QUEUE", "component": "ray", "elapsed_sec": 0.010085, "event": "END:human_pop_rollout", "host": "d6b2a058c4be", "pid": 162783, "rank": null, "ts": "2026-10-04 15:45:07"}
[DBG] {"category": "QUEUE", "component": "ray", "event": "BEGIN:human_pop_rollout", "host": "d6b2a058c4be", "pid": 162783, "rank": null, "ts": "2026-10-04 15:45:07"}
[DBG] {"category": "QUEUE", "component": "ray", "event": "watchdog_armed", "host": "d6b2a058c4be", "pid": 162783, "rank": null, "stage": "human_pop_rollout", "timeout_sec": 30.0, "ts": "2026-10-04 15:45:07"}
[DBG] {"category": "QUEUE", "component": "ray", "elapsed_sec": 0.075244, "event": "END:human_pop_rollout", "host": "d6b2a058c4be", "pid": 162783, "rank": null, "ts": "2026-10-04 15:45:07"}
[DBG] {"category": "QUEUE", "component": "ray", "event": "human_group_received", "group_id": "c783935a0903455aa08ac85aa57df3db", "host": "d6b2a058c4be", "pid": 162783, "rank": null, "ts": "2026-10-04 15:45:07"}
[DBG] {"category": "RAY", "component": "ray", "event": "human_prompt_begin", "group_id": "c783935a0903455aa08ac85aa57df3db", "host": "d6b2a058c4be", "pid": 162783, "rank": null, "ts": "2026-10-04 15:45:07"}
[DBG] {"category": "RAY", "component": "ray", "event": "human_prompt_end", "group_id": "c783935a0903455aa08ac85aa57df3db", "host": "d6b2a058c4be", "human_scores": [1.0, 2.0, 3.0, 4.0], "pid": 162783, "policy_version": 0, "rank": null, "ts": "2026-10-04 15:45:13"}
[DBG] {"category": "RAY", "component": "ray", "event": "post_input_pipeline_begin", "group_id": "c783935a0903455aa08ac85aa57df3db", "host": "d6b2a058c4be", "pid": 162783, "rank": null, "ts": "2026-10-04 15:45:13"}
[DBG] {"category": "QUEUE", "chosen_index": 3, "component": "ray", "event": "preference_sample_built", "group_id": "c783935a0903455aa08ac85aa57df3db", "host": "d6b2a058c4be", "pid": 162783, "policy_version": 0, "rank": null, "rejected_index": 0, "ts": "2026-10-04 15:45:13"}
[DBG] {"category": "QUEUE", "component": "ray", "event": "BEGIN:human_put_preference", "group_id": "c783935a0903455aa08ac85aa57df3db", "host": "d6b2a058c4be", "pid": 162783, "rank": null, "ts": "2026-10-04 15:45:13"}
[DBG] {"category": "QUEUE", "component": "ray", "event": "watchdog_armed", "host": "d6b2a058c4be", "pid": 162783, "rank": null, "stage": "human_put_preference", "timeout_sec": 30.0, "ts": "2026-10-04 15:45:13"}
[DBG] {"category": "QUEUE", "component": "ray", "elapsed_sec": 0.035839, "event": "END:human_put_preference", "host": "d6b2a058c4be", "pid": 162783, "rank": null, "ts": "2026-10-04 15:45:13"}
[DBG] {"category": "QUEUE", "component": "ray", "event": "preference_put_trace", "group_id": "c783935a0903455aa08ac85aa57df3db", "host": "d6b2a058c4be", "pid": 162783, "queue_key": "smoke01:preference:c783935a0903455aa08ac85aa57df3db", "rank": null, "size_after": 1, "size_before": 0, "ts": "2026-10-04 15:45:13"}
[DBG] {"category": "QUEUE", "component": "ray", "event": "preference_selected", "group_id": "c783935a0903455aa08ac85aa57df3db", "host": "d6b2a058c4be", "pid": 162783, "preference_pending": 1, "rank": null, "selected": 1, "ts": "2026-10-04 15:45:13"}
[DBG] {"category": "RAY", "component": "ray", "event": "post_input_pipeline_end", "group_id": "c783935a0903455aa08ac85aa57df3db", "host": "d6b2a058c4be", "pid": 162783, "rank": null, "selected": true, "ts": "2026-10-04 15:45:13"}
[DBG] {"axis/human_groups": 1, "category": "QUEUE", "component": "ray", "data/candidate_all": 1, "data/candidate_lgbm_agree": 0, "data/candidate_lgbm_only": 0, "data/candidate_neural_agree": 0, "data/candidate_neural_only": 0, "data/candidate_triple_agree": 0, "data/selected_pairs": 1, "data/selection_rate": 1.0, "event": "pipeline_metrics", "host": "d6b2a058c4be", "pid": 162783, "queue/preference": 1, "queue/rollout": 9, "rank": null, "ts": "2026-10-04 15:45:13"}
[DBG] {"category": "QUEUE", "component": "ray", "event": "BEGIN:human_pop_rollout", "host": "d6b2a058c4be", "pid": 162783, "rank": null, "ts": "2026-10-04 15:45:15"}
[DBG] {"category": "QUEUE", "component": "ray", "event": "watchdog_armed", "host": "d6b2a058c4be", "pid": 162783, "rank": null, "stage": "human_pop_rollout", "timeout_sec": 30.0, "ts": "2026-10-04 15:45:15"}
[DBG] {"category": "QUEUE", "component": "ray", "elapsed_sec": 0.060547, "event": "END:human_pop_rollout", "host": "d6b2a058c4be", "pid": 162783, "rank": null, "ts": "2026-10-04 15:45:15"}
[DBG] {"category": "QUEUE", "component": "ray", "event": "human_group_received", "group_id": "e049017bd5c24bae9596d46dedaf0103", "host": "d6b2a058c4be", "pid": 162783, "rank": null, "ts": "2026-10-04 15:45:15"}
[DBG] {"category": "RAY", "component": "ray", "event": "human_prompt_begin", "group_id": "e049017bd5c24bae9596d46dedaf0103", "host": "d6b2a058c4be", "pid": 162783, "rank": null, "ts": "2026-10-04 15:45:15"}
[DBG] {"category": "RAY", "component": "ray", "event": "human_prompt_end", "group_id": "e049017bd5c24bae9596d46dedaf0103", "host": "d6b2a058c4be", "human_scores": [1.0, 2.0, 3.0, 4.0], "pid": 162783, "policy_version": 0, "rank": null, "ts": "2026-10-04 15:45:17"}
[DBG] {"category": "RAY", "component": "ray", "event": "post_input_pipeline_begin", "group_id": "e049017bd5c24bae9596d46dedaf0103", "host": "d6b2a058c4be", "pid": 162783, "rank": null, "ts": "2026-10-04 15:45:17"}
[DBG] {"category": "QUEUE", "chosen_index": 3, "component": "ray", "event": "preference_sample_built", "group_id": "e049017bd5c24bae9596d46dedaf0103", "host": "d6b2a058c4be", "pid": 162783, "policy_version": 0, "rank": null, "rejected_index": 0, "ts": "2026-10-04 15:45:17"}
[DBG] {"category": "QUEUE", "component": "ray", "event": "BEGIN:human_put_preference", "group_id": "e049017bd5c24bae9596d46dedaf0103", "host": "d6b2a058c4be", "pid": 162783, "rank": null, "ts": "2026-10-04 15:45:17"}
[DBG] {"category": "QUEUE", "component": "ray", "event": "watchdog_armed", "host": "d6b2a058c4be", "pid": 162783, "rank": null, "stage": "human_put_preference", "timeout_sec": 30.0, "ts": "2026-10-04 15:45:17"}
[DBG] {"category": "QUEUE", "component": "ray", "elapsed_sec": 0.042167, "event": "END:human_put_preference", "host": "d6b2a058c4be", "pid": 162783, "rank": null, "ts": "2026-10-04 15:45:17"}
[DBG] {"category": "QUEUE", "component": "ray", "event": "preference_put_trace", "group_id": "e049017bd5c24bae9596d46dedaf0103", "host": "d6b2a058c4be", "pid": 162783, "queue_key": "smoke01:preference:e049017bd5c24bae9596d46dedaf0103", "rank": null, "size_after": 2, "size_before": 1, "ts": "2026-10-04 15:45:17"}
[DBG] {"category": "QUEUE", "component": "ray", "event": "preference_selected", "group_id": "e049017bd5c24bae9596d46dedaf0103", "host": "d6b2a058c4be", "pid": 162783, "preference_pending": 2, "rank": null, "selected": 2, "ts": "2026-10-04 15:45:17"}
[DBG] {"category": "RAY", "component": "ray", "event": "post_input_pipeline_end", "group_id": "e049017bd5c24bae9596d46dedaf0103", "host": "d6b2a058c4be", "pid": 162783, "rank": null, "selected": true, "ts": "2026-10-04 15:45:17"}
[DBG] {"axis/human_groups": 2, "category": "QUEUE", "component": "ray", "data/candidate_all": 2, "data/candidate_lgbm_agree": 0, "data/candidate_lgbm_only": 0, "data/candidate_neural_agree": 0, "data/candidate_neural_only": 0, "data/candidate_triple_agree": 0, "data/selected_pairs": 2, "data/selection_rate": 1.0, "event": "pipeline_metrics", "host": "d6b2a058c4be", "pid": 162783, "queue/preference": 2, "queue/rollout": 8, "rank": null, "ts": "2026-10-04 15:45:17"}
[DBG] {"category": "QUEUE", "component": "ray", "event": "BEGIN:human_pop_rollout", "host": "d6b2a058c4be", "pid": 162783, "rank": null, "ts": "2026-10-04 15:45:19"}
[DBG] {"category": "QUEUE", "component": "ray", "event": "watchdog_armed", "host": "d6b2a058c4be", "pid": 162783, "rank": null, "stage": "human_pop_rollout", "timeout_sec": 30.0, "ts": "2026-10-04 15:45:19"}
[DBG] {"category": "QUEUE", "component": "ray", "elapsed_sec": 0.062904, "event": "END:human_pop_rollout", "host": "d6b2a058c4be", "pid": 162783, "rank": null, "ts": "2026-10-04 15:45:20"}
[DBG] {"category": "QUEUE", "component": "ray", "event": "human_group_received", "group_id": "9b7d14b637e445d2af072f5d1d874c9e", "host": "d6b2a058c4be", "pid": 162783, "rank": null, "ts": "2026-10-04 15:45:20"}
[DBG] {"category": "RAY", "component": "ray", "event": "human_prompt_begin", "group_id": "9b7d14b637e445d2af072f5d1d874c9e", "host": "d6b2a058c4be", "pid": 162783, "rank": null, "ts": "2026-10-04 15:45:20"}
[DBG] {"category": "RAY", "component": "ray", "event": "human_prompt_end", "group_id": "9b7d14b637e445d2af072f5d1d874c9e", "host": "d6b2a058c4be", "human_scores": [1.0, 2.0, 3.0, 4.0], "pid": 162783, "policy_version": 0, "rank": null, "ts": "2026-10-04 15:45:21"}
[DBG] {"category": "RAY", "component": "ray", "event": "post_input_pipeline_begin", "group_id": "9b7d14b637e445d2af072f5d1d874c9e", "host": "d6b2a058c4be", "pid": 162783, "rank": null, "ts": "2026-10-04 15:45:21"}
[DBG] {"category": "QUEUE", "chosen_index": 3, "component": "ray", "event": "preference_sample_built", "group_id": "9b7d14b637e445d2af072f5d1d874c9e", "host": "d6b2a058c4be", "pid": 162783, "policy_version": 0, "rank": null, "rejected_index": 0, "ts": "2026-10-04 15:45:21"}
[DBG] {"category": "QUEUE", "component": "ray", "event": "BEGIN:human_put_preference", "group_id": "9b7d14b637e445d2af072f5d1d874c9e", "host": "d6b2a058c4be", "pid": 162783, "rank": null, "ts": "2026-10-04 15:45:21"}
[DBG] {"category": "QUEUE", "component": "ray", "event": "watchdog_armed", "host": "d6b2a058c4be", "pid": 162783, "rank": null, "stage": "human_put_preference", "timeout_sec": 30.0, "ts": "2026-10-04 15:45:21"}
[DBG] {"category": "QUEUE", "component": "ray", "elapsed_sec": 0.031049, "event": "END:human_put_preference", "host": "d6b2a058c4be", "pid": 162783, "rank": null, "ts": "2026-10-04 15:45:21"}
[DBG] {"category": "QUEUE", "component": "ray", "event": "preference_put_trace", "group_id": "9b7d14b637e445d2af072f5d1d874c9e", "host": "d6b2a058c4be", "pid": 162783, "queue_key": "smoke01:preference:9b7d14b637e445d2af072f5d1d874c9e", "rank": null, "size_after": 3, "size_before": 2, "ts": "2026-10-04 15:45:21"}
[DBG] {"category": "QUEUE", "component": "ray", "event": "preference_selected", "group_id": "9b7d14b637e445d2af072f5d1d874c9e", "host": "d6b2a058c4be", "pid": 162783, "preference_pending": 3, "rank": null, "selected": 3, "ts": "2026-10-04 15:45:21"}
[DBG] {"category": "RAY", "component": "ray", "event": "post_input_pipeline_end", "group_id": "9b7d14b637e445d2af072f5d1d874c9e", "host": "d6b2a058c4be", "pid": 162783, "rank": null, "selected": true, "ts": "2026-10-04 15:45:21"}
[DBG] {"axis/human_groups": 3, "category": "QUEUE", "component": "ray", "data/candidate_all": 3, "data/candidate_lgbm_agree": 0, "data/candidate_lgbm_only": 0, "data/candidate_neural_agree": 0, "data/candidate_neural_only": 0, "data/candidate_triple_agree": 0, "data/selected_pairs": 3, "data/selection_rate": 1.0, "event": "pipeline_metrics", "host": "d6b2a058c4be", "pid": 162783, "queue/preference": 3, "queue/rollout": 9, "rank": null, "ts": "2026-10-04 15:45:21"}
[DBG] {"category": "QUEUE", "component": "ray", "event": "BEGIN:human_pop_rollout", "host": "d6b2a058c4be", "pid": 162783, "rank": null, "ts": "2026-10-04 15:45:23"}
[DBG] {"category": "QUEUE", "component": "ray", "event": "watchdog_armed", "host": "d6b2a058c4be", "pid": 162783, "rank": null, "stage": "human_pop_rollout", "timeout_sec": 30.0, "ts": "2026-10-04 15:45:23"}
[DBG] {"category": "QUEUE", "component": "ray", "elapsed_sec": 0.055881, "event": "END:human_pop_rollout", "host": "d6b2a058c4be", "pid": 162783, "rank": null, "ts": "2026-10-04 15:45:23"}
[DBG] {"category": "QUEUE", "component": "ray", "event": "human_group_received", "group_id": "e3d9ebd792b0418f8ad6d453f1df2603", "host": "d6b2a058c4be", "pid": 162783, "rank": null, "ts": "2026-10-04 15:45:23"}
[DBG] {"category": "RAY", "component": "ray", "event": "human_prompt_begin", "group_id": "e3d9ebd792b0418f8ad6d453f1df2603", "host": "d6b2a058c4be", "pid": 162783, "rank": null, "ts": "2026-10-04 15:45:23"}
[DBG] {"category": "RAY", "component": "ray", "event": "human_prompt_end", "group_id": "e3d9ebd792b0418f8ad6d453f1df2603", "host": "d6b2a058c4be", "human_scores": [1.0, 2.0, 3.0, 4.0], "pid": 162783, "policy_version": 0, "rank": null, "ts": "2026-10-04 15:45:25"}
[DBG] {"category": "RAY", "component": "ray", "event": "post_input_pipeline_begin", "group_id": "e3d9ebd792b0418f8ad6d453f1df2603", "host": "d6b2a058c4be", "pid": 162783, "rank": null, "ts": "2026-10-04 15:45:25"}
[DBG] {"category": "QUEUE", "chosen_index": 3, "component": "ray", "event": "preference_sample_built", "group_id": "e3d9ebd792b0418f8ad6d453f1df2603", "host": "d6b2a058c4be", "pid": 162783, "policy_version": 0, "rank": null, "rejected_index": 0, "ts": "2026-10-04 15:45:25"}
[DBG] {"category": "QUEUE", "component": "ray", "event": "BEGIN:human_put_preference", "group_id": "e3d9ebd792b0418f8ad6d453f1df2603", "host": "d6b2a058c4be", "pid": 162783, "rank": null, "ts": "2026-10-04 15:45:25"}
[DBG] {"category": "QUEUE", "component": "ray", "event": "watchdog_armed", "host": "d6b2a058c4be", "pid": 162783, "rank": null, "stage": "human_put_preference", "timeout_sec": 30.0, "ts": "2026-10-04 15:45:25"}
[DBG] {"category": "QUEUE", "component": "ray", "elapsed_sec": 0.032504, "event": "END:human_put_preference", "host": "d6b2a058c4be", "pid": 162783, "rank": null, "ts": "2026-10-04 15:45:25"}
[DBG] {"category": "QUEUE", "component": "ray", "event": "preference_put_trace", "group_id": "e3d9ebd792b0418f8ad6d453f1df2603", "host": "d6b2a058c4be", "pid": 162783, "queue_key": "smoke01:preference:e3d9ebd792b0418f8ad6d453f1df2603", "rank": null, "size_after": 4, "size_before": 3, "ts": "2026-10-04 15:45:25"}
[DBG] {"category": "QUEUE", "component": "ray", "event": "preference_selected", "group_id": "e3d9ebd792b0418f8ad6d453f1df2603", "host": "d6b2a058c4be", "pid": 162783, "preference_pending": 4, "rank": null, "selected": 4, "ts": "2026-10-04 15:45:25"}
[DBG] {"category": "RAY", "component": "ray", "event": "post_input_pipeline_end", "group_id": "e3d9ebd792b0418f8ad6d453f1df2603", "host": "d6b2a058c4be", "pid": 162783, "rank": null, "selected": true, "ts": "2026-10-04 15:45:25"}
[DBG] {"axis/human_groups": 4, "category": "QUEUE", "component": "ray", "data/candidate_all": 4, "data/candidate_lgbm_agree": 0, "data/candidate_lgbm_only": 0, "data/candidate_neural_agree": 0, "data/candidate_neural_only": 0, "data/candidate_triple_agree": 0, "data/selected_pairs": 4, "data/selection_rate": 1.0, "event": "pipeline_metrics", "host": "d6b2a058c4be", "pid": 162783, "queue/preference": 4, "queue/rollout": 8, "rank": null, "ts": "2026-10-04 15:45:25"}
[DBG] {"category": "QUEUE", "component": "ray", "event": "BEGIN:human_pop_rollout", "host": "d6b2a058c4be", "pid": 162783, "rank": null, "ts": "2026-10-04 15:45:27"}
[DBG] {"category": "QUEUE", "component": "ray", "event": "watchdog_armed", "host": "d6b2a058c4be", "pid": 162783, "rank": null, "stage": "human_pop_rollout", "timeout_sec": 30.0, "ts": "2026-10-04 15:45:27"}
[DBG] {"category": "QUEUE", "component": "ray", "elapsed_sec": 0.060291, "event": "END:human_pop_rollout", "host": "d6b2a058c4be", "pid": 162783, "rank": null, "ts": "2026-10-04 15:45:27"}
[DBG] {"category": "QUEUE", "component": "ray", "event": "human_group_received", "group_id": "445802e8a2e44d94ae50fb837868e2d5", "host": "d6b2a058c4be", "pid": 162783, "rank": null, "ts": "2026-10-04 15:45:27"}
[DBG] {"category": "RAY", "component": "ray", "event": "human_prompt_begin", "group_id": "445802e8a2e44d94ae50fb837868e2d5", "host": "d6b2a058c4be", "pid": 162783, "rank": null, "ts": "2026-10-04 15:45:27"}
[DBG] {"category": "RAY", "component": "ray", "event": "human_prompt_end", "group_id": "445802e8a2e44d94ae50fb837868e2d5", "host": "d6b2a058c4be", "human_scores": [1.0, 2.0, 3.0, 4.0], "pid": 162783, "policy_version": 0, "rank": null, "ts": "2026-10-04 15:45:28"}
[DBG] {"category": "RAY", "component": "ray", "event": "post_input_pipeline_begin", "group_id": "445802e8a2e44d94ae50fb837868e2d5", "host": "d6b2a058c4be", "pid": 162783, "rank": null, "ts": "2026-10-04 15:45:28"}
[DBG] {"category": "QUEUE", "chosen_index": 3, "component": "ray", "event": "preference_sample_built", "group_id": "445802e8a2e44d94ae50fb837868e2d5", "host": "d6b2a058c4be", "pid": 162783, "policy_version": 0, "rank": null, "rejected_index": 0, "ts": "2026-10-04 15:45:28"}
[DBG] {"category": "QUEUE", "component": "ray", "event": "BEGIN:human_put_preference", "group_id": "445802e8a2e44d94ae50fb837868e2d5", "host": "d6b2a058c4be", "pid": 162783, "rank": null, "ts": "2026-10-04 15:45:28"}
[DBG] {"category": "QUEUE", "component": "ray", "event": "watchdog_armed", "host": "d6b2a058c4be", "pid": 162783, "rank": null, "stage": "human_put_preference", "timeout_sec": 30.0, "ts": "2026-10-04 15:45:28"}
[DBG] {"category": "QUEUE", "component": "ray", "elapsed_sec": 0.026455, "event": "END:human_put_preference", "host": "d6b2a058c4be", "pid": 162783, "rank": null, "ts": "2026-10-04 15:45:29"}
[DBG] {"category": "QUEUE", "component": "ray", "event": "preference_put_trace", "group_id": "445802e8a2e44d94ae50fb837868e2d5", "host": "d6b2a058c4be", "pid": 162783, "queue_key": "smoke01:preference:445802e8a2e44d94ae50fb837868e2d5", "rank": null, "size_after": 5, "size_before": 4, "ts": "2026-10-04 15:45:29"}
[DBG] {"category": "QUEUE", "component": "ray", "event": "preference_selected", "group_id": "445802e8a2e44d94ae50fb837868e2d5", "host": "d6b2a058c4be", "pid": 162783, "preference_pending": 5, "rank": null, "selected": 5, "ts": "2026-10-04 15:45:29"}
[DBG] {"category": "RAY", "component": "ray", "event": "post_input_pipeline_end", "group_id": "445802e8a2e44d94ae50fb837868e2d5", "host": "d6b2a058c4be", "pid": 162783, "rank": null, "selected": true, "ts": "2026-10-04 15:45:29"}
[DBG] {"axis/human_groups": 5, "category": "QUEUE", "component": "ray", "data/candidate_all": 5, "data/candidate_lgbm_agree": 0, "data/candidate_lgbm_only": 0, "data/candidate_neural_agree": 0, "data/candidate_neural_only": 0, "data/candidate_triple_agree": 0, "data/selected_pairs": 5, "data/selection_rate": 1.0, "event": "pipeline_metrics", "host": "d6b2a058c4be", "pid": 162783, "queue/preference": 1, "queue/rollout": 9, "rank": null, "ts": "2026-10-04 15:45:29"}
[DBG] {"category": "QUEUE", "component": "ray", "event": "BEGIN:human_pop_rollout", "host": "d6b2a058c4be", "pid": 162783, "rank": null, "ts": "2026-10-04 15:45:31"}
[DBG] {"category": "QUEUE", "component": "ray", "event": "watchdog_armed", "host": "d6b2a058c4be", "pid": 162783, "rank": null, "stage": "human_pop_rollout", "timeout_sec": 30.0, "ts": "2026-10-04 15:45:31"}
[DBG] {"category": "QUEUE", "component": "ray", "elapsed_sec": 0.052762, "event": "END:human_pop_rollout", "host": "d6b2a058c4be", "pid": 162783, "rank": null, "ts": "2026-10-04 15:45:31"}
[DBG] {"category": "QUEUE", "component": "ray", "event": "human_group_received", "group_id": "d730330e826540f2bd0405ad29f118c1", "host": "d6b2a058c4be", "pid": 162783, "rank": null, "ts": "2026-10-04 15:45:31"}
[DBG] {"category": "RAY", "component": "ray", "event": "human_prompt_begin", "group_id": "d730330e826540f2bd0405ad29f118c1", "host": "d6b2a058c4be", "pid": 162783, "rank": null, "ts": "2026-10-04 15:45:31"}
[DBG] {"category": "RAY", "component": "ray", "event": "shutdown_begin", "host": "d6b2a058c4be", "pid": 162783, "rank": null, "ts": "2026-10-04 15:47:29"}
[DBG] {"category": "RAY", "component": "ray", "event": "BEGIN:join_trainer", "host": "d6b2a058c4be", "pid": 162783, "rank": null, "ts": "2026-10-04 15:47:29"}
[DBG] {"category": "RAY", "component": "ray", "event": "watchdog_armed", "host": "d6b2a058c4be", "pid": 162783, "rank": null, "stage": "join_trainer", "timeout_sec": 30.0, "ts": "2026-10-04 15:47:29"}
[DBG] {"category": "RAY", "component": "ray", "error": "\u001b[36mray::TrainerJob.run()\u001b[39m (pid=164968, ip=172.20.0.2, actor_id=eed794d98fb040aa4e2163a801000000, repr=<orchestrator.TrainerJob object at 0x7ef8f487f5d0>)\n           ^^^^^^^^^^^^^^^^^^^^^^^^^^^^^^^^^^^^\n           ^^^^^^^^^^^^^^^^^^^^^^^^^^^^^^^\n  File \"/root/Recursive_RLHF_training_for_LLM/orchestrator.py\", line 119, in run\n    result = trainer.fit()\n             ^^^^^^^^^^^^^\n  File \"/usr/local/lib/python3.11/dist-packages/ray/train/v2/api/data_parallel_trainer.py\", line 193, in fit\n    raise result.error\nray.train.WorkerGroupError: Training failed due to worker errors:\n[Rank 0,1 Error Snippet]:\n\u001b[36mray::TrainerJob.run()\u001b[39m (pid=164968, ip=172.20.0.2, actor_id=eed794d98fb040aa4e2163a801000000, repr=<orchestrator.TrainerJob object at 0x7ef8f487f5d0>)\n  File \"/root/Recursive_RLHF_training_for_LLM/train/train.py\", line 36, in __call__\n    FSDPDPOTrainer(loop_config, dbg).run()\n  File \"/root/Recursive_RLHF_training_for_LLM/train/train.py\", line 112, in run\n    loss = self._step(microbatches)\n           ^^^^^^^^^^^^^^^^^^^^^^^^\n  File \"/root/Recursive_RLHF_training_for_LLM/train/train.py\", line 894, in _step\n    out = self.model(\n          ^^^^^^^^^^^\n  File \"/usr/local/lib/python3.11/dist-packages/torch/nn/mod...\n... (Output truncated. See individual worker logs for full details) ...\non3.11/dist-packages/torch/distributed/fsdp/_runtime_utils.py\", line 386, in _pre_forward\n    unshard_fn(state, handle)\n  File \"/usr/local/lib/python3.11/dist-packages/torch/distributed/fsdp/_runtime_utils.py\", line 421, in _pre_forward_unshard\n    _unshard(state, handle, state._unshard_stream, state._pre_unshard_stream)\n  File \"/root/Recursive_RLHF_training_for_LLM/train/train.py\", line 394, in wrapped\n    dbg.log(\nTypeError: debug.Debugger.log() got multiple values for keyword argument 'rank'", "error_type": "RayTaskError(WorkerGroupError)", "event": "ERROR:join_trainer", "host": "d6b2a058c4be", "pid": 162783, "rank": null, "traceback": "Traceback (most recent call last):\n  File \"/root/Recursive_RLHF_training_for_LLM/orchestrator.py\", line 170, in run\n    self._human_loop()\n  File \"/root/Recursive_RLHF_training_for_LLM/orchestrator.py\", line 567, in _human_loop\n    human = ui.score(group)\n            ^^^^^^^^^^^^^^^\n  File \"/root/Recursive_RLHF_training_for_LLM/reward.py\", line 157, in score\n    raw = input(f\"scores ({len(group['responses'])} numbers, q=quit): \").strip()\n          ^^^^^^^^^^^^^^^^^^^^^^^^^^^^^^^^^^^^^^^^^^^^^^^^^^^^^^^^^^^^^^\nKeyboardInterrupt\n\nDuring handling of the above exception, another exception occurred:\n\nTraceback (most recent call last):\n  File \"/root/Recursive_RLHF_training_for_LLM/debug.py\", line 154, in stage\n    yield\n  File \"/root/Recursive_RLHF_training_for_LLM/orchestrator.py\", line 186, in run\n    ray.get(ref, timeout=30)\n  File \"/usr/local/lib/python3.11/dist-packages/ray/_private/auto_init_hook.py\", line 22, in auto_init_wrapper\n    return fn(*args, **kwargs)\n           ^^^^^^^^^^^^^^^^^^^\n  File \"/usr/local/lib/python3.11/dist-packages/ray/_private/client_mode_hook.py\", line 135, in wrapper\n    return func(*args, **kwargs)\n           ^^^^^^^^^^^^^^^^^^^^^\n  File \"/usr/local/lib/python3.11/dist-packages/ray/_private/worker.py\", line 3004, in get\n    values, debugger_breakpoint = worker.get_objects(\n                                  ^^^^^^^^^^^^^^^^^^^\n  File \"/usr/local/lib/python3.11/dist-packages/ray/_private/worker.py\", line 1053, in get_objects\n    raise value.as_instanceof_cause()\nray.exceptions.RayTaskError(WorkerGroupError): \u001b[36mray::TrainerJob.run()\u001b[39m (pid=164968, ip=172.20.0.2, actor_id=eed794d98fb040aa4e2163a801000000, repr=<orchestrator.TrainerJob object at 0x7ef8f487f5d0>)\n           ^^^^^^^^^^^^^^^^^^^^^^^^^^^^^^^^^^^^\n           ^^^^^^^^^^^^^^^^^^^^^^^^^^^^^^^\n  File \"/root/Recursive_RLHF_training_for_LLM/orchestrator.py\", line 119, in run\n    result = trainer.fit()\n             ^^^^^^^^^^^^^\n  File \"/usr/local/lib/python3.11/dist-packages/ray/train/v2/api/data_parallel_trainer.py\", line 193, in fit\n    raise result.error\nray.train.WorkerGroupError: Training failed due to worker errors:\n[Rank 0,1 Error Snippet]:\n\u001b[36mray::TrainerJob.run()\u001b[39m (pid=164968, ip=172.20.0.2, actor_id=eed794d98fb040aa4e2163a801000000, repr=<orchestrator.TrainerJob object at 0x7ef8f487f5d0>)\n  File \"/root/Recursive_RLHF_training_for_LLM/train/train.py\", line 36, in __call__\n    FSDPDPOTrainer(loop_config, dbg).run()\n  File \"/root/Recursive_RLHF_training_for_LLM/train/train.py\", line 112, in run\n    loss = self._step(microbatches)\n           ^^^^^^^^^^^^^^^^^^^^^^^^\n  File \"/root/Recursive_RLHF_training_for_LLM/train/train.py\", line 894, in _step\n    out = self.model(\n          ^^^^^^^^^^^\n  File \"/usr/local/lib/python3.11/dist-packages/torch/nn/mod...\n... (Output truncated. See individual worker logs for full details) ...\non3.11/dist-packages/torch/distributed/fsdp/_runtime_utils.py\", line 386, in _pre_forward\n    unshard_fn(state, handle)\n  File \"/usr/local/lib/python3.11/dist-packages/torch/distributed/fsdp/_runtime_utils.py\", line 421, in _pre_forward_unshard\n    _unshard(state, handle, state._unshard_stream, state._pre_unshard_stream)\n  File \"/root/Recursive_RLHF_training_for_LLM/train/train.py\", line 394, in wrapped\n    dbg.log(\nTypeError: debug.Debugger.log() got multiple values for keyword argument 'rank'\n", "ts": "2026-10-04 15:47:29"}
[DBG] {"category": "RAY", "component": "ray", "elapsed_sec": 0.003325, "event": "END:join_trainer", "host": "d6b2a058c4be", "pid": 162783, "rank": null, "ts": "2026-10-04 15:47:29"}
[DBG] {"category": "RAY", "component": "ray", "error": "\u001b[36mray::TrainerJob.run()\u001b[39m (pid=164968, ip=172.20.0.2, actor_id=eed794d98fb040aa4e2163a801000000, repr=<orchestrator.TrainerJob object at 0x7ef8f487f5d0>)\n           ^^^^^^^^^^^^^^^^^^^^^^^^^^^^^^^^^^^^\n           ^^^^^^^^^^^^^^^^^^^^^^^^^^^^^^^\n  File \"/root/Recursive_RLHF_training_for_LLM/orchestrator.py\", line 119, in run\n    result = trainer.fit()\n             ^^^^^^^^^^^^^\n  File \"/usr/local/lib/python3.11/dist-packages/ray/train/v2/api/data_parallel_trainer.py\", line 193, in fit\n    raise result.error\nray.train.WorkerGroupError: Training failed due to worker errors:\n[Rank 0,1 Error Snippet]:\n\u001b[36mray::TrainerJob.run()\u001b[39m (pid=164968, ip=172.20.0.2, actor_id=eed794d98fb040aa4e2163a801000000, repr=<orchestrator.TrainerJob object at 0x7ef8f487f5d0>)\n  File \"/root/Recursive_RLHF_training_for_LLM/train/train.py\", line 36, in __call__\n    FSDPDPOTrainer(loop_config, dbg).run()\n  File \"/root/Recursive_RLHF_training_for_LLM/train/train.py\", line 112, in run\n    loss = self._step(microbatches)\n           ^^^^^^^^^^^^^^^^^^^^^^^^\n  File \"/root/Recursive_RLHF_training_for_LLM/train/train.py\", line 894, in _step\n    out = self.model(\n          ^^^^^^^^^^^\n  File \"/usr/local/lib/python3.11/dist-packages/torch/nn/mod...\n... (Output truncated. See individual worker logs for full details) ...\non3.11/dist-packages/torch/distributed/fsdp/_runtime_utils.py\", line 386, in _pre_forward\n    unshard_fn(state, handle)\n  File \"/usr/local/lib/python3.11/dist-packages/torch/distributed/fsdp/_runtime_utils.py\", line 421, in _pre_forward_unshard\n    _unshard(state, handle, state._unshard_stream, state._pre_unshard_stream)\n  File \"/root/Recursive_RLHF_training_for_LLM/train/train.py\", line 394, in wrapped\n    dbg.log(\nTypeError: debug.Debugger.log() got multiple values for keyword argument 'rank'", "error_type": "RayTaskError(WorkerGroupError)", "event": "join_trainer_failed", "host": "d6b2a058c4be", "pid": 162783, "rank": null, "traceback": "Traceback (most recent call last):\n  File \"/root/Recursive_RLHF_training_for_LLM/orchestrator.py\", line 170, in run\n    self._human_loop()\n  File \"/root/Recursive_RLHF_training_for_LLM/orchestrator.py\", line 567, in _human_loop\n    human = ui.score(group)\n            ^^^^^^^^^^^^^^^\n  File \"/root/Recursive_RLHF_training_for_LLM/reward.py\", line 157, in score\n    raw = input(f\"scores ({len(group['responses'])} numbers, q=quit): \").strip()\n          ^^^^^^^^^^^^^^^^^^^^^^^^^^^^^^^^^^^^^^^^^^^^^^^^^^^^^^^^^^^^^^\nKeyboardInterrupt\n\nDuring handling of the above exception, another exception occurred:\n\nTraceback (most recent call last):\n  File \"/root/Recursive_RLHF_training_for_LLM/orchestrator.py\", line 186, in run\n    ray.get(ref, timeout=30)\n  File \"/usr/local/lib/python3.11/dist-packages/ray/_private/auto_init_hook.py\", line 22, in auto_init_wrapper\n    return fn(*args, **kwargs)\n           ^^^^^^^^^^^^^^^^^^^\n  File \"/usr/local/lib/python3.11/dist-packages/ray/_private/client_mode_hook.py\", line 135, in wrapper\n    return func(*args, **kwargs)\n           ^^^^^^^^^^^^^^^^^^^^^\n  File \"/usr/local/lib/python3.11/dist-packages/ray/_private/worker.py\", line 3004, in get\n    values, debugger_breakpoint = worker.get_objects(\n                                  ^^^^^^^^^^^^^^^^^^^\n  File \"/usr/local/lib/python3.11/dist-packages/ray/_private/worker.py\", line 1053, in get_objects\n    raise value.as_instanceof_cause()\nray.exceptions.RayTaskError(WorkerGroupError): \u001b[36mray::TrainerJob.run()\u001b[39m (pid=164968, ip=172.20.0.2, actor_id=eed794d98fb040aa4e2163a801000000, repr=<orchestrator.TrainerJob object at 0x7ef8f487f5d0>)\n           ^^^^^^^^^^^^^^^^^^^^^^^^^^^^^^^^^^^^\n           ^^^^^^^^^^^^^^^^^^^^^^^^^^^^^^^\n  File \"/root/Recursive_RLHF_training_for_LLM/orchestrator.py\", line 119, in run\n    result = trainer.fit()\n             ^^^^^^^^^^^^^\n  File \"/usr/local/lib/python3.11/dist-packages/ray/train/v2/api/data_parallel_trainer.py\", line 193, in fit\n    raise result.error\nray.train.WorkerGroupError: Training failed due to worker errors:\n[Rank 0,1 Error Snippet]:\n\u001b[36mray::TrainerJob.run()\u001b[39m (pid=164968, ip=172.20.0.2, actor_id=eed794d98fb040aa4e2163a801000000, repr=<orchestrator.TrainerJob object at 0x7ef8f487f5d0>)\n  File \"/root/Recursive_RLHF_training_for_LLM/train/train.py\", line 36, in __call__\n    FSDPDPOTrainer(loop_config, dbg).run()\n  File \"/root/Recursive_RLHF_training_for_LLM/train/train.py\", line 112, in run\n    loss = self._step(microbatches)\n           ^^^^^^^^^^^^^^^^^^^^^^^^\n  File \"/root/Recursive_RLHF_training_for_LLM/train/train.py\", line 894, in _step\n    out = self.model(\n          ^^^^^^^^^^^\n  File \"/usr/local/lib/python3.11/dist-packages/torch/nn/mod...\n... (Output truncated. See individual worker logs for full details) ...\non3.11/dist-packages/torch/distributed/fsdp/_runtime_utils.py\", line 386, in _pre_forward\n    unshard_fn(state, handle)\n  File \"/usr/local/lib/python3.11/dist-packages/torch/distributed/fsdp/_runtime_utils.py\", line 421, in _pre_forward_unshard\n    _unshard(state, handle, state._unshard_stream, state._pre_unshard_stream)\n  File \"/root/Recursive_RLHF_training_for_LLM/train/train.py\", line 394, in wrapped\n    dbg.log(\nTypeError: debug.Debugger.log() got multiple values for keyword argument 'rank'\n", "ts": "2026-10-04 15:47:29"}
[DBG] {"category": "RAY", "component": "ray", "event": "BEGIN:join_producer", "host": "d6b2a058c4be", "pid": 162783, "rank": null, "ts": "2026-10-04 15:47:29"}
[DBG] {"category": "RAY", "component": "ray", "event": "watchdog_armed", "host": "d6b2a058c4be", "pid": 162783, "rank": null, "stage": "join_producer", "timeout_sec": 30.0, "ts": "2026-10-04 15:47:29"}
[DBG] {"category": "RAY", "component": "ray", "elapsed_sec": 0.129175, "event": "END:join_producer", "host": "d6b2a058c4be", "pid": 162783, "rank": null, "ts": "2026-10-04 15:47:29"}
