[DBG] {"category": "RAY", "component": "ray", "debug_all": false, "debug_data": false, "debug_fsdp": true, "debug_inference": false, "debug_queue": true, "debug_ray": true, "debug_reward": false, "debug_train": true, "event": "application_start", "host": "d6b2a058c4be", "pid": 200165, "rank": null, "ts": "2026-10-04 16:20:09"}
[DBG] {"category": "RAY", "component": "ray", "env": {"NCCL_DEBUG": "INFO", "NCCL_DEBUG_SUBSYS": "INIT,COLL,GRAPH", "TORCH_DISTRIBUTED_DEBUG": "DETAIL", "TORCH_NCCL_ASYNC_ERROR_HANDLING": "1", "TORCH_NCCL_DESYNC_DEBUG": "1", "TORCH_NCCL_DUMP_ON_TIMEOUT": "1", "TORCH_NCCL_TRACE_BUFFER_SIZE": "20000", "TORCH_SHOW_CPP_STACKTRACES": "1"}, "event": "distributed_debug_env", "host": "d6b2a058c4be", "pid": 200165, "rank": null, "ts": "2026-10-04 16:20:09"}
[DBG] {"address": "auto", "category": "RAY", "component": "ray", "event": "BEGIN:ray_init", "host": "d6b2a058c4be", "log_to_driver": false, "pid": 200165, "rank": null, "ts": "2026-10-04 16:20:09"}
[DBG] {"category": "RAY", "component": "ray", "event": "watchdog_armed", "host": "d6b2a058c4be", "pid": 200165, "rank": null, "stage": "ray_init", "timeout_sec": 30.0, "ts": "2026-10-04 16:20:09"}
[DBG] {"category": "RAY", "component": "ray", "elapsed_sec": 0.570335, "event": "END:ray_init", "host": "d6b2a058c4be", "pid": 200165, "rank": null, "ts": "2026-10-04 16:20:10"}
[DBG] {"category": "RAY", "component": "ray", "event": "cluster_resources", "host": "d6b2a058c4be", "pid": 200165, "rank": null, "resources": {"CPU": 27.0, "GPU": 3.0, "accelerator_type:RTX-A6000": 1.0, "memory": 115835232666.0, "node:172.20.0.2": 1.0, "node:__internal_head__": 1.0, "object_store_memory": 49643671142.0}, "ts": "2026-10-04 16:20:10"}
[DBG] {"category": "RAY", "component": "ray", "event": "resource_check", "gpu_available": 3, "gpu_needed": 3, "host": "d6b2a058c4be", "pid": 200165, "rank": null, "ts": "2026-10-04 16:20:10"}
[DBG] {"category": "RAY", "component": "ray", "event": "run_id", "host": "d6b2a058c4be", "pid": 200165, "rank": null, "run_id": "smoke01", "ts": "2026-10-04 16:20:10"}
[DBG] {"category": "RAY", "component": "ray", "event": "BEGIN:create_queue_actor", "host": "d6b2a058c4be", "pid": 200165, "rank": null, "ts": "2026-10-04 16:20:10"}
[DBG] {"category": "RAY", "component": "ray", "event": "watchdog_armed", "host": "d6b2a058c4be", "pid": 200165, "rank": null, "stage": "create_queue_actor", "timeout_sec": 30.0, "ts": "2026-10-04 16:20:10"}
[DBG] {"category": "RAY", "component": "ray", "elapsed_sec": 0.041296, "event": "END:create_queue_actor", "host": "d6b2a058c4be", "pid": 200165, "rank": null, "ts": "2026-10-04 16:20:10"}
[DBG] {"category": "QUEUE", "component": "ray", "event": "BEGIN:queue_describe", "host": "d6b2a058c4be", "pid": 200165, "rank": null, "ts": "2026-10-04 16:20:10"}
[DBG] {"category": "QUEUE", "component": "ray", "event": "watchdog_armed", "host": "d6b2a058c4be", "pid": 200165, "rank": null, "stage": "queue_describe", "timeout_sec": 30.0, "ts": "2026-10-04 16:20:10"}
[DBG] {"category": "QUEUE", "component": "ray", "elapsed_sec": 10.946615, "event": "END:queue_describe", "host": "d6b2a058c4be", "pid": 200165, "rank": null, "ts": "2026-10-04 16:20:21"}
[DBG] {"category": "RAY", "component": "ray", "event": "BEGIN:create_control_actor", "host": "d6b2a058c4be", "pid": 200165, "rank": null, "ts": "2026-10-04 16:20:21"}
[DBG] {"category": "RAY", "component": "ray", "event": "watchdog_armed", "host": "d6b2a058c4be", "pid": 200165, "rank": null, "stage": "create_control_actor", "timeout_sec": 30.0, "ts": "2026-10-04 16:20:21"}
[DBG] {"category": "RAY", "component": "ray", "elapsed_sec": 0.026974, "event": "END:create_control_actor", "host": "d6b2a058c4be", "pid": 200165, "rank": null, "ts": "2026-10-04 16:20:21"}
[DBG] {"category": "RAY", "component": "ray", "event": "BEGIN:create_tracker_actor", "host": "d6b2a058c4be", "pid": 200165, "rank": null, "ts": "2026-10-04 16:20:21"}
[DBG] {"category": "RAY", "component": "ray", "event": "watchdog_armed", "host": "d6b2a058c4be", "pid": 200165, "rank": null, "stage": "create_tracker_actor", "timeout_sec": 30.0, "ts": "2026-10-04 16:20:21"}
[DBG] {"category": "RAY", "component": "ray", "elapsed_sec": 0.026508, "event": "END:create_tracker_actor", "host": "d6b2a058c4be", "pid": 200165, "rank": null, "ts": "2026-10-04 16:20:21"}
[DBG] {"category": "RAY", "component": "ray", "event": "BEGIN:create_inference_actor", "gpus": 1, "host": "d6b2a058c4be", "pid": 200165, "rank": null, "ts": "2026-10-04 16:20:21"}
[DBG] {"category": "RAY", "component": "ray", "event": "watchdog_armed", "host": "d6b2a058c4be", "pid": 200165, "rank": null, "stage": "create_inference_actor", "timeout_sec": 30.0, "ts": "2026-10-04 16:20:21"}
[DBG] {"category": "RAY", "component": "ray", "elapsed_sec": 0.027536, "event": "END:create_inference_actor", "host": "d6b2a058c4be", "pid": 200165, "rank": null, "ts": "2026-10-04 16:20:21"}
[DBG] {"category": "RAY", "component": "ray", "event": "BEGIN:create_reward_actor", "gpus": 0, "host": "d6b2a058c4be", "pid": 200165, "rank": null, "ts": "2026-10-04 16:20:21"}
[DBG] {"category": "RAY", "component": "ray", "event": "watchdog_armed", "host": "d6b2a058c4be", "pid": 200165, "rank": null, "stage": "create_reward_actor", "timeout_sec": 30.0, "ts": "2026-10-04 16:20:21"}
[DBG] {"category": "RAY", "component": "ray", "elapsed_sec": 0.021576, "event": "END:create_reward_actor", "host": "d6b2a058c4be", "pid": 200165, "rank": null, "ts": "2026-10-04 16:20:21"}
[DBG] {"category": "RAY", "component": "ray", "event": "BEGIN:create_rollout_actor", "host": "d6b2a058c4be", "pid": 200165, "rank": null, "ts": "2026-10-04 16:20:21"}
[DBG] {"category": "RAY", "component": "ray", "event": "watchdog_armed", "host": "d6b2a058c4be", "pid": 200165, "rank": null, "stage": "create_rollout_actor", "timeout_sec": 30.0, "ts": "2026-10-04 16:20:21"}
[DBG] {"category": "RAY", "component": "ray", "elapsed_sec": 0.012187, "event": "END:create_rollout_actor", "host": "d6b2a058c4be", "pid": 200165, "rank": null, "ts": "2026-10-04 16:20:21"}
[DBG] {"category": "RAY", "component": "ray", "event": "BEGIN:create_trainer_actor", "host": "d6b2a058c4be", "pid": 200165, "rank": null, "ts": "2026-10-04 16:20:21"}
[DBG] {"category": "RAY", "component": "ray", "event": "watchdog_armed", "host": "d6b2a058c4be", "pid": 200165, "rank": null, "stage": "create_trainer_actor", "timeout_sec": 30.0, "ts": "2026-10-04 16:20:21"}
[DBG] {"category": "RAY", "component": "ray", "elapsed_sec": 0.011191, "event": "END:create_trainer_actor", "host": "d6b2a058c4be", "pid": 200165, "rank": null, "ts": "2026-10-04 16:20:21"}
[DBG] {"category": "RAY", "component": "ray", "event": "BEGIN:launch_trainer_actor", "host": "d6b2a058c4be", "pid": 200165, "rank": null, "ts": "2026-10-04 16:21:00"}
[DBG] {"category": "RAY", "component": "ray", "event": "watchdog_armed", "host": "d6b2a058c4be", "pid": 200165, "rank": null, "stage": "launch_trainer_actor", "timeout_sec": 30.0, "ts": "2026-10-04 16:21:00"}
[DBG] {"category": "RAY", "component": "ray", "elapsed_sec": 0.002715, "event": "END:launch_trainer_actor", "host": "d6b2a058c4be", "pid": 200165, "rank": null, "ts": "2026-10-04 16:21:00"}
[DBG] {"category": "RAY", "component": "ray", "event": "BEGIN:launch_rollout_producer", "host": "d6b2a058c4be", "pid": 200165, "rank": null, "ts": "2026-10-04 16:21:00"}
[DBG] {"category": "RAY", "component": "ray", "event": "watchdog_armed", "host": "d6b2a058c4be", "pid": 200165, "rank": null, "stage": "launch_rollout_producer", "timeout_sec": 30.0, "ts": "2026-10-04 16:21:00"}
[DBG] {"category": "RAY", "component": "ray", "elapsed_sec": 0.001453, "event": "END:launch_rollout_producer", "host": "d6b2a058c4be", "pid": 200165, "rank": null, "ts": "2026-10-04 16:21:00"}
[DBG] {"category": "RAY", "component": "ray", "event": "human_loop_start", "host": "d6b2a058c4be", "pid": 200165, "rank": null, "ts": "2026-10-04 16:21:00"}
[DBG] {"category": "QUEUE", "component": "ray", "event": "BEGIN:human_pop_rollout", "host": "d6b2a058c4be", "pid": 200165, "rank": null, "ts": "2026-10-04 16:21:00"}
[DBG] {"category": "QUEUE", "component": "ray", "event": "watchdog_armed", "host": "d6b2a058c4be", "pid": 200165, "rank": null, "stage": "human_pop_rollout", "timeout_sec": 30.0, "ts": "2026-10-04 16:21:00"}
[DBG] {"category": "QUEUE", "component": "ray", "elapsed_sec": 0.019301, "event": "END:human_pop_rollout", "host": "d6b2a058c4be", "pid": 200165, "rank": null, "ts": "2026-10-04 16:21:00"}
[DBG] {"category": "QUEUE", "component": "ray", "event": "BEGIN:human_pop_rollout", "host": "d6b2a058c4be", "pid": 200165, "rank": null, "ts": "2026-10-04 16:21:01"}
[DBG] {"category": "QUEUE", "component": "ray", "event": "watchdog_armed", "host": "d6b2a058c4be", "pid": 200165, "rank": null, "stage": "human_pop_rollout", "timeout_sec": 30.0, "ts": "2026-10-04 16:21:01"}
[DBG] {"category": "QUEUE", "component": "ray", "elapsed_sec": 0.008231, "event": "END:human_pop_rollout", "host": "d6b2a058c4be", "pid": 200165, "rank": null, "ts": "2026-10-04 16:21:01"}
[DBG] {"category": "QUEUE", "component": "ray", "event": "BEGIN:human_pop_rollout", "host": "d6b2a058c4be", "pid": 200165, "rank": null, "ts": "2026-10-04 16:21:01"}
[DBG] {"category": "QUEUE", "component": "ray", "event": "watchdog_armed", "host": "d6b2a058c4be", "pid": 200165, "rank": null, "stage": "human_pop_rollout", "timeout_sec": 30.0, "ts": "2026-10-04 16:21:01"}
[DBG] {"category": "QUEUE", "component": "ray", "elapsed_sec": 0.008436, "event": "END:human_pop_rollout", "host": "d6b2a058c4be", "pid": 200165, "rank": null, "ts": "2026-10-04 16:21:01"}
[DBG] {"category": "QUEUE", "component": "ray", "event": "BEGIN:human_pop_rollout", "host": "d6b2a058c4be", "pid": 200165, "rank": null, "ts": "2026-10-04 16:21:01"}
[DBG] {"category": "QUEUE", "component": "ray", "event": "watchdog_armed", "host": "d6b2a058c4be", "pid": 200165, "rank": null, "stage": "human_pop_rollout", "timeout_sec": 30.0, "ts": "2026-10-04 16:21:01"}
[DBG] {"category": "QUEUE", "component": "ray", "elapsed_sec": 0.007723, "event": "END:human_pop_rollout", "host": "d6b2a058c4be", "pid": 200165, "rank": null, "ts": "2026-10-04 16:21:01"}
[DBG] {"category": "QUEUE", "component": "ray", "event": "BEGIN:human_pop_rollout", "host": "d6b2a058c4be", "pid": 200165, "rank": null, "ts": "2026-10-04 16:21:01"}
[DBG] {"category": "QUEUE", "component": "ray", "event": "watchdog_armed", "host": "d6b2a058c4be", "pid": 200165, "rank": null, "stage": "human_pop_rollout", "timeout_sec": 30.0, "ts": "2026-10-04 16:21:01"}
[DBG] {"category": "QUEUE", "component": "ray", "elapsed_sec": 0.007715, "event": "END:human_pop_rollout", "host": "d6b2a058c4be", "pid": 200165, "rank": null, "ts": "2026-10-04 16:21:01"}
[DBG] {"category": "QUEUE", "component": "ray", "event": "BEGIN:human_pop_rollout", "host": "d6b2a058c4be", "pid": 200165, "rank": null, "ts": "2026-10-04 16:21:01"}
[DBG] {"category": "QUEUE", "component": "ray", "event": "watchdog_armed", "host": "d6b2a058c4be", "pid": 200165, "rank": null, "stage": "human_pop_rollout", "timeout_sec": 30.0, "ts": "2026-10-04 16:21:01"}
[DBG] {"category": "QUEUE", "component": "ray", "elapsed_sec": 0.005938, "event": "END:human_pop_rollout", "host": "d6b2a058c4be", "pid": 200165, "rank": null, "ts": "2026-10-04 16:21:01"}
[DBG] {"category": "QUEUE", "component": "ray", "event": "BEGIN:human_pop_rollout", "host": "d6b2a058c4be", "pid": 200165, "rank": null, "ts": "2026-10-04 16:21:02"}
[DBG] {"category": "QUEUE", "component": "ray", "event": "watchdog_armed", "host": "d6b2a058c4be", "pid": 200165, "rank": null, "stage": "human_pop_rollout", "timeout_sec": 30.0, "ts": "2026-10-04 16:21:02"}
[DBG] {"category": "QUEUE", "component": "ray", "elapsed_sec": 0.007609, "event": "END:human_pop_rollout", "host": "d6b2a058c4be", "pid": 200165, "rank": null, "ts": "2026-10-04 16:21:02"}
[DBG] {"category": "QUEUE", "component": "ray", "event": "BEGIN:human_pop_rollout", "host": "d6b2a058c4be", "pid": 200165, "rank": null, "ts": "2026-10-04 16:21:02"}
[DBG] {"category": "QUEUE", "component": "ray", "event": "watchdog_armed", "host": "d6b2a058c4be", "pid": 200165, "rank": null, "stage": "human_pop_rollout", "timeout_sec": 30.0, "ts": "2026-10-04 16:21:02"}
[DBG] {"category": "QUEUE", "component": "ray", "elapsed_sec": 0.00782, "event": "END:human_pop_rollout", "host": "d6b2a058c4be", "pid": 200165, "rank": null, "ts": "2026-10-04 16:21:02"}
[DBG] {"category": "QUEUE", "component": "ray", "event": "BEGIN:human_pop_rollout", "host": "d6b2a058c4be", "pid": 200165, "rank": null, "ts": "2026-10-04 16:21:02"}
[DBG] {"category": "QUEUE", "component": "ray", "event": "watchdog_armed", "host": "d6b2a058c4be", "pid": 200165, "rank": null, "stage": "human_pop_rollout", "timeout_sec": 30.0, "ts": "2026-10-04 16:21:02"}
[DBG] {"category": "QUEUE", "component": "ray", "elapsed_sec": 0.00782, "event": "END:human_pop_rollout", "host": "d6b2a058c4be", "pid": 200165, "rank": null, "ts": "2026-10-04 16:21:02"}
[DBG] {"category": "QUEUE", "component": "ray", "event": "BEGIN:human_pop_rollout", "host": "d6b2a058c4be", "pid": 200165, "rank": null, "ts": "2026-10-04 16:21:02"}
[DBG] {"category": "QUEUE", "component": "ray", "event": "watchdog_armed", "host": "d6b2a058c4be", "pid": 200165, "rank": null, "stage": "human_pop_rollout", "timeout_sec": 30.0, "ts": "2026-10-04 16:21:02"}
[DBG] {"category": "QUEUE", "component": "ray", "elapsed_sec": 0.007533, "event": "END:human_pop_rollout", "host": "d6b2a058c4be", "pid": 200165, "rank": null, "ts": "2026-10-04 16:21:02"}
[DBG] {"category": "QUEUE", "component": "ray", "event": "BEGIN:human_pop_rollout", "host": "d6b2a058c4be", "pid": 200165, "rank": null, "ts": "2026-10-04 16:21:03"}
[DBG] {"category": "QUEUE", "component": "ray", "event": "watchdog_armed", "host": "d6b2a058c4be", "pid": 200165, "rank": null, "stage": "human_pop_rollout", "timeout_sec": 30.0, "ts": "2026-10-04 16:21:03"}
[DBG] {"category": "QUEUE", "component": "ray", "elapsed_sec": 0.007841, "event": "END:human_pop_rollout", "host": "d6b2a058c4be", "pid": 200165, "rank": null, "ts": "2026-10-04 16:21:03"}
[DBG] {"category": "QUEUE", "component": "ray", "event": "BEGIN:human_pop_rollout", "host": "d6b2a058c4be", "pid": 200165, "rank": null, "ts": "2026-10-04 16:21:03"}
[DBG] {"category": "QUEUE", "component": "ray", "event": "watchdog_armed", "host": "d6b2a058c4be", "pid": 200165, "rank": null, "stage": "human_pop_rollout", "timeout_sec": 30.0, "ts": "2026-10-04 16:21:03"}
[DBG] {"category": "QUEUE", "component": "ray", "elapsed_sec": 0.008038, "event": "END:human_pop_rollout", "host": "d6b2a058c4be", "pid": 200165, "rank": null, "ts": "2026-10-04 16:21:03"}
[DBG] {"category": "QUEUE", "component": "ray", "event": "BEGIN:human_pop_rollout", "host": "d6b2a058c4be", "pid": 200165, "rank": null, "ts": "2026-10-04 16:21:03"}
[DBG] {"category": "QUEUE", "component": "ray", "event": "watchdog_armed", "host": "d6b2a058c4be", "pid": 200165, "rank": null, "stage": "human_pop_rollout", "timeout_sec": 30.0, "ts": "2026-10-04 16:21:03"}
[DBG] {"category": "QUEUE", "component": "ray", "elapsed_sec": 0.070711, "event": "END:human_pop_rollout", "host": "d6b2a058c4be", "pid": 200165, "rank": null, "ts": "2026-10-04 16:21:03"}
[DBG] {"category": "QUEUE", "component": "ray", "event": "human_group_received", "group_id": "de5e97acbc0349218480ead857b110f7", "host": "d6b2a058c4be", "pid": 200165, "rank": null, "ts": "2026-10-04 16:21:03"}
[DBG] {"category": "RAY", "component": "ray", "event": "human_prompt_begin", "group_id": "de5e97acbc0349218480ead857b110f7", "host": "d6b2a058c4be", "pid": 200165, "rank": null, "ts": "2026-10-04 16:21:03"}
[DBG] {"category": "RAY", "component": "ray", "event": "human_prompt_end", "group_id": "de5e97acbc0349218480ead857b110f7", "host": "d6b2a058c4be", "human_scores": [1.0, 2.0, 3.0, 4.0], "pid": 200165, "policy_version": 0, "rank": null, "ts": "2026-10-04 16:21:05"}
[DBG] {"category": "RAY", "component": "ray", "event": "post_input_pipeline_begin", "group_id": "de5e97acbc0349218480ead857b110f7", "host": "d6b2a058c4be", "pid": 200165, "rank": null, "ts": "2026-10-04 16:21:05"}
[DBG] {"category": "QUEUE", "chosen_index": 3, "component": "ray", "event": "preference_sample_built", "group_id": "de5e97acbc0349218480ead857b110f7", "host": "d6b2a058c4be", "pid": 200165, "policy_version": 0, "rank": null, "rejected_index": 0, "ts": "2026-10-04 16:21:05"}
[DBG] {"category": "QUEUE", "component": "ray", "event": "BEGIN:human_put_preference", "group_id": "de5e97acbc0349218480ead857b110f7", "host": "d6b2a058c4be", "pid": 200165, "rank": null, "ts": "2026-10-04 16:21:05"}
[DBG] {"category": "QUEUE", "component": "ray", "event": "watchdog_armed", "host": "d6b2a058c4be", "pid": 200165, "rank": null, "stage": "human_put_preference", "timeout_sec": 30.0, "ts": "2026-10-04 16:21:05"}
[DBG] {"category": "QUEUE", "component": "ray", "elapsed_sec": 0.031035, "event": "END:human_put_preference", "host": "d6b2a058c4be", "pid": 200165, "rank": null, "ts": "2026-10-04 16:21:05"}
[DBG] {"category": "QUEUE", "component": "ray", "event": "preference_put_trace", "group_id": "de5e97acbc0349218480ead857b110f7", "host": "d6b2a058c4be", "pid": 200165, "queue_key": "smoke01:preference:de5e97acbc0349218480ead857b110f7", "rank": null, "size_after": 1, "size_before": 0, "ts": "2026-10-04 16:21:05"}
[DBG] {"category": "QUEUE", "component": "ray", "event": "preference_selected", "group_id": "de5e97acbc0349218480ead857b110f7", "host": "d6b2a058c4be", "pid": 200165, "preference_pending": 1, "rank": null, "selected": 1, "ts": "2026-10-04 16:21:05"}
[DBG] {"category": "RAY", "component": "ray", "event": "post_input_pipeline_end", "group_id": "de5e97acbc0349218480ead857b110f7", "host": "d6b2a058c4be", "pid": 200165, "rank": null, "selected": true, "ts": "2026-10-04 16:21:05"}
[DBG] {"axis/human_groups": 1, "category": "QUEUE", "component": "ray", "data/candidate_all": 1, "data/candidate_lgbm_agree": 0, "data/candidate_lgbm_only": 0, "data/candidate_neural_agree": 0, "data/candidate_neural_only": 0, "data/candidate_triple_agree": 0, "data/selected_pairs": 1, "data/selection_rate": 1.0, "event": "pipeline_metrics", "host": "d6b2a058c4be", "pid": 200165, "queue/preference": 1, "queue/rollout": 9, "rank": null, "ts": "2026-10-04 16:21:05"}
[DBG] {"category": "QUEUE", "component": "ray", "event": "BEGIN:human_pop_rollout", "host": "d6b2a058c4be", "pid": 200165, "rank": null, "ts": "2026-10-04 16:21:06"}
[DBG] {"category": "QUEUE", "component": "ray", "event": "watchdog_armed", "host": "d6b2a058c4be", "pid": 200165, "rank": null, "stage": "human_pop_rollout", "timeout_sec": 30.0, "ts": "2026-10-04 16:21:06"}
[DBG] {"category": "QUEUE", "component": "ray", "elapsed_sec": 0.041087, "event": "END:human_pop_rollout", "host": "d6b2a058c4be", "pid": 200165, "rank": null, "ts": "2026-10-04 16:21:06"}
[DBG] {"category": "QUEUE", "component": "ray", "event": "human_group_received", "group_id": "8e9d4edd4fb747e79570931801ca2b95", "host": "d6b2a058c4be", "pid": 200165, "rank": null, "ts": "2026-10-04 16:21:06"}
[DBG] {"category": "RAY", "component": "ray", "event": "human_prompt_begin", "group_id": "8e9d4edd4fb747e79570931801ca2b95", "host": "d6b2a058c4be", "pid": 200165, "rank": null, "ts": "2026-10-04 16:21:06"}
[DBG] {"category": "RAY", "component": "ray", "event": "human_prompt_end", "group_id": "8e9d4edd4fb747e79570931801ca2b95", "host": "d6b2a058c4be", "human_scores": [1.0, 2.0, 3.0, 4.0], "pid": 200165, "policy_version": 0, "rank": null, "ts": "2026-10-04 16:21:10"}
[DBG] {"category": "RAY", "component": "ray", "event": "post_input_pipeline_begin", "group_id": "8e9d4edd4fb747e79570931801ca2b95", "host": "d6b2a058c4be", "pid": 200165, "rank": null, "ts": "2026-10-04 16:21:10"}
[DBG] {"category": "QUEUE", "chosen_index": 3, "component": "ray", "event": "preference_sample_built", "group_id": "8e9d4edd4fb747e79570931801ca2b95", "host": "d6b2a058c4be", "pid": 200165, "policy_version": 0, "rank": null, "rejected_index": 0, "ts": "2026-10-04 16:21:10"}
[DBG] {"category": "QUEUE", "component": "ray", "event": "BEGIN:human_put_preference", "group_id": "8e9d4edd4fb747e79570931801ca2b95", "host": "d6b2a058c4be", "pid": 200165, "rank": null, "ts": "2026-10-04 16:21:10"}
[DBG] {"category": "QUEUE", "component": "ray", "event": "watchdog_armed", "host": "d6b2a058c4be", "pid": 200165, "rank": null, "stage": "human_put_preference", "timeout_sec": 30.0, "ts": "2026-10-04 16:21:10"}
[DBG] {"category": "QUEUE", "component": "ray", "elapsed_sec": 0.039598, "event": "END:human_put_preference", "host": "d6b2a058c4be", "pid": 200165, "rank": null, "ts": "2026-10-04 16:21:10"}
[DBG] {"category": "QUEUE", "component": "ray", "event": "preference_put_trace", "group_id": "8e9d4edd4fb747e79570931801ca2b95", "host": "d6b2a058c4be", "pid": 200165, "queue_key": "smoke01:preference:8e9d4edd4fb747e79570931801ca2b95", "rank": null, "size_after": 2, "size_before": 1, "ts": "2026-10-04 16:21:10"}
[DBG] {"category": "QUEUE", "component": "ray", "event": "preference_selected", "group_id": "8e9d4edd4fb747e79570931801ca2b95", "host": "d6b2a058c4be", "pid": 200165, "preference_pending": 2, "rank": null, "selected": 2, "ts": "2026-10-04 16:21:10"}
[DBG] {"category": "RAY", "component": "ray", "event": "post_input_pipeline_end", "group_id": "8e9d4edd4fb747e79570931801ca2b95", "host": "d6b2a058c4be", "pid": 200165, "rank": null, "selected": true, "ts": "2026-10-04 16:21:10"}
[DBG] {"axis/human_groups": 2, "category": "QUEUE", "component": "ray", "data/candidate_all": 2, "data/candidate_lgbm_agree": 0, "data/candidate_lgbm_only": 0, "data/candidate_neural_agree": 0, "data/candidate_neural_only": 0, "data/candidate_triple_agree": 0, "data/selected_pairs": 2, "data/selection_rate": 1.0, "event": "pipeline_metrics", "host": "d6b2a058c4be", "pid": 200165, "queue/preference": 2, "queue/rollout": 8, "rank": null, "ts": "2026-10-04 16:21:10"}
[DBG] {"category": "QUEUE", "component": "ray", "event": "BEGIN:human_pop_rollout", "host": "d6b2a058c4be", "pid": 200165, "rank": null, "ts": "2026-10-04 16:21:11"}
[DBG] {"category": "QUEUE", "component": "ray", "event": "watchdog_armed", "host": "d6b2a058c4be", "pid": 200165, "rank": null, "stage": "human_pop_rollout", "timeout_sec": 30.0, "ts": "2026-10-04 16:21:11"}
[DBG] {"category": "QUEUE", "component": "ray", "elapsed_sec": 0.055433, "event": "END:human_pop_rollout", "host": "d6b2a058c4be", "pid": 200165, "rank": null, "ts": "2026-10-04 16:21:11"}
[DBG] {"category": "QUEUE", "component": "ray", "event": "human_group_received", "group_id": "9a0c2448e612402883bce56c78e651fb", "host": "d6b2a058c4be", "pid": 200165, "rank": null, "ts": "2026-10-04 16:21:11"}
[DBG] {"category": "RAY", "component": "ray", "event": "human_prompt_begin", "group_id": "9a0c2448e612402883bce56c78e651fb", "host": "d6b2a058c4be", "pid": 200165, "rank": null, "ts": "2026-10-04 16:21:11"}
[DBG] {"category": "RAY", "component": "ray", "event": "human_prompt_end", "group_id": "9a0c2448e612402883bce56c78e651fb", "host": "d6b2a058c4be", "human_scores": [1.0, 2.0, 3.0, 4.0], "pid": 200165, "policy_version": 0, "rank": null, "ts": "2026-10-04 16:21:12"}
[DBG] {"category": "RAY", "component": "ray", "event": "post_input_pipeline_begin", "group_id": "9a0c2448e612402883bce56c78e651fb", "host": "d6b2a058c4be", "pid": 200165, "rank": null, "ts": "2026-10-04 16:21:12"}
[DBG] {"category": "QUEUE", "chosen_index": 3, "component": "ray", "event": "preference_sample_built", "group_id": "9a0c2448e612402883bce56c78e651fb", "host": "d6b2a058c4be", "pid": 200165, "policy_version": 0, "rank": null, "rejected_index": 0, "ts": "2026-10-04 16:21:12"}
[DBG] {"category": "QUEUE", "component": "ray", "event": "BEGIN:human_put_preference", "group_id": "9a0c2448e612402883bce56c78e651fb", "host": "d6b2a058c4be", "pid": 200165, "rank": null, "ts": "2026-10-04 16:21:12"}
[DBG] {"category": "QUEUE", "component": "ray", "event": "watchdog_armed", "host": "d6b2a058c4be", "pid": 200165, "rank": null, "stage": "human_put_preference", "timeout_sec": 30.0, "ts": "2026-10-04 16:21:12"}
[DBG] {"category": "QUEUE", "component": "ray", "elapsed_sec": 0.031359, "event": "END:human_put_preference", "host": "d6b2a058c4be", "pid": 200165, "rank": null, "ts": "2026-10-04 16:21:12"}
[DBG] {"category": "QUEUE", "component": "ray", "event": "preference_put_trace", "group_id": "9a0c2448e612402883bce56c78e651fb", "host": "d6b2a058c4be", "pid": 200165, "queue_key": "smoke01:preference:9a0c2448e612402883bce56c78e651fb", "rank": null, "size_after": 3, "size_before": 2, "ts": "2026-10-04 16:21:12"}
[DBG] {"category": "QUEUE", "component": "ray", "event": "preference_selected", "group_id": "9a0c2448e612402883bce56c78e651fb", "host": "d6b2a058c4be", "pid": 200165, "preference_pending": 3, "rank": null, "selected": 3, "ts": "2026-10-04 16:21:12"}
[DBG] {"category": "RAY", "component": "ray", "event": "post_input_pipeline_end", "group_id": "9a0c2448e612402883bce56c78e651fb", "host": "d6b2a058c4be", "pid": 200165, "rank": null, "selected": true, "ts": "2026-10-04 16:21:12"}
[DBG] {"axis/human_groups": 3, "category": "QUEUE", "component": "ray", "data/candidate_all": 3, "data/candidate_lgbm_agree": 0, "data/candidate_lgbm_only": 0, "data/candidate_neural_agree": 0, "data/candidate_neural_only": 0, "data/candidate_triple_agree": 0, "data/selected_pairs": 3, "data/selection_rate": 1.0, "event": "pipeline_metrics", "host": "d6b2a058c4be", "pid": 200165, "queue/preference": 3, "queue/rollout": 9, "rank": null, "ts": "2026-10-04 16:21:12"}
[DBG] {"category": "QUEUE", "component": "ray", "event": "BEGIN:human_pop_rollout", "host": "d6b2a058c4be", "pid": 200165, "rank": null, "ts": "2026-10-04 16:21:13"}
[DBG] {"category": "QUEUE", "component": "ray", "event": "watchdog_armed", "host": "d6b2a058c4be", "pid": 200165, "rank": null, "stage": "human_pop_rollout", "timeout_sec": 30.0, "ts": "2026-10-04 16:21:13"}
[DBG] {"category": "QUEUE", "component": "ray", "elapsed_sec": 0.051836, "event": "END:human_pop_rollout", "host": "d6b2a058c4be", "pid": 200165, "rank": null, "ts": "2026-10-04 16:21:13"}
[DBG] {"category": "QUEUE", "component": "ray", "event": "human_group_received", "group_id": "f3e51aede1244894893959dc8d23257c", "host": "d6b2a058c4be", "pid": 200165, "rank": null, "ts": "2026-10-04 16:21:13"}
[DBG] {"category": "RAY", "component": "ray", "event": "human_prompt_begin", "group_id": "f3e51aede1244894893959dc8d23257c", "host": "d6b2a058c4be", "pid": 200165, "rank": null, "ts": "2026-10-04 16:21:13"}
[DBG] {"category": "RAY", "component": "ray", "event": "human_prompt_end", "group_id": "f3e51aede1244894893959dc8d23257c", "host": "d6b2a058c4be", "human_scores": [1.0, 2.0, 3.0, 4.0], "pid": 200165, "policy_version": 0, "rank": null, "ts": "2026-10-04 16:21:15"}
[DBG] {"category": "RAY", "component": "ray", "event": "post_input_pipeline_begin", "group_id": "f3e51aede1244894893959dc8d23257c", "host": "d6b2a058c4be", "pid": 200165, "rank": null, "ts": "2026-10-04 16:21:15"}
[DBG] {"category": "QUEUE", "chosen_index": 3, "component": "ray", "event": "preference_sample_built", "group_id": "f3e51aede1244894893959dc8d23257c", "host": "d6b2a058c4be", "pid": 200165, "policy_version": 0, "rank": null, "rejected_index": 0, "ts": "2026-10-04 16:21:15"}
[DBG] {"category": "QUEUE", "component": "ray", "event": "BEGIN:human_put_preference", "group_id": "f3e51aede1244894893959dc8d23257c", "host": "d6b2a058c4be", "pid": 200165, "rank": null, "ts": "2026-10-04 16:21:15"}
[DBG] {"category": "QUEUE", "component": "ray", "event": "watchdog_armed", "host": "d6b2a058c4be", "pid": 200165, "rank": null, "stage": "human_put_preference", "timeout_sec": 30.0, "ts": "2026-10-04 16:21:15"}
[DBG] {"category": "QUEUE", "component": "ray", "elapsed_sec": 0.033025, "event": "END:human_put_preference", "host": "d6b2a058c4be", "pid": 200165, "rank": null, "ts": "2026-10-04 16:21:15"}
[DBG] {"category": "QUEUE", "component": "ray", "event": "preference_put_trace", "group_id": "f3e51aede1244894893959dc8d23257c", "host": "d6b2a058c4be", "pid": 200165, "queue_key": "smoke01:preference:f3e51aede1244894893959dc8d23257c", "rank": null, "size_after": 4, "size_before": 3, "ts": "2026-10-04 16:21:15"}
[DBG] {"category": "QUEUE", "component": "ray", "event": "preference_selected", "group_id": "f3e51aede1244894893959dc8d23257c", "host": "d6b2a058c4be", "pid": 200165, "preference_pending": 4, "rank": null, "selected": 4, "ts": "2026-10-04 16:21:15"}
[DBG] {"category": "RAY", "component": "ray", "event": "post_input_pipeline_end", "group_id": "f3e51aede1244894893959dc8d23257c", "host": "d6b2a058c4be", "pid": 200165, "rank": null, "selected": true, "ts": "2026-10-04 16:21:15"}
[DBG] {"axis/human_groups": 4, "category": "QUEUE", "component": "ray", "data/candidate_all": 4, "data/candidate_lgbm_agree": 0, "data/candidate_lgbm_only": 0, "data/candidate_neural_agree": 0, "data/candidate_neural_only": 0, "data/candidate_triple_agree": 0, "data/selected_pairs": 4, "data/selection_rate": 1.0, "event": "pipeline_metrics", "host": "d6b2a058c4be", "pid": 200165, "queue/preference": 4, "queue/rollout": 8, "rank": null, "ts": "2026-10-04 16:21:15"}
[DBG] {"category": "QUEUE", "component": "ray", "event": "BEGIN:human_pop_rollout", "host": "d6b2a058c4be", "pid": 200165, "rank": null, "ts": "2026-10-04 16:21:53"}
[DBG] {"category": "QUEUE", "component": "ray", "event": "watchdog_armed", "host": "d6b2a058c4be", "pid": 200165, "rank": null, "stage": "human_pop_rollout", "timeout_sec": 30.0, "ts": "2026-10-04 16:21:53"}
[DBG] {"category": "QUEUE", "component": "ray", "elapsed_sec": 0.049578, "event": "END:human_pop_rollout", "host": "d6b2a058c4be", "pid": 200165, "rank": null, "ts": "2026-10-04 16:21:53"}
[DBG] {"category": "QUEUE", "component": "ray", "event": "human_group_received", "group_id": "40296eecb01246eeb435d9037db21ae7", "host": "d6b2a058c4be", "pid": 200165, "rank": null, "ts": "2026-10-04 16:21:53"}
[DBG] {"category": "RAY", "component": "ray", "event": "human_prompt_begin", "group_id": "40296eecb01246eeb435d9037db21ae7", "host": "d6b2a058c4be", "pid": 200165, "rank": null, "ts": "2026-10-04 16:21:53"}
[DBG] {"category": "RAY", "component": "ray", "event": "human_prompt_end", "group_id": "40296eecb01246eeb435d9037db21ae7", "host": "d6b2a058c4be", "human_scores": [1.0, 2.0, 3.0, 4.0], "pid": 200165, "policy_version": 0, "rank": null, "ts": "2026-10-04 16:22:09"}
[DBG] {"category": "RAY", "component": "ray", "event": "post_input_pipeline_begin", "group_id": "40296eecb01246eeb435d9037db21ae7", "host": "d6b2a058c4be", "pid": 200165, "rank": null, "ts": "2026-10-04 16:22:09"}
[DBG] {"category": "QUEUE", "chosen_index": 3, "component": "ray", "event": "preference_sample_built", "group_id": "40296eecb01246eeb435d9037db21ae7", "host": "d6b2a058c4be", "pid": 200165, "policy_version": 0, "rank": null, "rejected_index": 0, "ts": "2026-10-04 16:22:09"}
[DBG] {"category": "QUEUE", "component": "ray", "event": "BEGIN:human_put_preference", "group_id": "40296eecb01246eeb435d9037db21ae7", "host": "d6b2a058c4be", "pid": 200165, "rank": null, "ts": "2026-10-04 16:22:09"}
[DBG] {"category": "QUEUE", "component": "ray", "event": "watchdog_armed", "host": "d6b2a058c4be", "pid": 200165, "rank": null, "stage": "human_put_preference", "timeout_sec": 30.0, "ts": "2026-10-04 16:22:09"}
[DBG] {"category": "QUEUE", "component": "ray", "elapsed_sec": 0.025012, "event": "END:human_put_preference", "host": "d6b2a058c4be", "pid": 200165, "rank": null, "ts": "2026-10-04 16:22:09"}
[DBG] {"category": "QUEUE", "component": "ray", "event": "preference_put_trace", "group_id": "40296eecb01246eeb435d9037db21ae7", "host": "d6b2a058c4be", "pid": 200165, "queue_key": "smoke01:preference:40296eecb01246eeb435d9037db21ae7", "rank": null, "size_after": 1, "size_before": 0, "ts": "2026-10-04 16:22:09"}
[DBG] {"category": "QUEUE", "component": "ray", "event": "preference_selected", "group_id": "40296eecb01246eeb435d9037db21ae7", "host": "d6b2a058c4be", "pid": 200165, "preference_pending": 1, "rank": null, "selected": 5, "ts": "2026-10-04 16:22:09"}
[DBG] {"category": "RAY", "component": "ray", "event": "post_input_pipeline_end", "group_id": "40296eecb01246eeb435d9037db21ae7", "host": "d6b2a058c4be", "pid": 200165, "rank": null, "selected": true, "ts": "2026-10-04 16:22:09"}
[DBG] {"axis/human_groups": 5, "category": "QUEUE", "component": "ray", "data/candidate_all": 5, "data/candidate_lgbm_agree": 0, "data/candidate_lgbm_only": 0, "data/candidate_neural_agree": 0, "data/candidate_neural_only": 0, "data/candidate_triple_agree": 0, "data/selected_pairs": 5, "data/selection_rate": 1.0, "event": "pipeline_metrics", "host": "d6b2a058c4be", "pid": 200165, "queue/preference": 1, "queue/rollout": 9, "rank": null, "ts": "2026-10-04 16:22:09"}
[DBG] {"category": "QUEUE", "component": "ray", "event": "BEGIN:human_pop_rollout", "host": "d6b2a058c4be", "pid": 200165, "rank": null, "ts": "2026-10-04 16:22:10"}
[DBG] {"category": "QUEUE", "component": "ray", "event": "watchdog_armed", "host": "d6b2a058c4be", "pid": 200165, "rank": null, "stage": "human_pop_rollout", "timeout_sec": 30.0, "ts": "2026-10-04 16:22:10"}
[DBG] {"category": "QUEUE", "component": "ray", "elapsed_sec": 0.024198, "event": "END:human_pop_rollout", "host": "d6b2a058c4be", "pid": 200165, "rank": null, "ts": "2026-10-04 16:22:10"}
[DBG] {"category": "QUEUE", "component": "ray", "event": "human_group_received", "group_id": "e12eae6630d94e3bb2d238c5390a2250", "host": "d6b2a058c4be", "pid": 200165, "rank": null, "ts": "2026-10-04 16:22:10"}
[DBG] {"category": "RAY", "component": "ray", "event": "human_prompt_begin", "group_id": "e12eae6630d94e3bb2d238c5390a2250", "host": "d6b2a058c4be", "pid": 200165, "rank": null, "ts": "2026-10-04 16:22:10"}
[DBG] {"category": "RAY", "component": "ray", "event": "human_prompt_end", "group_id": "e12eae6630d94e3bb2d238c5390a2250", "host": "d6b2a058c4be", "human_scores": [1.0, 2.0, 3.0, 4.0], "pid": 200165, "policy_version": 0, "rank": null, "ts": "2026-10-04 16:22:16"}
[DBG] {"category": "RAY", "component": "ray", "event": "post_input_pipeline_begin", "group_id": "e12eae6630d94e3bb2d238c5390a2250", "host": "d6b2a058c4be", "pid": 200165, "rank": null, "ts": "2026-10-04 16:22:16"}
[DBG] {"category": "QUEUE", "chosen_index": 3, "component": "ray", "event": "preference_sample_built", "group_id": "e12eae6630d94e3bb2d238c5390a2250", "host": "d6b2a058c4be", "pid": 200165, "policy_version": 0, "rank": null, "rejected_index": 0, "ts": "2026-10-04 16:22:16"}
[DBG] {"category": "QUEUE", "component": "ray", "event": "BEGIN:human_put_preference", "group_id": "e12eae6630d94e3bb2d238c5390a2250", "host": "d6b2a058c4be", "pid": 200165, "rank": null, "ts": "2026-10-04 16:22:16"}
[DBG] {"category": "QUEUE", "component": "ray", "event": "watchdog_armed", "host": "d6b2a058c4be", "pid": 200165, "rank": null, "stage": "human_put_preference", "timeout_sec": 30.0, "ts": "2026-10-04 16:22:16"}
[DBG] {"category": "QUEUE", "component": "ray", "elapsed_sec": 0.018507, "event": "END:human_put_preference", "host": "d6b2a058c4be", "pid": 200165, "rank": null, "ts": "2026-10-04 16:22:16"}
[DBG] {"category": "QUEUE", "component": "ray", "event": "preference_put_trace", "group_id": "e12eae6630d94e3bb2d238c5390a2250", "host": "d6b2a058c4be", "pid": 200165, "queue_key": "smoke01:preference:e12eae6630d94e3bb2d238c5390a2250", "rank": null, "size_after": 2, "size_before": 1, "ts": "2026-10-04 16:22:16"}
[DBG] {"category": "QUEUE", "component": "ray", "event": "preference_selected", "group_id": "e12eae6630d94e3bb2d238c5390a2250", "host": "d6b2a058c4be", "pid": 200165, "preference_pending": 2, "rank": null, "selected": 6, "ts": "2026-10-04 16:22:16"}
[DBG] {"category": "RAY", "component": "ray", "event": "post_input_pipeline_end", "group_id": "e12eae6630d94e3bb2d238c5390a2250", "host": "d6b2a058c4be", "pid": 200165, "rank": null, "selected": true, "ts": "2026-10-04 16:22:16"}
[DBG] {"axis/human_groups": 6, "category": "QUEUE", "component": "ray", "data/candidate_all": 6, "data/candidate_lgbm_agree": 0, "data/candidate_lgbm_only": 0, "data/candidate_neural_agree": 0, "data/candidate_neural_only": 0, "data/candidate_triple_agree": 0, "data/selected_pairs": 6, "data/selection_rate": 1.0, "event": "pipeline_metrics", "host": "d6b2a058c4be", "pid": 200165, "queue/preference": 2, "queue/rollout": 8, "rank": null, "ts": "2026-10-04 16:22:16"}
[DBG] {"category": "QUEUE", "component": "ray", "event": "BEGIN:human_pop_rollout", "host": "d6b2a058c4be", "pid": 200165, "rank": null, "ts": "2026-10-04 16:22:17"}
[DBG] {"category": "QUEUE", "component": "ray", "event": "watchdog_armed", "host": "d6b2a058c4be", "pid": 200165, "rank": null, "stage": "human_pop_rollout", "timeout_sec": 30.0, "ts": "2026-10-04 16:22:17"}
[DBG] {"category": "QUEUE", "component": "ray", "elapsed_sec": 0.047532, "event": "END:human_pop_rollout", "host": "d6b2a058c4be", "pid": 200165, "rank": null, "ts": "2026-10-04 16:22:17"}
[DBG] {"category": "QUEUE", "component": "ray", "event": "human_group_received", "group_id": "6bd1df3255834a8abffe4c933071c473", "host": "d6b2a058c4be", "pid": 200165, "rank": null, "ts": "2026-10-04 16:22:17"}
[DBG] {"category": "RAY", "component": "ray", "event": "human_prompt_begin", "group_id": "6bd1df3255834a8abffe4c933071c473", "host": "d6b2a058c4be", "pid": 200165, "rank": null, "ts": "2026-10-04 16:22:17"}
[DBG] {"category": "RAY", "component": "ray", "event": "human_prompt_end", "group_id": "6bd1df3255834a8abffe4c933071c473", "host": "d6b2a058c4be", "human_scores": [1.0, 2.0, 3.0, 4.0], "pid": 200165, "policy_version": 0, "rank": null, "ts": "2026-10-04 16:22:20"}
[DBG] {"category": "RAY", "component": "ray", "event": "post_input_pipeline_begin", "group_id": "6bd1df3255834a8abffe4c933071c473", "host": "d6b2a058c4be", "pid": 200165, "rank": null, "ts": "2026-10-04 16:22:20"}
[DBG] {"category": "QUEUE", "chosen_index": 3, "component": "ray", "event": "preference_sample_built", "group_id": "6bd1df3255834a8abffe4c933071c473", "host": "d6b2a058c4be", "pid": 200165, "policy_version": 0, "rank": null, "rejected_index": 0, "ts": "2026-10-04 16:22:20"}
[DBG] {"category": "QUEUE", "component": "ray", "event": "BEGIN:human_put_preference", "group_id": "6bd1df3255834a8abffe4c933071c473", "host": "d6b2a058c4be", "pid": 200165, "rank": null, "ts": "2026-10-04 16:22:20"}
[DBG] {"category": "QUEUE", "component": "ray", "event": "watchdog_armed", "host": "d6b2a058c4be", "pid": 200165, "rank": null, "stage": "human_put_preference", "timeout_sec": 30.0, "ts": "2026-10-04 16:22:20"}
[DBG] {"category": "QUEUE", "component": "ray", "elapsed_sec": 0.020786, "event": "END:human_put_preference", "host": "d6b2a058c4be", "pid": 200165, "rank": null, "ts": "2026-10-04 16:22:20"}
[DBG] {"category": "QUEUE", "component": "ray", "event": "preference_put_trace", "group_id": "6bd1df3255834a8abffe4c933071c473", "host": "d6b2a058c4be", "pid": 200165, "queue_key": "smoke01:preference:6bd1df3255834a8abffe4c933071c473", "rank": null, "size_after": 3, "size_before": 2, "ts": "2026-10-04 16:22:21"}
[DBG] {"category": "QUEUE", "component": "ray", "event": "preference_selected", "group_id": "6bd1df3255834a8abffe4c933071c473", "host": "d6b2a058c4be", "pid": 200165, "preference_pending": 3, "rank": null, "selected": 7, "ts": "2026-10-04 16:22:21"}
[DBG] {"category": "RAY", "component": "ray", "event": "post_input_pipeline_end", "group_id": "6bd1df3255834a8abffe4c933071c473", "host": "d6b2a058c4be", "pid": 200165, "rank": null, "selected": true, "ts": "2026-10-04 16:22:21"}
[DBG] {"axis/human_groups": 7, "category": "QUEUE", "component": "ray", "data/candidate_all": 7, "data/candidate_lgbm_agree": 0, "data/candidate_lgbm_only": 0, "data/candidate_neural_agree": 0, "data/candidate_neural_only": 0, "data/candidate_triple_agree": 0, "data/selected_pairs": 7, "data/selection_rate": 1.0, "event": "pipeline_metrics", "host": "d6b2a058c4be", "pid": 200165, "queue/preference": 3, "queue/rollout": 9, "rank": null, "ts": "2026-10-04 16:22:21"}
[DBG] {"category": "QUEUE", "component": "ray", "event": "BEGIN:human_pop_rollout", "host": "d6b2a058c4be", "pid": 200165, "rank": null, "ts": "2026-10-04 16:22:22"}
[DBG] {"category": "QUEUE", "component": "ray", "event": "watchdog_armed", "host": "d6b2a058c4be", "pid": 200165, "rank": null, "stage": "human_pop_rollout", "timeout_sec": 30.0, "ts": "2026-10-04 16:22:22"}
[DBG] {"category": "QUEUE", "component": "ray", "elapsed_sec": 0.050078, "event": "END:human_pop_rollout", "host": "d6b2a058c4be", "pid": 200165, "rank": null, "ts": "2026-10-04 16:22:22"}
[DBG] {"category": "QUEUE", "component": "ray", "event": "human_group_received", "group_id": "3cd730d60163484789b41af0c1562940", "host": "d6b2a058c4be", "pid": 200165, "rank": null, "ts": "2026-10-04 16:22:22"}
[DBG] {"category": "RAY", "component": "ray", "event": "human_prompt_begin", "group_id": "3cd730d60163484789b41af0c1562940", "host": "d6b2a058c4be", "pid": 200165, "rank": null, "ts": "2026-10-04 16:22:22"}
[DBG] {"category": "RAY", "component": "ray", "event": "human_prompt_end", "group_id": "3cd730d60163484789b41af0c1562940", "host": "d6b2a058c4be", "human_scores": [1.0, 2.0, 3.0, 4.0], "pid": 200165, "policy_version": 0, "rank": null, "ts": "2026-10-04 16:22:23"}
[DBG] {"category": "RAY", "component": "ray", "event": "post_input_pipeline_begin", "group_id": "3cd730d60163484789b41af0c1562940", "host": "d6b2a058c4be", "pid": 200165, "rank": null, "ts": "2026-10-04 16:22:23"}
[DBG] {"category": "QUEUE", "chosen_index": 3, "component": "ray", "event": "preference_sample_built", "group_id": "3cd730d60163484789b41af0c1562940", "host": "d6b2a058c4be", "pid": 200165, "policy_version": 0, "rank": null, "rejected_index": 0, "ts": "2026-10-04 16:22:23"}
[DBG] {"category": "QUEUE", "component": "ray", "event": "BEGIN:human_put_preference", "group_id": "3cd730d60163484789b41af0c1562940", "host": "d6b2a058c4be", "pid": 200165, "rank": null, "ts": "2026-10-04 16:22:23"}
[DBG] {"category": "QUEUE", "component": "ray", "event": "watchdog_armed", "host": "d6b2a058c4be", "pid": 200165, "rank": null, "stage": "human_put_preference", "timeout_sec": 30.0, "ts": "2026-10-04 16:22:23"}
[DBG] {"category": "QUEUE", "component": "ray", "elapsed_sec": 0.017971, "event": "END:human_put_preference", "host": "d6b2a058c4be", "pid": 200165, "rank": null, "ts": "2026-10-04 16:22:23"}
[DBG] {"category": "QUEUE", "component": "ray", "event": "preference_put_trace", "group_id": "3cd730d60163484789b41af0c1562940", "host": "d6b2a058c4be", "pid": 200165, "queue_key": "smoke01:preference:3cd730d60163484789b41af0c1562940", "rank": null, "size_after": 4, "size_before": 3, "ts": "2026-10-04 16:22:23"}
[DBG] {"category": "QUEUE", "component": "ray", "event": "preference_selected", "group_id": "3cd730d60163484789b41af0c1562940", "host": "d6b2a058c4be", "pid": 200165, "preference_pending": 4, "rank": null, "selected": 8, "ts": "2026-10-04 16:22:23"}
[DBG] {"category": "RAY", "component": "ray", "event": "post_input_pipeline_end", "group_id": "3cd730d60163484789b41af0c1562940", "host": "d6b2a058c4be", "pid": 200165, "rank": null, "selected": true, "ts": "2026-10-04 16:22:23"}
[DBG] {"axis/human_groups": 8, "category": "QUEUE", "component": "ray", "data/candidate_all": 8, "data/candidate_lgbm_agree": 0, "data/candidate_lgbm_only": 0, "data/candidate_neural_agree": 0, "data/candidate_neural_only": 0, "data/candidate_triple_agree": 0, "data/selected_pairs": 8, "data/selection_rate": 1.0, "event": "pipeline_metrics", "host": "d6b2a058c4be", "pid": 200165, "queue/preference": 4, "queue/rollout": 8, "rank": null, "ts": "2026-10-04 16:22:23"}
[DBG] {"category": "QUEUE", "component": "ray", "event": "BEGIN:human_pop_rollout", "host": "d6b2a058c4be", "pid": 200165, "rank": null, "ts": "2026-10-04 16:23:01"}
[DBG] {"category": "QUEUE", "component": "ray", "event": "watchdog_armed", "host": "d6b2a058c4be", "pid": 200165, "rank": null, "stage": "human_pop_rollout", "timeout_sec": 30.0, "ts": "2026-10-04 16:23:01"}
[DBG] {"category": "QUEUE", "component": "ray", "elapsed_sec": 0.058352, "event": "END:human_pop_rollout", "host": "d6b2a058c4be", "pid": 200165, "rank": null, "ts": "2026-10-04 16:23:01"}
[DBG] {"category": "QUEUE", "component": "ray", "event": "human_group_received", "group_id": "24a02f17f0de4faaa93266b5f19e9af5", "host": "d6b2a058c4be", "pid": 200165, "rank": null, "ts": "2026-10-04 16:23:01"}
[DBG] {"category": "RAY", "component": "ray", "event": "human_prompt_begin", "group_id": "24a02f17f0de4faaa93266b5f19e9af5", "host": "d6b2a058c4be", "pid": 200165, "rank": null, "ts": "2026-10-04 16:23:01"}
[DBG] {"category": "RAY", "component": "ray", "event": "human_prompt_end", "group_id": "24a02f17f0de4faaa93266b5f19e9af5", "host": "d6b2a058c4be", "human_scores": [1.0, 2.0, 3.0, 4.0], "pid": 200165, "policy_version": 0, "rank": null, "ts": "2026-10-04 16:23:48"}
[DBG] {"category": "RAY", "component": "ray", "event": "post_input_pipeline_begin", "group_id": "24a02f17f0de4faaa93266b5f19e9af5", "host": "d6b2a058c4be", "pid": 200165, "rank": null, "ts": "2026-10-04 16:23:48"}
[DBG] {"category": "QUEUE", "chosen_index": 3, "component": "ray", "event": "preference_sample_built", "group_id": "24a02f17f0de4faaa93266b5f19e9af5", "host": "d6b2a058c4be", "pid": 200165, "policy_version": 0, "rank": null, "rejected_index": 0, "ts": "2026-10-04 16:23:48"}
[DBG] {"category": "QUEUE", "component": "ray", "event": "BEGIN:human_put_preference", "group_id": "24a02f17f0de4faaa93266b5f19e9af5", "host": "d6b2a058c4be", "pid": 200165, "rank": null, "ts": "2026-10-04 16:23:48"}
[DBG] {"category": "QUEUE", "component": "ray", "event": "watchdog_armed", "host": "d6b2a058c4be", "pid": 200165, "rank": null, "stage": "human_put_preference", "timeout_sec": 30.0, "ts": "2026-10-04 16:23:48"}
[DBG] {"category": "QUEUE", "component": "ray", "elapsed_sec": 0.030702, "event": "END:human_put_preference", "host": "d6b2a058c4be", "pid": 200165, "rank": null, "ts": "2026-10-04 16:23:48"}
[DBG] {"category": "QUEUE", "component": "ray", "event": "preference_put_trace", "group_id": "24a02f17f0de4faaa93266b5f19e9af5", "host": "d6b2a058c4be", "pid": 200165, "queue_key": "smoke01:preference:24a02f17f0de4faaa93266b5f19e9af5", "rank": null, "size_after": 5, "size_before": 4, "ts": "2026-10-04 16:23:48"}
[DBG] {"category": "QUEUE", "component": "ray", "event": "preference_selected", "group_id": "24a02f17f0de4faaa93266b5f19e9af5", "host": "d6b2a058c4be", "pid": 200165, "preference_pending": 5, "rank": null, "selected": 9, "ts": "2026-10-04 16:23:48"}
[DBG] {"category": "RAY", "component": "ray", "event": "post_input_pipeline_end", "group_id": "24a02f17f0de4faaa93266b5f19e9af5", "host": "d6b2a058c4be", "pid": 200165, "rank": null, "selected": true, "ts": "2026-10-04 16:23:48"}
[DBG] {"axis/human_groups": 9, "category": "QUEUE", "component": "ray", "data/candidate_all": 9, "data/candidate_lgbm_agree": 0, "data/candidate_lgbm_only": 0, "data/candidate_neural_agree": 0, "data/candidate_neural_only": 0, "data/candidate_triple_agree": 0, "data/selected_pairs": 9, "data/selection_rate": 1.0, "event": "pipeline_metrics", "host": "d6b2a058c4be", "pid": 200165, "queue/preference": 5, "queue/rollout": 9, "rank": null, "ts": "2026-10-04 16:23:48"}
[DBG] {"category": "QUEUE", "component": "ray", "event": "BEGIN:human_pop_rollout", "host": "d6b2a058c4be", "pid": 200165, "rank": null, "ts": "2026-10-04 16:23:49"}
[DBG] {"category": "QUEUE", "component": "ray", "event": "watchdog_armed", "host": "d6b2a058c4be", "pid": 200165, "rank": null, "stage": "human_pop_rollout", "timeout_sec": 30.0, "ts": "2026-10-04 16:23:49"}
[DBG] {"category": "QUEUE", "component": "ray", "elapsed_sec": 0.027601, "event": "END:human_pop_rollout", "host": "d6b2a058c4be", "pid": 200165, "rank": null, "ts": "2026-10-04 16:23:50"}
[DBG] {"category": "QUEUE", "component": "ray", "event": "human_group_received", "group_id": "8864356b6166463d9860795071777452", "host": "d6b2a058c4be", "pid": 200165, "rank": null, "ts": "2026-10-04 16:23:50"}
[DBG] {"category": "RAY", "component": "ray", "event": "human_prompt_begin", "group_id": "8864356b6166463d9860795071777452", "host": "d6b2a058c4be", "pid": 200165, "rank": null, "ts": "2026-10-04 16:23:50"}
[DBG] {"category": "RAY", "component": "ray", "event": "shutdown_begin", "host": "d6b2a058c4be", "pid": 200165, "rank": null, "ts": "2026-10-04 16:28:03"}
[DBG] {"category": "RAY", "component": "ray", "event": "BEGIN:join_trainer", "host": "d6b2a058c4be", "pid": 200165, "rank": null, "ts": "2026-10-04 16:28:04"}
[DBG] {"category": "RAY", "component": "ray", "event": "watchdog_armed", "host": "d6b2a058c4be", "pid": 200165, "rank": null, "stage": "join_trainer", "timeout_sec": 30.0, "ts": "2026-10-04 16:28:04"}
[DBG] {"category": "RAY", "component": "ray", "error": "", "error_type": "KeyboardInterrupt", "event": "ERROR:join_trainer", "host": "d6b2a058c4be", "pid": 200165, "rank": null, "traceback": "Traceback (most recent call last):\n  File \"/root/Recursive_RLHF_training_for_LLM/orchestrator.py\", line 170, in run\n    self._human_loop()\n  File \"/root/Recursive_RLHF_training_for_LLM/orchestrator.py\", line 626, in _human_loop\n    # budget expires. This prevents a fixed 2 s UI window from hiding the\n                ^^^^^^^^^^^^^^^\n  File \"/root/Recursive_RLHF_training_for_LLM/reward.py\", line 157, in score\n    raw = input(f\"scores ({len(group['responses'])} numbers, q=quit): \").strip()\n          ^^^^^^^^^^^^^^^^^^^^^^^^^^^^^^^^^^^^^^^^^^^^^^^^^^^^^^^^^^^^^^\nKeyboardInterrupt\n\nDuring handling of the above exception, another exception occurred:\n\nTraceback (most recent call last):\n  File \"/root/Recursive_RLHF_training_for_LLM/debug.py\", line 154, in stage\n    yield\n  File \"/root/Recursive_RLHF_training_for_LLM/orchestrator.py\", line 186, in run\n    ray.get(ref, timeout=30)\n  File \"/usr/local/lib/python3.11/dist-packages/ray/_private/auto_init_hook.py\", line 22, in auto_init_wrapper\n    return fn(*args, **kwargs)\n           ^^^^^^^^^^^^^^^^^^^\n  File \"/usr/local/lib/python3.11/dist-packages/ray/_private/client_mode_hook.py\", line 135, in wrapper\n    return func(*args, **kwargs)\n           ^^^^^^^^^^^^^^^^^^^^^\n  File \"/usr/local/lib/python3.11/dist-packages/ray/_private/worker.py\", line 3004, in get\n    values, debugger_breakpoint = worker.get_objects(\n                                  ^^^^^^^^^^^^^^^^^^^\n  File \"/usr/local/lib/python3.11/dist-packages/ray/_private/worker.py\", line 1007, in get_objects\n    ] = self.core_worker.get_objects(\n        ^^^^^^^^^^^^^^^^^^^^^^^^^^^^^\n  File \"python/ray/_raylet.pyx\", line 3473, in ray._raylet.CoreWorker.get_objects\n  File \"python/ray/includes/common.pxi\", line 105, in ray._raylet.check_status\nKeyboardInterrupt\n", "ts": "2026-10-04 16:28:05"}
[DBG] {"category": "RAY", "component": "ray", "elapsed_sec": 1.007959, "event": "END:join_trainer", "host": "d6b2a058c4be", "pid": 200165, "rank": null, "ts": "2026-10-04 16:28:05"}
