[DBG] {"category": "RAY", "component": "ray", "debug_all": false, "debug_data": false, "debug_fsdp": true, "debug_inference": false, "debug_queue": true, "debug_ray": true, "debug_reward": false, "debug_train": true, "event": "application_start", "host": "d6b2a058c4be", "pid": 220639, "rank": null, "ts": "2026-10-04 16:42:19"}
[DBG] {"category": "RAY", "component": "ray", "env": {"NCCL_DEBUG": "INFO", "NCCL_DEBUG_SUBSYS": "INIT,COLL,GRAPH", "TORCH_DISTRIBUTED_DEBUG": "DETAIL", "TORCH_NCCL_ASYNC_ERROR_HANDLING": "1", "TORCH_NCCL_DESYNC_DEBUG": "1", "TORCH_NCCL_DUMP_ON_TIMEOUT": "1", "TORCH_NCCL_TRACE_BUFFER_SIZE": "20000", "TORCH_SHOW_CPP_STACKTRACES": "1"}, "event": "distributed_debug_env", "host": "d6b2a058c4be", "pid": 220639, "rank": null, "ts": "2026-10-04 16:42:19"}
[DBG] {"address": "auto", "category": "RAY", "component": "ray", "event": "BEGIN:ray_init", "host": "d6b2a058c4be", "log_to_driver": false, "pid": 220639, "rank": null, "ts": "2026-10-04 16:42:19"}
[DBG] {"category": "RAY", "component": "ray", "event": "watchdog_armed", "host": "d6b2a058c4be", "pid": 220639, "rank": null, "stage": "ray_init", "timeout_sec": 30.0, "ts": "2026-10-04 16:42:19"}
[DBG] {"category": "RAY", "component": "ray", "elapsed_sec": 0.558816, "event": "END:ray_init", "host": "d6b2a058c4be", "pid": 220639, "rank": null, "ts": "2026-10-04 16:42:20"}
[DBG] {"category": "RAY", "component": "ray", "event": "cluster_resources", "host": "d6b2a058c4be", "pid": 220639, "rank": null, "resources": {"CPU": 27.0, "GPU": 3.0, "accelerator_type:RTX-A6000": 1.0, "memory": 115831648666.0, "node:172.20.0.2": 1.0, "node:__internal_head__": 1.0, "object_store_memory": 49642135142.0}, "ts": "2026-10-04 16:42:20"}
[DBG] {"category": "RAY", "component": "ray", "event": "resource_check", "gpu_available": 3, "gpu_needed": 3, "host": "d6b2a058c4be", "pid": 220639, "rank": null, "ts": "2026-10-04 16:42:20"}
[DBG] {"category": "RAY", "component": "ray", "event": "run_id", "host": "d6b2a058c4be", "pid": 220639, "rank": null, "run_id": "smoke01", "ts": "2026-10-04 16:42:20"}
[DBG] {"category": "RAY", "component": "ray", "event": "BEGIN:create_queue_actor", "host": "d6b2a058c4be", "pid": 220639, "rank": null, "ts": "2026-10-04 16:42:20"}
[DBG] {"category": "RAY", "component": "ray", "event": "watchdog_armed", "host": "d6b2a058c4be", "pid": 220639, "rank": null, "stage": "create_queue_actor", "timeout_sec": 30.0, "ts": "2026-10-04 16:42:20"}
[DBG] {"category": "RAY", "component": "ray", "elapsed_sec": 0.03249, "event": "END:create_queue_actor", "host": "d6b2a058c4be", "pid": 220639, "rank": null, "ts": "2026-10-04 16:42:20"}
[DBG] {"category": "QUEUE", "component": "ray", "event": "BEGIN:queue_describe", "host": "d6b2a058c4be", "pid": 220639, "rank": null, "ts": "2026-10-04 16:42:20"}
[DBG] {"category": "QUEUE", "component": "ray", "event": "watchdog_armed", "host": "d6b2a058c4be", "pid": 220639, "rank": null, "stage": "queue_describe", "timeout_sec": 30.0, "ts": "2026-10-04 16:42:20"}
[DBG] {"category": "QUEUE", "component": "ray", "elapsed_sec": 10.74773, "event": "END:queue_describe", "host": "d6b2a058c4be", "pid": 220639, "rank": null, "ts": "2026-10-04 16:42:30"}
[DBG] {"category": "RAY", "component": "ray", "event": "BEGIN:create_control_actor", "host": "d6b2a058c4be", "pid": 220639, "rank": null, "ts": "2026-10-04 16:42:30"}
[DBG] {"category": "RAY", "component": "ray", "event": "watchdog_armed", "host": "d6b2a058c4be", "pid": 220639, "rank": null, "stage": "create_control_actor", "timeout_sec": 30.0, "ts": "2026-10-04 16:42:30"}
[DBG] {"category": "RAY", "component": "ray", "elapsed_sec": 0.027574, "event": "END:create_control_actor", "host": "d6b2a058c4be", "pid": 220639, "rank": null, "ts": "2026-10-04 16:42:30"}
[DBG] {"category": "RAY", "component": "ray", "event": "BEGIN:create_tracker_actor", "host": "d6b2a058c4be", "pid": 220639, "rank": null, "ts": "2026-10-04 16:42:30"}
[DBG] {"category": "RAY", "component": "ray", "event": "watchdog_armed", "host": "d6b2a058c4be", "pid": 220639, "rank": null, "stage": "create_tracker_actor", "timeout_sec": 30.0, "ts": "2026-10-04 16:42:30"}
[DBG] {"category": "RAY", "component": "ray", "elapsed_sec": 0.02088, "event": "END:create_tracker_actor", "host": "d6b2a058c4be", "pid": 220639, "rank": null, "ts": "2026-10-04 16:42:30"}
[DBG] {"category": "RAY", "component": "ray", "event": "BEGIN:create_inference_actor", "gpus": 1, "host": "d6b2a058c4be", "pid": 220639, "rank": null, "ts": "2026-10-04 16:42:30"}
[DBG] {"category": "RAY", "component": "ray", "event": "watchdog_armed", "host": "d6b2a058c4be", "pid": 220639, "rank": null, "stage": "create_inference_actor", "timeout_sec": 30.0, "ts": "2026-10-04 16:42:30"}
[DBG] {"category": "RAY", "component": "ray", "elapsed_sec": 0.015839, "event": "END:create_inference_actor", "host": "d6b2a058c4be", "pid": 220639, "rank": null, "ts": "2026-10-04 16:42:30"}
[DBG] {"category": "RAY", "component": "ray", "event": "BEGIN:create_reward_actor", "gpus": 0, "host": "d6b2a058c4be", "pid": 220639, "rank": null, "ts": "2026-10-04 16:42:30"}
[DBG] {"category": "RAY", "component": "ray", "event": "watchdog_armed", "host": "d6b2a058c4be", "pid": 220639, "rank": null, "stage": "create_reward_actor", "timeout_sec": 30.0, "ts": "2026-10-04 16:42:30"}
[DBG] {"category": "RAY", "component": "ray", "elapsed_sec": 0.022268, "event": "END:create_reward_actor", "host": "d6b2a058c4be", "pid": 220639, "rank": null, "ts": "2026-10-04 16:42:30"}
[DBG] {"category": "RAY", "component": "ray", "event": "BEGIN:create_rollout_actor", "host": "d6b2a058c4be", "pid": 220639, "rank": null, "ts": "2026-10-04 16:42:30"}
[DBG] {"category": "RAY", "component": "ray", "event": "watchdog_armed", "host": "d6b2a058c4be", "pid": 220639, "rank": null, "stage": "create_rollout_actor", "timeout_sec": 30.0, "ts": "2026-10-04 16:42:30"}
[DBG] {"category": "RAY", "component": "ray", "elapsed_sec": 0.010542, "event": "END:create_rollout_actor", "host": "d6b2a058c4be", "pid": 220639, "rank": null, "ts": "2026-10-04 16:42:30"}
[DBG] {"category": "RAY", "component": "ray", "event": "BEGIN:create_trainer_actor", "host": "d6b2a058c4be", "pid": 220639, "rank": null, "ts": "2026-10-04 16:42:30"}
[DBG] {"category": "RAY", "component": "ray", "event": "watchdog_armed", "host": "d6b2a058c4be", "pid": 220639, "rank": null, "stage": "create_trainer_actor", "timeout_sec": 30.0, "ts": "2026-10-04 16:42:30"}
[DBG] {"category": "RAY", "component": "ray", "elapsed_sec": 0.009086, "event": "END:create_trainer_actor", "host": "d6b2a058c4be", "pid": 220639, "rank": null, "ts": "2026-10-04 16:42:30"}
[DBG] {"category": "RAY", "component": "ray", "event": "BEGIN:launch_trainer_actor", "host": "d6b2a058c4be", "pid": 220639, "rank": null, "ts": "2026-10-04 16:43:09"}
[DBG] {"category": "RAY", "component": "ray", "event": "watchdog_armed", "host": "d6b2a058c4be", "pid": 220639, "rank": null, "stage": "launch_trainer_actor", "timeout_sec": 30.0, "ts": "2026-10-04 16:43:09"}
[DBG] {"category": "RAY", "component": "ray", "elapsed_sec": 0.002668, "event": "END:launch_trainer_actor", "host": "d6b2a058c4be", "pid": 220639, "rank": null, "ts": "2026-10-04 16:43:09"}
[DBG] {"category": "RAY", "component": "ray", "event": "BEGIN:launch_rollout_producer", "host": "d6b2a058c4be", "pid": 220639, "rank": null, "ts": "2026-10-04 16:43:09"}
[DBG] {"category": "RAY", "component": "ray", "event": "watchdog_armed", "host": "d6b2a058c4be", "pid": 220639, "rank": null, "stage": "launch_rollout_producer", "timeout_sec": 30.0, "ts": "2026-10-04 16:43:09"}
[DBG] {"category": "RAY", "component": "ray", "elapsed_sec": 0.000575, "event": "END:launch_rollout_producer", "host": "d6b2a058c4be", "pid": 220639, "rank": null, "ts": "2026-10-04 16:43:09"}
[DBG] {"category": "RAY", "component": "ray", "event": "human_loop_start", "host": "d6b2a058c4be", "pid": 220639, "rank": null, "ts": "2026-10-04 16:43:09"}
[DBG] {"category": "QUEUE", "component": "ray", "event": "BEGIN:human_pop_rollout", "host": "d6b2a058c4be", "pid": 220639, "rank": null, "ts": "2026-10-04 16:43:10"}
[DBG] {"category": "QUEUE", "component": "ray", "event": "watchdog_armed", "host": "d6b2a058c4be", "pid": 220639, "rank": null, "stage": "human_pop_rollout", "timeout_sec": 30.0, "ts": "2026-10-04 16:43:10"}
[DBG] {"category": "QUEUE", "component": "ray", "elapsed_sec": 0.009638, "event": "END:human_pop_rollout", "host": "d6b2a058c4be", "pid": 220639, "rank": null, "ts": "2026-10-04 16:43:10"}
[DBG] {"category": "QUEUE", "component": "ray", "event": "BEGIN:human_pop_rollout", "host": "d6b2a058c4be", "pid": 220639, "rank": null, "ts": "2026-10-04 16:43:10"}
[DBG] {"category": "QUEUE", "component": "ray", "event": "watchdog_armed", "host": "d6b2a058c4be", "pid": 220639, "rank": null, "stage": "human_pop_rollout", "timeout_sec": 30.0, "ts": "2026-10-04 16:43:10"}
[DBG] {"category": "QUEUE", "component": "ray", "elapsed_sec": 0.00774, "event": "END:human_pop_rollout", "host": "d6b2a058c4be", "pid": 220639, "rank": null, "ts": "2026-10-04 16:43:10"}
[DBG] {"category": "QUEUE", "component": "ray", "event": "BEGIN:human_pop_rollout", "host": "d6b2a058c4be", "pid": 220639, "rank": null, "ts": "2026-10-04 16:43:10"}
[DBG] {"category": "QUEUE", "component": "ray", "event": "watchdog_armed", "host": "d6b2a058c4be", "pid": 220639, "rank": null, "stage": "human_pop_rollout", "timeout_sec": 30.0, "ts": "2026-10-04 16:43:10"}
[DBG] {"category": "QUEUE", "component": "ray", "elapsed_sec": 0.007943, "event": "END:human_pop_rollout", "host": "d6b2a058c4be", "pid": 220639, "rank": null, "ts": "2026-10-04 16:43:10"}
[DBG] {"category": "QUEUE", "component": "ray", "event": "BEGIN:human_pop_rollout", "host": "d6b2a058c4be", "pid": 220639, "rank": null, "ts": "2026-10-04 16:43:10"}
[DBG] {"category": "QUEUE", "component": "ray", "event": "watchdog_armed", "host": "d6b2a058c4be", "pid": 220639, "rank": null, "stage": "human_pop_rollout", "timeout_sec": 30.0, "ts": "2026-10-04 16:43:10"}
[DBG] {"category": "QUEUE", "component": "ray", "elapsed_sec": 0.007833, "event": "END:human_pop_rollout", "host": "d6b2a058c4be", "pid": 220639, "rank": null, "ts": "2026-10-04 16:43:10"}
[DBG] {"category": "QUEUE", "component": "ray", "event": "BEGIN:human_pop_rollout", "host": "d6b2a058c4be", "pid": 220639, "rank": null, "ts": "2026-10-04 16:43:10"}
[DBG] {"category": "QUEUE", "component": "ray", "event": "watchdog_armed", "host": "d6b2a058c4be", "pid": 220639, "rank": null, "stage": "human_pop_rollout", "timeout_sec": 30.0, "ts": "2026-10-04 16:43:10"}
[DBG] {"category": "QUEUE", "component": "ray", "elapsed_sec": 0.007941, "event": "END:human_pop_rollout", "host": "d6b2a058c4be", "pid": 220639, "rank": null, "ts": "2026-10-04 16:43:10"}
[DBG] {"category": "QUEUE", "component": "ray", "event": "BEGIN:human_pop_rollout", "host": "d6b2a058c4be", "pid": 220639, "rank": null, "ts": "2026-10-04 16:43:11"}
[DBG] {"category": "QUEUE", "component": "ray", "event": "watchdog_armed", "host": "d6b2a058c4be", "pid": 220639, "rank": null, "stage": "human_pop_rollout", "timeout_sec": 30.0, "ts": "2026-10-04 16:43:11"}
[DBG] {"category": "QUEUE", "component": "ray", "elapsed_sec": 0.006, "event": "END:human_pop_rollout", "host": "d6b2a058c4be", "pid": 220639, "rank": null, "ts": "2026-10-04 16:43:11"}
[DBG] {"category": "QUEUE", "component": "ray", "event": "BEGIN:human_pop_rollout", "host": "d6b2a058c4be", "pid": 220639, "rank": null, "ts": "2026-10-04 16:43:11"}
[DBG] {"category": "QUEUE", "component": "ray", "event": "watchdog_armed", "host": "d6b2a058c4be", "pid": 220639, "rank": null, "stage": "human_pop_rollout", "timeout_sec": 30.0, "ts": "2026-10-04 16:43:11"}
[DBG] {"category": "QUEUE", "component": "ray", "elapsed_sec": 0.00581, "event": "END:human_pop_rollout", "host": "d6b2a058c4be", "pid": 220639, "rank": null, "ts": "2026-10-04 16:43:11"}
[DBG] {"category": "QUEUE", "component": "ray", "event": "BEGIN:human_pop_rollout", "host": "d6b2a058c4be", "pid": 220639, "rank": null, "ts": "2026-10-04 16:43:11"}
[DBG] {"category": "QUEUE", "component": "ray", "event": "watchdog_armed", "host": "d6b2a058c4be", "pid": 220639, "rank": null, "stage": "human_pop_rollout", "timeout_sec": 30.0, "ts": "2026-10-04 16:43:11"}
[DBG] {"category": "QUEUE", "component": "ray", "elapsed_sec": 0.006156, "event": "END:human_pop_rollout", "host": "d6b2a058c4be", "pid": 220639, "rank": null, "ts": "2026-10-04 16:43:11"}
[DBG] {"category": "QUEUE", "component": "ray", "event": "BEGIN:human_pop_rollout", "host": "d6b2a058c4be", "pid": 220639, "rank": null, "ts": "2026-10-04 16:43:11"}
[DBG] {"category": "QUEUE", "component": "ray", "event": "watchdog_armed", "host": "d6b2a058c4be", "pid": 220639, "rank": null, "stage": "human_pop_rollout", "timeout_sec": 30.0, "ts": "2026-10-04 16:43:11"}
[DBG] {"category": "QUEUE", "component": "ray", "elapsed_sec": 0.006147, "event": "END:human_pop_rollout", "host": "d6b2a058c4be", "pid": 220639, "rank": null, "ts": "2026-10-04 16:43:11"}
[DBG] {"category": "QUEUE", "component": "ray", "event": "BEGIN:human_pop_rollout", "host": "d6b2a058c4be", "pid": 220639, "rank": null, "ts": "2026-10-04 16:43:11"}
[DBG] {"category": "QUEUE", "component": "ray", "event": "watchdog_armed", "host": "d6b2a058c4be", "pid": 220639, "rank": null, "stage": "human_pop_rollout", "timeout_sec": 30.0, "ts": "2026-10-04 16:43:11"}
[DBG] {"category": "QUEUE", "component": "ray", "elapsed_sec": 0.006, "event": "END:human_pop_rollout", "host": "d6b2a058c4be", "pid": 220639, "rank": null, "ts": "2026-10-04 16:43:11"}
[DBG] {"category": "QUEUE", "component": "ray", "event": "BEGIN:human_pop_rollout", "host": "d6b2a058c4be", "pid": 220639, "rank": null, "ts": "2026-10-04 16:43:12"}
[DBG] {"category": "QUEUE", "component": "ray", "event": "watchdog_armed", "host": "d6b2a058c4be", "pid": 220639, "rank": null, "stage": "human_pop_rollout", "timeout_sec": 30.0, "ts": "2026-10-04 16:43:12"}
[DBG] {"category": "QUEUE", "component": "ray", "elapsed_sec": 0.005856, "event": "END:human_pop_rollout", "host": "d6b2a058c4be", "pid": 220639, "rank": null, "ts": "2026-10-04 16:43:12"}
[DBG] {"category": "QUEUE", "component": "ray", "event": "BEGIN:human_pop_rollout", "host": "d6b2a058c4be", "pid": 220639, "rank": null, "ts": "2026-10-04 16:43:12"}
[DBG] {"category": "QUEUE", "component": "ray", "event": "watchdog_armed", "host": "d6b2a058c4be", "pid": 220639, "rank": null, "stage": "human_pop_rollout", "timeout_sec": 30.0, "ts": "2026-10-04 16:43:12"}
[DBG] {"category": "QUEUE", "component": "ray", "elapsed_sec": 0.00606, "event": "END:human_pop_rollout", "host": "d6b2a058c4be", "pid": 220639, "rank": null, "ts": "2026-10-04 16:43:12"}
[DBG] {"category": "QUEUE", "component": "ray", "event": "BEGIN:human_pop_rollout", "host": "d6b2a058c4be", "pid": 220639, "rank": null, "ts": "2026-10-04 16:43:12"}
[DBG] {"category": "QUEUE", "component": "ray", "event": "watchdog_armed", "host": "d6b2a058c4be", "pid": 220639, "rank": null, "stage": "human_pop_rollout", "timeout_sec": 30.0, "ts": "2026-10-04 16:43:12"}
[DBG] {"category": "QUEUE", "component": "ray", "elapsed_sec": 0.064482, "event": "END:human_pop_rollout", "host": "d6b2a058c4be", "pid": 220639, "rank": null, "ts": "2026-10-04 16:43:12"}
[DBG] {"category": "QUEUE", "component": "ray", "event": "human_group_received", "group_id": "6d1998bbf38e4cbebb4fc472ba67fa0d", "host": "d6b2a058c4be", "pid": 220639, "rank": null, "ts": "2026-10-04 16:43:12"}
[DBG] {"category": "RAY", "component": "ray", "event": "human_prompt_begin", "group_id": "6d1998bbf38e4cbebb4fc472ba67fa0d", "host": "d6b2a058c4be", "pid": 220639, "rank": null, "ts": "2026-10-04 16:43:12"}
[DBG] {"category": "RAY", "component": "ray", "event": "human_prompt_end", "group_id": "6d1998bbf38e4cbebb4fc472ba67fa0d", "host": "d6b2a058c4be", "human_scores": [1.0, 2.0, 3.0, 4.0], "pid": 220639, "policy_version": 0, "rank": null, "ts": "2026-10-04 16:43:18"}
[DBG] {"category": "RAY", "component": "ray", "event": "post_input_pipeline_begin", "group_id": "6d1998bbf38e4cbebb4fc472ba67fa0d", "host": "d6b2a058c4be", "pid": 220639, "rank": null, "ts": "2026-10-04 16:43:18"}
[DBG] {"category": "QUEUE", "chosen_index": 3, "component": "ray", "event": "preference_sample_built", "group_id": "6d1998bbf38e4cbebb4fc472ba67fa0d", "host": "d6b2a058c4be", "pid": 220639, "policy_version": 0, "rank": null, "rejected_index": 0, "ts": "2026-10-04 16:43:18"}
[DBG] {"category": "QUEUE", "component": "ray", "event": "BEGIN:human_put_preference", "group_id": "6d1998bbf38e4cbebb4fc472ba67fa0d", "host": "d6b2a058c4be", "pid": 220639, "rank": null, "ts": "2026-10-04 16:43:18"}
[DBG] {"category": "QUEUE", "component": "ray", "event": "watchdog_armed", "host": "d6b2a058c4be", "pid": 220639, "rank": null, "stage": "human_put_preference", "timeout_sec": 30.0, "ts": "2026-10-04 16:43:18"}
[DBG] {"category": "QUEUE", "component": "ray", "elapsed_sec": 0.031583, "event": "END:human_put_preference", "host": "d6b2a058c4be", "pid": 220639, "rank": null, "ts": "2026-10-04 16:43:18"}
[DBG] {"category": "QUEUE", "component": "ray", "event": "preference_put_trace", "group_id": "6d1998bbf38e4cbebb4fc472ba67fa0d", "host": "d6b2a058c4be", "pid": 220639, "queue_key": "smoke01:preference:6d1998bbf38e4cbebb4fc472ba67fa0d", "rank": null, "size_after": 1, "size_before": 0, "ts": "2026-10-04 16:43:18"}
[DBG] {"category": "QUEUE", "component": "ray", "event": "preference_selected", "group_id": "6d1998bbf38e4cbebb4fc472ba67fa0d", "host": "d6b2a058c4be", "pid": 220639, "preference_pending": 1, "rank": null, "selected": 1, "ts": "2026-10-04 16:43:18"}
[DBG] {"category": "RAY", "component": "ray", "event": "post_input_pipeline_end", "group_id": "6d1998bbf38e4cbebb4fc472ba67fa0d", "host": "d6b2a058c4be", "pid": 220639, "rank": null, "selected": true, "ts": "2026-10-04 16:43:18"}
[DBG] {"axis/human_groups": 1, "category": "QUEUE", "component": "ray", "data/candidate_all": 1, "data/candidate_lgbm_agree": 0, "data/candidate_lgbm_only": 0, "data/candidate_neural_agree": 0, "data/candidate_neural_only": 0, "data/candidate_triple_agree": 0, "data/selected_pairs": 1, "data/selection_rate": 1.0, "event": "pipeline_metrics", "host": "d6b2a058c4be", "pid": 220639, "queue/preference": 1, "queue/rollout": 9, "rank": null, "ts": "2026-10-04 16:43:18"}
[DBG] {"category": "QUEUE", "component": "ray", "event": "BEGIN:human_pop_rollout", "host": "d6b2a058c4be", "pid": 220639, "rank": null, "ts": "2026-10-04 16:43:19"}
[DBG] {"category": "QUEUE", "component": "ray", "event": "watchdog_armed", "host": "d6b2a058c4be", "pid": 220639, "rank": null, "stage": "human_pop_rollout", "timeout_sec": 30.0, "ts": "2026-10-04 16:43:19"}
[DBG] {"category": "QUEUE", "component": "ray", "elapsed_sec": 0.044018, "event": "END:human_pop_rollout", "host": "d6b2a058c4be", "pid": 220639, "rank": null, "ts": "2026-10-04 16:43:19"}
[DBG] {"category": "QUEUE", "component": "ray", "event": "human_group_received", "group_id": "0744ce98df1c4585a269421240fc9e53", "host": "d6b2a058c4be", "pid": 220639, "rank": null, "ts": "2026-10-04 16:43:19"}
[DBG] {"category": "RAY", "component": "ray", "event": "human_prompt_begin", "group_id": "0744ce98df1c4585a269421240fc9e53", "host": "d6b2a058c4be", "pid": 220639, "rank": null, "ts": "2026-10-04 16:43:19"}
[DBG] {"category": "RAY", "component": "ray", "event": "human_prompt_end", "group_id": "0744ce98df1c4585a269421240fc9e53", "host": "d6b2a058c4be", "human_scores": [1.0, 2.0, 3.0, 4.0], "pid": 220639, "policy_version": 0, "rank": null, "ts": "2026-10-04 16:43:21"}
[DBG] {"category": "RAY", "component": "ray", "event": "post_input_pipeline_begin", "group_id": "0744ce98df1c4585a269421240fc9e53", "host": "d6b2a058c4be", "pid": 220639, "rank": null, "ts": "2026-10-04 16:43:21"}
[DBG] {"category": "QUEUE", "chosen_index": 3, "component": "ray", "event": "preference_sample_built", "group_id": "0744ce98df1c4585a269421240fc9e53", "host": "d6b2a058c4be", "pid": 220639, "policy_version": 0, "rank": null, "rejected_index": 0, "ts": "2026-10-04 16:43:21"}
[DBG] {"category": "QUEUE", "component": "ray", "event": "BEGIN:human_put_preference", "group_id": "0744ce98df1c4585a269421240fc9e53", "host": "d6b2a058c4be", "pid": 220639, "rank": null, "ts": "2026-10-04 16:43:21"}
[DBG] {"category": "QUEUE", "component": "ray", "event": "watchdog_armed", "host": "d6b2a058c4be", "pid": 220639, "rank": null, "stage": "human_put_preference", "timeout_sec": 30.0, "ts": "2026-10-04 16:43:21"}
[DBG] {"category": "QUEUE", "component": "ray", "elapsed_sec": 0.015469, "event": "END:human_put_preference", "host": "d6b2a058c4be", "pid": 220639, "rank": null, "ts": "2026-10-04 16:43:21"}
[DBG] {"category": "QUEUE", "component": "ray", "event": "preference_put_trace", "group_id": "0744ce98df1c4585a269421240fc9e53", "host": "d6b2a058c4be", "pid": 220639, "queue_key": "smoke01:preference:0744ce98df1c4585a269421240fc9e53", "rank": null, "size_after": 2, "size_before": 1, "ts": "2026-10-04 16:43:21"}
[DBG] {"category": "QUEUE", "component": "ray", "event": "preference_selected", "group_id": "0744ce98df1c4585a269421240fc9e53", "host": "d6b2a058c4be", "pid": 220639, "preference_pending": 2, "rank": null, "selected": 2, "ts": "2026-10-04 16:43:21"}
[DBG] {"category": "RAY", "component": "ray", "event": "post_input_pipeline_end", "group_id": "0744ce98df1c4585a269421240fc9e53", "host": "d6b2a058c4be", "pid": 220639, "rank": null, "selected": true, "ts": "2026-10-04 16:43:21"}
[DBG] {"axis/human_groups": 2, "category": "QUEUE", "component": "ray", "data/candidate_all": 2, "data/candidate_lgbm_agree": 0, "data/candidate_lgbm_only": 0, "data/candidate_neural_agree": 0, "data/candidate_neural_only": 0, "data/candidate_triple_agree": 0, "data/selected_pairs": 2, "data/selection_rate": 1.0, "event": "pipeline_metrics", "host": "d6b2a058c4be", "pid": 220639, "queue/preference": 2, "queue/rollout": 8, "rank": null, "ts": "2026-10-04 16:43:21"}
[DBG] {"category": "QUEUE", "component": "ray", "event": "BEGIN:human_pop_rollout", "host": "d6b2a058c4be", "pid": 220639, "rank": null, "ts": "2026-10-04 16:43:22"}
[DBG] {"category": "QUEUE", "component": "ray", "event": "watchdog_armed", "host": "d6b2a058c4be", "pid": 220639, "rank": null, "stage": "human_pop_rollout", "timeout_sec": 30.0, "ts": "2026-10-04 16:43:22"}
[DBG] {"category": "QUEUE", "component": "ray", "elapsed_sec": 0.052882, "event": "END:human_pop_rollout", "host": "d6b2a058c4be", "pid": 220639, "rank": null, "ts": "2026-10-04 16:43:22"}
[DBG] {"category": "QUEUE", "component": "ray", "event": "human_group_received", "group_id": "b03e27d30bf94139b69e3cb4e10e8188", "host": "d6b2a058c4be", "pid": 220639, "rank": null, "ts": "2026-10-04 16:43:22"}
[DBG] {"category": "RAY", "component": "ray", "event": "human_prompt_begin", "group_id": "b03e27d30bf94139b69e3cb4e10e8188", "host": "d6b2a058c4be", "pid": 220639, "rank": null, "ts": "2026-10-04 16:43:22"}
[DBG] {"category": "RAY", "component": "ray", "event": "human_prompt_end", "group_id": "b03e27d30bf94139b69e3cb4e10e8188", "host": "d6b2a058c4be", "human_scores": [1.0, 2.0, 3.0, 4.0], "pid": 220639, "policy_version": 0, "rank": null, "ts": "2026-10-04 16:43:23"}
[DBG] {"category": "RAY", "component": "ray", "event": "post_input_pipeline_begin", "group_id": "b03e27d30bf94139b69e3cb4e10e8188", "host": "d6b2a058c4be", "pid": 220639, "rank": null, "ts": "2026-10-04 16:43:23"}
[DBG] {"category": "QUEUE", "chosen_index": 3, "component": "ray", "event": "preference_sample_built", "group_id": "b03e27d30bf94139b69e3cb4e10e8188", "host": "d6b2a058c4be", "pid": 220639, "policy_version": 0, "rank": null, "rejected_index": 0, "ts": "2026-10-04 16:43:23"}
[DBG] {"category": "QUEUE", "component": "ray", "event": "BEGIN:human_put_preference", "group_id": "b03e27d30bf94139b69e3cb4e10e8188", "host": "d6b2a058c4be", "pid": 220639, "rank": null, "ts": "2026-10-04 16:43:23"}
[DBG] {"category": "QUEUE", "component": "ray", "event": "watchdog_armed", "host": "d6b2a058c4be", "pid": 220639, "rank": null, "stage": "human_put_preference", "timeout_sec": 30.0, "ts": "2026-10-04 16:43:23"}
[DBG] {"category": "QUEUE", "component": "ray", "elapsed_sec": 0.031652, "event": "END:human_put_preference", "host": "d6b2a058c4be", "pid": 220639, "rank": null, "ts": "2026-10-04 16:43:23"}
[DBG] {"category": "QUEUE", "component": "ray", "event": "preference_put_trace", "group_id": "b03e27d30bf94139b69e3cb4e10e8188", "host": "d6b2a058c4be", "pid": 220639, "queue_key": "smoke01:preference:b03e27d30bf94139b69e3cb4e10e8188", "rank": null, "size_after": 3, "size_before": 2, "ts": "2026-10-04 16:43:23"}
[DBG] {"category": "QUEUE", "component": "ray", "event": "preference_selected", "group_id": "b03e27d30bf94139b69e3cb4e10e8188", "host": "d6b2a058c4be", "pid": 220639, "preference_pending": 3, "rank": null, "selected": 3, "ts": "2026-10-04 16:43:23"}
[DBG] {"category": "RAY", "component": "ray", "event": "post_input_pipeline_end", "group_id": "b03e27d30bf94139b69e3cb4e10e8188", "host": "d6b2a058c4be", "pid": 220639, "rank": null, "selected": true, "ts": "2026-10-04 16:43:23"}
[DBG] {"axis/human_groups": 3, "category": "QUEUE", "component": "ray", "data/candidate_all": 3, "data/candidate_lgbm_agree": 0, "data/candidate_lgbm_only": 0, "data/candidate_neural_agree": 0, "data/candidate_neural_only": 0, "data/candidate_triple_agree": 0, "data/selected_pairs": 3, "data/selection_rate": 1.0, "event": "pipeline_metrics", "host": "d6b2a058c4be", "pid": 220639, "queue/preference": 3, "queue/rollout": 9, "rank": null, "ts": "2026-10-04 16:43:23"}
[DBG] {"category": "QUEUE", "component": "ray", "event": "BEGIN:human_pop_rollout", "host": "d6b2a058c4be", "pid": 220639, "rank": null, "ts": "2026-10-04 16:43:24"}
[DBG] {"category": "QUEUE", "component": "ray", "event": "watchdog_armed", "host": "d6b2a058c4be", "pid": 220639, "rank": null, "stage": "human_pop_rollout", "timeout_sec": 30.0, "ts": "2026-10-04 16:43:24"}
[DBG] {"category": "QUEUE", "component": "ray", "elapsed_sec": 0.050519, "event": "END:human_pop_rollout", "host": "d6b2a058c4be", "pid": 220639, "rank": null, "ts": "2026-10-04 16:43:24"}
[DBG] {"category": "QUEUE", "component": "ray", "event": "human_group_received", "group_id": "952243f8a9e740eab9156b07ec8bcd20", "host": "d6b2a058c4be", "pid": 220639, "rank": null, "ts": "2026-10-04 16:43:24"}
[DBG] {"category": "RAY", "component": "ray", "event": "human_prompt_begin", "group_id": "952243f8a9e740eab9156b07ec8bcd20", "host": "d6b2a058c4be", "pid": 220639, "rank": null, "ts": "2026-10-04 16:43:24"}
[DBG] {"category": "RAY", "component": "ray", "event": "human_prompt_end", "group_id": "952243f8a9e740eab9156b07ec8bcd20", "host": "d6b2a058c4be", "human_scores": [1.0, 2.0, 3.0, 4.0], "pid": 220639, "policy_version": 0, "rank": null, "ts": "2026-10-04 16:43:25"}
[DBG] {"category": "RAY", "component": "ray", "event": "post_input_pipeline_begin", "group_id": "952243f8a9e740eab9156b07ec8bcd20", "host": "d6b2a058c4be", "pid": 220639, "rank": null, "ts": "2026-10-04 16:43:25"}
[DBG] {"category": "QUEUE", "chosen_index": 3, "component": "ray", "event": "preference_sample_built", "group_id": "952243f8a9e740eab9156b07ec8bcd20", "host": "d6b2a058c4be", "pid": 220639, "policy_version": 0, "rank": null, "rejected_index": 0, "ts": "2026-10-04 16:43:25"}
[DBG] {"category": "QUEUE", "component": "ray", "event": "BEGIN:human_put_preference", "group_id": "952243f8a9e740eab9156b07ec8bcd20", "host": "d6b2a058c4be", "pid": 220639, "rank": null, "ts": "2026-10-04 16:43:25"}
[DBG] {"category": "QUEUE", "component": "ray", "event": "watchdog_armed", "host": "d6b2a058c4be", "pid": 220639, "rank": null, "stage": "human_put_preference", "timeout_sec": 30.0, "ts": "2026-10-04 16:43:25"}
[DBG] {"category": "QUEUE", "component": "ray", "elapsed_sec": 0.035933, "event": "END:human_put_preference", "host": "d6b2a058c4be", "pid": 220639, "rank": null, "ts": "2026-10-04 16:43:25"}
[DBG] {"category": "QUEUE", "component": "ray", "event": "preference_put_trace", "group_id": "952243f8a9e740eab9156b07ec8bcd20", "host": "d6b2a058c4be", "pid": 220639, "queue_key": "smoke01:preference:952243f8a9e740eab9156b07ec8bcd20", "rank": null, "size_after": 4, "size_before": 3, "ts": "2026-10-04 16:43:25"}
[DBG] {"category": "QUEUE", "component": "ray", "event": "preference_selected", "group_id": "952243f8a9e740eab9156b07ec8bcd20", "host": "d6b2a058c4be", "pid": 220639, "preference_pending": 4, "rank": null, "selected": 4, "ts": "2026-10-04 16:43:25"}
[DBG] {"category": "RAY", "component": "ray", "event": "post_input_pipeline_end", "group_id": "952243f8a9e740eab9156b07ec8bcd20", "host": "d6b2a058c4be", "pid": 220639, "rank": null, "selected": true, "ts": "2026-10-04 16:43:25"}
[DBG] {"axis/human_groups": 4, "category": "QUEUE", "component": "ray", "data/candidate_all": 4, "data/candidate_lgbm_agree": 0, "data/candidate_lgbm_only": 0, "data/candidate_neural_agree": 0, "data/candidate_neural_only": 0, "data/candidate_triple_agree": 0, "data/selected_pairs": 4, "data/selection_rate": 1.0, "event": "pipeline_metrics", "host": "d6b2a058c4be", "pid": 220639, "queue/preference": 4, "queue/rollout": 8, "rank": null, "ts": "2026-10-04 16:43:25"}
[DBG] {"category": "QUEUE", "component": "ray", "event": "BEGIN:human_pop_rollout", "host": "d6b2a058c4be", "pid": 220639, "rank": null, "ts": "2026-10-04 16:44:04"}
[DBG] {"category": "QUEUE", "component": "ray", "event": "watchdog_armed", "host": "d6b2a058c4be", "pid": 220639, "rank": null, "stage": "human_pop_rollout", "timeout_sec": 30.0, "ts": "2026-10-04 16:44:04"}
[DBG] {"category": "QUEUE", "component": "ray", "elapsed_sec": 0.030343, "event": "END:human_pop_rollout", "host": "d6b2a058c4be", "pid": 220639, "rank": null, "ts": "2026-10-04 16:44:04"}
[DBG] {"category": "QUEUE", "component": "ray", "event": "human_group_received", "group_id": "22cc9de107874bcfb552488260ec0048", "host": "d6b2a058c4be", "pid": 220639, "rank": null, "ts": "2026-10-04 16:44:04"}
[DBG] {"category": "RAY", "component": "ray", "event": "human_prompt_begin", "group_id": "22cc9de107874bcfb552488260ec0048", "host": "d6b2a058c4be", "pid": 220639, "rank": null, "ts": "2026-10-04 16:44:04"}
[DBG] {"category": "RAY", "component": "ray", "event": "human_prompt_end", "group_id": "22cc9de107874bcfb552488260ec0048", "host": "d6b2a058c4be", "human_scores": [1.0, 2.0, 3.0, 4.0], "pid": 220639, "policy_version": 0, "rank": null, "ts": "2026-10-04 16:44:16"}
[DBG] {"category": "RAY", "component": "ray", "event": "post_input_pipeline_begin", "group_id": "22cc9de107874bcfb552488260ec0048", "host": "d6b2a058c4be", "pid": 220639, "rank": null, "ts": "2026-10-04 16:44:16"}
[DBG] {"category": "QUEUE", "chosen_index": 3, "component": "ray", "event": "preference_sample_built", "group_id": "22cc9de107874bcfb552488260ec0048", "host": "d6b2a058c4be", "pid": 220639, "policy_version": 0, "rank": null, "rejected_index": 0, "ts": "2026-10-04 16:44:16"}
[DBG] {"category": "QUEUE", "component": "ray", "event": "BEGIN:human_put_preference", "group_id": "22cc9de107874bcfb552488260ec0048", "host": "d6b2a058c4be", "pid": 220639, "rank": null, "ts": "2026-10-04 16:44:16"}
[DBG] {"category": "QUEUE", "component": "ray", "event": "watchdog_armed", "host": "d6b2a058c4be", "pid": 220639, "rank": null, "stage": "human_put_preference", "timeout_sec": 30.0, "ts": "2026-10-04 16:44:16"}
[DBG] {"category": "QUEUE", "component": "ray", "elapsed_sec": 0.031455, "event": "END:human_put_preference", "host": "d6b2a058c4be", "pid": 220639, "rank": null, "ts": "2026-10-04 16:44:16"}
[DBG] {"category": "QUEUE", "component": "ray", "event": "preference_put_trace", "group_id": "22cc9de107874bcfb552488260ec0048", "host": "d6b2a058c4be", "pid": 220639, "queue_key": "smoke01:preference:22cc9de107874bcfb552488260ec0048", "rank": null, "size_after": 1, "size_before": 0, "ts": "2026-10-04 16:44:16"}
[DBG] {"category": "QUEUE", "component": "ray", "event": "preference_selected", "group_id": "22cc9de107874bcfb552488260ec0048", "host": "d6b2a058c4be", "pid": 220639, "preference_pending": 1, "rank": null, "selected": 5, "ts": "2026-10-04 16:44:16"}
[DBG] {"category": "RAY", "component": "ray", "event": "post_input_pipeline_end", "group_id": "22cc9de107874bcfb552488260ec0048", "host": "d6b2a058c4be", "pid": 220639, "rank": null, "selected": true, "ts": "2026-10-04 16:44:16"}
[DBG] {"axis/human_groups": 5, "category": "QUEUE", "component": "ray", "data/candidate_all": 5, "data/candidate_lgbm_agree": 0, "data/candidate_lgbm_only": 0, "data/candidate_neural_agree": 0, "data/candidate_neural_only": 0, "data/candidate_triple_agree": 0, "data/selected_pairs": 5, "data/selection_rate": 1.0, "event": "pipeline_metrics", "host": "d6b2a058c4be", "pid": 220639, "queue/preference": 1, "queue/rollout": 9, "rank": null, "ts": "2026-10-04 16:44:16"}
[DBG] {"category": "QUEUE", "component": "ray", "event": "BEGIN:human_pop_rollout", "host": "d6b2a058c4be", "pid": 220639, "rank": null, "ts": "2026-10-04 16:44:17"}
[DBG] {"category": "QUEUE", "component": "ray", "event": "watchdog_armed", "host": "d6b2a058c4be", "pid": 220639, "rank": null, "stage": "human_pop_rollout", "timeout_sec": 30.0, "ts": "2026-10-04 16:44:17"}
[DBG] {"category": "QUEUE", "component": "ray", "elapsed_sec": 0.050373, "event": "END:human_pop_rollout", "host": "d6b2a058c4be", "pid": 220639, "rank": null, "ts": "2026-10-04 16:44:17"}
[DBG] {"category": "QUEUE", "component": "ray", "event": "human_group_received", "group_id": "e1765c74bb824e83b150f1d0847d5a27", "host": "d6b2a058c4be", "pid": 220639, "rank": null, "ts": "2026-10-04 16:44:17"}
[DBG] {"category": "RAY", "component": "ray", "event": "human_prompt_begin", "group_id": "e1765c74bb824e83b150f1d0847d5a27", "host": "d6b2a058c4be", "pid": 220639, "rank": null, "ts": "2026-10-04 16:44:17"}
[DBG] {"category": "RAY", "component": "ray", "event": "shutdown_begin", "host": "d6b2a058c4be", "pid": 220639, "rank": null, "ts": "2026-10-04 16:51:10"}
[DBG] {"category": "RAY", "component": "ray", "event": "BEGIN:join_trainer", "host": "d6b2a058c4be", "pid": 220639, "rank": null, "ts": "2026-10-04 16:51:10"}
[DBG] {"category": "RAY", "component": "ray", "event": "watchdog_armed", "host": "d6b2a058c4be", "pid": 220639, "rank": null, "stage": "join_trainer", "timeout_sec": 30.0, "ts": "2026-10-04 16:51:10"}
[DBG] {"category": "RAY", "component": "ray", "error": "", "error_type": "KeyboardInterrupt", "event": "ERROR:join_trainer", "host": "d6b2a058c4be", "pid": 220639, "rank": null, "traceback": "Traceback (most recent call last):\n  File \"/root/Recursive_RLHF_training_for_LLM/orchestrator.py\", line 170, in run\n    self._human_loop()\n  File \"/root/Recursive_RLHF_training_for_LLM/orchestrator.py\", line 735, in _human_loop\n    # Start reward inference asynchronously, but DO NOT wait for it before\n            ^^^^^^^^^^^^^^^\n  File \"/root/Recursive_RLHF_training_for_LLM/reward.py\", line 157, in score\n    raw = input(f\"scores ({len(group['responses'])} numbers, q=quit): \").strip()\n          ^^^^^^^^^^^^^^^^^^^^^^^^^^^^^^^^^^^^^^^^^^^^^^^^^^^^^^^^^^^^^^\nKeyboardInterrupt\n\nDuring handling of the above exception, another exception occurred:\n\nTraceback (most recent call last):\n  File \"/root/Recursive_RLHF_training_for_LLM/debug.py\", line 154, in stage\n    yield\n  File \"/root/Recursive_RLHF_training_for_LLM/orchestrator.py\", line 186, in run\n    ray.get(ref, timeout=30)\n  File \"/usr/local/lib/python3.11/dist-packages/ray/_private/auto_init_hook.py\", line 22, in auto_init_wrapper\n    return fn(*args, **kwargs)\n           ^^^^^^^^^^^^^^^^^^^\n  File \"/usr/local/lib/python3.11/dist-packages/ray/_private/client_mode_hook.py\", line 135, in wrapper\n    return func(*args, **kwargs)\n           ^^^^^^^^^^^^^^^^^^^^^\n  File \"/usr/local/lib/python3.11/dist-packages/ray/_private/worker.py\", line 3004, in get\n    values, debugger_breakpoint = worker.get_objects(\n                                  ^^^^^^^^^^^^^^^^^^^\n  File \"/usr/local/lib/python3.11/dist-packages/ray/_private/worker.py\", line 1007, in get_objects\n    ] = self.core_worker.get_objects(\n        ^^^^^^^^^^^^^^^^^^^^^^^^^^^^^\n  File \"python/ray/_raylet.pyx\", line 3473, in ray._raylet.CoreWorker.get_objects\n  File \"python/ray/includes/common.pxi\", line 105, in ray._raylet.check_status\nKeyboardInterrupt\n", "ts": "2026-10-04 16:51:11"}
[DBG] {"category": "RAY", "component": "ray", "elapsed_sec": 1.009773, "event": "END:join_trainer", "host": "d6b2a058c4be", "pid": 220639, "rank": null, "ts": "2026-10-04 16:51:11"}
