[DBG] {"category": "RAY", "component": "ray", "debug_all": false, "debug_data": false, "debug_fsdp": true, "debug_inference": false, "debug_queue": true, "debug_ray": true, "debug_reward": false, "debug_train": true, "event": "application_start", "host": "d6b2a058c4be", "pid": 249540, "rank": null, "ts": "2026-10-04 17:19:39"}
[DBG] {"address": "auto", "category": "RAY", "component": "ray", "event": "BEGIN:ray_init", "host": "d6b2a058c4be", "pid": 249540, "rank": null, "ts": "2026-10-04 17:19:39"}
[DBG] {"category": "RAY", "component": "ray", "event": "watchdog_armed", "host": "d6b2a058c4be", "pid": 249540, "rank": null, "stage": "ray_init", "timeout_sec": 30.0, "ts": "2026-10-04 17:19:39"}
[DBG] {"category": "RAY", "component": "ray", "elapsed_sec": 0.649138, "event": "END:ray_init", "host": "d6b2a058c4be", "pid": 249540, "rank": null, "ts": "2026-10-04 17:19:40"}
[DBG] {"category": "RAY", "component": "ray", "event": "cluster_resources", "host": "d6b2a058c4be", "pid": 249540, "rank": null, "resources": {"CPU": 27.0, "GPU": 3.0, "accelerator_type:RTX-A6000": 1.0, "memory": 115827875431.0, "node:172.20.0.2": 1.0, "node:__internal_head__": 1.0, "object_store_memory": 49640518041.0}, "ts": "2026-10-04 17:19:40"}
[DBG] {"category": "RAY", "component": "ray", "event": "resource_check", "gpu_available": 3, "gpu_needed": 3, "host": "d6b2a058c4be", "pid": 249540, "rank": null, "ts": "2026-10-04 17:19:40"}
[DBG] {"category": "RAY", "component": "ray", "event": "run_id", "host": "d6b2a058c4be", "pid": 249540, "rank": null, "run_id": "smoke01", "ts": "2026-10-04 17:19:40"}
[DBG] {"category": "RAY", "component": "ray", "event": "BEGIN:create_queue_actor", "host": "d6b2a058c4be", "pid": 249540, "rank": null, "ts": "2026-10-04 17:19:40"}
[DBG] {"category": "RAY", "component": "ray", "event": "watchdog_armed", "host": "d6b2a058c4be", "pid": 249540, "rank": null, "stage": "create_queue_actor", "timeout_sec": 30.0, "ts": "2026-10-04 17:19:40"}
[DBG] {"category": "RAY", "component": "ray", "elapsed_sec": 0.03709, "event": "END:create_queue_actor", "host": "d6b2a058c4be", "pid": 249540, "rank": null, "ts": "2026-10-04 17:19:40"}
[DBG] {"category": "QUEUE", "component": "ray", "event": "BEGIN:queue_describe", "host": "d6b2a058c4be", "pid": 249540, "rank": null, "ts": "2026-10-04 17:19:40"}
[DBG] {"category": "QUEUE", "component": "ray", "event": "watchdog_armed", "host": "d6b2a058c4be", "pid": 249540, "rank": null, "stage": "queue_describe", "timeout_sec": 30.0, "ts": "2026-10-04 17:19:40"}
[DBG] {"category": "QUEUE", "component": "ray", "elapsed_sec": 10.814717, "event": "END:queue_describe", "host": "d6b2a058c4be", "pid": 249540, "rank": null, "ts": "2026-10-04 17:19:51"}
[DBG] {"category": "RAY", "component": "ray", "event": "BEGIN:create_control_actor", "host": "d6b2a058c4be", "pid": 249540, "rank": null, "ts": "2026-10-04 17:19:51"}
[DBG] {"category": "RAY", "component": "ray", "event": "watchdog_armed", "host": "d6b2a058c4be", "pid": 249540, "rank": null, "stage": "create_control_actor", "timeout_sec": 30.0, "ts": "2026-10-04 17:19:51"}
[DBG] {"category": "RAY", "component": "ray", "elapsed_sec": 0.017854, "event": "END:create_control_actor", "host": "d6b2a058c4be", "pid": 249540, "rank": null, "ts": "2026-10-04 17:19:51"}
[DBG] {"category": "RAY", "component": "ray", "event": "BEGIN:create_tracker_actor", "host": "d6b2a058c4be", "pid": 249540, "rank": null, "ts": "2026-10-04 17:19:51"}
[DBG] {"category": "RAY", "component": "ray", "event": "watchdog_armed", "host": "d6b2a058c4be", "pid": 249540, "rank": null, "stage": "create_tracker_actor", "timeout_sec": 30.0, "ts": "2026-10-04 17:19:51"}
[DBG] {"category": "RAY", "component": "ray", "elapsed_sec": 0.016897, "event": "END:create_tracker_actor", "host": "d6b2a058c4be", "pid": 249540, "rank": null, "ts": "2026-10-04 17:19:51"}
[DBG] {"category": "RAY", "component": "ray", "event": "BEGIN:create_inference_actor", "gpus": 1, "host": "d6b2a058c4be", "pid": 249540, "rank": null, "ts": "2026-10-04 17:19:51"}
[DBG] {"category": "RAY", "component": "ray", "event": "watchdog_armed", "host": "d6b2a058c4be", "pid": 249540, "rank": null, "stage": "create_inference_actor", "timeout_sec": 30.0, "ts": "2026-10-04 17:19:51"}
[DBG] {"category": "RAY", "component": "ray", "elapsed_sec": 0.020533, "event": "END:create_inference_actor", "host": "d6b2a058c4be", "pid": 249540, "rank": null, "ts": "2026-10-04 17:19:51"}
[DBG] {"category": "RAY", "component": "ray", "event": "BEGIN:create_reward_actor", "gpus": 0, "host": "d6b2a058c4be", "pid": 249540, "rank": null, "ts": "2026-10-04 17:19:51"}
[DBG] {"category": "RAY", "component": "ray", "event": "watchdog_armed", "host": "d6b2a058c4be", "pid": 249540, "rank": null, "stage": "create_reward_actor", "timeout_sec": 30.0, "ts": "2026-10-04 17:19:51"}
[DBG] {"category": "RAY", "component": "ray", "elapsed_sec": 0.029059, "event": "END:create_reward_actor", "host": "d6b2a058c4be", "pid": 249540, "rank": null, "ts": "2026-10-04 17:19:51"}
[DBG] {"category": "RAY", "component": "ray", "event": "BEGIN:create_rollout_actor", "host": "d6b2a058c4be", "pid": 249540, "rank": null, "ts": "2026-10-04 17:19:51"}
[DBG] {"category": "RAY", "component": "ray", "event": "watchdog_armed", "host": "d6b2a058c4be", "pid": 249540, "rank": null, "stage": "create_rollout_actor", "timeout_sec": 30.0, "ts": "2026-10-04 17:19:51"}
[DBG] {"category": "RAY", "component": "ray", "elapsed_sec": 0.01509, "event": "END:create_rollout_actor", "host": "d6b2a058c4be", "pid": 249540, "rank": null, "ts": "2026-10-04 17:19:51"}
[DBG] {"category": "RAY", "component": "ray", "event": "BEGIN:create_trainer_actor", "host": "d6b2a058c4be", "pid": 249540, "rank": null, "ts": "2026-10-04 17:19:51"}
[DBG] {"category": "RAY", "component": "ray", "event": "watchdog_armed", "host": "d6b2a058c4be", "pid": 249540, "rank": null, "stage": "create_trainer_actor", "timeout_sec": 30.0, "ts": "2026-10-04 17:19:51"}
[DBG] {"category": "RAY", "component": "ray", "elapsed_sec": 0.013385, "event": "END:create_trainer_actor", "host": "d6b2a058c4be", "pid": 249540, "rank": null, "ts": "2026-10-04 17:19:51"}
[DBG] {"category": "RAY", "component": "ray", "event": "BEGIN:launch_trainer_actor", "host": "d6b2a058c4be", "pid": 249540, "rank": null, "ts": "2026-10-04 17:20:31"}
[DBG] {"category": "RAY", "component": "ray", "event": "watchdog_armed", "host": "d6b2a058c4be", "pid": 249540, "rank": null, "stage": "launch_trainer_actor", "timeout_sec": 30.0, "ts": "2026-10-04 17:20:31"}
[DBG] {"category": "RAY", "component": "ray", "elapsed_sec": 0.002186, "event": "END:launch_trainer_actor", "host": "d6b2a058c4be", "pid": 249540, "rank": null, "ts": "2026-10-04 17:20:31"}
[DBG] {"category": "RAY", "component": "ray", "event": "BEGIN:launch_rollout_producer", "host": "d6b2a058c4be", "pid": 249540, "rank": null, "ts": "2026-10-04 17:20:31"}
[DBG] {"category": "RAY", "component": "ray", "event": "watchdog_armed", "host": "d6b2a058c4be", "pid": 249540, "rank": null, "stage": "launch_rollout_producer", "timeout_sec": 30.0, "ts": "2026-10-04 17:20:31"}
[DBG] {"category": "RAY", "component": "ray", "elapsed_sec": 0.00182, "event": "END:launch_rollout_producer", "host": "d6b2a058c4be", "pid": 249540, "rank": null, "ts": "2026-10-04 17:20:31"}
[DBG] {"category": "RAY", "component": "ray", "event": "human_loop_start", "host": "d6b2a058c4be", "pid": 249540, "rank": null, "ts": "2026-10-04 17:20:31"}
[DBG] {"category": "QUEUE", "component": "ray", "event": "BEGIN:human_pop_rollout", "host": "d6b2a058c4be", "pid": 249540, "rank": null, "ts": "2026-10-04 17:20:31"}
[DBG] {"category": "QUEUE", "component": "ray", "event": "watchdog_armed", "host": "d6b2a058c4be", "pid": 249540, "rank": null, "stage": "human_pop_rollout", "timeout_sec": 30.0, "ts": "2026-10-04 17:20:31"}
[DBG] {"category": "QUEUE", "component": "ray", "elapsed_sec": 0.01375, "event": "END:human_pop_rollout", "host": "d6b2a058c4be", "pid": 249540, "rank": null, "ts": "2026-10-04 17:20:31"}
[DBG] {"category": "QUEUE", "component": "ray", "event": "BEGIN:human_pop_rollout", "host": "d6b2a058c4be", "pid": 249540, "rank": null, "ts": "2026-10-04 17:20:31"}
[DBG] {"category": "QUEUE", "component": "ray", "event": "watchdog_armed", "host": "d6b2a058c4be", "pid": 249540, "rank": null, "stage": "human_pop_rollout", "timeout_sec": 30.0, "ts": "2026-10-04 17:20:31"}
[DBG] {"category": "QUEUE", "component": "ray", "elapsed_sec": 0.012871, "event": "END:human_pop_rollout", "host": "d6b2a058c4be", "pid": 249540, "rank": null, "ts": "2026-10-04 17:20:31"}
[DBG] {"category": "QUEUE", "component": "ray", "event": "BEGIN:human_pop_rollout", "host": "d6b2a058c4be", "pid": 249540, "rank": null, "ts": "2026-10-04 17:20:31"}
[DBG] {"category": "QUEUE", "component": "ray", "event": "watchdog_armed", "host": "d6b2a058c4be", "pid": 249540, "rank": null, "stage": "human_pop_rollout", "timeout_sec": 30.0, "ts": "2026-10-04 17:20:31"}
[DBG] {"category": "QUEUE", "component": "ray", "elapsed_sec": 0.01027, "event": "END:human_pop_rollout", "host": "d6b2a058c4be", "pid": 249540, "rank": null, "ts": "2026-10-04 17:20:31"}
[DBG] {"category": "QUEUE", "component": "ray", "event": "BEGIN:human_pop_rollout", "host": "d6b2a058c4be", "pid": 249540, "rank": null, "ts": "2026-10-04 17:20:31"}
[DBG] {"category": "QUEUE", "component": "ray", "event": "watchdog_armed", "host": "d6b2a058c4be", "pid": 249540, "rank": null, "stage": "human_pop_rollout", "timeout_sec": 30.0, "ts": "2026-10-04 17:20:31"}
[DBG] {"category": "QUEUE", "component": "ray", "elapsed_sec": 0.012211, "event": "END:human_pop_rollout", "host": "d6b2a058c4be", "pid": 249540, "rank": null, "ts": "2026-10-04 17:20:31"}
[DBG] {"category": "QUEUE", "component": "ray", "event": "BEGIN:human_pop_rollout", "host": "d6b2a058c4be", "pid": 249540, "rank": null, "ts": "2026-10-04 17:20:32"}
[DBG] {"category": "QUEUE", "component": "ray", "event": "watchdog_armed", "host": "d6b2a058c4be", "pid": 249540, "rank": null, "stage": "human_pop_rollout", "timeout_sec": 30.0, "ts": "2026-10-04 17:20:32"}
[DBG] {"category": "QUEUE", "component": "ray", "elapsed_sec": 0.010164, "event": "END:human_pop_rollout", "host": "d6b2a058c4be", "pid": 249540, "rank": null, "ts": "2026-10-04 17:20:32"}
[DBG] {"category": "QUEUE", "component": "ray", "event": "BEGIN:human_pop_rollout", "host": "d6b2a058c4be", "pid": 249540, "rank": null, "ts": "2026-10-04 17:20:32"}
[DBG] {"category": "QUEUE", "component": "ray", "event": "watchdog_armed", "host": "d6b2a058c4be", "pid": 249540, "rank": null, "stage": "human_pop_rollout", "timeout_sec": 30.0, "ts": "2026-10-04 17:20:32"}
[DBG] {"category": "QUEUE", "component": "ray", "elapsed_sec": 0.010974, "event": "END:human_pop_rollout", "host": "d6b2a058c4be", "pid": 249540, "rank": null, "ts": "2026-10-04 17:20:32"}
[DBG] {"category": "QUEUE", "component": "ray", "event": "BEGIN:human_pop_rollout", "host": "d6b2a058c4be", "pid": 249540, "rank": null, "ts": "2026-10-04 17:20:32"}
[DBG] {"category": "QUEUE", "component": "ray", "event": "watchdog_armed", "host": "d6b2a058c4be", "pid": 249540, "rank": null, "stage": "human_pop_rollout", "timeout_sec": 30.0, "ts": "2026-10-04 17:20:32"}
[DBG] {"category": "QUEUE", "component": "ray", "elapsed_sec": 0.0122, "event": "END:human_pop_rollout", "host": "d6b2a058c4be", "pid": 249540, "rank": null, "ts": "2026-10-04 17:20:32"}
[DBG] {"category": "QUEUE", "component": "ray", "event": "BEGIN:human_pop_rollout", "host": "d6b2a058c4be", "pid": 249540, "rank": null, "ts": "2026-10-04 17:20:32"}
[DBG] {"category": "QUEUE", "component": "ray", "event": "watchdog_armed", "host": "d6b2a058c4be", "pid": 249540, "rank": null, "stage": "human_pop_rollout", "timeout_sec": 30.0, "ts": "2026-10-04 17:20:32"}
[DBG] {"category": "QUEUE", "component": "ray", "elapsed_sec": 0.011124, "event": "END:human_pop_rollout", "host": "d6b2a058c4be", "pid": 249540, "rank": null, "ts": "2026-10-04 17:20:32"}
[DBG] {"category": "QUEUE", "component": "ray", "event": "BEGIN:human_pop_rollout", "host": "d6b2a058c4be", "pid": 249540, "rank": null, "ts": "2026-10-04 17:20:33"}
[DBG] {"category": "QUEUE", "component": "ray", "event": "watchdog_armed", "host": "d6b2a058c4be", "pid": 249540, "rank": null, "stage": "human_pop_rollout", "timeout_sec": 30.0, "ts": "2026-10-04 17:20:33"}
[DBG] {"category": "QUEUE", "component": "ray", "elapsed_sec": 0.01102, "event": "END:human_pop_rollout", "host": "d6b2a058c4be", "pid": 249540, "rank": null, "ts": "2026-10-04 17:20:33"}
[DBG] {"category": "QUEUE", "component": "ray", "event": "BEGIN:human_pop_rollout", "host": "d6b2a058c4be", "pid": 249540, "rank": null, "ts": "2026-10-04 17:20:33"}
[DBG] {"category": "QUEUE", "component": "ray", "event": "watchdog_armed", "host": "d6b2a058c4be", "pid": 249540, "rank": null, "stage": "human_pop_rollout", "timeout_sec": 30.0, "ts": "2026-10-04 17:20:33"}
[DBG] {"category": "QUEUE", "component": "ray", "elapsed_sec": 0.013355, "event": "END:human_pop_rollout", "host": "d6b2a058c4be", "pid": 249540, "rank": null, "ts": "2026-10-04 17:20:33"}
[DBG] {"category": "QUEUE", "component": "ray", "event": "BEGIN:human_pop_rollout", "host": "d6b2a058c4be", "pid": 249540, "rank": null, "ts": "2026-10-04 17:20:33"}
[DBG] {"category": "QUEUE", "component": "ray", "event": "watchdog_armed", "host": "d6b2a058c4be", "pid": 249540, "rank": null, "stage": "human_pop_rollout", "timeout_sec": 30.0, "ts": "2026-10-04 17:20:33"}
[DBG] {"category": "QUEUE", "component": "ray", "elapsed_sec": 0.010008, "event": "END:human_pop_rollout", "host": "d6b2a058c4be", "pid": 249540, "rank": null, "ts": "2026-10-04 17:20:33"}
[DBG] {"category": "QUEUE", "component": "ray", "event": "BEGIN:human_pop_rollout", "host": "d6b2a058c4be", "pid": 249540, "rank": null, "ts": "2026-10-04 17:20:33"}
[DBG] {"category": "QUEUE", "component": "ray", "event": "watchdog_armed", "host": "d6b2a058c4be", "pid": 249540, "rank": null, "stage": "human_pop_rollout", "timeout_sec": 30.0, "ts": "2026-10-04 17:20:33"}
[DBG] {"category": "QUEUE", "component": "ray", "elapsed_sec": 0.011517, "event": "END:human_pop_rollout", "host": "d6b2a058c4be", "pid": 249540, "rank": null, "ts": "2026-10-04 17:20:33"}
[DBG] {"category": "QUEUE", "component": "ray", "event": "BEGIN:human_pop_rollout", "host": "d6b2a058c4be", "pid": 249540, "rank": null, "ts": "2026-10-04 17:20:33"}
[DBG] {"category": "QUEUE", "component": "ray", "event": "watchdog_armed", "host": "d6b2a058c4be", "pid": 249540, "rank": null, "stage": "human_pop_rollout", "timeout_sec": 30.0, "ts": "2026-10-04 17:20:33"}
[DBG] {"category": "QUEUE", "component": "ray", "elapsed_sec": 0.011646, "event": "END:human_pop_rollout", "host": "d6b2a058c4be", "pid": 249540, "rank": null, "ts": "2026-10-04 17:20:33"}
[DBG] {"category": "QUEUE", "component": "ray", "event": "BEGIN:human_pop_rollout", "host": "d6b2a058c4be", "pid": 249540, "rank": null, "ts": "2026-10-04 17:20:34"}
[DBG] {"category": "QUEUE", "component": "ray", "event": "watchdog_armed", "host": "d6b2a058c4be", "pid": 249540, "rank": null, "stage": "human_pop_rollout", "timeout_sec": 30.0, "ts": "2026-10-04 17:20:34"}
[DBG] {"category": "QUEUE", "component": "ray", "elapsed_sec": 0.078339, "event": "END:human_pop_rollout", "host": "d6b2a058c4be", "pid": 249540, "rank": null, "ts": "2026-10-04 17:20:34"}
[DBG] {"category": "QUEUE", "component": "ray", "event": "human_group_received", "group_id": "a19939fffbf54874995b2c48a73e38b4", "host": "d6b2a058c4be", "pid": 249540, "rank": null, "ts": "2026-10-04 17:20:34"}
[DBG] {"category": "RAY", "component": "ray", "event": "human_prompt_begin", "group_id": "a19939fffbf54874995b2c48a73e38b4", "host": "d6b2a058c4be", "pid": 249540, "rank": null, "ts": "2026-10-04 17:20:34"}
[DBG] {"category": "RAY", "component": "ray", "event": "human_prompt_end", "group_id": "a19939fffbf54874995b2c48a73e38b4", "host": "d6b2a058c4be", "pid": 249540, "rank": null, "ts": "2026-10-04 17:20:47"}
[DBG] {"category": "QUEUE", "component": "ray", "event": "BEGIN:human_put_preference", "group_id": "a19939fffbf54874995b2c48a73e38b4", "host": "d6b2a058c4be", "pid": 249540, "rank": null, "ts": "2026-10-04 17:20:47"}
[DBG] {"category": "QUEUE", "component": "ray", "event": "watchdog_armed", "host": "d6b2a058c4be", "pid": 249540, "rank": null, "stage": "human_put_preference", "timeout_sec": 30.0, "ts": "2026-10-04 17:20:47"}
[DBG] {"category": "QUEUE", "component": "ray", "elapsed_sec": 0.03916, "event": "END:human_put_preference", "host": "d6b2a058c4be", "pid": 249540, "rank": null, "ts": "2026-10-04 17:20:47"}
[DBG] {"category": "QUEUE", "component": "ray", "event": "preference_selected", "group_id": "a19939fffbf54874995b2c48a73e38b4", "host": "d6b2a058c4be", "pid": 249540, "preference_pending": 1, "rank": null, "selected": 1, "ts": "2026-10-04 17:20:47"}
[DBG] {"axis/human_groups": 1, "category": "QUEUE", "component": "ray", "data/candidate_all": 1, "data/candidate_lgbm_agree": 0, "data/candidate_lgbm_only": 0, "data/candidate_neural_agree": 0, "data/candidate_neural_only": 0, "data/candidate_triple_agree": 0, "data/selected_pairs": 1, "data/selection_rate": 1.0, "event": "pipeline_metrics", "host": "d6b2a058c4be", "pid": 249540, "queue/preference": 1, "queue/rollout": 9, "rank": null, "ts": "2026-10-04 17:20:47"}
[DBG] {"category": "QUEUE", "component": "ray", "event": "BEGIN:human_pop_rollout", "host": "d6b2a058c4be", "pid": 249540, "rank": null, "ts": "2026-10-04 17:20:47"}
[DBG] {"category": "QUEUE", "component": "ray", "event": "watchdog_armed", "host": "d6b2a058c4be", "pid": 249540, "rank": null, "stage": "human_pop_rollout", "timeout_sec": 30.0, "ts": "2026-10-04 17:20:47"}
[DBG] {"category": "QUEUE", "component": "ray", "elapsed_sec": 0.060629, "event": "END:human_pop_rollout", "host": "d6b2a058c4be", "pid": 249540, "rank": null, "ts": "2026-10-04 17:20:47"}
[DBG] {"category": "QUEUE", "component": "ray", "event": "human_group_received", "group_id": "521b77fdf7354ecc9a8d5d38c5f2ce80", "host": "d6b2a058c4be", "pid": 249540, "rank": null, "ts": "2026-10-04 17:20:47"}
[DBG] {"category": "RAY", "component": "ray", "event": "human_prompt_begin", "group_id": "521b77fdf7354ecc9a8d5d38c5f2ce80", "host": "d6b2a058c4be", "pid": 249540, "rank": null, "ts": "2026-10-04 17:20:47"}
[DBG] {"category": "RAY", "component": "ray", "event": "human_prompt_end", "group_id": "521b77fdf7354ecc9a8d5d38c5f2ce80", "host": "d6b2a058c4be", "pid": 249540, "rank": null, "ts": "2026-10-04 17:20:49"}
[DBG] {"category": "QUEUE", "component": "ray", "event": "BEGIN:human_put_preference", "group_id": "521b77fdf7354ecc9a8d5d38c5f2ce80", "host": "d6b2a058c4be", "pid": 249540, "rank": null, "ts": "2026-10-04 17:20:49"}
[DBG] {"category": "QUEUE", "component": "ray", "event": "watchdog_armed", "host": "d6b2a058c4be", "pid": 249540, "rank": null, "stage": "human_put_preference", "timeout_sec": 30.0, "ts": "2026-10-04 17:20:49"}
[DBG] {"category": "QUEUE", "component": "ray", "elapsed_sec": 0.036171, "event": "END:human_put_preference", "host": "d6b2a058c4be", "pid": 249540, "rank": null, "ts": "2026-10-04 17:20:49"}
[DBG] {"category": "QUEUE", "component": "ray", "event": "preference_selected", "group_id": "521b77fdf7354ecc9a8d5d38c5f2ce80", "host": "d6b2a058c4be", "pid": 249540, "preference_pending": 2, "rank": null, "selected": 2, "ts": "2026-10-04 17:20:49"}
[DBG] {"axis/human_groups": 2, "category": "QUEUE", "component": "ray", "data/candidate_all": 2, "data/candidate_lgbm_agree": 0, "data/candidate_lgbm_only": 0, "data/candidate_neural_agree": 0, "data/candidate_neural_only": 0, "data/candidate_triple_agree": 0, "data/selected_pairs": 2, "data/selection_rate": 1.0, "event": "pipeline_metrics", "host": "d6b2a058c4be", "pid": 249540, "queue/preference": 2, "queue/rollout": 8, "rank": null, "ts": "2026-10-04 17:20:49"}
[DBG] {"category": "QUEUE", "component": "ray", "event": "BEGIN:human_pop_rollout", "host": "d6b2a058c4be", "pid": 249540, "rank": null, "ts": "2026-10-04 17:20:49"}
[DBG] {"category": "QUEUE", "component": "ray", "event": "watchdog_armed", "host": "d6b2a058c4be", "pid": 249540, "rank": null, "stage": "human_pop_rollout", "timeout_sec": 30.0, "ts": "2026-10-04 17:20:49"}
[DBG] {"category": "QUEUE", "component": "ray", "elapsed_sec": 0.050024, "event": "END:human_pop_rollout", "host": "d6b2a058c4be", "pid": 249540, "rank": null, "ts": "2026-10-04 17:20:49"}
[DBG] {"category": "QUEUE", "component": "ray", "event": "human_group_received", "group_id": "4c21c357891046efb54622e3b2bd377b", "host": "d6b2a058c4be", "pid": 249540, "rank": null, "ts": "2026-10-04 17:20:49"}
[DBG] {"category": "RAY", "component": "ray", "event": "human_prompt_begin", "group_id": "4c21c357891046efb54622e3b2bd377b", "host": "d6b2a058c4be", "pid": 249540, "rank": null, "ts": "2026-10-04 17:20:49"}
[DBG] {"category": "RAY", "component": "ray", "event": "human_prompt_end", "group_id": "4c21c357891046efb54622e3b2bd377b", "host": "d6b2a058c4be", "pid": 249540, "rank": null, "ts": "2026-10-04 17:20:50"}
[DBG] {"category": "QUEUE", "component": "ray", "event": "BEGIN:human_put_preference", "group_id": "4c21c357891046efb54622e3b2bd377b", "host": "d6b2a058c4be", "pid": 249540, "rank": null, "ts": "2026-10-04 17:20:50"}
[DBG] {"category": "QUEUE", "component": "ray", "event": "watchdog_armed", "host": "d6b2a058c4be", "pid": 249540, "rank": null, "stage": "human_put_preference", "timeout_sec": 30.0, "ts": "2026-10-04 17:20:50"}
[DBG] {"category": "QUEUE", "component": "ray", "elapsed_sec": 0.033501, "event": "END:human_put_preference", "host": "d6b2a058c4be", "pid": 249540, "rank": null, "ts": "2026-10-04 17:20:50"}
[DBG] {"category": "QUEUE", "component": "ray", "event": "preference_selected", "group_id": "4c21c357891046efb54622e3b2bd377b", "host": "d6b2a058c4be", "pid": 249540, "preference_pending": 3, "rank": null, "selected": 3, "ts": "2026-10-04 17:20:50"}
[DBG] {"axis/human_groups": 3, "category": "QUEUE", "component": "ray", "data/candidate_all": 3, "data/candidate_lgbm_agree": 0, "data/candidate_lgbm_only": 0, "data/candidate_neural_agree": 0, "data/candidate_neural_only": 0, "data/candidate_triple_agree": 0, "data/selected_pairs": 3, "data/selection_rate": 1.0, "event": "pipeline_metrics", "host": "d6b2a058c4be", "pid": 249540, "queue/preference": 3, "queue/rollout": 9, "rank": null, "ts": "2026-10-04 17:20:50"}
[DBG] {"category": "QUEUE", "component": "ray", "event": "BEGIN:human_pop_rollout", "host": "d6b2a058c4be", "pid": 249540, "rank": null, "ts": "2026-10-04 17:20:50"}
[DBG] {"category": "QUEUE", "component": "ray", "event": "watchdog_armed", "host": "d6b2a058c4be", "pid": 249540, "rank": null, "stage": "human_pop_rollout", "timeout_sec": 30.0, "ts": "2026-10-04 17:20:50"}
[DBG] {"category": "QUEUE", "component": "ray", "elapsed_sec": 0.050586, "event": "END:human_pop_rollout", "host": "d6b2a058c4be", "pid": 249540, "rank": null, "ts": "2026-10-04 17:20:50"}
[DBG] {"category": "QUEUE", "component": "ray", "event": "human_group_received", "group_id": "02e97664d0004a6283ee8cebae95d728", "host": "d6b2a058c4be", "pid": 249540, "rank": null, "ts": "2026-10-04 17:20:50"}
[DBG] {"category": "RAY", "component": "ray", "event": "human_prompt_begin", "group_id": "02e97664d0004a6283ee8cebae95d728", "host": "d6b2a058c4be", "pid": 249540, "rank": null, "ts": "2026-10-04 17:20:50"}
[DBG] {"category": "RAY", "component": "ray", "event": "human_prompt_end", "group_id": "02e97664d0004a6283ee8cebae95d728", "host": "d6b2a058c4be", "pid": 249540, "rank": null, "ts": "2026-10-04 17:20:51"}
[DBG] {"category": "QUEUE", "component": "ray", "event": "BEGIN:human_put_preference", "group_id": "02e97664d0004a6283ee8cebae95d728", "host": "d6b2a058c4be", "pid": 249540, "rank": null, "ts": "2026-10-04 17:20:51"}
[DBG] {"category": "QUEUE", "component": "ray", "event": "watchdog_armed", "host": "d6b2a058c4be", "pid": 249540, "rank": null, "stage": "human_put_preference", "timeout_sec": 30.0, "ts": "2026-10-04 17:20:51"}
[DBG] {"category": "QUEUE", "component": "ray", "elapsed_sec": 0.032429, "event": "END:human_put_preference", "host": "d6b2a058c4be", "pid": 249540, "rank": null, "ts": "2026-10-04 17:20:51"}
[DBG] {"category": "QUEUE", "component": "ray", "event": "preference_selected", "group_id": "02e97664d0004a6283ee8cebae95d728", "host": "d6b2a058c4be", "pid": 249540, "preference_pending": 4, "rank": null, "selected": 4, "ts": "2026-10-04 17:20:51"}
[DBG] {"axis/human_groups": 4, "category": "QUEUE", "component": "ray", "data/candidate_all": 4, "data/candidate_lgbm_agree": 0, "data/candidate_lgbm_only": 0, "data/candidate_neural_agree": 0, "data/candidate_neural_only": 0, "data/candidate_triple_agree": 0, "data/selected_pairs": 4, "data/selection_rate": 1.0, "event": "pipeline_metrics", "host": "d6b2a058c4be", "pid": 249540, "queue/preference": 4, "queue/rollout": 8, "rank": null, "ts": "2026-10-04 17:20:51"}
[DBG] {"category": "QUEUE", "component": "ray", "event": "BEGIN:human_pop_rollout", "host": "d6b2a058c4be", "pid": 249540, "rank": null, "ts": "2026-10-04 17:20:51"}
[DBG] {"category": "QUEUE", "component": "ray", "event": "watchdog_armed", "host": "d6b2a058c4be", "pid": 249540, "rank": null, "stage": "human_pop_rollout", "timeout_sec": 30.0, "ts": "2026-10-04 17:20:51"}
[DBG] {"category": "QUEUE", "component": "ray", "elapsed_sec": 0.049394, "event": "END:human_pop_rollout", "host": "d6b2a058c4be", "pid": 249540, "rank": null, "ts": "2026-10-04 17:20:51"}
[DBG] {"category": "QUEUE", "component": "ray", "event": "human_group_received", "group_id": "f049f3220860411a97e3787324f3611d", "host": "d6b2a058c4be", "pid": 249540, "rank": null, "ts": "2026-10-04 17:20:51"}
[DBG] {"category": "RAY", "component": "ray", "event": "human_prompt_begin", "group_id": "f049f3220860411a97e3787324f3611d", "host": "d6b2a058c4be", "pid": 249540, "rank": null, "ts": "2026-10-04 17:20:51"}
[DBG] {"category": "RAY", "component": "ray", "event": "human_prompt_end", "group_id": "f049f3220860411a97e3787324f3611d", "host": "d6b2a058c4be", "pid": 249540, "rank": null, "ts": "2026-10-04 17:20:52"}
[DBG] {"category": "QUEUE", "component": "ray", "event": "BEGIN:human_put_preference", "group_id": "f049f3220860411a97e3787324f3611d", "host": "d6b2a058c4be", "pid": 249540, "rank": null, "ts": "2026-10-04 17:20:52"}
[DBG] {"category": "QUEUE", "component": "ray", "event": "watchdog_armed", "host": "d6b2a058c4be", "pid": 249540, "rank": null, "stage": "human_put_preference", "timeout_sec": 30.0, "ts": "2026-10-04 17:20:52"}
[DBG] {"category": "QUEUE", "component": "ray", "elapsed_sec": 0.033536, "event": "END:human_put_preference", "host": "d6b2a058c4be", "pid": 249540, "rank": null, "ts": "2026-10-04 17:20:52"}
[DBG] {"category": "QUEUE", "component": "ray", "event": "preference_selected", "group_id": "f049f3220860411a97e3787324f3611d", "host": "d6b2a058c4be", "pid": 249540, "preference_pending": 5, "rank": null, "selected": 5, "ts": "2026-10-04 17:20:52"}
[DBG] {"axis/human_groups": 5, "category": "QUEUE", "component": "ray", "data/candidate_all": 5, "data/candidate_lgbm_agree": 0, "data/candidate_lgbm_only": 0, "data/candidate_neural_agree": 0, "data/candidate_neural_only": 0, "data/candidate_triple_agree": 0, "data/selected_pairs": 5, "data/selection_rate": 1.0, "event": "pipeline_metrics", "host": "d6b2a058c4be", "pid": 249540, "queue/preference": 5, "queue/rollout": 9, "rank": null, "ts": "2026-10-04 17:20:52"}
[DBG] {"category": "QUEUE", "component": "ray", "event": "BEGIN:human_pop_rollout", "host": "d6b2a058c4be", "pid": 249540, "rank": null, "ts": "2026-10-04 17:20:52"}
[DBG] {"category": "QUEUE", "component": "ray", "event": "watchdog_armed", "host": "d6b2a058c4be", "pid": 249540, "rank": null, "stage": "human_pop_rollout", "timeout_sec": 30.0, "ts": "2026-10-04 17:20:52"}
[DBG] {"category": "QUEUE", "component": "ray", "elapsed_sec": 0.049608, "event": "END:human_pop_rollout", "host": "d6b2a058c4be", "pid": 249540, "rank": null, "ts": "2026-10-04 17:20:52"}
[DBG] {"category": "QUEUE", "component": "ray", "event": "human_group_received", "group_id": "0390461dc1e4410cbc9df7c44acdcf21", "host": "d6b2a058c4be", "pid": 249540, "rank": null, "ts": "2026-10-04 17:20:52"}
[DBG] {"category": "RAY", "component": "ray", "event": "human_prompt_begin", "group_id": "0390461dc1e4410cbc9df7c44acdcf21", "host": "d6b2a058c4be", "pid": 249540, "rank": null, "ts": "2026-10-04 17:20:52"}
[DBG] {"category": "RAY", "component": "ray", "event": "human_prompt_end", "group_id": "0390461dc1e4410cbc9df7c44acdcf21", "host": "d6b2a058c4be", "pid": 249540, "rank": null, "ts": "2026-10-04 17:22:34"}
[DBG] {"category": "QUEUE", "component": "ray", "event": "BEGIN:human_put_preference", "group_id": "0390461dc1e4410cbc9df7c44acdcf21", "host": "d6b2a058c4be", "pid": 249540, "rank": null, "ts": "2026-10-04 17:22:34"}
[DBG] {"category": "QUEUE", "component": "ray", "event": "watchdog_armed", "host": "d6b2a058c4be", "pid": 249540, "rank": null, "stage": "human_put_preference", "timeout_sec": 30.0, "ts": "2026-10-04 17:22:34"}
[DBG] {"category": "QUEUE", "component": "ray", "elapsed_sec": 0.035734, "event": "END:human_put_preference", "host": "d6b2a058c4be", "pid": 249540, "rank": null, "ts": "2026-10-04 17:22:34"}
[DBG] {"category": "QUEUE", "component": "ray", "event": "preference_selected", "group_id": "0390461dc1e4410cbc9df7c44acdcf21", "host": "d6b2a058c4be", "pid": 249540, "preference_pending": 2, "rank": null, "selected": 6, "ts": "2026-10-04 17:22:34"}
[DBG] {"axis/human_groups": 6, "category": "QUEUE", "component": "ray", "data/candidate_all": 6, "data/candidate_lgbm_agree": 0, "data/candidate_lgbm_only": 0, "data/candidate_neural_agree": 0, "data/candidate_neural_only": 0, "data/candidate_triple_agree": 0, "data/selected_pairs": 6, "data/selection_rate": 1.0, "event": "pipeline_metrics", "host": "d6b2a058c4be", "pid": 249540, "queue/preference": 2, "queue/rollout": 8, "rank": null, "ts": "2026-10-04 17:22:34"}
[DBG] {"category": "QUEUE", "component": "ray", "event": "BEGIN:human_pop_rollout", "host": "d6b2a058c4be", "pid": 249540, "rank": null, "ts": "2026-10-04 17:22:34"}
[DBG] {"category": "QUEUE", "component": "ray", "event": "watchdog_armed", "host": "d6b2a058c4be", "pid": 249540, "rank": null, "stage": "human_pop_rollout", "timeout_sec": 30.0, "ts": "2026-10-04 17:22:34"}
[DBG] {"category": "QUEUE", "component": "ray", "elapsed_sec": 0.050352, "event": "END:human_pop_rollout", "host": "d6b2a058c4be", "pid": 249540, "rank": null, "ts": "2026-10-04 17:22:34"}
[DBG] {"category": "QUEUE", "component": "ray", "event": "human_group_received", "group_id": "8b968dca04cb4174b0892a3533f616cf", "host": "d6b2a058c4be", "pid": 249540, "rank": null, "ts": "2026-10-04 17:22:34"}
[DBG] {"category": "RAY", "component": "ray", "event": "human_prompt_begin", "group_id": "8b968dca04cb4174b0892a3533f616cf", "host": "d6b2a058c4be", "pid": 249540, "rank": null, "ts": "2026-10-04 17:22:34"}
[DBG] {"category": "RAY", "component": "ray", "event": "human_prompt_end", "group_id": "8b968dca04cb4174b0892a3533f616cf", "host": "d6b2a058c4be", "pid": 249540, "rank": null, "ts": "2026-10-04 17:22:36"}
[DBG] {"category": "QUEUE", "component": "ray", "event": "BEGIN:human_put_preference", "group_id": "8b968dca04cb4174b0892a3533f616cf", "host": "d6b2a058c4be", "pid": 249540, "rank": null, "ts": "2026-10-04 17:22:36"}
[DBG] {"category": "QUEUE", "component": "ray", "event": "watchdog_armed", "host": "d6b2a058c4be", "pid": 249540, "rank": null, "stage": "human_put_preference", "timeout_sec": 30.0, "ts": "2026-10-04 17:22:36"}
[DBG] {"category": "QUEUE", "component": "ray", "elapsed_sec": 0.025606, "event": "END:human_put_preference", "host": "d6b2a058c4be", "pid": 249540, "rank": null, "ts": "2026-10-04 17:22:36"}
[DBG] {"category": "QUEUE", "component": "ray", "event": "preference_selected", "group_id": "8b968dca04cb4174b0892a3533f616cf", "host": "d6b2a058c4be", "pid": 249540, "preference_pending": 3, "rank": null, "selected": 7, "ts": "2026-10-04 17:22:36"}
[DBG] {"axis/human_groups": 7, "category": "QUEUE", "component": "ray", "data/candidate_all": 7, "data/candidate_lgbm_agree": 0, "data/candidate_lgbm_only": 0, "data/candidate_neural_agree": 0, "data/candidate_neural_only": 0, "data/candidate_triple_agree": 0, "data/selected_pairs": 7, "data/selection_rate": 1.0, "event": "pipeline_metrics", "host": "d6b2a058c4be", "pid": 249540, "queue/preference": 3, "queue/rollout": 9, "rank": null, "ts": "2026-10-04 17:22:36"}
[DBG] {"category": "QUEUE", "component": "ray", "event": "BEGIN:human_pop_rollout", "host": "d6b2a058c4be", "pid": 249540, "rank": null, "ts": "2026-10-04 17:22:36"}
[DBG] {"category": "QUEUE", "component": "ray", "event": "watchdog_armed", "host": "d6b2a058c4be", "pid": 249540, "rank": null, "stage": "human_pop_rollout", "timeout_sec": 30.0, "ts": "2026-10-04 17:22:36"}
[DBG] {"category": "QUEUE", "component": "ray", "elapsed_sec": 0.047389, "event": "END:human_pop_rollout", "host": "d6b2a058c4be", "pid": 249540, "rank": null, "ts": "2026-10-04 17:22:36"}
[DBG] {"category": "QUEUE", "component": "ray", "event": "human_group_received", "group_id": "e2b88d3935b14002a48b5438238a08a5", "host": "d6b2a058c4be", "pid": 249540, "rank": null, "ts": "2026-10-04 17:22:36"}
[DBG] {"category": "RAY", "component": "ray", "event": "human_prompt_begin", "group_id": "e2b88d3935b14002a48b5438238a08a5", "host": "d6b2a058c4be", "pid": 249540, "rank": null, "ts": "2026-10-04 17:22:36"}
[DBG] {"category": "RAY", "component": "ray", "event": "human_prompt_end", "group_id": "e2b88d3935b14002a48b5438238a08a5", "host": "d6b2a058c4be", "pid": 249540, "rank": null, "ts": "2026-10-04 17:22:38"}
[DBG] {"category": "QUEUE", "component": "ray", "event": "BEGIN:human_put_preference", "group_id": "e2b88d3935b14002a48b5438238a08a5", "host": "d6b2a058c4be", "pid": 249540, "rank": null, "ts": "2026-10-04 17:22:38"}
[DBG] {"category": "QUEUE", "component": "ray", "event": "watchdog_armed", "host": "d6b2a058c4be", "pid": 249540, "rank": null, "stage": "human_put_preference", "timeout_sec": 30.0, "ts": "2026-10-04 17:22:38"}
[DBG] {"category": "QUEUE", "component": "ray", "elapsed_sec": 0.035867, "event": "END:human_put_preference", "host": "d6b2a058c4be", "pid": 249540, "rank": null, "ts": "2026-10-04 17:22:38"}
[DBG] {"category": "QUEUE", "component": "ray", "event": "preference_selected", "group_id": "e2b88d3935b14002a48b5438238a08a5", "host": "d6b2a058c4be", "pid": 249540, "preference_pending": 4, "rank": null, "selected": 8, "ts": "2026-10-04 17:22:38"}
[DBG] {"axis/human_groups": 8, "category": "QUEUE", "component": "ray", "data/candidate_all": 8, "data/candidate_lgbm_agree": 0, "data/candidate_lgbm_only": 0, "data/candidate_neural_agree": 0, "data/candidate_neural_only": 0, "data/candidate_triple_agree": 0, "data/selected_pairs": 8, "data/selection_rate": 1.0, "event": "pipeline_metrics", "host": "d6b2a058c4be", "pid": 249540, "queue/preference": 4, "queue/rollout": 8, "rank": null, "ts": "2026-10-04 17:22:38"}
[DBG] {"category": "QUEUE", "component": "ray", "event": "BEGIN:human_pop_rollout", "host": "d6b2a058c4be", "pid": 249540, "rank": null, "ts": "2026-10-04 17:22:38"}
[DBG] {"category": "QUEUE", "component": "ray", "event": "watchdog_armed", "host": "d6b2a058c4be", "pid": 249540, "rank": null, "stage": "human_pop_rollout", "timeout_sec": 30.0, "ts": "2026-10-04 17:22:38"}
[DBG] {"category": "QUEUE", "component": "ray", "elapsed_sec": 0.04716, "event": "END:human_pop_rollout", "host": "d6b2a058c4be", "pid": 249540, "rank": null, "ts": "2026-10-04 17:22:38"}
[DBG] {"category": "QUEUE", "component": "ray", "event": "human_group_received", "group_id": "981d93436966407880a57b575becaa85", "host": "d6b2a058c4be", "pid": 249540, "rank": null, "ts": "2026-10-04 17:22:38"}
[DBG] {"category": "RAY", "component": "ray", "event": "human_prompt_begin", "group_id": "981d93436966407880a57b575becaa85", "host": "d6b2a058c4be", "pid": 249540, "rank": null, "ts": "2026-10-04 17:22:38"}
[DBG] {"category": "RAY", "component": "ray", "event": "human_prompt_end", "group_id": "981d93436966407880a57b575becaa85", "host": "d6b2a058c4be", "pid": 249540, "rank": null, "ts": "2026-10-04 17:22:39"}
[DBG] {"category": "QUEUE", "component": "ray", "event": "BEGIN:human_put_preference", "group_id": "981d93436966407880a57b575becaa85", "host": "d6b2a058c4be", "pid": 249540, "rank": null, "ts": "2026-10-04 17:22:39"}
[DBG] {"category": "QUEUE", "component": "ray", "event": "watchdog_armed", "host": "d6b2a058c4be", "pid": 249540, "rank": null, "stage": "human_put_preference", "timeout_sec": 30.0, "ts": "2026-10-04 17:22:39"}
[DBG] {"category": "QUEUE", "component": "ray", "elapsed_sec": 0.03563, "event": "END:human_put_preference", "host": "d6b2a058c4be", "pid": 249540, "rank": null, "ts": "2026-10-04 17:22:39"}
[DBG] {"category": "QUEUE", "component": "ray", "event": "preference_selected", "group_id": "981d93436966407880a57b575becaa85", "host": "d6b2a058c4be", "pid": 249540, "preference_pending": 1, "rank": null, "selected": 9, "ts": "2026-10-04 17:22:39"}
[DBG] {"axis/human_groups": 9, "category": "QUEUE", "component": "ray", "data/candidate_all": 9, "data/candidate_lgbm_agree": 0, "data/candidate_lgbm_only": 0, "data/candidate_neural_agree": 0, "data/candidate_neural_only": 0, "data/candidate_triple_agree": 0, "data/selected_pairs": 9, "data/selection_rate": 1.0, "event": "pipeline_metrics", "host": "d6b2a058c4be", "pid": 249540, "queue/preference": 1, "queue/rollout": 9, "rank": null, "ts": "2026-10-04 17:22:39"}
[DBG] {"category": "QUEUE", "component": "ray", "event": "BEGIN:human_pop_rollout", "host": "d6b2a058c4be", "pid": 249540, "rank": null, "ts": "2026-10-04 17:22:39"}
[DBG] {"category": "QUEUE", "component": "ray", "event": "watchdog_armed", "host": "d6b2a058c4be", "pid": 249540, "rank": null, "stage": "human_pop_rollout", "timeout_sec": 30.0, "ts": "2026-10-04 17:22:39"}
[DBG] {"category": "QUEUE", "component": "ray", "elapsed_sec": 0.0485, "event": "END:human_pop_rollout", "host": "d6b2a058c4be", "pid": 249540, "rank": null, "ts": "2026-10-04 17:22:39"}
[DBG] {"category": "QUEUE", "component": "ray", "event": "human_group_received", "group_id": "997306bde5c14514b12235681bf8fd25", "host": "d6b2a058c4be", "pid": 249540, "rank": null, "ts": "2026-10-04 17:22:39"}
[DBG] {"category": "RAY", "component": "ray", "event": "human_prompt_begin", "group_id": "997306bde5c14514b12235681bf8fd25", "host": "d6b2a058c4be", "pid": 249540, "rank": null, "ts": "2026-10-04 17:22:39"}
[DBG] {"category": "RAY", "component": "ray", "event": "human_prompt_end", "group_id": "997306bde5c14514b12235681bf8fd25", "host": "d6b2a058c4be", "pid": 249540, "rank": null, "ts": "2026-10-04 17:22:41"}
[DBG] {"category": "QUEUE", "component": "ray", "event": "BEGIN:human_put_preference", "group_id": "997306bde5c14514b12235681bf8fd25", "host": "d6b2a058c4be", "pid": 249540, "rank": null, "ts": "2026-10-04 17:22:41"}
[DBG] {"category": "QUEUE", "component": "ray", "event": "watchdog_armed", "host": "d6b2a058c4be", "pid": 249540, "rank": null, "stage": "human_put_preference", "timeout_sec": 30.0, "ts": "2026-10-04 17:22:41"}
[DBG] {"category": "QUEUE", "component": "ray", "elapsed_sec": 0.033503, "event": "END:human_put_preference", "host": "d6b2a058c4be", "pid": 249540, "rank": null, "ts": "2026-10-04 17:22:41"}
[DBG] {"category": "QUEUE", "component": "ray", "event": "preference_selected", "group_id": "997306bde5c14514b12235681bf8fd25", "host": "d6b2a058c4be", "pid": 249540, "preference_pending": 2, "rank": null, "selected": 10, "ts": "2026-10-04 17:22:41"}
[DBG] {"axis/human_groups": 10, "category": "QUEUE", "component": "ray", "data/candidate_all": 10, "data/candidate_lgbm_agree": 0, "data/candidate_lgbm_only": 0, "data/candidate_neural_agree": 0, "data/candidate_neural_only": 0, "data/candidate_triple_agree": 0, "data/selected_pairs": 10, "data/selection_rate": 1.0, "event": "pipeline_metrics", "host": "d6b2a058c4be", "pid": 249540, "queue/preference": 2, "queue/rollout": 8, "rank": null, "ts": "2026-10-04 17:22:41"}
[DBG] {"category": "QUEUE", "component": "ray", "event": "BEGIN:human_pop_rollout", "host": "d6b2a058c4be", "pid": 249540, "rank": null, "ts": "2026-10-04 17:22:41"}
[DBG] {"category": "QUEUE", "component": "ray", "event": "watchdog_armed", "host": "d6b2a058c4be", "pid": 249540, "rank": null, "stage": "human_pop_rollout", "timeout_sec": 30.0, "ts": "2026-10-04 17:22:41"}
[DBG] {"category": "QUEUE", "component": "ray", "elapsed_sec": 0.047431, "event": "END:human_pop_rollout", "host": "d6b2a058c4be", "pid": 249540, "rank": null, "ts": "2026-10-04 17:22:41"}
[DBG] {"category": "QUEUE", "component": "ray", "event": "human_group_received", "group_id": "e3b1728e776c4276823825d412a97ed9", "host": "d6b2a058c4be", "pid": 249540, "rank": null, "ts": "2026-10-04 17:22:41"}
[DBG] {"category": "RAY", "component": "ray", "event": "human_prompt_begin", "group_id": "e3b1728e776c4276823825d412a97ed9", "host": "d6b2a058c4be", "pid": 249540, "rank": null, "ts": "2026-10-04 17:22:41"}
[DBG] {"category": "RAY", "component": "ray", "event": "human_prompt_end", "group_id": "e3b1728e776c4276823825d412a97ed9", "host": "d6b2a058c4be", "pid": 249540, "rank": null, "ts": "2026-10-04 17:22:45"}
[DBG] {"category": "QUEUE", "component": "ray", "event": "BEGIN:human_put_preference", "group_id": "e3b1728e776c4276823825d412a97ed9", "host": "d6b2a058c4be", "pid": 249540, "rank": null, "ts": "2026-10-04 17:22:45"}
[DBG] {"category": "QUEUE", "component": "ray", "event": "watchdog_armed", "host": "d6b2a058c4be", "pid": 249540, "rank": null, "stage": "human_put_preference", "timeout_sec": 30.0, "ts": "2026-10-04 17:22:45"}
[DBG] {"category": "QUEUE", "component": "ray", "elapsed_sec": 0.034432, "event": "END:human_put_preference", "host": "d6b2a058c4be", "pid": 249540, "rank": null, "ts": "2026-10-04 17:22:45"}
[DBG] {"category": "QUEUE", "component": "ray", "event": "preference_selected", "group_id": "e3b1728e776c4276823825d412a97ed9", "host": "d6b2a058c4be", "pid": 249540, "preference_pending": 3, "rank": null, "selected": 11, "ts": "2026-10-04 17:22:45"}
[DBG] {"axis/human_groups": 11, "category": "QUEUE", "component": "ray", "data/candidate_all": 11, "data/candidate_lgbm_agree": 0, "data/candidate_lgbm_only": 0, "data/candidate_neural_agree": 0, "data/candidate_neural_only": 0, "data/candidate_triple_agree": 0, "data/selected_pairs": 11, "data/selection_rate": 1.0, "event": "pipeline_metrics", "host": "d6b2a058c4be", "pid": 249540, "queue/preference": 3, "queue/rollout": 9, "rank": null, "ts": "2026-10-04 17:22:45"}
[DBG] {"category": "QUEUE", "component": "ray", "event": "BEGIN:human_pop_rollout", "host": "d6b2a058c4be", "pid": 249540, "rank": null, "ts": "2026-10-04 17:22:45"}
[DBG] {"category": "QUEUE", "component": "ray", "event": "watchdog_armed", "host": "d6b2a058c4be", "pid": 249540, "rank": null, "stage": "human_pop_rollout", "timeout_sec": 30.0, "ts": "2026-10-04 17:22:45"}
[DBG] {"category": "QUEUE", "component": "ray", "elapsed_sec": 0.051295, "event": "END:human_pop_rollout", "host": "d6b2a058c4be", "pid": 249540, "rank": null, "ts": "2026-10-04 17:22:45"}
[DBG] {"category": "QUEUE", "component": "ray", "event": "human_group_received", "group_id": "a378736ede8d4b0cbab7e66fa776931c", "host": "d6b2a058c4be", "pid": 249540, "rank": null, "ts": "2026-10-04 17:22:45"}
[DBG] {"category": "RAY", "component": "ray", "event": "human_prompt_begin", "group_id": "a378736ede8d4b0cbab7e66fa776931c", "host": "d6b2a058c4be", "pid": 249540, "rank": null, "ts": "2026-10-04 17:22:45"}
[DBG] {"category": "RAY", "component": "ray", "event": "human_prompt_end", "group_id": "a378736ede8d4b0cbab7e66fa776931c", "host": "d6b2a058c4be", "pid": 249540, "rank": null, "ts": "2026-10-04 17:22:47"}
[DBG] {"category": "QUEUE", "component": "ray", "event": "BEGIN:human_put_preference", "group_id": "a378736ede8d4b0cbab7e66fa776931c", "host": "d6b2a058c4be", "pid": 249540, "rank": null, "ts": "2026-10-04 17:22:47"}
[DBG] {"category": "QUEUE", "component": "ray", "event": "watchdog_armed", "host": "d6b2a058c4be", "pid": 249540, "rank": null, "stage": "human_put_preference", "timeout_sec": 30.0, "ts": "2026-10-04 17:22:47"}
[DBG] {"category": "QUEUE", "component": "ray", "elapsed_sec": 0.036185, "event": "END:human_put_preference", "host": "d6b2a058c4be", "pid": 249540, "rank": null, "ts": "2026-10-04 17:22:47"}
[DBG] {"category": "QUEUE", "component": "ray", "event": "preference_selected", "group_id": "a378736ede8d4b0cbab7e66fa776931c", "host": "d6b2a058c4be", "pid": 249540, "preference_pending": 4, "rank": null, "selected": 12, "ts": "2026-10-04 17:22:47"}
[DBG] {"axis/human_groups": 12, "category": "QUEUE", "component": "ray", "data/candidate_all": 12, "data/candidate_lgbm_agree": 0, "data/candidate_lgbm_only": 0, "data/candidate_neural_agree": 0, "data/candidate_neural_only": 0, "data/candidate_triple_agree": 0, "data/selected_pairs": 12, "data/selection_rate": 1.0, "event": "pipeline_metrics", "host": "d6b2a058c4be", "pid": 249540, "queue/preference": 4, "queue/rollout": 8, "rank": null, "ts": "2026-10-04 17:22:47"}
[DBG] {"category": "QUEUE", "component": "ray", "event": "BEGIN:human_pop_rollout", "host": "d6b2a058c4be", "pid": 249540, "rank": null, "ts": "2026-10-04 17:22:47"}
[DBG] {"category": "QUEUE", "component": "ray", "event": "watchdog_armed", "host": "d6b2a058c4be", "pid": 249540, "rank": null, "stage": "human_pop_rollout", "timeout_sec": 30.0, "ts": "2026-10-04 17:22:47"}
[DBG] {"category": "QUEUE", "component": "ray", "elapsed_sec": 0.057532, "event": "END:human_pop_rollout", "host": "d6b2a058c4be", "pid": 249540, "rank": null, "ts": "2026-10-04 17:22:47"}
[DBG] {"category": "QUEUE", "component": "ray", "event": "human_group_received", "group_id": "08fd5942752c4459ae0a7a1e4700a9c6", "host": "d6b2a058c4be", "pid": 249540, "rank": null, "ts": "2026-10-04 17:22:47"}
[DBG] {"category": "RAY", "component": "ray", "event": "human_prompt_begin", "group_id": "08fd5942752c4459ae0a7a1e4700a9c6", "host": "d6b2a058c4be", "pid": 249540, "rank": null, "ts": "2026-10-04 17:22:47"}
[DBG] {"category": "RAY", "component": "ray", "event": "human_prompt_end", "group_id": "08fd5942752c4459ae0a7a1e4700a9c6", "host": "d6b2a058c4be", "pid": 249540, "rank": null, "ts": "2026-10-04 17:22:48"}
[DBG] {"category": "QUEUE", "component": "ray", "event": "BEGIN:human_put_preference", "group_id": "08fd5942752c4459ae0a7a1e4700a9c6", "host": "d6b2a058c4be", "pid": 249540, "rank": null, "ts": "2026-10-04 17:22:48"}
[DBG] {"category": "QUEUE", "component": "ray", "event": "watchdog_armed", "host": "d6b2a058c4be", "pid": 249540, "rank": null, "stage": "human_put_preference", "timeout_sec": 30.0, "ts": "2026-10-04 17:22:48"}
[DBG] {"category": "QUEUE", "component": "ray", "elapsed_sec": 0.038006, "event": "END:human_put_preference", "host": "d6b2a058c4be", "pid": 249540, "rank": null, "ts": "2026-10-04 17:22:48"}
[DBG] {"category": "QUEUE", "component": "ray", "event": "preference_selected", "group_id": "08fd5942752c4459ae0a7a1e4700a9c6", "host": "d6b2a058c4be", "pid": 249540, "preference_pending": 1, "rank": null, "selected": 13, "ts": "2026-10-04 17:22:48"}
[DBG] {"axis/human_groups": 13, "category": "QUEUE", "component": "ray", "data/candidate_all": 13, "data/candidate_lgbm_agree": 0, "data/candidate_lgbm_only": 0, "data/candidate_neural_agree": 0, "data/candidate_neural_only": 0, "data/candidate_triple_agree": 0, "data/selected_pairs": 13, "data/selection_rate": 1.0, "event": "pipeline_metrics", "host": "d6b2a058c4be", "pid": 249540, "queue/preference": 1, "queue/rollout": 9, "rank": null, "ts": "2026-10-04 17:22:48"}
[DBG] {"category": "QUEUE", "component": "ray", "event": "BEGIN:human_pop_rollout", "host": "d6b2a058c4be", "pid": 249540, "rank": null, "ts": "2026-10-04 17:22:48"}
[DBG] {"category": "QUEUE", "component": "ray", "event": "watchdog_armed", "host": "d6b2a058c4be", "pid": 249540, "rank": null, "stage": "human_pop_rollout", "timeout_sec": 30.0, "ts": "2026-10-04 17:22:48"}
[DBG] {"category": "QUEUE", "component": "ray", "elapsed_sec": 0.062519, "event": "END:human_pop_rollout", "host": "d6b2a058c4be", "pid": 249540, "rank": null, "ts": "2026-10-04 17:22:48"}
[DBG] {"category": "QUEUE", "component": "ray", "event": "human_group_received", "group_id": "bd0f0bdb68d94fc1b552d12a713b85ce", "host": "d6b2a058c4be", "pid": 249540, "rank": null, "ts": "2026-10-04 17:22:48"}
[DBG] {"category": "RAY", "component": "ray", "event": "human_prompt_begin", "group_id": "bd0f0bdb68d94fc1b552d12a713b85ce", "host": "d6b2a058c4be", "pid": 249540, "rank": null, "ts": "2026-10-04 17:22:48"}
[DBG] {"category": "RAY", "component": "ray", "event": "human_prompt_end", "group_id": "bd0f0bdb68d94fc1b552d12a713b85ce", "host": "d6b2a058c4be", "pid": 249540, "rank": null, "ts": "2026-10-04 17:22:49"}
[DBG] {"category": "QUEUE", "component": "ray", "event": "BEGIN:human_put_preference", "group_id": "bd0f0bdb68d94fc1b552d12a713b85ce", "host": "d6b2a058c4be", "pid": 249540, "rank": null, "ts": "2026-10-04 17:22:49"}
[DBG] {"category": "QUEUE", "component": "ray", "event": "watchdog_armed", "host": "d6b2a058c4be", "pid": 249540, "rank": null, "stage": "human_put_preference", "timeout_sec": 30.0, "ts": "2026-10-04 17:22:49"}
[DBG] {"category": "QUEUE", "component": "ray", "elapsed_sec": 0.037481, "event": "END:human_put_preference", "host": "d6b2a058c4be", "pid": 249540, "rank": null, "ts": "2026-10-04 17:22:49"}
[DBG] {"category": "QUEUE", "component": "ray", "event": "preference_selected", "group_id": "bd0f0bdb68d94fc1b552d12a713b85ce", "host": "d6b2a058c4be", "pid": 249540, "preference_pending": 2, "rank": null, "selected": 14, "ts": "2026-10-04 17:22:49"}
[DBG] {"axis/human_groups": 14, "category": "QUEUE", "component": "ray", "data/candidate_all": 14, "data/candidate_lgbm_agree": 0, "data/candidate_lgbm_only": 0, "data/candidate_neural_agree": 0, "data/candidate_neural_only": 0, "data/candidate_triple_agree": 0, "data/selected_pairs": 14, "data/selection_rate": 1.0, "event": "pipeline_metrics", "host": "d6b2a058c4be", "pid": 249540, "queue/preference": 2, "queue/rollout": 8, "rank": null, "ts": "2026-10-04 17:22:49"}
[DBG] {"category": "QUEUE", "component": "ray", "event": "BEGIN:human_pop_rollout", "host": "d6b2a058c4be", "pid": 249540, "rank": null, "ts": "2026-10-04 17:22:49"}
[DBG] {"category": "QUEUE", "component": "ray", "event": "watchdog_armed", "host": "d6b2a058c4be", "pid": 249540, "rank": null, "stage": "human_pop_rollout", "timeout_sec": 30.0, "ts": "2026-10-04 17:22:49"}
[DBG] {"category": "QUEUE", "component": "ray", "elapsed_sec": 0.026933, "event": "END:human_pop_rollout", "host": "d6b2a058c4be", "pid": 249540, "rank": null, "ts": "2026-10-04 17:22:49"}
[DBG] {"category": "QUEUE", "component": "ray", "event": "human_group_received", "group_id": "d66f00f714d641c697ba5e969435e9ba", "host": "d6b2a058c4be", "pid": 249540, "rank": null, "ts": "2026-10-04 17:22:49"}
[DBG] {"category": "RAY", "component": "ray", "event": "human_prompt_begin", "group_id": "d66f00f714d641c697ba5e969435e9ba", "host": "d6b2a058c4be", "pid": 249540, "rank": null, "ts": "2026-10-04 17:22:49"}
[DBG] {"category": "RAY", "component": "ray", "event": "human_prompt_end", "group_id": "d66f00f714d641c697ba5e969435e9ba", "host": "d6b2a058c4be", "pid": 249540, "rank": null, "ts": "2026-10-04 17:22:51"}
[DBG] {"category": "QUEUE", "component": "ray", "event": "BEGIN:human_put_preference", "group_id": "d66f00f714d641c697ba5e969435e9ba", "host": "d6b2a058c4be", "pid": 249540, "rank": null, "ts": "2026-10-04 17:22:51"}
[DBG] {"category": "QUEUE", "component": "ray", "event": "watchdog_armed", "host": "d6b2a058c4be", "pid": 249540, "rank": null, "stage": "human_put_preference", "timeout_sec": 30.0, "ts": "2026-10-04 17:22:51"}
[DBG] {"category": "QUEUE", "component": "ray", "elapsed_sec": 0.030217, "event": "END:human_put_preference", "host": "d6b2a058c4be", "pid": 249540, "rank": null, "ts": "2026-10-04 17:22:51"}
[DBG] {"category": "QUEUE", "component": "ray", "event": "preference_selected", "group_id": "d66f00f714d641c697ba5e969435e9ba", "host": "d6b2a058c4be", "pid": 249540, "preference_pending": 3, "rank": null, "selected": 15, "ts": "2026-10-04 17:22:51"}
[DBG] {"axis/human_groups": 15, "category": "QUEUE", "component": "ray", "data/candidate_all": 15, "data/candidate_lgbm_agree": 0, "data/candidate_lgbm_only": 0, "data/candidate_neural_agree": 0, "data/candidate_neural_only": 0, "data/candidate_triple_agree": 0, "data/selected_pairs": 15, "data/selection_rate": 1.0, "event": "pipeline_metrics", "host": "d6b2a058c4be", "pid": 249540, "queue/preference": 3, "queue/rollout": 9, "rank": null, "ts": "2026-10-04 17:22:51"}
[DBG] {"category": "QUEUE", "component": "ray", "event": "BEGIN:human_pop_rollout", "host": "d6b2a058c4be", "pid": 249540, "rank": null, "ts": "2026-10-04 17:22:51"}
[DBG] {"category": "QUEUE", "component": "ray", "event": "watchdog_armed", "host": "d6b2a058c4be", "pid": 249540, "rank": null, "stage": "human_pop_rollout", "timeout_sec": 30.0, "ts": "2026-10-04 17:22:51"}
[DBG] {"category": "QUEUE", "component": "ray", "elapsed_sec": 0.043777, "event": "END:human_pop_rollout", "host": "d6b2a058c4be", "pid": 249540, "rank": null, "ts": "2026-10-04 17:22:51"}
[DBG] {"category": "QUEUE", "component": "ray", "event": "human_group_received", "group_id": "4c74832d4c0e486280b85459213cd296", "host": "d6b2a058c4be", "pid": 249540, "rank": null, "ts": "2026-10-04 17:22:51"}
[DBG] {"category": "RAY", "component": "ray", "event": "human_prompt_begin", "group_id": "4c74832d4c0e486280b85459213cd296", "host": "d6b2a058c4be", "pid": 249540, "rank": null, "ts": "2026-10-04 17:22:51"}
[DBG] {"category": "RAY", "component": "ray", "event": "human_prompt_end", "group_id": "4c74832d4c0e486280b85459213cd296", "host": "d6b2a058c4be", "pid": 249540, "rank": null, "ts": "2026-10-04 17:22:52"}
[DBG] {"category": "QUEUE", "component": "ray", "event": "BEGIN:human_put_preference", "group_id": "4c74832d4c0e486280b85459213cd296", "host": "d6b2a058c4be", "pid": 249540, "rank": null, "ts": "2026-10-04 17:22:52"}
[DBG] {"category": "QUEUE", "component": "ray", "event": "watchdog_armed", "host": "d6b2a058c4be", "pid": 249540, "rank": null, "stage": "human_put_preference", "timeout_sec": 30.0, "ts": "2026-10-04 17:22:52"}
[DBG] {"category": "QUEUE", "component": "ray", "elapsed_sec": 0.031681, "event": "END:human_put_preference", "host": "d6b2a058c4be", "pid": 249540, "rank": null, "ts": "2026-10-04 17:22:53"}
[DBG] {"category": "QUEUE", "component": "ray", "event": "preference_selected", "group_id": "4c74832d4c0e486280b85459213cd296", "host": "d6b2a058c4be", "pid": 249540, "preference_pending": 4, "rank": null, "selected": 16, "ts": "2026-10-04 17:22:53"}
[DBG] {"axis/human_groups": 16, "category": "QUEUE", "component": "ray", "data/candidate_all": 16, "data/candidate_lgbm_agree": 0, "data/candidate_lgbm_only": 0, "data/candidate_neural_agree": 0, "data/candidate_neural_only": 0, "data/candidate_triple_agree": 0, "data/selected_pairs": 16, "data/selection_rate": 1.0, "event": "pipeline_metrics", "host": "d6b2a058c4be", "pid": 249540, "queue/preference": 4, "queue/rollout": 8, "rank": null, "ts": "2026-10-04 17:22:53"}
[DBG] {"category": "QUEUE", "component": "ray", "event": "BEGIN:human_pop_rollout", "host": "d6b2a058c4be", "pid": 249540, "rank": null, "ts": "2026-10-04 17:22:53"}
[DBG] {"category": "QUEUE", "component": "ray", "event": "watchdog_armed", "host": "d6b2a058c4be", "pid": 249540, "rank": null, "stage": "human_pop_rollout", "timeout_sec": 30.0, "ts": "2026-10-04 17:22:53"}
[DBG] {"category": "QUEUE", "component": "ray", "elapsed_sec": 0.047241, "event": "END:human_pop_rollout", "host": "d6b2a058c4be", "pid": 249540, "rank": null, "ts": "2026-10-04 17:22:53"}
[DBG] {"category": "QUEUE", "component": "ray", "event": "human_group_received", "group_id": "ec17cd7b280f4089b2c19f2b94993e83", "host": "d6b2a058c4be", "pid": 249540, "rank": null, "ts": "2026-10-04 17:22:53"}
[DBG] {"category": "RAY", "component": "ray", "event": "human_prompt_begin", "group_id": "ec17cd7b280f4089b2c19f2b94993e83", "host": "d6b2a058c4be", "pid": 249540, "rank": null, "ts": "2026-10-04 17:22:53"}
[DBG] {"category": "RAY", "component": "ray", "event": "human_prompt_end", "group_id": "ec17cd7b280f4089b2c19f2b94993e83", "host": "d6b2a058c4be", "pid": 249540, "rank": null, "ts": "2026-10-04 17:22:54"}
[DBG] {"category": "QUEUE", "component": "ray", "event": "BEGIN:human_put_preference", "group_id": "ec17cd7b280f4089b2c19f2b94993e83", "host": "d6b2a058c4be", "pid": 249540, "rank": null, "ts": "2026-10-04 17:22:54"}
[DBG] {"category": "QUEUE", "component": "ray", "event": "watchdog_armed", "host": "d6b2a058c4be", "pid": 249540, "rank": null, "stage": "human_put_preference", "timeout_sec": 30.0, "ts": "2026-10-04 17:22:54"}
[DBG] {"category": "QUEUE", "component": "ray", "elapsed_sec": 0.030744, "event": "END:human_put_preference", "host": "d6b2a058c4be", "pid": 249540, "rank": null, "ts": "2026-10-04 17:22:54"}
[DBG] {"category": "QUEUE", "component": "ray", "event": "preference_selected", "group_id": "ec17cd7b280f4089b2c19f2b94993e83", "host": "d6b2a058c4be", "pid": 249540, "preference_pending": 1, "rank": null, "selected": 17, "ts": "2026-10-04 17:22:54"}
[DBG] {"axis/human_groups": 17, "category": "QUEUE", "component": "ray", "data/candidate_all": 17, "data/candidate_lgbm_agree": 0, "data/candidate_lgbm_only": 0, "data/candidate_neural_agree": 0, "data/candidate_neural_only": 0, "data/candidate_triple_agree": 0, "data/selected_pairs": 17, "data/selection_rate": 1.0, "event": "pipeline_metrics", "host": "d6b2a058c4be", "pid": 249540, "queue/preference": 1, "queue/rollout": 9, "rank": null, "ts": "2026-10-04 17:22:54"}
[DBG] {"category": "QUEUE", "component": "ray", "event": "BEGIN:human_pop_rollout", "host": "d6b2a058c4be", "pid": 249540, "rank": null, "ts": "2026-10-04 17:22:54"}
[DBG] {"category": "QUEUE", "component": "ray", "event": "watchdog_armed", "host": "d6b2a058c4be", "pid": 249540, "rank": null, "stage": "human_pop_rollout", "timeout_sec": 30.0, "ts": "2026-10-04 17:22:54"}
[DBG] {"category": "QUEUE", "component": "ray", "elapsed_sec": 0.057985, "event": "END:human_pop_rollout", "host": "d6b2a058c4be", "pid": 249540, "rank": null, "ts": "2026-10-04 17:22:54"}
[DBG] {"category": "QUEUE", "component": "ray", "event": "human_group_received", "group_id": "ed6f15146ced45b48ca7d4c632159fcb", "host": "d6b2a058c4be", "pid": 249540, "rank": null, "ts": "2026-10-04 17:22:54"}
[DBG] {"category": "RAY", "component": "ray", "event": "human_prompt_begin", "group_id": "ed6f15146ced45b48ca7d4c632159fcb", "host": "d6b2a058c4be", "pid": 249540, "rank": null, "ts": "2026-10-04 17:22:54"}
[DBG] {"category": "RAY", "component": "ray", "event": "human_prompt_end", "group_id": "ed6f15146ced45b48ca7d4c632159fcb", "host": "d6b2a058c4be", "pid": 249540, "rank": null, "ts": "2026-10-04 17:23:05"}
[DBG] {"category": "QUEUE", "component": "ray", "event": "BEGIN:human_put_preference", "group_id": "ed6f15146ced45b48ca7d4c632159fcb", "host": "d6b2a058c4be", "pid": 249540, "rank": null, "ts": "2026-10-04 17:23:05"}
[DBG] {"category": "QUEUE", "component": "ray", "event": "watchdog_armed", "host": "d6b2a058c4be", "pid": 249540, "rank": null, "stage": "human_put_preference", "timeout_sec": 30.0, "ts": "2026-10-04 17:23:05"}
[DBG] {"category": "QUEUE", "component": "ray", "elapsed_sec": 0.029873, "event": "END:human_put_preference", "host": "d6b2a058c4be", "pid": 249540, "rank": null, "ts": "2026-10-04 17:23:05"}
[DBG] {"category": "QUEUE", "component": "ray", "event": "preference_selected", "group_id": "ed6f15146ced45b48ca7d4c632159fcb", "host": "d6b2a058c4be", "pid": 249540, "preference_pending": 2, "rank": null, "selected": 18, "ts": "2026-10-04 17:23:05"}
[DBG] {"axis/human_groups": 18, "category": "QUEUE", "component": "ray", "data/candidate_all": 18, "data/candidate_lgbm_agree": 0, "data/candidate_lgbm_only": 0, "data/candidate_neural_agree": 0, "data/candidate_neural_only": 0, "data/candidate_triple_agree": 0, "data/selected_pairs": 18, "data/selection_rate": 1.0, "event": "pipeline_metrics", "host": "d6b2a058c4be", "pid": 249540, "queue/preference": 2, "queue/rollout": 8, "rank": null, "ts": "2026-10-04 17:23:05"}
[DBG] {"category": "QUEUE", "component": "ray", "event": "BEGIN:human_pop_rollout", "host": "d6b2a058c4be", "pid": 249540, "rank": null, "ts": "2026-10-04 17:23:06"}
[DBG] {"category": "QUEUE", "component": "ray", "event": "watchdog_armed", "host": "d6b2a058c4be", "pid": 249540, "rank": null, "stage": "human_pop_rollout", "timeout_sec": 30.0, "ts": "2026-10-04 17:23:06"}
[DBG] {"category": "QUEUE", "component": "ray", "elapsed_sec": 0.034558, "event": "END:human_pop_rollout", "host": "d6b2a058c4be", "pid": 249540, "rank": null, "ts": "2026-10-04 17:23:06"}
[DBG] {"category": "QUEUE", "component": "ray", "event": "human_group_received", "group_id": "9337a9c9c0f8469d84afb136b248595f", "host": "d6b2a058c4be", "pid": 249540, "rank": null, "ts": "2026-10-04 17:23:06"}
[DBG] {"category": "RAY", "component": "ray", "event": "human_prompt_begin", "group_id": "9337a9c9c0f8469d84afb136b248595f", "host": "d6b2a058c4be", "pid": 249540, "rank": null, "ts": "2026-10-04 17:23:06"}
[DBG] {"category": "RAY", "component": "ray", "event": "human_prompt_end", "group_id": "9337a9c9c0f8469d84afb136b248595f", "host": "d6b2a058c4be", "pid": 249540, "rank": null, "ts": "2026-10-04 17:23:09"}
[DBG] {"category": "QUEUE", "component": "ray", "event": "BEGIN:human_put_preference", "group_id": "9337a9c9c0f8469d84afb136b248595f", "host": "d6b2a058c4be", "pid": 249540, "rank": null, "ts": "2026-10-04 17:23:09"}
[DBG] {"category": "QUEUE", "component": "ray", "event": "watchdog_armed", "host": "d6b2a058c4be", "pid": 249540, "rank": null, "stage": "human_put_preference", "timeout_sec": 30.0, "ts": "2026-10-04 17:23:09"}
[DBG] {"category": "QUEUE", "component": "ray", "elapsed_sec": 0.029881, "event": "END:human_put_preference", "host": "d6b2a058c4be", "pid": 249540, "rank": null, "ts": "2026-10-04 17:23:09"}
[DBG] {"category": "QUEUE", "component": "ray", "event": "preference_selected", "group_id": "9337a9c9c0f8469d84afb136b248595f", "host": "d6b2a058c4be", "pid": 249540, "preference_pending": 3, "rank": null, "selected": 19, "ts": "2026-10-04 17:23:09"}
[DBG] {"axis/human_groups": 19, "category": "QUEUE", "component": "ray", "data/candidate_all": 19, "data/candidate_lgbm_agree": 0, "data/candidate_lgbm_only": 0, "data/candidate_neural_agree": 0, "data/candidate_neural_only": 0, "data/candidate_triple_agree": 0, "data/selected_pairs": 19, "data/selection_rate": 1.0, "event": "pipeline_metrics", "host": "d6b2a058c4be", "pid": 249540, "queue/preference": 3, "queue/rollout": 9, "rank": null, "ts": "2026-10-04 17:23:09"}
[DBG] {"category": "QUEUE", "component": "ray", "event": "BEGIN:human_pop_rollout", "host": "d6b2a058c4be", "pid": 249540, "rank": null, "ts": "2026-10-04 17:23:09"}
[DBG] {"category": "QUEUE", "component": "ray", "event": "watchdog_armed", "host": "d6b2a058c4be", "pid": 249540, "rank": null, "stage": "human_pop_rollout", "timeout_sec": 30.0, "ts": "2026-10-04 17:23:09"}
[DBG] {"category": "QUEUE", "component": "ray", "elapsed_sec": 0.048913, "event": "END:human_pop_rollout", "host": "d6b2a058c4be", "pid": 249540, "rank": null, "ts": "2026-10-04 17:23:09"}
[DBG] {"category": "QUEUE", "component": "ray", "event": "human_group_received", "group_id": "52304d379f644757ba9dc794065ea31c", "host": "d6b2a058c4be", "pid": 249540, "rank": null, "ts": "2026-10-04 17:23:09"}
[DBG] {"category": "RAY", "component": "ray", "event": "human_prompt_begin", "group_id": "52304d379f644757ba9dc794065ea31c", "host": "d6b2a058c4be", "pid": 249540, "rank": null, "ts": "2026-10-04 17:23:09"}
[DBG] {"category": "RAY", "component": "ray", "event": "human_prompt_end", "group_id": "52304d379f644757ba9dc794065ea31c", "host": "d6b2a058c4be", "pid": 249540, "rank": null, "ts": "2026-10-04 17:23:11"}
[DBG] {"category": "QUEUE", "component": "ray", "event": "BEGIN:human_put_preference", "group_id": "52304d379f644757ba9dc794065ea31c", "host": "d6b2a058c4be", "pid": 249540, "rank": null, "ts": "2026-10-04 17:23:11"}
[DBG] {"category": "QUEUE", "component": "ray", "event": "watchdog_armed", "host": "d6b2a058c4be", "pid": 249540, "rank": null, "stage": "human_put_preference", "timeout_sec": 30.0, "ts": "2026-10-04 17:23:11"}
[DBG] {"category": "QUEUE", "component": "ray", "elapsed_sec": 0.030242, "event": "END:human_put_preference", "host": "d6b2a058c4be", "pid": 249540, "rank": null, "ts": "2026-10-04 17:23:11"}
[DBG] {"category": "QUEUE", "component": "ray", "event": "preference_selected", "group_id": "52304d379f644757ba9dc794065ea31c", "host": "d6b2a058c4be", "pid": 249540, "preference_pending": 4, "rank": null, "selected": 20, "ts": "2026-10-04 17:23:11"}
[DBG] {"axis/human_groups": 20, "category": "QUEUE", "component": "ray", "data/candidate_all": 20, "data/candidate_lgbm_agree": 0, "data/candidate_lgbm_only": 0, "data/candidate_neural_agree": 0, "data/candidate_neural_only": 0, "data/candidate_triple_agree": 0, "data/selected_pairs": 20, "data/selection_rate": 1.0, "event": "pipeline_metrics", "host": "d6b2a058c4be", "pid": 249540, "queue/preference": 4, "queue/rollout": 8, "rank": null, "ts": "2026-10-04 17:23:11"}
[DBG] {"category": "QUEUE", "component": "ray", "event": "BEGIN:human_pop_rollout", "host": "d6b2a058c4be", "pid": 249540, "rank": null, "ts": "2026-10-04 17:23:11"}
[DBG] {"category": "QUEUE", "component": "ray", "event": "watchdog_armed", "host": "d6b2a058c4be", "pid": 249540, "rank": null, "stage": "human_pop_rollout", "timeout_sec": 30.0, "ts": "2026-10-04 17:23:11"}
[DBG] {"category": "QUEUE", "component": "ray", "elapsed_sec": 0.044087, "event": "END:human_pop_rollout", "host": "d6b2a058c4be", "pid": 249540, "rank": null, "ts": "2026-10-04 17:23:11"}
[DBG] {"category": "QUEUE", "component": "ray", "event": "human_group_received", "group_id": "d6c0b45c17594172956410f799944686", "host": "d6b2a058c4be", "pid": 249540, "rank": null, "ts": "2026-10-04 17:23:11"}
[DBG] {"category": "RAY", "component": "ray", "event": "human_prompt_begin", "group_id": "d6c0b45c17594172956410f799944686", "host": "d6b2a058c4be", "pid": 249540, "rank": null, "ts": "2026-10-04 17:23:11"}
[DBG] {"category": "RAY", "component": "ray", "event": "human_prompt_end", "group_id": "d6c0b45c17594172956410f799944686", "host": "d6b2a058c4be", "pid": 249540, "rank": null, "ts": "2026-10-04 17:23:15"}
[DBG] {"category": "QUEUE", "component": "ray", "event": "BEGIN:human_put_preference", "group_id": "d6c0b45c17594172956410f799944686", "host": "d6b2a058c4be", "pid": 249540, "rank": null, "ts": "2026-10-04 17:23:15"}
[DBG] {"category": "QUEUE", "component": "ray", "event": "watchdog_armed", "host": "d6b2a058c4be", "pid": 249540, "rank": null, "stage": "human_put_preference", "timeout_sec": 30.0, "ts": "2026-10-04 17:23:15"}
[DBG] {"category": "QUEUE", "component": "ray", "elapsed_sec": 0.030554, "event": "END:human_put_preference", "host": "d6b2a058c4be", "pid": 249540, "rank": null, "ts": "2026-10-04 17:23:15"}
[DBG] {"category": "QUEUE", "component": "ray", "event": "preference_selected", "group_id": "d6c0b45c17594172956410f799944686", "host": "d6b2a058c4be", "pid": 249540, "preference_pending": 1, "rank": null, "selected": 21, "ts": "2026-10-04 17:23:15"}
[DBG] {"axis/human_groups": 21, "category": "QUEUE", "component": "ray", "data/candidate_all": 21, "data/candidate_lgbm_agree": 0, "data/candidate_lgbm_only": 0, "data/candidate_neural_agree": 0, "data/candidate_neural_only": 0, "data/candidate_triple_agree": 0, "data/selected_pairs": 21, "data/selection_rate": 1.0, "event": "pipeline_metrics", "host": "d6b2a058c4be", "pid": 249540, "queue/preference": 1, "queue/rollout": 9, "rank": null, "ts": "2026-10-04 17:23:15"}
[DBG] {"category": "QUEUE", "component": "ray", "event": "BEGIN:human_pop_rollout", "host": "d6b2a058c4be", "pid": 249540, "rank": null, "ts": "2026-10-04 17:23:15"}
[DBG] {"category": "QUEUE", "component": "ray", "event": "watchdog_armed", "host": "d6b2a058c4be", "pid": 249540, "rank": null, "stage": "human_pop_rollout", "timeout_sec": 30.0, "ts": "2026-10-04 17:23:15"}
[DBG] {"category": "QUEUE", "component": "ray", "elapsed_sec": 0.044076, "event": "END:human_pop_rollout", "host": "d6b2a058c4be", "pid": 249540, "rank": null, "ts": "2026-10-04 17:23:15"}
[DBG] {"category": "QUEUE", "component": "ray", "event": "human_group_received", "group_id": "89d176e7d90c49e6b01f1b13c92d130d", "host": "d6b2a058c4be", "pid": 249540, "rank": null, "ts": "2026-10-04 17:23:15"}
[DBG] {"category": "RAY", "component": "ray", "event": "human_prompt_begin", "group_id": "89d176e7d90c49e6b01f1b13c92d130d", "host": "d6b2a058c4be", "pid": 249540, "rank": null, "ts": "2026-10-04 17:23:15"}
[DBG] {"category": "RAY", "component": "ray", "event": "human_prompt_end", "group_id": "89d176e7d90c49e6b01f1b13c92d130d", "host": "d6b2a058c4be", "pid": 249540, "rank": null, "ts": "2026-10-04 17:23:24"}
[DBG] {"category": "QUEUE", "component": "ray", "event": "BEGIN:human_put_preference", "group_id": "89d176e7d90c49e6b01f1b13c92d130d", "host": "d6b2a058c4be", "pid": 249540, "rank": null, "ts": "2026-10-04 17:23:24"}
[DBG] {"category": "QUEUE", "component": "ray", "event": "watchdog_armed", "host": "d6b2a058c4be", "pid": 249540, "rank": null, "stage": "human_put_preference", "timeout_sec": 30.0, "ts": "2026-10-04 17:23:24"}
[DBG] {"category": "QUEUE", "component": "ray", "elapsed_sec": 0.037434, "event": "END:human_put_preference", "host": "d6b2a058c4be", "pid": 249540, "rank": null, "ts": "2026-10-04 17:23:24"}
[DBG] {"category": "QUEUE", "component": "ray", "event": "preference_selected", "group_id": "89d176e7d90c49e6b01f1b13c92d130d", "host": "d6b2a058c4be", "pid": 249540, "preference_pending": 2, "rank": null, "selected": 22, "ts": "2026-10-04 17:23:24"}
[DBG] {"axis/human_groups": 22, "category": "QUEUE", "component": "ray", "data/candidate_all": 22, "data/candidate_lgbm_agree": 0, "data/candidate_lgbm_only": 0, "data/candidate_neural_agree": 0, "data/candidate_neural_only": 0, "data/candidate_triple_agree": 0, "data/selected_pairs": 22, "data/selection_rate": 1.0, "event": "pipeline_metrics", "host": "d6b2a058c4be", "pid": 249540, "queue/preference": 2, "queue/rollout": 8, "rank": null, "ts": "2026-10-04 17:23:24"}
[DBG] {"category": "QUEUE", "component": "ray", "event": "BEGIN:human_pop_rollout", "host": "d6b2a058c4be", "pid": 249540, "rank": null, "ts": "2026-10-04 17:23:24"}
[DBG] {"category": "QUEUE", "component": "ray", "event": "watchdog_armed", "host": "d6b2a058c4be", "pid": 249540, "rank": null, "stage": "human_pop_rollout", "timeout_sec": 30.0, "ts": "2026-10-04 17:23:24"}
[DBG] {"category": "QUEUE", "component": "ray", "elapsed_sec": 0.054405, "event": "END:human_pop_rollout", "host": "d6b2a058c4be", "pid": 249540, "rank": null, "ts": "2026-10-04 17:23:24"}
[DBG] {"category": "QUEUE", "component": "ray", "event": "human_group_received", "group_id": "6fb940b00eef4605b492e0bfe04b695d", "host": "d6b2a058c4be", "pid": 249540, "rank": null, "ts": "2026-10-04 17:23:24"}
[DBG] {"category": "RAY", "component": "ray", "event": "human_prompt_begin", "group_id": "6fb940b00eef4605b492e0bfe04b695d", "host": "d6b2a058c4be", "pid": 249540, "rank": null, "ts": "2026-10-04 17:23:24"}
[DBG] {"category": "RAY", "component": "ray", "event": "human_prompt_end", "group_id": "6fb940b00eef4605b492e0bfe04b695d", "host": "d6b2a058c4be", "pid": 249540, "rank": null, "ts": "2026-10-04 17:23:26"}
[DBG] {"category": "QUEUE", "component": "ray", "event": "BEGIN:human_put_preference", "group_id": "6fb940b00eef4605b492e0bfe04b695d", "host": "d6b2a058c4be", "pid": 249540, "rank": null, "ts": "2026-10-04 17:23:26"}
[DBG] {"category": "QUEUE", "component": "ray", "event": "watchdog_armed", "host": "d6b2a058c4be", "pid": 249540, "rank": null, "stage": "human_put_preference", "timeout_sec": 30.0, "ts": "2026-10-04 17:23:26"}
[DBG] {"category": "QUEUE", "component": "ray", "elapsed_sec": 0.031255, "event": "END:human_put_preference", "host": "d6b2a058c4be", "pid": 249540, "rank": null, "ts": "2026-10-04 17:23:26"}
[DBG] {"category": "QUEUE", "component": "ray", "event": "preference_selected", "group_id": "6fb940b00eef4605b492e0bfe04b695d", "host": "d6b2a058c4be", "pid": 249540, "preference_pending": 3, "rank": null, "selected": 23, "ts": "2026-10-04 17:23:26"}
[DBG] {"axis/human_groups": 23, "category": "QUEUE", "component": "ray", "data/candidate_all": 23, "data/candidate_lgbm_agree": 0, "data/candidate_lgbm_only": 0, "data/candidate_neural_agree": 0, "data/candidate_neural_only": 0, "data/candidate_triple_agree": 0, "data/selected_pairs": 23, "data/selection_rate": 1.0, "event": "pipeline_metrics", "host": "d6b2a058c4be", "pid": 249540, "queue/preference": 3, "queue/rollout": 9, "rank": null, "ts": "2026-10-04 17:23:26"}
[DBG] {"category": "QUEUE", "component": "ray", "event": "BEGIN:human_pop_rollout", "host": "d6b2a058c4be", "pid": 249540, "rank": null, "ts": "2026-10-04 17:23:26"}
[DBG] {"category": "QUEUE", "component": "ray", "event": "watchdog_armed", "host": "d6b2a058c4be", "pid": 249540, "rank": null, "stage": "human_pop_rollout", "timeout_sec": 30.0, "ts": "2026-10-04 17:23:26"}
[DBG] {"category": "QUEUE", "component": "ray", "elapsed_sec": 0.048017, "event": "END:human_pop_rollout", "host": "d6b2a058c4be", "pid": 249540, "rank": null, "ts": "2026-10-04 17:23:26"}
[DBG] {"category": "QUEUE", "component": "ray", "event": "human_group_received", "group_id": "d5a232d34cc64d989d5034c252e9e32c", "host": "d6b2a058c4be", "pid": 249540, "rank": null, "ts": "2026-10-04 17:23:26"}
[DBG] {"category": "RAY", "component": "ray", "event": "human_prompt_begin", "group_id": "d5a232d34cc64d989d5034c252e9e32c", "host": "d6b2a058c4be", "pid": 249540, "rank": null, "ts": "2026-10-04 17:23:26"}
[DBG] {"category": "RAY", "component": "ray", "event": "human_prompt_end", "group_id": "d5a232d34cc64d989d5034c252e9e32c", "host": "d6b2a058c4be", "pid": 249540, "rank": null, "ts": "2026-10-04 17:23:27"}
[DBG] {"category": "QUEUE", "component": "ray", "event": "BEGIN:human_put_preference", "group_id": "d5a232d34cc64d989d5034c252e9e32c", "host": "d6b2a058c4be", "pid": 249540, "rank": null, "ts": "2026-10-04 17:23:27"}
[DBG] {"category": "QUEUE", "component": "ray", "event": "watchdog_armed", "host": "d6b2a058c4be", "pid": 249540, "rank": null, "stage": "human_put_preference", "timeout_sec": 30.0, "ts": "2026-10-04 17:23:27"}
[DBG] {"category": "QUEUE", "component": "ray", "elapsed_sec": 0.029568, "event": "END:human_put_preference", "host": "d6b2a058c4be", "pid": 249540, "rank": null, "ts": "2026-10-04 17:23:27"}
[DBG] {"category": "QUEUE", "component": "ray", "event": "preference_selected", "group_id": "d5a232d34cc64d989d5034c252e9e32c", "host": "d6b2a058c4be", "pid": 249540, "preference_pending": 4, "rank": null, "selected": 24, "ts": "2026-10-04 17:23:27"}
[DBG] {"axis/human_groups": 24, "category": "QUEUE", "component": "ray", "data/candidate_all": 24, "data/candidate_lgbm_agree": 0, "data/candidate_lgbm_only": 0, "data/candidate_neural_agree": 0, "data/candidate_neural_only": 0, "data/candidate_triple_agree": 0, "data/selected_pairs": 24, "data/selection_rate": 1.0, "event": "pipeline_metrics", "host": "d6b2a058c4be", "pid": 249540, "queue/preference": 0, "queue/rollout": 8, "rank": null, "ts": "2026-10-04 17:23:27"}
[DBG] {"category": "QUEUE", "component": "ray", "event": "BEGIN:human_pop_rollout", "host": "d6b2a058c4be", "pid": 249540, "rank": null, "ts": "2026-10-04 17:23:27"}
[DBG] {"category": "QUEUE", "component": "ray", "event": "watchdog_armed", "host": "d6b2a058c4be", "pid": 249540, "rank": null, "stage": "human_pop_rollout", "timeout_sec": 30.0, "ts": "2026-10-04 17:23:27"}
[DBG] {"category": "QUEUE", "component": "ray", "elapsed_sec": 0.043307, "event": "END:human_pop_rollout", "host": "d6b2a058c4be", "pid": 249540, "rank": null, "ts": "2026-10-04 17:23:27"}
[DBG] {"category": "QUEUE", "component": "ray", "event": "human_group_received", "group_id": "d72c5e68b07b400096f59e54f492ea57", "host": "d6b2a058c4be", "pid": 249540, "rank": null, "ts": "2026-10-04 17:23:27"}
[DBG] {"category": "RAY", "component": "ray", "event": "human_prompt_begin", "group_id": "d72c5e68b07b400096f59e54f492ea57", "host": "d6b2a058c4be", "pid": 249540, "rank": null, "ts": "2026-10-04 17:23:27"}
[DBG] {"category": "RAY", "component": "ray", "event": "human_prompt_end", "group_id": "d72c5e68b07b400096f59e54f492ea57", "host": "d6b2a058c4be", "pid": 249540, "rank": null, "ts": "2026-10-04 17:23:29"}
[DBG] {"category": "QUEUE", "component": "ray", "event": "BEGIN:human_put_preference", "group_id": "d72c5e68b07b400096f59e54f492ea57", "host": "d6b2a058c4be", "pid": 249540, "rank": null, "ts": "2026-10-04 17:23:29"}
[DBG] {"category": "QUEUE", "component": "ray", "event": "watchdog_armed", "host": "d6b2a058c4be", "pid": 249540, "rank": null, "stage": "human_put_preference", "timeout_sec": 30.0, "ts": "2026-10-04 17:23:29"}
[DBG] {"category": "QUEUE", "component": "ray", "elapsed_sec": 0.030147, "event": "END:human_put_preference", "host": "d6b2a058c4be", "pid": 249540, "rank": null, "ts": "2026-10-04 17:23:29"}
[DBG] {"category": "QUEUE", "component": "ray", "event": "preference_selected", "group_id": "d72c5e68b07b400096f59e54f492ea57", "host": "d6b2a058c4be", "pid": 249540, "preference_pending": 1, "rank": null, "selected": 25, "ts": "2026-10-04 17:23:29"}
[DBG] {"axis/human_groups": 25, "category": "QUEUE", "component": "ray", "data/candidate_all": 25, "data/candidate_lgbm_agree": 0, "data/candidate_lgbm_only": 0, "data/candidate_neural_agree": 0, "data/candidate_neural_only": 0, "data/candidate_triple_agree": 0, "data/selected_pairs": 25, "data/selection_rate": 1.0, "event": "pipeline_metrics", "host": "d6b2a058c4be", "pid": 249540, "queue/preference": 1, "queue/rollout": 9, "rank": null, "ts": "2026-10-04 17:23:29"}
[DBG] {"category": "QUEUE", "component": "ray", "event": "BEGIN:human_pop_rollout", "host": "d6b2a058c4be", "pid": 249540, "rank": null, "ts": "2026-10-04 17:23:29"}
[DBG] {"category": "QUEUE", "component": "ray", "event": "watchdog_armed", "host": "d6b2a058c4be", "pid": 249540, "rank": null, "stage": "human_pop_rollout", "timeout_sec": 30.0, "ts": "2026-10-04 17:23:29"}
[DBG] {"category": "QUEUE", "component": "ray", "elapsed_sec": 0.04367, "event": "END:human_pop_rollout", "host": "d6b2a058c4be", "pid": 249540, "rank": null, "ts": "2026-10-04 17:23:29"}
[DBG] {"category": "QUEUE", "component": "ray", "event": "human_group_received", "group_id": "b5b62148229a4132816833a564e47d82", "host": "d6b2a058c4be", "pid": 249540, "rank": null, "ts": "2026-10-04 17:23:29"}
[DBG] {"category": "RAY", "component": "ray", "event": "human_prompt_begin", "group_id": "b5b62148229a4132816833a564e47d82", "host": "d6b2a058c4be", "pid": 249540, "rank": null, "ts": "2026-10-04 17:23:29"}
