[DBG] {"category": "RAY", "component": "ray", "debug_all": false, "debug_data": false, "debug_fsdp": true, "debug_inference": false, "debug_queue": true, "debug_ray": true, "debug_reward": false, "debug_train": true, "event": "application_start", "host": "d6b2a058c4be", "pid": 92117, "rank": null, "ts": "2026-10-04 14:34:59"}
[DBG] {"address": "auto", "category": "RAY", "component": "ray", "event": "BEGIN:ray_init", "host": "d6b2a058c4be", "log_to_driver": false, "pid": 92117, "rank": null, "ts": "2026-10-04 14:34:59"}
[DBG] {"category": "RAY", "component": "ray", "event": "watchdog_armed", "host": "d6b2a058c4be", "pid": 92117, "rank": null, "stage": "ray_init", "timeout_sec": 30.0, "ts": "2026-10-04 14:34:59"}
[DBG] {"category": "RAY", "component": "ray", "elapsed_sec": 0.593251, "event": "END:ray_init", "host": "d6b2a058c4be", "pid": 92117, "rank": null, "ts": "2026-10-04 14:35:00"}
[DBG] {"category": "RAY", "component": "ray", "event": "cluster_resources", "host": "d6b2a058c4be", "pid": 92117, "rank": null, "resources": {"CPU": 27.0, "GPU": 3.0, "accelerator_type:RTX-A6000": 1.0, "memory": 115868449178.0, "node:172.20.0.2": 1.0, "node:__internal_head__": 1.0, "object_store_memory": 49657906790.0}, "ts": "2026-10-04 14:35:00"}
[DBG] {"category": "RAY", "component": "ray", "event": "resource_check", "gpu_available": 3, "gpu_needed": 3, "host": "d6b2a058c4be", "pid": 92117, "rank": null, "ts": "2026-10-04 14:35:00"}
[DBG] {"category": "RAY", "component": "ray", "event": "run_id", "host": "d6b2a058c4be", "pid": 92117, "rank": null, "run_id": "smoke01", "ts": "2026-10-04 14:35:00"}
[DBG] {"category": "RAY", "component": "ray", "event": "BEGIN:create_queue_actor", "host": "d6b2a058c4be", "pid": 92117, "rank": null, "ts": "2026-10-04 14:35:00"}
[DBG] {"category": "RAY", "component": "ray", "event": "watchdog_armed", "host": "d6b2a058c4be", "pid": 92117, "rank": null, "stage": "create_queue_actor", "timeout_sec": 30.0, "ts": "2026-10-04 14:35:00"}
[DBG] {"category": "RAY", "component": "ray", "elapsed_sec": 0.029065, "event": "END:create_queue_actor", "host": "d6b2a058c4be", "pid": 92117, "rank": null, "ts": "2026-10-04 14:35:00"}
[DBG] {"category": "QUEUE", "component": "ray", "event": "BEGIN:queue_describe", "host": "d6b2a058c4be", "pid": 92117, "rank": null, "ts": "2026-10-04 14:35:00"}
[DBG] {"category": "QUEUE", "component": "ray", "event": "watchdog_armed", "host": "d6b2a058c4be", "pid": 92117, "rank": null, "stage": "queue_describe", "timeout_sec": 30.0, "ts": "2026-10-04 14:35:00"}
[DBG] {"category": "QUEUE", "component": "ray", "elapsed_sec": 8.23989, "event": "END:queue_describe", "host": "d6b2a058c4be", "pid": 92117, "rank": null, "ts": "2026-10-04 14:35:08"}
[DBG] {"category": "RAY", "component": "ray", "event": "BEGIN:create_control_actor", "host": "d6b2a058c4be", "pid": 92117, "rank": null, "ts": "2026-10-04 14:35:08"}
[DBG] {"category": "RAY", "component": "ray", "event": "watchdog_armed", "host": "d6b2a058c4be", "pid": 92117, "rank": null, "stage": "create_control_actor", "timeout_sec": 30.0, "ts": "2026-10-04 14:35:08"}
[DBG] {"category": "RAY", "component": "ray", "elapsed_sec": 0.028371, "event": "END:create_control_actor", "host": "d6b2a058c4be", "pid": 92117, "rank": null, "ts": "2026-10-04 14:35:08"}
[DBG] {"category": "RAY", "component": "ray", "event": "BEGIN:create_tracker_actor", "host": "d6b2a058c4be", "pid": 92117, "rank": null, "ts": "2026-10-04 14:35:08"}
[DBG] {"category": "RAY", "component": "ray", "event": "watchdog_armed", "host": "d6b2a058c4be", "pid": 92117, "rank": null, "stage": "create_tracker_actor", "timeout_sec": 30.0, "ts": "2026-10-04 14:35:08"}
[DBG] {"category": "RAY", "component": "ray", "elapsed_sec": 0.028313, "event": "END:create_tracker_actor", "host": "d6b2a058c4be", "pid": 92117, "rank": null, "ts": "2026-10-04 14:35:08"}
[DBG] {"category": "RAY", "component": "ray", "event": "BEGIN:create_inference_actor", "gpus": 1, "host": "d6b2a058c4be", "pid": 92117, "rank": null, "ts": "2026-10-04 14:35:08"}
[DBG] {"category": "RAY", "component": "ray", "event": "watchdog_armed", "host": "d6b2a058c4be", "pid": 92117, "rank": null, "stage": "create_inference_actor", "timeout_sec": 30.0, "ts": "2026-10-04 14:35:08"}
[DBG] {"category": "RAY", "component": "ray", "elapsed_sec": 0.030914, "event": "END:create_inference_actor", "host": "d6b2a058c4be", "pid": 92117, "rank": null, "ts": "2026-10-04 14:35:08"}
[DBG] {"category": "RAY", "component": "ray", "event": "BEGIN:create_reward_actor", "gpus": 0, "host": "d6b2a058c4be", "pid": 92117, "rank": null, "ts": "2026-10-04 14:35:08"}
[DBG] {"category": "RAY", "component": "ray", "event": "watchdog_armed", "host": "d6b2a058c4be", "pid": 92117, "rank": null, "stage": "create_reward_actor", "timeout_sec": 30.0, "ts": "2026-10-04 14:35:08"}
[DBG] {"category": "RAY", "component": "ray", "elapsed_sec": 0.034343, "event": "END:create_reward_actor", "host": "d6b2a058c4be", "pid": 92117, "rank": null, "ts": "2026-10-04 14:35:08"}
[DBG] {"category": "RAY", "component": "ray", "event": "BEGIN:create_rollout_actor", "host": "d6b2a058c4be", "pid": 92117, "rank": null, "ts": "2026-10-04 14:35:08"}
[DBG] {"category": "RAY", "component": "ray", "event": "watchdog_armed", "host": "d6b2a058c4be", "pid": 92117, "rank": null, "stage": "create_rollout_actor", "timeout_sec": 30.0, "ts": "2026-10-04 14:35:08"}
[DBG] {"category": "RAY", "component": "ray", "elapsed_sec": 0.018355, "event": "END:create_rollout_actor", "host": "d6b2a058c4be", "pid": 92117, "rank": null, "ts": "2026-10-04 14:35:08"}
[DBG] {"category": "RAY", "component": "ray", "event": "BEGIN:create_trainer_actor", "host": "d6b2a058c4be", "pid": 92117, "rank": null, "ts": "2026-10-04 14:35:08"}
[DBG] {"category": "RAY", "component": "ray", "event": "watchdog_armed", "host": "d6b2a058c4be", "pid": 92117, "rank": null, "stage": "create_trainer_actor", "timeout_sec": 30.0, "ts": "2026-10-04 14:35:08"}
[DBG] {"category": "RAY", "component": "ray", "elapsed_sec": 0.014223, "event": "END:create_trainer_actor", "host": "d6b2a058c4be", "pid": 92117, "rank": null, "ts": "2026-10-04 14:35:08"}
[DBG] {"category": "RAY", "component": "ray", "event": "BEGIN:launch_trainer_actor", "host": "d6b2a058c4be", "pid": 92117, "rank": null, "ts": "2026-10-04 14:35:52"}
[DBG] {"category": "RAY", "component": "ray", "event": "watchdog_armed", "host": "d6b2a058c4be", "pid": 92117, "rank": null, "stage": "launch_trainer_actor", "timeout_sec": 30.0, "ts": "2026-10-04 14:35:52"}
[DBG] {"category": "RAY", "component": "ray", "elapsed_sec": 0.001981, "event": "END:launch_trainer_actor", "host": "d6b2a058c4be", "pid": 92117, "rank": null, "ts": "2026-10-04 14:35:52"}
[DBG] {"category": "RAY", "component": "ray", "event": "BEGIN:launch_rollout_producer", "host": "d6b2a058c4be", "pid": 92117, "rank": null, "ts": "2026-10-04 14:35:52"}
[DBG] {"category": "RAY", "component": "ray", "event": "watchdog_armed", "host": "d6b2a058c4be", "pid": 92117, "rank": null, "stage": "launch_rollout_producer", "timeout_sec": 30.0, "ts": "2026-10-04 14:35:52"}
[DBG] {"category": "RAY", "component": "ray", "elapsed_sec": 0.000894, "event": "END:launch_rollout_producer", "host": "d6b2a058c4be", "pid": 92117, "rank": null, "ts": "2026-10-04 14:35:52"}
[DBG] {"category": "RAY", "component": "ray", "event": "human_loop_start", "host": "d6b2a058c4be", "pid": 92117, "rank": null, "ts": "2026-10-04 14:35:52"}
[DBG] {"category": "QUEUE", "component": "ray", "event": "BEGIN:human_pop_rollout", "host": "d6b2a058c4be", "pid": 92117, "rank": null, "ts": "2026-10-04 14:35:52"}
[DBG] {"category": "QUEUE", "component": "ray", "event": "watchdog_armed", "host": "d6b2a058c4be", "pid": 92117, "rank": null, "stage": "human_pop_rollout", "timeout_sec": 30.0, "ts": "2026-10-04 14:35:52"}
[DBG] {"category": "QUEUE", "component": "ray", "elapsed_sec": 0.025834, "event": "END:human_pop_rollout", "host": "d6b2a058c4be", "pid": 92117, "rank": null, "ts": "2026-10-04 14:35:52"}
[DBG] {"category": "QUEUE", "component": "ray", "event": "BEGIN:human_pop_rollout", "host": "d6b2a058c4be", "pid": 92117, "rank": null, "ts": "2026-10-04 14:35:52"}
[DBG] {"category": "QUEUE", "component": "ray", "event": "watchdog_armed", "host": "d6b2a058c4be", "pid": 92117, "rank": null, "stage": "human_pop_rollout", "timeout_sec": 30.0, "ts": "2026-10-04 14:35:52"}
[DBG] {"category": "QUEUE", "component": "ray", "elapsed_sec": 0.00864, "event": "END:human_pop_rollout", "host": "d6b2a058c4be", "pid": 92117, "rank": null, "ts": "2026-10-04 14:35:52"}
[DBG] {"category": "QUEUE", "component": "ray", "event": "BEGIN:human_pop_rollout", "host": "d6b2a058c4be", "pid": 92117, "rank": null, "ts": "2026-10-04 14:35:52"}
[DBG] {"category": "QUEUE", "component": "ray", "event": "watchdog_armed", "host": "d6b2a058c4be", "pid": 92117, "rank": null, "stage": "human_pop_rollout", "timeout_sec": 30.0, "ts": "2026-10-04 14:35:52"}
[DBG] {"category": "QUEUE", "component": "ray", "elapsed_sec": 0.008645, "event": "END:human_pop_rollout", "host": "d6b2a058c4be", "pid": 92117, "rank": null, "ts": "2026-10-04 14:35:52"}
[DBG] {"category": "QUEUE", "component": "ray", "event": "BEGIN:human_pop_rollout", "host": "d6b2a058c4be", "pid": 92117, "rank": null, "ts": "2026-10-04 14:35:52"}
[DBG] {"category": "QUEUE", "component": "ray", "event": "watchdog_armed", "host": "d6b2a058c4be", "pid": 92117, "rank": null, "stage": "human_pop_rollout", "timeout_sec": 30.0, "ts": "2026-10-04 14:35:52"}
[DBG] {"category": "QUEUE", "component": "ray", "elapsed_sec": 0.00907, "event": "END:human_pop_rollout", "host": "d6b2a058c4be", "pid": 92117, "rank": null, "ts": "2026-10-04 14:35:52"}
[DBG] {"category": "QUEUE", "component": "ray", "event": "BEGIN:human_pop_rollout", "host": "d6b2a058c4be", "pid": 92117, "rank": null, "ts": "2026-10-04 14:35:53"}
[DBG] {"category": "QUEUE", "component": "ray", "event": "watchdog_armed", "host": "d6b2a058c4be", "pid": 92117, "rank": null, "stage": "human_pop_rollout", "timeout_sec": 30.0, "ts": "2026-10-04 14:35:53"}
[DBG] {"category": "QUEUE", "component": "ray", "elapsed_sec": 0.009177, "event": "END:human_pop_rollout", "host": "d6b2a058c4be", "pid": 92117, "rank": null, "ts": "2026-10-04 14:35:53"}
[DBG] {"category": "QUEUE", "component": "ray", "event": "BEGIN:human_pop_rollout", "host": "d6b2a058c4be", "pid": 92117, "rank": null, "ts": "2026-10-04 14:35:53"}
[DBG] {"category": "QUEUE", "component": "ray", "event": "watchdog_armed", "host": "d6b2a058c4be", "pid": 92117, "rank": null, "stage": "human_pop_rollout", "timeout_sec": 30.0, "ts": "2026-10-04 14:35:53"}
[DBG] {"category": "QUEUE", "component": "ray", "elapsed_sec": 0.009359, "event": "END:human_pop_rollout", "host": "d6b2a058c4be", "pid": 92117, "rank": null, "ts": "2026-10-04 14:35:53"}
[DBG] {"category": "QUEUE", "component": "ray", "event": "BEGIN:human_pop_rollout", "host": "d6b2a058c4be", "pid": 92117, "rank": null, "ts": "2026-10-04 14:35:53"}
[DBG] {"category": "QUEUE", "component": "ray", "event": "watchdog_armed", "host": "d6b2a058c4be", "pid": 92117, "rank": null, "stage": "human_pop_rollout", "timeout_sec": 30.0, "ts": "2026-10-04 14:35:53"}
[DBG] {"category": "QUEUE", "component": "ray", "elapsed_sec": 0.00917, "event": "END:human_pop_rollout", "host": "d6b2a058c4be", "pid": 92117, "rank": null, "ts": "2026-10-04 14:35:53"}
[DBG] {"category": "QUEUE", "component": "ray", "event": "BEGIN:human_pop_rollout", "host": "d6b2a058c4be", "pid": 92117, "rank": null, "ts": "2026-10-04 14:35:53"}
[DBG] {"category": "QUEUE", "component": "ray", "event": "watchdog_armed", "host": "d6b2a058c4be", "pid": 92117, "rank": null, "stage": "human_pop_rollout", "timeout_sec": 30.0, "ts": "2026-10-04 14:35:53"}
[DBG] {"category": "QUEUE", "component": "ray", "elapsed_sec": 0.008415, "event": "END:human_pop_rollout", "host": "d6b2a058c4be", "pid": 92117, "rank": null, "ts": "2026-10-04 14:35:53"}
[DBG] {"category": "QUEUE", "component": "ray", "event": "BEGIN:human_pop_rollout", "host": "d6b2a058c4be", "pid": 92117, "rank": null, "ts": "2026-10-04 14:35:53"}
[DBG] {"category": "QUEUE", "component": "ray", "event": "watchdog_armed", "host": "d6b2a058c4be", "pid": 92117, "rank": null, "stage": "human_pop_rollout", "timeout_sec": 30.0, "ts": "2026-10-04 14:35:53"}
[DBG] {"category": "QUEUE", "component": "ray", "elapsed_sec": 0.008732, "event": "END:human_pop_rollout", "host": "d6b2a058c4be", "pid": 92117, "rank": null, "ts": "2026-10-04 14:35:53"}
[DBG] {"category": "QUEUE", "component": "ray", "event": "BEGIN:human_pop_rollout", "host": "d6b2a058c4be", "pid": 92117, "rank": null, "ts": "2026-10-04 14:35:54"}
[DBG] {"category": "QUEUE", "component": "ray", "event": "watchdog_armed", "host": "d6b2a058c4be", "pid": 92117, "rank": null, "stage": "human_pop_rollout", "timeout_sec": 30.0, "ts": "2026-10-04 14:35:54"}
[DBG] {"category": "QUEUE", "component": "ray", "elapsed_sec": 0.00815, "event": "END:human_pop_rollout", "host": "d6b2a058c4be", "pid": 92117, "rank": null, "ts": "2026-10-04 14:35:54"}
[DBG] {"category": "QUEUE", "component": "ray", "event": "BEGIN:human_pop_rollout", "host": "d6b2a058c4be", "pid": 92117, "rank": null, "ts": "2026-10-04 14:35:54"}
[DBG] {"category": "QUEUE", "component": "ray", "event": "watchdog_armed", "host": "d6b2a058c4be", "pid": 92117, "rank": null, "stage": "human_pop_rollout", "timeout_sec": 30.0, "ts": "2026-10-04 14:35:54"}
[DBG] {"category": "QUEUE", "component": "ray", "elapsed_sec": 0.008905, "event": "END:human_pop_rollout", "host": "d6b2a058c4be", "pid": 92117, "rank": null, "ts": "2026-10-04 14:35:54"}
[DBG] {"category": "QUEUE", "component": "ray", "event": "BEGIN:human_pop_rollout", "host": "d6b2a058c4be", "pid": 92117, "rank": null, "ts": "2026-10-04 14:35:54"}
[DBG] {"category": "QUEUE", "component": "ray", "event": "watchdog_armed", "host": "d6b2a058c4be", "pid": 92117, "rank": null, "stage": "human_pop_rollout", "timeout_sec": 30.0, "ts": "2026-10-04 14:35:54"}
[DBG] {"category": "QUEUE", "component": "ray", "elapsed_sec": 0.009182, "event": "END:human_pop_rollout", "host": "d6b2a058c4be", "pid": 92117, "rank": null, "ts": "2026-10-04 14:35:54"}
[DBG] {"category": "QUEUE", "component": "ray", "event": "BEGIN:human_pop_rollout", "host": "d6b2a058c4be", "pid": 92117, "rank": null, "ts": "2026-10-04 14:35:54"}
[DBG] {"category": "QUEUE", "component": "ray", "event": "watchdog_armed", "host": "d6b2a058c4be", "pid": 92117, "rank": null, "stage": "human_pop_rollout", "timeout_sec": 30.0, "ts": "2026-10-04 14:35:54"}
[DBG] {"category": "QUEUE", "component": "ray", "elapsed_sec": 0.009083, "event": "END:human_pop_rollout", "host": "d6b2a058c4be", "pid": 92117, "rank": null, "ts": "2026-10-04 14:35:54"}
[DBG] {"category": "QUEUE", "component": "ray", "event": "BEGIN:human_pop_rollout", "host": "d6b2a058c4be", "pid": 92117, "rank": null, "ts": "2026-10-04 14:35:55"}
[DBG] {"category": "QUEUE", "component": "ray", "event": "watchdog_armed", "host": "d6b2a058c4be", "pid": 92117, "rank": null, "stage": "human_pop_rollout", "timeout_sec": 30.0, "ts": "2026-10-04 14:35:55"}
[DBG] {"category": "QUEUE", "component": "ray", "elapsed_sec": 0.0739, "event": "END:human_pop_rollout", "host": "d6b2a058c4be", "pid": 92117, "rank": null, "ts": "2026-10-04 14:35:55"}
[DBG] {"category": "QUEUE", "component": "ray", "event": "human_group_received", "group_id": "a2665165e4a9438b9a6d57ee03f11296", "host": "d6b2a058c4be", "pid": 92117, "rank": null, "ts": "2026-10-04 14:35:55"}
[DBG] {"category": "RAY", "component": "ray", "event": "human_prompt_begin", "group_id": "a2665165e4a9438b9a6d57ee03f11296", "host": "d6b2a058c4be", "pid": 92117, "rank": null, "ts": "2026-10-04 14:35:55"}
[DBG] {"category": "RAY", "component": "ray", "event": "human_prompt_end", "group_id": "a2665165e4a9438b9a6d57ee03f11296", "host": "d6b2a058c4be", "pid": 92117, "rank": null, "ts": "2026-10-04 14:36:39"}
[DBG] {"category": "QUEUE", "component": "ray", "event": "BEGIN:human_put_preference", "group_id": "a2665165e4a9438b9a6d57ee03f11296", "host": "d6b2a058c4be", "pid": 92117, "rank": null, "ts": "2026-10-04 14:36:39"}
[DBG] {"category": "QUEUE", "component": "ray", "event": "watchdog_armed", "host": "d6b2a058c4be", "pid": 92117, "rank": null, "stage": "human_put_preference", "timeout_sec": 30.0, "ts": "2026-10-04 14:36:39"}
[DBG] {"category": "QUEUE", "component": "ray", "elapsed_sec": 0.045174, "event": "END:human_put_preference", "host": "d6b2a058c4be", "pid": 92117, "rank": null, "ts": "2026-10-04 14:36:39"}
[DBG] {"category": "QUEUE", "component": "ray", "event": "preference_selected", "group_id": "a2665165e4a9438b9a6d57ee03f11296", "host": "d6b2a058c4be", "pid": 92117, "preference_pending": 1, "rank": null, "selected": 1, "ts": "2026-10-04 14:36:39"}
[DBG] {"axis/human_groups": 1, "category": "QUEUE", "component": "ray", "data/candidate_all": 1, "data/candidate_lgbm_agree": 0, "data/candidate_lgbm_only": 0, "data/candidate_neural_agree": 0, "data/candidate_neural_only": 0, "data/candidate_triple_agree": 0, "data/selected_pairs": 1, "data/selection_rate": 1.0, "event": "pipeline_metrics", "host": "d6b2a058c4be", "pid": 92117, "queue/preference": 1, "queue/rollout": 9, "rank": null, "ts": "2026-10-04 14:36:39"}
[DBG] {"category": "QUEUE", "component": "ray", "event": "BEGIN:human_pop_rollout", "host": "d6b2a058c4be", "pid": 92117, "rank": null, "ts": "2026-10-04 14:36:39"}
[DBG] {"category": "QUEUE", "component": "ray", "event": "watchdog_armed", "host": "d6b2a058c4be", "pid": 92117, "rank": null, "stage": "human_pop_rollout", "timeout_sec": 30.0, "ts": "2026-10-04 14:36:39"}
[DBG] {"category": "QUEUE", "component": "ray", "elapsed_sec": 0.061471, "event": "END:human_pop_rollout", "host": "d6b2a058c4be", "pid": 92117, "rank": null, "ts": "2026-10-04 14:36:39"}
[DBG] {"category": "QUEUE", "component": "ray", "event": "human_group_received", "group_id": "9951dda638d74a5d88f9a1263cac66c3", "host": "d6b2a058c4be", "pid": 92117, "rank": null, "ts": "2026-10-04 14:36:39"}
[DBG] {"category": "RAY", "component": "ray", "event": "human_prompt_begin", "group_id": "9951dda638d74a5d88f9a1263cac66c3", "host": "d6b2a058c4be", "pid": 92117, "rank": null, "ts": "2026-10-04 14:36:39"}
[DBG] {"category": "RAY", "component": "ray", "event": "human_prompt_end", "group_id": "9951dda638d74a5d88f9a1263cac66c3", "host": "d6b2a058c4be", "pid": 92117, "rank": null, "ts": "2026-10-04 14:36:46"}
[DBG] {"category": "QUEUE", "component": "ray", "event": "BEGIN:human_put_preference", "group_id": "9951dda638d74a5d88f9a1263cac66c3", "host": "d6b2a058c4be", "pid": 92117, "rank": null, "ts": "2026-10-04 14:36:46"}
[DBG] {"category": "QUEUE", "component": "ray", "event": "watchdog_armed", "host": "d6b2a058c4be", "pid": 92117, "rank": null, "stage": "human_put_preference", "timeout_sec": 30.0, "ts": "2026-10-04 14:36:46"}
[DBG] {"category": "QUEUE", "component": "ray", "elapsed_sec": 0.028601, "event": "END:human_put_preference", "host": "d6b2a058c4be", "pid": 92117, "rank": null, "ts": "2026-10-04 14:36:46"}
[DBG] {"category": "QUEUE", "component": "ray", "event": "preference_selected", "group_id": "9951dda638d74a5d88f9a1263cac66c3", "host": "d6b2a058c4be", "pid": 92117, "preference_pending": 2, "rank": null, "selected": 2, "ts": "2026-10-04 14:36:46"}
[DBG] {"axis/human_groups": 2, "category": "QUEUE", "component": "ray", "data/candidate_all": 2, "data/candidate_lgbm_agree": 0, "data/candidate_lgbm_only": 0, "data/candidate_neural_agree": 0, "data/candidate_neural_only": 0, "data/candidate_triple_agree": 0, "data/selected_pairs": 2, "data/selection_rate": 1.0, "event": "pipeline_metrics", "host": "d6b2a058c4be", "pid": 92117, "queue/preference": 2, "queue/rollout": 8, "rank": null, "ts": "2026-10-04 14:36:46"}
[DBG] {"category": "QUEUE", "component": "ray", "event": "BEGIN:human_pop_rollout", "host": "d6b2a058c4be", "pid": 92117, "rank": null, "ts": "2026-10-04 14:36:46"}
[DBG] {"category": "QUEUE", "component": "ray", "event": "watchdog_armed", "host": "d6b2a058c4be", "pid": 92117, "rank": null, "stage": "human_pop_rollout", "timeout_sec": 30.0, "ts": "2026-10-04 14:36:46"}
[DBG] {"category": "QUEUE", "component": "ray", "elapsed_sec": 0.049371, "event": "END:human_pop_rollout", "host": "d6b2a058c4be", "pid": 92117, "rank": null, "ts": "2026-10-04 14:36:46"}
[DBG] {"category": "QUEUE", "component": "ray", "event": "human_group_received", "group_id": "e3d8bd09dc6d4a53b30f6db5f06e3204", "host": "d6b2a058c4be", "pid": 92117, "rank": null, "ts": "2026-10-04 14:36:46"}
[DBG] {"category": "RAY", "component": "ray", "event": "human_prompt_begin", "group_id": "e3d8bd09dc6d4a53b30f6db5f06e3204", "host": "d6b2a058c4be", "pid": 92117, "rank": null, "ts": "2026-10-04 14:36:46"}
[DBG] {"category": "RAY", "component": "ray", "event": "human_prompt_end", "group_id": "e3d8bd09dc6d4a53b30f6db5f06e3204", "host": "d6b2a058c4be", "pid": 92117, "rank": null, "ts": "2026-10-04 14:36:48"}
[DBG] {"category": "QUEUE", "component": "ray", "event": "BEGIN:human_put_preference", "group_id": "e3d8bd09dc6d4a53b30f6db5f06e3204", "host": "d6b2a058c4be", "pid": 92117, "rank": null, "ts": "2026-10-04 14:36:48"}
[DBG] {"category": "QUEUE", "component": "ray", "event": "watchdog_armed", "host": "d6b2a058c4be", "pid": 92117, "rank": null, "stage": "human_put_preference", "timeout_sec": 30.0, "ts": "2026-10-04 14:36:48"}
[DBG] {"category": "QUEUE", "component": "ray", "elapsed_sec": 0.034556, "event": "END:human_put_preference", "host": "d6b2a058c4be", "pid": 92117, "rank": null, "ts": "2026-10-04 14:36:48"}
[DBG] {"category": "QUEUE", "component": "ray", "event": "preference_selected", "group_id": "e3d8bd09dc6d4a53b30f6db5f06e3204", "host": "d6b2a058c4be", "pid": 92117, "preference_pending": 3, "rank": null, "selected": 3, "ts": "2026-10-04 14:36:48"}
[DBG] {"axis/human_groups": 3, "category": "QUEUE", "component": "ray", "data/candidate_all": 3, "data/candidate_lgbm_agree": 0, "data/candidate_lgbm_only": 0, "data/candidate_neural_agree": 0, "data/candidate_neural_only": 0, "data/candidate_triple_agree": 0, "data/selected_pairs": 3, "data/selection_rate": 1.0, "event": "pipeline_metrics", "host": "d6b2a058c4be", "pid": 92117, "queue/preference": 3, "queue/rollout": 9, "rank": null, "ts": "2026-10-04 14:36:48"}
[DBG] {"category": "QUEUE", "component": "ray", "event": "BEGIN:human_pop_rollout", "host": "d6b2a058c4be", "pid": 92117, "rank": null, "ts": "2026-10-04 14:36:48"}
[DBG] {"category": "QUEUE", "component": "ray", "event": "watchdog_armed", "host": "d6b2a058c4be", "pid": 92117, "rank": null, "stage": "human_pop_rollout", "timeout_sec": 30.0, "ts": "2026-10-04 14:36:48"}
[DBG] {"category": "QUEUE", "component": "ray", "elapsed_sec": 0.05646, "event": "END:human_pop_rollout", "host": "d6b2a058c4be", "pid": 92117, "rank": null, "ts": "2026-10-04 14:36:48"}
[DBG] {"category": "QUEUE", "component": "ray", "event": "human_group_received", "group_id": "33e021ff93fe41ebaf532e31a5f923a5", "host": "d6b2a058c4be", "pid": 92117, "rank": null, "ts": "2026-10-04 14:36:48"}
[DBG] {"category": "RAY", "component": "ray", "event": "human_prompt_begin", "group_id": "33e021ff93fe41ebaf532e31a5f923a5", "host": "d6b2a058c4be", "pid": 92117, "rank": null, "ts": "2026-10-04 14:36:48"}
[DBG] {"category": "RAY", "component": "ray", "event": "human_prompt_end", "group_id": "33e021ff93fe41ebaf532e31a5f923a5", "host": "d6b2a058c4be", "pid": 92117, "rank": null, "ts": "2026-10-04 14:36:50"}
[DBG] {"category": "QUEUE", "component": "ray", "event": "BEGIN:human_put_preference", "group_id": "33e021ff93fe41ebaf532e31a5f923a5", "host": "d6b2a058c4be", "pid": 92117, "rank": null, "ts": "2026-10-04 14:36:50"}
[DBG] {"category": "QUEUE", "component": "ray", "event": "watchdog_armed", "host": "d6b2a058c4be", "pid": 92117, "rank": null, "stage": "human_put_preference", "timeout_sec": 30.0, "ts": "2026-10-04 14:36:50"}
[DBG] {"category": "QUEUE", "component": "ray", "elapsed_sec": 0.035921, "event": "END:human_put_preference", "host": "d6b2a058c4be", "pid": 92117, "rank": null, "ts": "2026-10-04 14:36:50"}
[DBG] {"category": "QUEUE", "component": "ray", "event": "preference_selected", "group_id": "33e021ff93fe41ebaf532e31a5f923a5", "host": "d6b2a058c4be", "pid": 92117, "preference_pending": 4, "rank": null, "selected": 4, "ts": "2026-10-04 14:36:50"}
[DBG] {"axis/human_groups": 4, "category": "QUEUE", "component": "ray", "data/candidate_all": 4, "data/candidate_lgbm_agree": 0, "data/candidate_lgbm_only": 0, "data/candidate_neural_agree": 0, "data/candidate_neural_only": 0, "data/candidate_triple_agree": 0, "data/selected_pairs": 4, "data/selection_rate": 1.0, "event": "pipeline_metrics", "host": "d6b2a058c4be", "pid": 92117, "queue/preference": 4, "queue/rollout": 8, "rank": null, "ts": "2026-10-04 14:36:50"}
[DBG] {"category": "QUEUE", "component": "ray", "event": "BEGIN:human_pop_rollout", "host": "d6b2a058c4be", "pid": 92117, "rank": null, "ts": "2026-10-04 14:36:50"}
[DBG] {"category": "QUEUE", "component": "ray", "event": "watchdog_armed", "host": "d6b2a058c4be", "pid": 92117, "rank": null, "stage": "human_pop_rollout", "timeout_sec": 30.0, "ts": "2026-10-04 14:36:50"}
[DBG] {"category": "QUEUE", "component": "ray", "elapsed_sec": 0.052848, "event": "END:human_pop_rollout", "host": "d6b2a058c4be", "pid": 92117, "rank": null, "ts": "2026-10-04 14:36:50"}
[DBG] {"category": "QUEUE", "component": "ray", "event": "human_group_received", "group_id": "793b919c4b5c45efbeb7a7285bd1ccad", "host": "d6b2a058c4be", "pid": 92117, "rank": null, "ts": "2026-10-04 14:36:50"}
[DBG] {"category": "RAY", "component": "ray", "event": "human_prompt_begin", "group_id": "793b919c4b5c45efbeb7a7285bd1ccad", "host": "d6b2a058c4be", "pid": 92117, "rank": null, "ts": "2026-10-04 14:36:50"}
[DBG] {"category": "RAY", "component": "ray", "event": "human_prompt_end", "group_id": "793b919c4b5c45efbeb7a7285bd1ccad", "host": "d6b2a058c4be", "pid": 92117, "rank": null, "ts": "2026-10-04 14:36:51"}
[DBG] {"category": "QUEUE", "component": "ray", "event": "BEGIN:human_put_preference", "group_id": "793b919c4b5c45efbeb7a7285bd1ccad", "host": "d6b2a058c4be", "pid": 92117, "rank": null, "ts": "2026-10-04 14:36:51"}
[DBG] {"category": "QUEUE", "component": "ray", "event": "watchdog_armed", "host": "d6b2a058c4be", "pid": 92117, "rank": null, "stage": "human_put_preference", "timeout_sec": 30.0, "ts": "2026-10-04 14:36:51"}
[DBG] {"category": "QUEUE", "component": "ray", "elapsed_sec": 0.035039, "event": "END:human_put_preference", "host": "d6b2a058c4be", "pid": 92117, "rank": null, "ts": "2026-10-04 14:36:51"}
[DBG] {"category": "QUEUE", "component": "ray", "event": "preference_selected", "group_id": "793b919c4b5c45efbeb7a7285bd1ccad", "host": "d6b2a058c4be", "pid": 92117, "preference_pending": 1, "rank": null, "selected": 5, "ts": "2026-10-04 14:36:51"}
[DBG] {"axis/human_groups": 5, "category": "QUEUE", "component": "ray", "data/candidate_all": 5, "data/candidate_lgbm_agree": 0, "data/candidate_lgbm_only": 0, "data/candidate_neural_agree": 0, "data/candidate_neural_only": 0, "data/candidate_triple_agree": 0, "data/selected_pairs": 5, "data/selection_rate": 1.0, "event": "pipeline_metrics", "host": "d6b2a058c4be", "pid": 92117, "queue/preference": 1, "queue/rollout": 9, "rank": null, "ts": "2026-10-04 14:36:51"}
[DBG] {"category": "QUEUE", "component": "ray", "event": "BEGIN:human_pop_rollout", "host": "d6b2a058c4be", "pid": 92117, "rank": null, "ts": "2026-10-04 14:36:51"}
[DBG] {"category": "QUEUE", "component": "ray", "event": "watchdog_armed", "host": "d6b2a058c4be", "pid": 92117, "rank": null, "stage": "human_pop_rollout", "timeout_sec": 30.0, "ts": "2026-10-04 14:36:51"}
[DBG] {"category": "QUEUE", "component": "ray", "elapsed_sec": 0.052624, "event": "END:human_pop_rollout", "host": "d6b2a058c4be", "pid": 92117, "rank": null, "ts": "2026-10-04 14:36:52"}
[DBG] {"category": "QUEUE", "component": "ray", "event": "human_group_received", "group_id": "9f3b35808bf44470917eec070b98d661", "host": "d6b2a058c4be", "pid": 92117, "rank": null, "ts": "2026-10-04 14:36:52"}
[DBG] {"category": "RAY", "component": "ray", "event": "human_prompt_begin", "group_id": "9f3b35808bf44470917eec070b98d661", "host": "d6b2a058c4be", "pid": 92117, "rank": null, "ts": "2026-10-04 14:36:52"}
[DBG] {"category": "RAY", "component": "ray", "event": "human_prompt_end", "group_id": "9f3b35808bf44470917eec070b98d661", "host": "d6b2a058c4be", "pid": 92117, "rank": null, "ts": "2026-10-04 14:36:52"}
[DBG] {"category": "QUEUE", "component": "ray", "event": "BEGIN:human_put_preference", "group_id": "9f3b35808bf44470917eec070b98d661", "host": "d6b2a058c4be", "pid": 92117, "rank": null, "ts": "2026-10-04 14:36:52"}
[DBG] {"category": "QUEUE", "component": "ray", "event": "watchdog_armed", "host": "d6b2a058c4be", "pid": 92117, "rank": null, "stage": "human_put_preference", "timeout_sec": 30.0, "ts": "2026-10-04 14:36:52"}
[DBG] {"category": "QUEUE", "component": "ray", "elapsed_sec": 0.034411, "event": "END:human_put_preference", "host": "d6b2a058c4be", "pid": 92117, "rank": null, "ts": "2026-10-04 14:36:52"}
[DBG] {"category": "QUEUE", "component": "ray", "event": "preference_selected", "group_id": "9f3b35808bf44470917eec070b98d661", "host": "d6b2a058c4be", "pid": 92117, "preference_pending": 2, "rank": null, "selected": 6, "ts": "2026-10-04 14:36:52"}
[DBG] {"axis/human_groups": 6, "category": "QUEUE", "component": "ray", "data/candidate_all": 6, "data/candidate_lgbm_agree": 0, "data/candidate_lgbm_only": 0, "data/candidate_neural_agree": 0, "data/candidate_neural_only": 0, "data/candidate_triple_agree": 0, "data/selected_pairs": 6, "data/selection_rate": 1.0, "event": "pipeline_metrics", "host": "d6b2a058c4be", "pid": 92117, "queue/preference": 2, "queue/rollout": 8, "rank": null, "ts": "2026-10-04 14:36:52"}
[DBG] {"category": "QUEUE", "component": "ray", "event": "BEGIN:human_pop_rollout", "host": "d6b2a058c4be", "pid": 92117, "rank": null, "ts": "2026-10-04 14:36:52"}
[DBG] {"category": "QUEUE", "component": "ray", "event": "watchdog_armed", "host": "d6b2a058c4be", "pid": 92117, "rank": null, "stage": "human_pop_rollout", "timeout_sec": 30.0, "ts": "2026-10-04 14:36:52"}
[DBG] {"category": "QUEUE", "component": "ray", "elapsed_sec": 0.056892, "event": "END:human_pop_rollout", "host": "d6b2a058c4be", "pid": 92117, "rank": null, "ts": "2026-10-04 14:36:53"}
[DBG] {"category": "QUEUE", "component": "ray", "event": "human_group_received", "group_id": "1b1e9a1c43a94ab4bd5f9bc464e1beb1", "host": "d6b2a058c4be", "pid": 92117, "rank": null, "ts": "2026-10-04 14:36:53"}
[DBG] {"category": "RAY", "component": "ray", "event": "human_prompt_begin", "group_id": "1b1e9a1c43a94ab4bd5f9bc464e1beb1", "host": "d6b2a058c4be", "pid": 92117, "rank": null, "ts": "2026-10-04 14:36:53"}
[DBG] {"category": "RAY", "component": "ray", "event": "human_prompt_end", "group_id": "1b1e9a1c43a94ab4bd5f9bc464e1beb1", "host": "d6b2a058c4be", "pid": 92117, "rank": null, "ts": "2026-10-04 14:37:33"}
[DBG] {"category": "QUEUE", "component": "ray", "event": "BEGIN:human_put_preference", "group_id": "1b1e9a1c43a94ab4bd5f9bc464e1beb1", "host": "d6b2a058c4be", "pid": 92117, "rank": null, "ts": "2026-10-04 14:37:33"}
[DBG] {"category": "QUEUE", "component": "ray", "event": "watchdog_armed", "host": "d6b2a058c4be", "pid": 92117, "rank": null, "stage": "human_put_preference", "timeout_sec": 30.0, "ts": "2026-10-04 14:37:33"}
[DBG] {"category": "QUEUE", "component": "ray", "elapsed_sec": 0.032323, "event": "END:human_put_preference", "host": "d6b2a058c4be", "pid": 92117, "rank": null, "ts": "2026-10-04 14:37:33"}
[DBG] {"category": "QUEUE", "component": "ray", "event": "preference_selected", "group_id": "1b1e9a1c43a94ab4bd5f9bc464e1beb1", "host": "d6b2a058c4be", "pid": 92117, "preference_pending": 3, "rank": null, "selected": 7, "ts": "2026-10-04 14:37:33"}
[DBG] {"axis/human_groups": 7, "category": "QUEUE", "component": "ray", "data/candidate_all": 7, "data/candidate_lgbm_agree": 0, "data/candidate_lgbm_only": 0, "data/candidate_neural_agree": 0, "data/candidate_neural_only": 0, "data/candidate_triple_agree": 0, "data/selected_pairs": 7, "data/selection_rate": 1.0, "event": "pipeline_metrics", "host": "d6b2a058c4be", "pid": 92117, "queue/preference": 3, "queue/rollout": 9, "rank": null, "ts": "2026-10-04 14:37:33"}
[DBG] {"category": "QUEUE", "component": "ray", "event": "BEGIN:human_pop_rollout", "host": "d6b2a058c4be", "pid": 92117, "rank": null, "ts": "2026-10-04 14:37:33"}
[DBG] {"category": "QUEUE", "component": "ray", "event": "watchdog_armed", "host": "d6b2a058c4be", "pid": 92117, "rank": null, "stage": "human_pop_rollout", "timeout_sec": 30.0, "ts": "2026-10-04 14:37:33"}
[DBG] {"category": "QUEUE", "component": "ray", "elapsed_sec": 0.04886, "event": "END:human_pop_rollout", "host": "d6b2a058c4be", "pid": 92117, "rank": null, "ts": "2026-10-04 14:37:33"}
[DBG] {"category": "QUEUE", "component": "ray", "event": "human_group_received", "group_id": "fb766af7cbda432caaa5a9184e36dd1d", "host": "d6b2a058c4be", "pid": 92117, "rank": null, "ts": "2026-10-04 14:37:33"}
[DBG] {"category": "RAY", "component": "ray", "event": "human_prompt_begin", "group_id": "fb766af7cbda432caaa5a9184e36dd1d", "host": "d6b2a058c4be", "pid": 92117, "rank": null, "ts": "2026-10-04 14:37:33"}
[DBG] {"category": "RAY", "component": "ray", "event": "human_prompt_end", "group_id": "fb766af7cbda432caaa5a9184e36dd1d", "host": "d6b2a058c4be", "pid": 92117, "rank": null, "ts": "2026-10-04 14:37:43"}
[DBG] {"category": "QUEUE", "component": "ray", "event": "BEGIN:human_put_preference", "group_id": "fb766af7cbda432caaa5a9184e36dd1d", "host": "d6b2a058c4be", "pid": 92117, "rank": null, "ts": "2026-10-04 14:37:43"}
[DBG] {"category": "QUEUE", "component": "ray", "event": "watchdog_armed", "host": "d6b2a058c4be", "pid": 92117, "rank": null, "stage": "human_put_preference", "timeout_sec": 30.0, "ts": "2026-10-04 14:37:43"}
[DBG] {"category": "QUEUE", "component": "ray", "elapsed_sec": 0.033321, "event": "END:human_put_preference", "host": "d6b2a058c4be", "pid": 92117, "rank": null, "ts": "2026-10-04 14:37:43"}
[DBG] {"category": "QUEUE", "component": "ray", "event": "preference_selected", "group_id": "fb766af7cbda432caaa5a9184e36dd1d", "host": "d6b2a058c4be", "pid": 92117, "preference_pending": 4, "rank": null, "selected": 8, "ts": "2026-10-04 14:37:43"}
[DBG] {"axis/human_groups": 8, "category": "QUEUE", "component": "ray", "data/candidate_all": 8, "data/candidate_lgbm_agree": 0, "data/candidate_lgbm_only": 0, "data/candidate_neural_agree": 0, "data/candidate_neural_only": 0, "data/candidate_triple_agree": 0, "data/selected_pairs": 8, "data/selection_rate": 1.0, "event": "pipeline_metrics", "host": "d6b2a058c4be", "pid": 92117, "queue/preference": 4, "queue/rollout": 8, "rank": null, "ts": "2026-10-04 14:37:43"}
[DBG] {"category": "QUEUE", "component": "ray", "event": "BEGIN:human_pop_rollout", "host": "d6b2a058c4be", "pid": 92117, "rank": null, "ts": "2026-10-04 14:37:43"}
[DBG] {"category": "QUEUE", "component": "ray", "event": "watchdog_armed", "host": "d6b2a058c4be", "pid": 92117, "rank": null, "stage": "human_pop_rollout", "timeout_sec": 30.0, "ts": "2026-10-04 14:37:43"}
[DBG] {"category": "QUEUE", "component": "ray", "elapsed_sec": 0.048889, "event": "END:human_pop_rollout", "host": "d6b2a058c4be", "pid": 92117, "rank": null, "ts": "2026-10-04 14:37:43"}
[DBG] {"category": "QUEUE", "component": "ray", "event": "human_group_received", "group_id": "fc6de43f190a4bc5aa83930876deaa1b", "host": "d6b2a058c4be", "pid": 92117, "rank": null, "ts": "2026-10-04 14:37:43"}
[DBG] {"category": "RAY", "component": "ray", "event": "human_prompt_begin", "group_id": "fc6de43f190a4bc5aa83930876deaa1b", "host": "d6b2a058c4be", "pid": 92117, "rank": null, "ts": "2026-10-04 14:37:43"}
[DBG] {"category": "RAY", "component": "ray", "event": "human_prompt_end", "group_id": "fc6de43f190a4bc5aa83930876deaa1b", "host": "d6b2a058c4be", "pid": 92117, "rank": null, "ts": "2026-10-04 14:37:45"}
[DBG] {"category": "QUEUE", "component": "ray", "event": "BEGIN:human_put_preference", "group_id": "fc6de43f190a4bc5aa83930876deaa1b", "host": "d6b2a058c4be", "pid": 92117, "rank": null, "ts": "2026-10-04 14:37:45"}
[DBG] {"category": "QUEUE", "component": "ray", "event": "watchdog_armed", "host": "d6b2a058c4be", "pid": 92117, "rank": null, "stage": "human_put_preference", "timeout_sec": 30.0, "ts": "2026-10-04 14:37:45"}
[DBG] {"category": "QUEUE", "component": "ray", "elapsed_sec": 0.032428, "event": "END:human_put_preference", "host": "d6b2a058c4be", "pid": 92117, "rank": null, "ts": "2026-10-04 14:37:45"}
[DBG] {"category": "QUEUE", "component": "ray", "event": "preference_selected", "group_id": "fc6de43f190a4bc5aa83930876deaa1b", "host": "d6b2a058c4be", "pid": 92117, "preference_pending": 5, "rank": null, "selected": 9, "ts": "2026-10-04 14:37:45"}
[DBG] {"axis/human_groups": 9, "category": "QUEUE", "component": "ray", "data/candidate_all": 9, "data/candidate_lgbm_agree": 0, "data/candidate_lgbm_only": 0, "data/candidate_neural_agree": 0, "data/candidate_neural_only": 0, "data/candidate_triple_agree": 0, "data/selected_pairs": 9, "data/selection_rate": 1.0, "event": "pipeline_metrics", "host": "d6b2a058c4be", "pid": 92117, "queue/preference": 5, "queue/rollout": 9, "rank": null, "ts": "2026-10-04 14:37:45"}
[DBG] {"category": "QUEUE", "component": "ray", "event": "BEGIN:human_pop_rollout", "host": "d6b2a058c4be", "pid": 92117, "rank": null, "ts": "2026-10-04 14:37:45"}
[DBG] {"category": "QUEUE", "component": "ray", "event": "watchdog_armed", "host": "d6b2a058c4be", "pid": 92117, "rank": null, "stage": "human_pop_rollout", "timeout_sec": 30.0, "ts": "2026-10-04 14:37:45"}
[DBG] {"category": "QUEUE", "component": "ray", "elapsed_sec": 0.038245, "event": "END:human_pop_rollout", "host": "d6b2a058c4be", "pid": 92117, "rank": null, "ts": "2026-10-04 14:37:45"}
[DBG] {"category": "QUEUE", "component": "ray", "event": "human_group_received", "group_id": "552a5eb8f25e4d5ca6cc0f4e0950edf1", "host": "d6b2a058c4be", "pid": 92117, "rank": null, "ts": "2026-10-04 14:37:45"}
[DBG] {"category": "RAY", "component": "ray", "event": "human_prompt_begin", "group_id": "552a5eb8f25e4d5ca6cc0f4e0950edf1", "host": "d6b2a058c4be", "pid": 92117, "rank": null, "ts": "2026-10-04 14:37:45"}
[DBG] {"category": "RAY", "component": "ray", "event": "human_prompt_end", "group_id": "552a5eb8f25e4d5ca6cc0f4e0950edf1", "host": "d6b2a058c4be", "pid": 92117, "rank": null, "ts": "2026-10-04 14:37:46"}
[DBG] {"category": "QUEUE", "component": "ray", "event": "BEGIN:human_put_preference", "group_id": "552a5eb8f25e4d5ca6cc0f4e0950edf1", "host": "d6b2a058c4be", "pid": 92117, "rank": null, "ts": "2026-10-04 14:37:46"}
[DBG] {"category": "QUEUE", "component": "ray", "event": "watchdog_armed", "host": "d6b2a058c4be", "pid": 92117, "rank": null, "stage": "human_put_preference", "timeout_sec": 30.0, "ts": "2026-10-04 14:37:46"}
[DBG] {"category": "QUEUE", "component": "ray", "elapsed_sec": 0.027234, "event": "END:human_put_preference", "host": "d6b2a058c4be", "pid": 92117, "rank": null, "ts": "2026-10-04 14:37:46"}
[DBG] {"category": "QUEUE", "component": "ray", "event": "preference_selected", "group_id": "552a5eb8f25e4d5ca6cc0f4e0950edf1", "host": "d6b2a058c4be", "pid": 92117, "preference_pending": 6, "rank": null, "selected": 10, "ts": "2026-10-04 14:37:46"}
[DBG] {"axis/human_groups": 10, "category": "QUEUE", "component": "ray", "data/candidate_all": 10, "data/candidate_lgbm_agree": 0, "data/candidate_lgbm_only": 0, "data/candidate_neural_agree": 0, "data/candidate_neural_only": 0, "data/candidate_triple_agree": 0, "data/selected_pairs": 10, "data/selection_rate": 1.0, "event": "pipeline_metrics", "host": "d6b2a058c4be", "pid": 92117, "queue/preference": 6, "queue/rollout": 8, "rank": null, "ts": "2026-10-04 14:37:46"}
[DBG] {"category": "QUEUE", "component": "ray", "event": "BEGIN:human_pop_rollout", "host": "d6b2a058c4be", "pid": 92117, "rank": null, "ts": "2026-10-04 14:37:46"}
[DBG] {"category": "QUEUE", "component": "ray", "event": "watchdog_armed", "host": "d6b2a058c4be", "pid": 92117, "rank": null, "stage": "human_pop_rollout", "timeout_sec": 30.0, "ts": "2026-10-04 14:37:46"}
[DBG] {"category": "QUEUE", "component": "ray", "elapsed_sec": 0.037746, "event": "END:human_pop_rollout", "host": "d6b2a058c4be", "pid": 92117, "rank": null, "ts": "2026-10-04 14:37:46"}
[DBG] {"category": "QUEUE", "component": "ray", "event": "human_group_received", "group_id": "c9953b44abec4b9385d15122c1258be5", "host": "d6b2a058c4be", "pid": 92117, "rank": null, "ts": "2026-10-04 14:37:46"}
[DBG] {"category": "RAY", "component": "ray", "event": "human_prompt_begin", "group_id": "c9953b44abec4b9385d15122c1258be5", "host": "d6b2a058c4be", "pid": 92117, "rank": null, "ts": "2026-10-04 14:37:46"}
[DBG] {"category": "RAY", "component": "ray", "event": "human_prompt_end", "group_id": "c9953b44abec4b9385d15122c1258be5", "host": "d6b2a058c4be", "pid": 92117, "rank": null, "ts": "2026-10-04 14:37:47"}
[DBG] {"category": "QUEUE", "component": "ray", "event": "BEGIN:human_put_preference", "group_id": "c9953b44abec4b9385d15122c1258be5", "host": "d6b2a058c4be", "pid": 92117, "rank": null, "ts": "2026-10-04 14:37:47"}
[DBG] {"category": "QUEUE", "component": "ray", "event": "watchdog_armed", "host": "d6b2a058c4be", "pid": 92117, "rank": null, "stage": "human_put_preference", "timeout_sec": 30.0, "ts": "2026-10-04 14:37:47"}
[DBG] {"category": "QUEUE", "component": "ray", "elapsed_sec": 0.032432, "event": "END:human_put_preference", "host": "d6b2a058c4be", "pid": 92117, "rank": null, "ts": "2026-10-04 14:37:47"}
[DBG] {"category": "QUEUE", "component": "ray", "event": "preference_selected", "group_id": "c9953b44abec4b9385d15122c1258be5", "host": "d6b2a058c4be", "pid": 92117, "preference_pending": 7, "rank": null, "selected": 11, "ts": "2026-10-04 14:37:47"}
[DBG] {"axis/human_groups": 11, "category": "QUEUE", "component": "ray", "data/candidate_all": 11, "data/candidate_lgbm_agree": 0, "data/candidate_lgbm_only": 0, "data/candidate_neural_agree": 0, "data/candidate_neural_only": 0, "data/candidate_triple_agree": 0, "data/selected_pairs": 11, "data/selection_rate": 1.0, "event": "pipeline_metrics", "host": "d6b2a058c4be", "pid": 92117, "queue/preference": 7, "queue/rollout": 9, "rank": null, "ts": "2026-10-04 14:37:47"}
[DBG] {"category": "QUEUE", "component": "ray", "event": "BEGIN:human_pop_rollout", "host": "d6b2a058c4be", "pid": 92117, "rank": null, "ts": "2026-10-04 14:37:47"}
[DBG] {"category": "QUEUE", "component": "ray", "event": "watchdog_armed", "host": "d6b2a058c4be", "pid": 92117, "rank": null, "stage": "human_pop_rollout", "timeout_sec": 30.0, "ts": "2026-10-04 14:37:47"}
[DBG] {"category": "QUEUE", "component": "ray", "elapsed_sec": 0.036611, "event": "END:human_pop_rollout", "host": "d6b2a058c4be", "pid": 92117, "rank": null, "ts": "2026-10-04 14:37:47"}
[DBG] {"category": "QUEUE", "component": "ray", "event": "human_group_received", "group_id": "2631444de74540f29ce9dcce880574ac", "host": "d6b2a058c4be", "pid": 92117, "rank": null, "ts": "2026-10-04 14:37:47"}
[DBG] {"category": "RAY", "component": "ray", "event": "human_prompt_begin", "group_id": "2631444de74540f29ce9dcce880574ac", "host": "d6b2a058c4be", "pid": 92117, "rank": null, "ts": "2026-10-04 14:37:47"}
[DBG] {"category": "RAY", "component": "ray", "event": "human_prompt_end", "group_id": "2631444de74540f29ce9dcce880574ac", "host": "d6b2a058c4be", "pid": 92117, "rank": null, "ts": "2026-10-04 14:37:48"}
[DBG] {"category": "QUEUE", "component": "ray", "event": "BEGIN:human_put_preference", "group_id": "2631444de74540f29ce9dcce880574ac", "host": "d6b2a058c4be", "pid": 92117, "rank": null, "ts": "2026-10-04 14:37:48"}
[DBG] {"category": "QUEUE", "component": "ray", "event": "watchdog_armed", "host": "d6b2a058c4be", "pid": 92117, "rank": null, "stage": "human_put_preference", "timeout_sec": 30.0, "ts": "2026-10-04 14:37:48"}
[DBG] {"category": "QUEUE", "component": "ray", "elapsed_sec": 0.025664, "event": "END:human_put_preference", "host": "d6b2a058c4be", "pid": 92117, "rank": null, "ts": "2026-10-04 14:37:48"}
[DBG] {"category": "QUEUE", "component": "ray", "event": "preference_selected", "group_id": "2631444de74540f29ce9dcce880574ac", "host": "d6b2a058c4be", "pid": 92117, "preference_pending": 8, "rank": null, "selected": 12, "ts": "2026-10-04 14:37:48"}
[DBG] {"axis/human_groups": 12, "category": "QUEUE", "component": "ray", "data/candidate_all": 12, "data/candidate_lgbm_agree": 0, "data/candidate_lgbm_only": 0, "data/candidate_neural_agree": 0, "data/candidate_neural_only": 0, "data/candidate_triple_agree": 0, "data/selected_pairs": 12, "data/selection_rate": 1.0, "event": "pipeline_metrics", "host": "d6b2a058c4be", "pid": 92117, "queue/preference": 8, "queue/rollout": 8, "rank": null, "ts": "2026-10-04 14:37:48"}
[DBG] {"category": "QUEUE", "component": "ray", "event": "BEGIN:human_pop_rollout", "host": "d6b2a058c4be", "pid": 92117, "rank": null, "ts": "2026-10-04 14:37:48"}
[DBG] {"category": "QUEUE", "component": "ray", "event": "watchdog_armed", "host": "d6b2a058c4be", "pid": 92117, "rank": null, "stage": "human_pop_rollout", "timeout_sec": 30.0, "ts": "2026-10-04 14:37:48"}
[DBG] {"category": "QUEUE", "component": "ray", "elapsed_sec": 0.060553, "event": "END:human_pop_rollout", "host": "d6b2a058c4be", "pid": 92117, "rank": null, "ts": "2026-10-04 14:37:48"}
[DBG] {"category": "QUEUE", "component": "ray", "event": "human_group_received", "group_id": "da7e8d93aebb4bc9810391c9ea045d4a", "host": "d6b2a058c4be", "pid": 92117, "rank": null, "ts": "2026-10-04 14:37:48"}
[DBG] {"category": "RAY", "component": "ray", "event": "human_prompt_begin", "group_id": "da7e8d93aebb4bc9810391c9ea045d4a", "host": "d6b2a058c4be", "pid": 92117, "rank": null, "ts": "2026-10-04 14:37:48"}
[DBG] {"category": "RAY", "component": "ray", "event": "human_prompt_end", "group_id": "da7e8d93aebb4bc9810391c9ea045d4a", "host": "d6b2a058c4be", "pid": 92117, "rank": null, "ts": "2026-10-04 14:37:48"}
[DBG] {"category": "QUEUE", "component": "ray", "event": "BEGIN:human_put_preference", "group_id": "da7e8d93aebb4bc9810391c9ea045d4a", "host": "d6b2a058c4be", "pid": 92117, "rank": null, "ts": "2026-10-04 14:37:48"}
[DBG] {"category": "QUEUE", "component": "ray", "event": "watchdog_armed", "host": "d6b2a058c4be", "pid": 92117, "rank": null, "stage": "human_put_preference", "timeout_sec": 30.0, "ts": "2026-10-04 14:37:48"}
[DBG] {"category": "QUEUE", "component": "ray", "elapsed_sec": 0.030083, "event": "END:human_put_preference", "host": "d6b2a058c4be", "pid": 92117, "rank": null, "ts": "2026-10-04 14:37:48"}
[DBG] {"category": "QUEUE", "component": "ray", "event": "preference_selected", "group_id": "da7e8d93aebb4bc9810391c9ea045d4a", "host": "d6b2a058c4be", "pid": 92117, "preference_pending": 9, "rank": null, "selected": 13, "ts": "2026-10-04 14:37:48"}
[DBG] {"axis/human_groups": 13, "category": "QUEUE", "component": "ray", "data/candidate_all": 13, "data/candidate_lgbm_agree": 0, "data/candidate_lgbm_only": 0, "data/candidate_neural_agree": 0, "data/candidate_neural_only": 0, "data/candidate_triple_agree": 0, "data/selected_pairs": 13, "data/selection_rate": 1.0, "event": "pipeline_metrics", "host": "d6b2a058c4be", "pid": 92117, "queue/preference": 9, "queue/rollout": 9, "rank": null, "ts": "2026-10-04 14:37:48"}
[DBG] {"category": "QUEUE", "component": "ray", "event": "BEGIN:human_pop_rollout", "host": "d6b2a058c4be", "pid": 92117, "rank": null, "ts": "2026-10-04 14:37:48"}
[DBG] {"category": "QUEUE", "component": "ray", "event": "watchdog_armed", "host": "d6b2a058c4be", "pid": 92117, "rank": null, "stage": "human_pop_rollout", "timeout_sec": 30.0, "ts": "2026-10-04 14:37:48"}
[DBG] {"category": "QUEUE", "component": "ray", "elapsed_sec": 0.053146, "event": "END:human_pop_rollout", "host": "d6b2a058c4be", "pid": 92117, "rank": null, "ts": "2026-10-04 14:37:49"}
[DBG] {"category": "QUEUE", "component": "ray", "event": "human_group_received", "group_id": "ceabe989d8794db6971f03e862347184", "host": "d6b2a058c4be", "pid": 92117, "rank": null, "ts": "2026-10-04 14:37:49"}
[DBG] {"category": "RAY", "component": "ray", "event": "human_prompt_begin", "group_id": "ceabe989d8794db6971f03e862347184", "host": "d6b2a058c4be", "pid": 92117, "rank": null, "ts": "2026-10-04 14:37:49"}
[DBG] {"category": "RAY", "component": "ray", "event": "human_prompt_end", "group_id": "ceabe989d8794db6971f03e862347184", "host": "d6b2a058c4be", "pid": 92117, "rank": null, "ts": "2026-10-04 14:37:49"}
[DBG] {"category": "QUEUE", "component": "ray", "event": "BEGIN:human_put_preference", "group_id": "ceabe989d8794db6971f03e862347184", "host": "d6b2a058c4be", "pid": 92117, "rank": null, "ts": "2026-10-04 14:37:49"}
[DBG] {"category": "QUEUE", "component": "ray", "event": "watchdog_armed", "host": "d6b2a058c4be", "pid": 92117, "rank": null, "stage": "human_put_preference", "timeout_sec": 30.0, "ts": "2026-10-04 14:37:49"}
[DBG] {"category": "QUEUE", "component": "ray", "elapsed_sec": 0.030487, "event": "END:human_put_preference", "host": "d6b2a058c4be", "pid": 92117, "rank": null, "ts": "2026-10-04 14:37:49"}
[DBG] {"category": "QUEUE", "component": "ray", "event": "preference_selected", "group_id": "ceabe989d8794db6971f03e862347184", "host": "d6b2a058c4be", "pid": 92117, "preference_pending": 10, "rank": null, "selected": 14, "ts": "2026-10-04 14:37:49"}
[DBG] {"axis/human_groups": 14, "category": "QUEUE", "component": "ray", "data/candidate_all": 14, "data/candidate_lgbm_agree": 0, "data/candidate_lgbm_only": 0, "data/candidate_neural_agree": 0, "data/candidate_neural_only": 0, "data/candidate_triple_agree": 0, "data/selected_pairs": 14, "data/selection_rate": 1.0, "event": "pipeline_metrics", "host": "d6b2a058c4be", "pid": 92117, "queue/preference": 10, "queue/rollout": 8, "rank": null, "ts": "2026-10-04 14:37:49"}
[DBG] {"category": "QUEUE", "component": "ray", "event": "BEGIN:human_pop_rollout", "host": "d6b2a058c4be", "pid": 92117, "rank": null, "ts": "2026-10-04 14:37:49"}
[DBG] {"category": "QUEUE", "component": "ray", "event": "watchdog_armed", "host": "d6b2a058c4be", "pid": 92117, "rank": null, "stage": "human_pop_rollout", "timeout_sec": 30.0, "ts": "2026-10-04 14:37:49"}
[DBG] {"category": "QUEUE", "component": "ray", "elapsed_sec": 0.047733, "event": "END:human_pop_rollout", "host": "d6b2a058c4be", "pid": 92117, "rank": null, "ts": "2026-10-04 14:37:49"}
[DBG] {"category": "QUEUE", "component": "ray", "event": "human_group_received", "group_id": "f979393be49e41a2938a30d5da02bfba", "host": "d6b2a058c4be", "pid": 92117, "rank": null, "ts": "2026-10-04 14:37:49"}
[DBG] {"category": "RAY", "component": "ray", "event": "human_prompt_begin", "group_id": "f979393be49e41a2938a30d5da02bfba", "host": "d6b2a058c4be", "pid": 92117, "rank": null, "ts": "2026-10-04 14:37:49"}
[DBG] {"category": "RAY", "component": "ray", "event": "human_prompt_end", "group_id": "f979393be49e41a2938a30d5da02bfba", "host": "d6b2a058c4be", "pid": 92117, "rank": null, "ts": "2026-10-04 14:37:50"}
[DBG] {"category": "QUEUE", "component": "ray", "event": "BEGIN:human_put_preference", "group_id": "f979393be49e41a2938a30d5da02bfba", "host": "d6b2a058c4be", "pid": 92117, "rank": null, "ts": "2026-10-04 14:37:50"}
[DBG] {"category": "QUEUE", "component": "ray", "event": "watchdog_armed", "host": "d6b2a058c4be", "pid": 92117, "rank": null, "stage": "human_put_preference", "timeout_sec": 30.0, "ts": "2026-10-04 14:37:50"}
[DBG] {"category": "QUEUE", "component": "ray", "elapsed_sec": 0.031798, "event": "END:human_put_preference", "host": "d6b2a058c4be", "pid": 92117, "rank": null, "ts": "2026-10-04 14:37:50"}
[DBG] {"category": "QUEUE", "component": "ray", "event": "preference_selected", "group_id": "f979393be49e41a2938a30d5da02bfba", "host": "d6b2a058c4be", "pid": 92117, "preference_pending": 11, "rank": null, "selected": 15, "ts": "2026-10-04 14:37:50"}
[DBG] {"axis/human_groups": 15, "category": "QUEUE", "component": "ray", "data/candidate_all": 15, "data/candidate_lgbm_agree": 0, "data/candidate_lgbm_only": 0, "data/candidate_neural_agree": 0, "data/candidate_neural_only": 0, "data/candidate_triple_agree": 0, "data/selected_pairs": 15, "data/selection_rate": 1.0, "event": "pipeline_metrics", "host": "d6b2a058c4be", "pid": 92117, "queue/preference": 11, "queue/rollout": 9, "rank": null, "ts": "2026-10-04 14:37:50"}
[DBG] {"category": "QUEUE", "component": "ray", "event": "BEGIN:human_pop_rollout", "host": "d6b2a058c4be", "pid": 92117, "rank": null, "ts": "2026-10-04 14:37:50"}
[DBG] {"category": "QUEUE", "component": "ray", "event": "watchdog_armed", "host": "d6b2a058c4be", "pid": 92117, "rank": null, "stage": "human_pop_rollout", "timeout_sec": 30.0, "ts": "2026-10-04 14:37:50"}
[DBG] {"category": "QUEUE", "component": "ray", "elapsed_sec": 0.035008, "event": "END:human_pop_rollout", "host": "d6b2a058c4be", "pid": 92117, "rank": null, "ts": "2026-10-04 14:37:50"}
[DBG] {"category": "QUEUE", "component": "ray", "event": "human_group_received", "group_id": "9d719748c1b44a8f925ff8a813599a02", "host": "d6b2a058c4be", "pid": 92117, "rank": null, "ts": "2026-10-04 14:37:50"}
[DBG] {"category": "RAY", "component": "ray", "event": "human_prompt_begin", "group_id": "9d719748c1b44a8f925ff8a813599a02", "host": "d6b2a058c4be", "pid": 92117, "rank": null, "ts": "2026-10-04 14:37:50"}
[DBG] {"category": "RAY", "component": "ray", "event": "human_prompt_end", "group_id": "9d719748c1b44a8f925ff8a813599a02", "host": "d6b2a058c4be", "pid": 92117, "rank": null, "ts": "2026-10-04 14:37:51"}
[DBG] {"category": "QUEUE", "component": "ray", "event": "BEGIN:human_put_preference", "group_id": "9d719748c1b44a8f925ff8a813599a02", "host": "d6b2a058c4be", "pid": 92117, "rank": null, "ts": "2026-10-04 14:37:51"}
[DBG] {"category": "QUEUE", "component": "ray", "event": "watchdog_armed", "host": "d6b2a058c4be", "pid": 92117, "rank": null, "stage": "human_put_preference", "timeout_sec": 30.0, "ts": "2026-10-04 14:37:51"}
[DBG] {"category": "QUEUE", "component": "ray", "elapsed_sec": 0.025995, "event": "END:human_put_preference", "host": "d6b2a058c4be", "pid": 92117, "rank": null, "ts": "2026-10-04 14:37:51"}
[DBG] {"category": "QUEUE", "component": "ray", "event": "preference_selected", "group_id": "9d719748c1b44a8f925ff8a813599a02", "host": "d6b2a058c4be", "pid": 92117, "preference_pending": 12, "rank": null, "selected": 16, "ts": "2026-10-04 14:37:51"}
[DBG] {"axis/human_groups": 16, "category": "QUEUE", "component": "ray", "data/candidate_all": 16, "data/candidate_lgbm_agree": 0, "data/candidate_lgbm_only": 0, "data/candidate_neural_agree": 0, "data/candidate_neural_only": 0, "data/candidate_triple_agree": 0, "data/selected_pairs": 16, "data/selection_rate": 1.0, "event": "pipeline_metrics", "host": "d6b2a058c4be", "pid": 92117, "queue/preference": 12, "queue/rollout": 8, "rank": null, "ts": "2026-10-04 14:37:51"}
[DBG] {"category": "QUEUE", "component": "ray", "event": "BEGIN:human_pop_rollout", "host": "d6b2a058c4be", "pid": 92117, "rank": null, "ts": "2026-10-04 14:37:51"}
[DBG] {"category": "QUEUE", "component": "ray", "event": "watchdog_armed", "host": "d6b2a058c4be", "pid": 92117, "rank": null, "stage": "human_pop_rollout", "timeout_sec": 30.0, "ts": "2026-10-04 14:37:51"}
[DBG] {"category": "QUEUE", "component": "ray", "elapsed_sec": 0.050446, "event": "END:human_pop_rollout", "host": "d6b2a058c4be", "pid": 92117, "rank": null, "ts": "2026-10-04 14:37:51"}
[DBG] {"category": "QUEUE", "component": "ray", "event": "human_group_received", "group_id": "a8d8ec7319f54a208ea2b2c32c64aaa2", "host": "d6b2a058c4be", "pid": 92117, "rank": null, "ts": "2026-10-04 14:37:51"}
[DBG] {"category": "RAY", "component": "ray", "event": "human_prompt_begin", "group_id": "a8d8ec7319f54a208ea2b2c32c64aaa2", "host": "d6b2a058c4be", "pid": 92117, "rank": null, "ts": "2026-10-04 14:37:51"}
[DBG] {"category": "RAY", "component": "ray", "event": "human_prompt_end", "group_id": "a8d8ec7319f54a208ea2b2c32c64aaa2", "host": "d6b2a058c4be", "pid": 92117, "rank": null, "ts": "2026-10-04 14:37:51"}
[DBG] {"category": "QUEUE", "component": "ray", "event": "BEGIN:human_put_preference", "group_id": "a8d8ec7319f54a208ea2b2c32c64aaa2", "host": "d6b2a058c4be", "pid": 92117, "rank": null, "ts": "2026-10-04 14:37:51"}
[DBG] {"category": "QUEUE", "component": "ray", "event": "watchdog_armed", "host": "d6b2a058c4be", "pid": 92117, "rank": null, "stage": "human_put_preference", "timeout_sec": 30.0, "ts": "2026-10-04 14:37:51"}
[DBG] {"category": "QUEUE", "component": "ray", "elapsed_sec": 0.032557, "event": "END:human_put_preference", "host": "d6b2a058c4be", "pid": 92117, "rank": null, "ts": "2026-10-04 14:37:51"}
[DBG] {"category": "QUEUE", "component": "ray", "event": "preference_selected", "group_id": "a8d8ec7319f54a208ea2b2c32c64aaa2", "host": "d6b2a058c4be", "pid": 92117, "preference_pending": 13, "rank": null, "selected": 17, "ts": "2026-10-04 14:37:51"}
[DBG] {"axis/human_groups": 17, "category": "QUEUE", "component": "ray", "data/candidate_all": 17, "data/candidate_lgbm_agree": 0, "data/candidate_lgbm_only": 0, "data/candidate_neural_agree": 0, "data/candidate_neural_only": 0, "data/candidate_triple_agree": 0, "data/selected_pairs": 17, "data/selection_rate": 1.0, "event": "pipeline_metrics", "host": "d6b2a058c4be", "pid": 92117, "queue/preference": 13, "queue/rollout": 9, "rank": null, "ts": "2026-10-04 14:37:51"}
[DBG] {"category": "QUEUE", "component": "ray", "event": "BEGIN:human_pop_rollout", "host": "d6b2a058c4be", "pid": 92117, "rank": null, "ts": "2026-10-04 14:37:51"}
[DBG] {"category": "QUEUE", "component": "ray", "event": "watchdog_armed", "host": "d6b2a058c4be", "pid": 92117, "rank": null, "stage": "human_pop_rollout", "timeout_sec": 30.0, "ts": "2026-10-04 14:37:51"}
[DBG] {"category": "QUEUE", "component": "ray", "elapsed_sec": 0.035676, "event": "END:human_pop_rollout", "host": "d6b2a058c4be", "pid": 92117, "rank": null, "ts": "2026-10-04 14:37:51"}
[DBG] {"category": "QUEUE", "component": "ray", "event": "human_group_received", "group_id": "9a1c2ddf0f474b5fa4c9bf8ad0fa4f92", "host": "d6b2a058c4be", "pid": 92117, "rank": null, "ts": "2026-10-04 14:37:51"}
[DBG] {"category": "RAY", "component": "ray", "event": "human_prompt_begin", "group_id": "9a1c2ddf0f474b5fa4c9bf8ad0fa4f92", "host": "d6b2a058c4be", "pid": 92117, "rank": null, "ts": "2026-10-04 14:37:51"}
