[DBG] {"category": "RAY", "component": "ray", "debug_all": false, "debug_data": false, "debug_fsdp": true, "debug_inference": false, "debug_queue": true, "debug_ray": true, "debug_reward": false, "debug_train": true, "event": "application_start", "host": "d6b2a058c4be", "pid": 47750, "rank": null, "ts": "2026-10-04 12:59:48"}
[DBG] {"address": "auto", "category": "RAY", "component": "ray", "event": "BEGIN:ray_init", "host": "d6b2a058c4be", "pid": 47750, "rank": null, "ts": "2026-10-04 12:59:48"}
[DBG] {"category": "RAY", "component": "ray", "event": "watchdog_armed", "host": "d6b2a058c4be", "pid": 47750, "rank": null, "stage": "ray_init", "timeout_sec": 30.0, "ts": "2026-10-04 12:59:48"}
[DBG] {"category": "RAY", "component": "ray", "elapsed_sec": 0.039529, "event": "END:ray_init", "host": "d6b2a058c4be", "pid": 47750, "rank": null, "ts": "2026-10-04 12:59:48"}
[DBG] {"category": "RAY", "component": "ray", "event": "cluster_resources", "host": "d6b2a058c4be", "pid": 47750, "rank": null, "resources": {"CPU": 27.0, "GPU": 3.0, "accelerator_type:RTX-A6000": 1.0, "memory": 115638075392.0, "node:172.20.0.2": 1.0, "node:__internal_head__": 1.0, "object_store_memory": 49559175168.0}, "ts": "2026-10-04 12:59:48"}
[DBG] {"category": "RAY", "component": "ray", "event": "resource_check", "gpu_available": 3, "gpu_needed": 3, "host": "d6b2a058c4be", "pid": 47750, "rank": null, "ts": "2026-10-04 12:59:48"}
[DBG] {"category": "RAY", "component": "ray", "event": "run_id", "host": "d6b2a058c4be", "pid": 47750, "rank": null, "run_id": "smoke01", "ts": "2026-10-04 12:59:48"}
[DBG] {"category": "RAY", "component": "ray", "event": "BEGIN:create_queue_actor", "host": "d6b2a058c4be", "pid": 47750, "rank": null, "ts": "2026-10-04 12:59:48"}
[DBG] {"category": "RAY", "component": "ray", "event": "watchdog_armed", "host": "d6b2a058c4be", "pid": 47750, "rank": null, "stage": "create_queue_actor", "timeout_sec": 30.0, "ts": "2026-10-04 12:59:48"}
[DBG] {"category": "RAY", "component": "ray", "elapsed_sec": 0.029718, "event": "END:create_queue_actor", "host": "d6b2a058c4be", "pid": 47750, "rank": null, "ts": "2026-10-04 12:59:48"}
[DBG] {"category": "QUEUE", "component": "ray", "event": "BEGIN:queue_describe", "host": "d6b2a058c4be", "pid": 47750, "rank": null, "ts": "2026-10-04 12:59:48"}
[DBG] {"category": "QUEUE", "component": "ray", "event": "watchdog_armed", "host": "d6b2a058c4be", "pid": 47750, "rank": null, "stage": "queue_describe", "timeout_sec": 30.0, "ts": "2026-10-04 12:59:48"}
[DBG] {"category": "QUEUE", "component": "ray", "elapsed_sec": 8.854324, "event": "END:queue_describe", "host": "d6b2a058c4be", "pid": 47750, "rank": null, "ts": "2026-10-04 12:59:56"}
[DBG] {"category": "RAY", "component": "ray", "event": "BEGIN:create_control_actor", "host": "d6b2a058c4be", "pid": 47750, "rank": null, "ts": "2026-10-04 12:59:56"}
[DBG] {"category": "RAY", "component": "ray", "event": "watchdog_armed", "host": "d6b2a058c4be", "pid": 47750, "rank": null, "stage": "create_control_actor", "timeout_sec": 30.0, "ts": "2026-10-04 12:59:56"}
[DBG] {"category": "RAY", "component": "ray", "elapsed_sec": 0.012957, "event": "END:create_control_actor", "host": "d6b2a058c4be", "pid": 47750, "rank": null, "ts": "2026-10-04 12:59:56"}
[DBG] {"category": "RAY", "component": "ray", "event": "BEGIN:create_tracker_actor", "host": "d6b2a058c4be", "pid": 47750, "rank": null, "ts": "2026-10-04 12:59:56"}
[DBG] {"category": "RAY", "component": "ray", "event": "watchdog_armed", "host": "d6b2a058c4be", "pid": 47750, "rank": null, "stage": "create_tracker_actor", "timeout_sec": 30.0, "ts": "2026-10-04 12:59:56"}
[DBG] {"category": "RAY", "component": "ray", "elapsed_sec": 0.028251, "event": "END:create_tracker_actor", "host": "d6b2a058c4be", "pid": 47750, "rank": null, "ts": "2026-10-04 12:59:56"}
[DBG] {"category": "RAY", "component": "ray", "event": "BEGIN:create_inference_actor", "gpus": 1, "host": "d6b2a058c4be", "pid": 47750, "rank": null, "ts": "2026-10-04 12:59:56"}
[DBG] {"category": "RAY", "component": "ray", "event": "watchdog_armed", "host": "d6b2a058c4be", "pid": 47750, "rank": null, "stage": "create_inference_actor", "timeout_sec": 30.0, "ts": "2026-10-04 12:59:56"}
[DBG] {"category": "RAY", "component": "ray", "elapsed_sec": 0.027804, "event": "END:create_inference_actor", "host": "d6b2a058c4be", "pid": 47750, "rank": null, "ts": "2026-10-04 12:59:57"}
[DBG] {"category": "RAY", "component": "ray", "event": "BEGIN:create_reward_actor", "gpus": 0, "host": "d6b2a058c4be", "pid": 47750, "rank": null, "ts": "2026-10-04 12:59:57"}
[DBG] {"category": "RAY", "component": "ray", "event": "watchdog_armed", "host": "d6b2a058c4be", "pid": 47750, "rank": null, "stage": "create_reward_actor", "timeout_sec": 30.0, "ts": "2026-10-04 12:59:57"}
[DBG] {"category": "RAY", "component": "ray", "elapsed_sec": 0.033466, "event": "END:create_reward_actor", "host": "d6b2a058c4be", "pid": 47750, "rank": null, "ts": "2026-10-04 12:59:57"}
[DBG] {"category": "RAY", "component": "ray", "event": "BEGIN:create_rollout_actor", "host": "d6b2a058c4be", "pid": 47750, "rank": null, "ts": "2026-10-04 12:59:57"}
[DBG] {"category": "RAY", "component": "ray", "event": "watchdog_armed", "host": "d6b2a058c4be", "pid": 47750, "rank": null, "stage": "create_rollout_actor", "timeout_sec": 30.0, "ts": "2026-10-04 12:59:57"}
[DBG] {"category": "RAY", "component": "ray", "elapsed_sec": 0.015243, "event": "END:create_rollout_actor", "host": "d6b2a058c4be", "pid": 47750, "rank": null, "ts": "2026-10-04 12:59:57"}
[DBG] {"category": "RAY", "component": "ray", "event": "BEGIN:create_trainer_actor", "host": "d6b2a058c4be", "pid": 47750, "rank": null, "ts": "2026-10-04 12:59:57"}
[DBG] {"category": "RAY", "component": "ray", "event": "watchdog_armed", "host": "d6b2a058c4be", "pid": 47750, "rank": null, "stage": "create_trainer_actor", "timeout_sec": 30.0, "ts": "2026-10-04 12:59:57"}
[DBG] {"category": "RAY", "component": "ray", "elapsed_sec": 0.013213, "event": "END:create_trainer_actor", "host": "d6b2a058c4be", "pid": 47750, "rank": null, "ts": "2026-10-04 12:59:57"}
[DBG] {"category": "RAY", "component": "ray", "event": "BEGIN:launch_trainer_actor", "host": "d6b2a058c4be", "pid": 47750, "rank": null, "ts": "2026-10-04 13:00:35"}
[DBG] {"category": "RAY", "component": "ray", "event": "watchdog_armed", "host": "d6b2a058c4be", "pid": 47750, "rank": null, "stage": "launch_trainer_actor", "timeout_sec": 30.0, "ts": "2026-10-04 13:00:35"}
[DBG] {"category": "RAY", "component": "ray", "elapsed_sec": 0.000965, "event": "END:launch_trainer_actor", "host": "d6b2a058c4be", "pid": 47750, "rank": null, "ts": "2026-10-04 13:00:35"}
[DBG] {"category": "RAY", "component": "ray", "event": "BEGIN:launch_rollout_producer", "host": "d6b2a058c4be", "pid": 47750, "rank": null, "ts": "2026-10-04 13:00:35"}
[DBG] {"category": "RAY", "component": "ray", "event": "watchdog_armed", "host": "d6b2a058c4be", "pid": 47750, "rank": null, "stage": "launch_rollout_producer", "timeout_sec": 30.0, "ts": "2026-10-04 13:00:35"}
[DBG] {"category": "RAY", "component": "ray", "elapsed_sec": 0.000324, "event": "END:launch_rollout_producer", "host": "d6b2a058c4be", "pid": 47750, "rank": null, "ts": "2026-10-04 13:00:35"}
[DBG] {"category": "RAY", "component": "ray", "event": "human_loop_start", "host": "d6b2a058c4be", "pid": 47750, "rank": null, "ts": "2026-10-04 13:00:35"}
[DBG] {"category": "QUEUE", "component": "ray", "event": "BEGIN:human_pop_rollout", "host": "d6b2a058c4be", "pid": 47750, "rank": null, "ts": "2026-10-04 13:00:35"}
[DBG] {"category": "QUEUE", "component": "ray", "event": "watchdog_armed", "host": "d6b2a058c4be", "pid": 47750, "rank": null, "stage": "human_pop_rollout", "timeout_sec": 30.0, "ts": "2026-10-04 13:00:35"}
[DBG] {"category": "QUEUE", "component": "ray", "elapsed_sec": 0.02143, "event": "END:human_pop_rollout", "host": "d6b2a058c4be", "pid": 47750, "rank": null, "ts": "2026-10-04 13:00:35"}
[DBG] {"category": "QUEUE", "component": "ray", "event": "BEGIN:human_pop_rollout", "host": "d6b2a058c4be", "pid": 47750, "rank": null, "ts": "2026-10-04 13:00:35"}
[DBG] {"category": "QUEUE", "component": "ray", "event": "watchdog_armed", "host": "d6b2a058c4be", "pid": 47750, "rank": null, "stage": "human_pop_rollout", "timeout_sec": 30.0, "ts": "2026-10-04 13:00:35"}
[DBG] {"category": "QUEUE", "component": "ray", "elapsed_sec": 0.00533, "event": "END:human_pop_rollout", "host": "d6b2a058c4be", "pid": 47750, "rank": null, "ts": "2026-10-04 13:00:35"}
[DBG] {"category": "QUEUE", "component": "ray", "event": "BEGIN:human_pop_rollout", "host": "d6b2a058c4be", "pid": 47750, "rank": null, "ts": "2026-10-04 13:00:36"}
[DBG] {"category": "QUEUE", "component": "ray", "event": "watchdog_armed", "host": "d6b2a058c4be", "pid": 47750, "rank": null, "stage": "human_pop_rollout", "timeout_sec": 30.0, "ts": "2026-10-04 13:00:36"}
[DBG] {"category": "QUEUE", "component": "ray", "elapsed_sec": 0.006791, "event": "END:human_pop_rollout", "host": "d6b2a058c4be", "pid": 47750, "rank": null, "ts": "2026-10-04 13:00:36"}
[DBG] {"category": "QUEUE", "component": "ray", "event": "BEGIN:human_pop_rollout", "host": "d6b2a058c4be", "pid": 47750, "rank": null, "ts": "2026-10-04 13:00:36"}
[DBG] {"category": "QUEUE", "component": "ray", "event": "watchdog_armed", "host": "d6b2a058c4be", "pid": 47750, "rank": null, "stage": "human_pop_rollout", "timeout_sec": 30.0, "ts": "2026-10-04 13:00:36"}
[DBG] {"category": "QUEUE", "component": "ray", "elapsed_sec": 0.005422, "event": "END:human_pop_rollout", "host": "d6b2a058c4be", "pid": 47750, "rank": null, "ts": "2026-10-04 13:00:36"}
[DBG] {"category": "QUEUE", "component": "ray", "event": "BEGIN:human_pop_rollout", "host": "d6b2a058c4be", "pid": 47750, "rank": null, "ts": "2026-10-04 13:00:36"}
[DBG] {"category": "QUEUE", "component": "ray", "event": "watchdog_armed", "host": "d6b2a058c4be", "pid": 47750, "rank": null, "stage": "human_pop_rollout", "timeout_sec": 30.0, "ts": "2026-10-04 13:00:36"}
[DBG] {"category": "QUEUE", "component": "ray", "elapsed_sec": 0.005028, "event": "END:human_pop_rollout", "host": "d6b2a058c4be", "pid": 47750, "rank": null, "ts": "2026-10-04 13:00:36"}
[DBG] {"category": "QUEUE", "component": "ray", "event": "BEGIN:human_pop_rollout", "host": "d6b2a058c4be", "pid": 47750, "rank": null, "ts": "2026-10-04 13:00:36"}
[DBG] {"category": "QUEUE", "component": "ray", "event": "watchdog_armed", "host": "d6b2a058c4be", "pid": 47750, "rank": null, "stage": "human_pop_rollout", "timeout_sec": 30.0, "ts": "2026-10-04 13:00:36"}
[DBG] {"category": "QUEUE", "component": "ray", "elapsed_sec": 0.0042, "event": "END:human_pop_rollout", "host": "d6b2a058c4be", "pid": 47750, "rank": null, "ts": "2026-10-04 13:00:36"}
[DBG] {"category": "QUEUE", "component": "ray", "event": "BEGIN:human_pop_rollout", "host": "d6b2a058c4be", "pid": 47750, "rank": null, "ts": "2026-10-04 13:00:37"}
[DBG] {"category": "QUEUE", "component": "ray", "event": "watchdog_armed", "host": "d6b2a058c4be", "pid": 47750, "rank": null, "stage": "human_pop_rollout", "timeout_sec": 30.0, "ts": "2026-10-04 13:00:37"}
[DBG] {"category": "QUEUE", "component": "ray", "elapsed_sec": 0.003877, "event": "END:human_pop_rollout", "host": "d6b2a058c4be", "pid": 47750, "rank": null, "ts": "2026-10-04 13:00:37"}
[DBG] {"category": "QUEUE", "component": "ray", "event": "BEGIN:human_pop_rollout", "host": "d6b2a058c4be", "pid": 47750, "rank": null, "ts": "2026-10-04 13:00:37"}
[DBG] {"category": "QUEUE", "component": "ray", "event": "watchdog_armed", "host": "d6b2a058c4be", "pid": 47750, "rank": null, "stage": "human_pop_rollout", "timeout_sec": 30.0, "ts": "2026-10-04 13:00:37"}
[DBG] {"category": "QUEUE", "component": "ray", "elapsed_sec": 0.006851, "event": "END:human_pop_rollout", "host": "d6b2a058c4be", "pid": 47750, "rank": null, "ts": "2026-10-04 13:00:37"}
[DBG] {"category": "QUEUE", "component": "ray", "event": "BEGIN:human_pop_rollout", "host": "d6b2a058c4be", "pid": 47750, "rank": null, "ts": "2026-10-04 13:00:37"}
[DBG] {"category": "QUEUE", "component": "ray", "event": "watchdog_armed", "host": "d6b2a058c4be", "pid": 47750, "rank": null, "stage": "human_pop_rollout", "timeout_sec": 30.0, "ts": "2026-10-04 13:00:37"}
[DBG] {"category": "QUEUE", "component": "ray", "elapsed_sec": 0.006635, "event": "END:human_pop_rollout", "host": "d6b2a058c4be", "pid": 47750, "rank": null, "ts": "2026-10-04 13:00:37"}
[DBG] {"category": "QUEUE", "component": "ray", "event": "BEGIN:human_pop_rollout", "host": "d6b2a058c4be", "pid": 47750, "rank": null, "ts": "2026-10-04 13:00:37"}
[DBG] {"category": "QUEUE", "component": "ray", "event": "watchdog_armed", "host": "d6b2a058c4be", "pid": 47750, "rank": null, "stage": "human_pop_rollout", "timeout_sec": 30.0, "ts": "2026-10-04 13:00:37"}
[DBG] {"category": "QUEUE", "component": "ray", "elapsed_sec": 0.005477, "event": "END:human_pop_rollout", "host": "d6b2a058c4be", "pid": 47750, "rank": null, "ts": "2026-10-04 13:00:37"}
[DBG] {"category": "QUEUE", "component": "ray", "event": "BEGIN:human_pop_rollout", "host": "d6b2a058c4be", "pid": 47750, "rank": null, "ts": "2026-10-04 13:00:37"}
[DBG] {"category": "QUEUE", "component": "ray", "event": "watchdog_armed", "host": "d6b2a058c4be", "pid": 47750, "rank": null, "stage": "human_pop_rollout", "timeout_sec": 30.0, "ts": "2026-10-04 13:00:37"}
[DBG] {"category": "QUEUE", "component": "ray", "elapsed_sec": 0.006208, "event": "END:human_pop_rollout", "host": "d6b2a058c4be", "pid": 47750, "rank": null, "ts": "2026-10-04 13:00:37"}
[DBG] {"category": "QUEUE", "component": "ray", "event": "BEGIN:human_pop_rollout", "host": "d6b2a058c4be", "pid": 47750, "rank": null, "ts": "2026-10-04 13:00:38"}
[DBG] {"category": "QUEUE", "component": "ray", "event": "watchdog_armed", "host": "d6b2a058c4be", "pid": 47750, "rank": null, "stage": "human_pop_rollout", "timeout_sec": 30.0, "ts": "2026-10-04 13:00:38"}
[DBG] {"category": "QUEUE", "component": "ray", "elapsed_sec": 0.005082, "event": "END:human_pop_rollout", "host": "d6b2a058c4be", "pid": 47750, "rank": null, "ts": "2026-10-04 13:00:38"}
[DBG] {"category": "QUEUE", "component": "ray", "event": "BEGIN:human_pop_rollout", "host": "d6b2a058c4be", "pid": 47750, "rank": null, "ts": "2026-10-04 13:00:38"}
[DBG] {"category": "QUEUE", "component": "ray", "event": "watchdog_armed", "host": "d6b2a058c4be", "pid": 47750, "rank": null, "stage": "human_pop_rollout", "timeout_sec": 30.0, "ts": "2026-10-04 13:00:38"}
[DBG] {"category": "QUEUE", "component": "ray", "elapsed_sec": 0.041495, "event": "END:human_pop_rollout", "host": "d6b2a058c4be", "pid": 47750, "rank": null, "ts": "2026-10-04 13:00:38"}
[DBG] {"category": "QUEUE", "component": "ray", "event": "human_group_received", "group_id": "1ca6735207294236aadf911ae7209c2c", "host": "d6b2a058c4be", "pid": 47750, "rank": null, "ts": "2026-10-04 13:00:38"}
[DBG] {"category": "RAY", "component": "ray", "event": "shutdown_begin", "host": "d6b2a058c4be", "pid": 47750, "rank": null, "ts": "2026-10-04 13:02:34"}
[DBG] {"category": "RAY", "component": "ray", "event": "BEGIN:join_trainer", "host": "d6b2a058c4be", "pid": 47750, "rank": null, "ts": "2026-10-04 13:02:34"}
[DBG] {"category": "RAY", "component": "ray", "event": "watchdog_armed", "host": "d6b2a058c4be", "pid": 47750, "rank": null, "stage": "join_trainer", "timeout_sec": 30.0, "ts": "2026-10-04 13:02:34"}
[DBG] {"category": "RAY", "component": "ray", "error": "", "error_type": "KeyboardInterrupt", "event": "ERROR:join_trainer", "host": "d6b2a058c4be", "pid": 47750, "rank": null, "traceback": "Traceback (most recent call last):\n  File \"/root/Recursive_RLHF_training_for_LLM/orchestrator.py\", line 149, in run\n    self._human_loop()\n  File \"/root/Recursive_RLHF_training_for_LLM/orchestrator.py\", line 338, in _human_loop\n    human = ui.score(group)\n            ^^^^^^^^^^^^^^^\n  File \"/root/Recursive_RLHF_training_for_LLM/reward.py\", line 157, in score\n    raw = input(f\"scores ({len(group['responses'])} numbers, q=quit): \").strip()\n          ^^^^^^^^^^^^^^^^^^^^^^^^^^^^^^^^^^^^^^^^^^^^^^^^^^^^^^^^^^^^^^\nKeyboardInterrupt\n\nDuring handling of the above exception, another exception occurred:\n\nTraceback (most recent call last):\n  File \"/root/Recursive_RLHF_training_for_LLM/debug.py\", line 135, in stage\n    yield\n  File \"/root/Recursive_RLHF_training_for_LLM/orchestrator.py\", line 165, in run\n    ray.get(ref, timeout=30)\n  File \"/usr/local/lib/python3.11/dist-packages/ray/_private/auto_init_hook.py\", line 22, in auto_init_wrapper\n    return fn(*args, **kwargs)\n           ^^^^^^^^^^^^^^^^^^^\n  File \"/usr/local/lib/python3.11/dist-packages/ray/_private/client_mode_hook.py\", line 135, in wrapper\n    return func(*args, **kwargs)\n           ^^^^^^^^^^^^^^^^^^^^^\n  File \"/usr/local/lib/python3.11/dist-packages/ray/_private/worker.py\", line 3004, in get\n    values, debugger_breakpoint = worker.get_objects(\n                                  ^^^^^^^^^^^^^^^^^^^\n  File \"/usr/local/lib/python3.11/dist-packages/ray/_private/worker.py\", line 1007, in get_objects\n    ] = self.core_worker.get_objects(\n        ^^^^^^^^^^^^^^^^^^^^^^^^^^^^^\n  File \"python/ray/_raylet.pyx\", line 3473, in ray._raylet.CoreWorker.get_objects\n  File \"python/ray/includes/common.pxi\", line 105, in ray._raylet.check_status\nKeyboardInterrupt\n", "ts": "2026-10-04 13:02:35"}
[DBG] {"category": "RAY", "component": "ray", "elapsed_sec": 1.002449, "event": "END:join_trainer", "host": "d6b2a058c4be", "pid": 47750, "rank": null, "ts": "2026-10-04 13:02:35"}
