[DBG] {"category": "RAY", "component": "ray", "debug_all": false, "debug_data": false, "debug_fsdp": true, "debug_inference": false, "debug_queue": true, "debug_ray": true, "debug_reward": false, "debug_train": true, "event": "application_start", "host": "d6b2a058c4be", "pid": 74846, "rank": null, "ts": "2026-10-04 13:36:27"}
[DBG] {"address": "auto", "category": "RAY", "component": "ray", "event": "BEGIN:ray_init", "host": "d6b2a058c4be", "log_to_driver": false, "pid": 74846, "rank": null, "ts": "2026-10-04 13:36:27"}
[DBG] {"category": "RAY", "component": "ray", "event": "watchdog_armed", "host": "d6b2a058c4be", "pid": 74846, "rank": null, "stage": "ray_init", "timeout_sec": 30.0, "ts": "2026-10-04 13:36:27"}
[DBG] {"category": "RAY", "component": "ray", "elapsed_sec": 0.550027, "event": "END:ray_init", "host": "d6b2a058c4be", "pid": 74846, "rank": null, "ts": "2026-10-04 13:36:28"}
[DBG] {"category": "RAY", "component": "ray", "event": "cluster_resources", "host": "d6b2a058c4be", "pid": 74846, "rank": null, "resources": {"CPU": 27.0, "GPU": 3.0, "accelerator_type:RTX-A6000": 1.0, "memory": 115631294464.0, "node:172.20.0.2": 1.0, "node:__internal_head__": 1.0, "object_store_memory": 49556269056.0}, "ts": "2026-10-04 13:36:28"}
[DBG] {"category": "RAY", "component": "ray", "event": "resource_check", "gpu_available": 3, "gpu_needed": 3, "host": "d6b2a058c4be", "pid": 74846, "rank": null, "ts": "2026-10-04 13:36:28"}
[DBG] {"category": "RAY", "component": "ray", "event": "run_id", "host": "d6b2a058c4be", "pid": 74846, "rank": null, "run_id": "smoke01", "ts": "2026-10-04 13:36:28"}
[DBG] {"category": "RAY", "component": "ray", "event": "BEGIN:create_queue_actor", "host": "d6b2a058c4be", "pid": 74846, "rank": null, "ts": "2026-10-04 13:36:28"}
[DBG] {"category": "RAY", "component": "ray", "event": "watchdog_armed", "host": "d6b2a058c4be", "pid": 74846, "rank": null, "stage": "create_queue_actor", "timeout_sec": 30.0, "ts": "2026-10-04 13:36:28"}
[DBG] {"category": "RAY", "component": "ray", "elapsed_sec": 0.0296, "event": "END:create_queue_actor", "host": "d6b2a058c4be", "pid": 74846, "rank": null, "ts": "2026-10-04 13:36:28"}
[DBG] {"category": "QUEUE", "component": "ray", "event": "BEGIN:queue_describe", "host": "d6b2a058c4be", "pid": 74846, "rank": null, "ts": "2026-10-04 13:36:28"}
[DBG] {"category": "QUEUE", "component": "ray", "event": "watchdog_armed", "host": "d6b2a058c4be", "pid": 74846, "rank": null, "stage": "queue_describe", "timeout_sec": 30.0, "ts": "2026-10-04 13:36:28"}
[DBG] {"category": "QUEUE", "component": "ray", "elapsed_sec": 9.092465, "event": "END:queue_describe", "host": "d6b2a058c4be", "pid": 74846, "rank": null, "ts": "2026-10-04 13:36:37"}
[DBG] {"category": "RAY", "component": "ray", "event": "BEGIN:create_control_actor", "host": "d6b2a058c4be", "pid": 74846, "rank": null, "ts": "2026-10-04 13:36:37"}
[DBG] {"category": "RAY", "component": "ray", "event": "watchdog_armed", "host": "d6b2a058c4be", "pid": 74846, "rank": null, "stage": "create_control_actor", "timeout_sec": 30.0, "ts": "2026-10-04 13:36:37"}
[DBG] {"category": "RAY", "component": "ray", "elapsed_sec": 0.029221, "event": "END:create_control_actor", "host": "d6b2a058c4be", "pid": 74846, "rank": null, "ts": "2026-10-04 13:36:37"}
[DBG] {"category": "RAY", "component": "ray", "event": "BEGIN:create_tracker_actor", "host": "d6b2a058c4be", "pid": 74846, "rank": null, "ts": "2026-10-04 13:36:37"}
[DBG] {"category": "RAY", "component": "ray", "event": "watchdog_armed", "host": "d6b2a058c4be", "pid": 74846, "rank": null, "stage": "create_tracker_actor", "timeout_sec": 30.0, "ts": "2026-10-04 13:36:37"}
[DBG] {"category": "RAY", "component": "ray", "elapsed_sec": 0.028362, "event": "END:create_tracker_actor", "host": "d6b2a058c4be", "pid": 74846, "rank": null, "ts": "2026-10-04 13:36:37"}
[DBG] {"category": "RAY", "component": "ray", "event": "BEGIN:create_inference_actor", "gpus": 1, "host": "d6b2a058c4be", "pid": 74846, "rank": null, "ts": "2026-10-04 13:36:37"}
[DBG] {"category": "RAY", "component": "ray", "event": "watchdog_armed", "host": "d6b2a058c4be", "pid": 74846, "rank": null, "stage": "create_inference_actor", "timeout_sec": 30.0, "ts": "2026-10-04 13:36:37"}
[DBG] {"category": "RAY", "component": "ray", "elapsed_sec": 0.028532, "event": "END:create_inference_actor", "host": "d6b2a058c4be", "pid": 74846, "rank": null, "ts": "2026-10-04 13:36:37"}
[DBG] {"category": "RAY", "component": "ray", "event": "BEGIN:create_reward_actor", "gpus": 0, "host": "d6b2a058c4be", "pid": 74846, "rank": null, "ts": "2026-10-04 13:36:37"}
[DBG] {"category": "RAY", "component": "ray", "event": "watchdog_armed", "host": "d6b2a058c4be", "pid": 74846, "rank": null, "stage": "create_reward_actor", "timeout_sec": 30.0, "ts": "2026-10-04 13:36:37"}
[DBG] {"category": "RAY", "component": "ray", "elapsed_sec": 0.034712, "event": "END:create_reward_actor", "host": "d6b2a058c4be", "pid": 74846, "rank": null, "ts": "2026-10-04 13:36:37"}
[DBG] {"category": "RAY", "component": "ray", "event": "BEGIN:create_rollout_actor", "host": "d6b2a058c4be", "pid": 74846, "rank": null, "ts": "2026-10-04 13:36:37"}
[DBG] {"category": "RAY", "component": "ray", "event": "watchdog_armed", "host": "d6b2a058c4be", "pid": 74846, "rank": null, "stage": "create_rollout_actor", "timeout_sec": 30.0, "ts": "2026-10-04 13:36:37"}
[DBG] {"category": "RAY", "component": "ray", "elapsed_sec": 0.01382, "event": "END:create_rollout_actor", "host": "d6b2a058c4be", "pid": 74846, "rank": null, "ts": "2026-10-04 13:36:37"}
[DBG] {"category": "RAY", "component": "ray", "event": "BEGIN:create_trainer_actor", "host": "d6b2a058c4be", "pid": 74846, "rank": null, "ts": "2026-10-04 13:36:37"}
[DBG] {"category": "RAY", "component": "ray", "event": "watchdog_armed", "host": "d6b2a058c4be", "pid": 74846, "rank": null, "stage": "create_trainer_actor", "timeout_sec": 30.0, "ts": "2026-10-04 13:36:37"}
[DBG] {"category": "RAY", "component": "ray", "elapsed_sec": 0.013737, "event": "END:create_trainer_actor", "host": "d6b2a058c4be", "pid": 74846, "rank": null, "ts": "2026-10-04 13:36:37"}
[DBG] {"category": "RAY", "component": "ray", "event": "BEGIN:launch_trainer_actor", "host": "d6b2a058c4be", "pid": 74846, "rank": null, "ts": "2026-10-04 13:37:17"}
[DBG] {"category": "RAY", "component": "ray", "event": "watchdog_armed", "host": "d6b2a058c4be", "pid": 74846, "rank": null, "stage": "launch_trainer_actor", "timeout_sec": 30.0, "ts": "2026-10-04 13:37:17"}
[DBG] {"category": "RAY", "component": "ray", "elapsed_sec": 0.002712, "event": "END:launch_trainer_actor", "host": "d6b2a058c4be", "pid": 74846, "rank": null, "ts": "2026-10-04 13:37:17"}
[DBG] {"category": "RAY", "component": "ray", "event": "BEGIN:launch_rollout_producer", "host": "d6b2a058c4be", "pid": 74846, "rank": null, "ts": "2026-10-04 13:37:17"}
[DBG] {"category": "RAY", "component": "ray", "event": "watchdog_armed", "host": "d6b2a058c4be", "pid": 74846, "rank": null, "stage": "launch_rollout_producer", "timeout_sec": 30.0, "ts": "2026-10-04 13:37:17"}
[DBG] {"category": "RAY", "component": "ray", "elapsed_sec": 0.000859, "event": "END:launch_rollout_producer", "host": "d6b2a058c4be", "pid": 74846, "rank": null, "ts": "2026-10-04 13:37:17"}
[DBG] {"category": "RAY", "component": "ray", "event": "human_loop_start", "host": "d6b2a058c4be", "pid": 74846, "rank": null, "ts": "2026-10-04 13:37:17"}
[DBG] {"category": "QUEUE", "component": "ray", "event": "BEGIN:human_pop_rollout", "host": "d6b2a058c4be", "pid": 74846, "rank": null, "ts": "2026-10-04 13:37:17"}
[DBG] {"category": "QUEUE", "component": "ray", "event": "watchdog_armed", "host": "d6b2a058c4be", "pid": 74846, "rank": null, "stage": "human_pop_rollout", "timeout_sec": 30.0, "ts": "2026-10-04 13:37:17"}
[DBG] {"category": "QUEUE", "component": "ray", "elapsed_sec": 0.026427, "event": "END:human_pop_rollout", "host": "d6b2a058c4be", "pid": 74846, "rank": null, "ts": "2026-10-04 13:37:17"}
[DBG] {"category": "QUEUE", "component": "ray", "event": "BEGIN:human_pop_rollout", "host": "d6b2a058c4be", "pid": 74846, "rank": null, "ts": "2026-10-04 13:37:17"}
[DBG] {"category": "QUEUE", "component": "ray", "event": "watchdog_armed", "host": "d6b2a058c4be", "pid": 74846, "rank": null, "stage": "human_pop_rollout", "timeout_sec": 30.0, "ts": "2026-10-04 13:37:17"}
[DBG] {"category": "QUEUE", "component": "ray", "elapsed_sec": 0.007114, "event": "END:human_pop_rollout", "host": "d6b2a058c4be", "pid": 74846, "rank": null, "ts": "2026-10-04 13:37:17"}
[DBG] {"category": "QUEUE", "component": "ray", "event": "BEGIN:human_pop_rollout", "host": "d6b2a058c4be", "pid": 74846, "rank": null, "ts": "2026-10-04 13:37:18"}
[DBG] {"category": "QUEUE", "component": "ray", "event": "watchdog_armed", "host": "d6b2a058c4be", "pid": 74846, "rank": null, "stage": "human_pop_rollout", "timeout_sec": 30.0, "ts": "2026-10-04 13:37:18"}
[DBG] {"category": "QUEUE", "component": "ray", "elapsed_sec": 0.006919, "event": "END:human_pop_rollout", "host": "d6b2a058c4be", "pid": 74846, "rank": null, "ts": "2026-10-04 13:37:18"}
[DBG] {"category": "QUEUE", "component": "ray", "event": "BEGIN:human_pop_rollout", "host": "d6b2a058c4be", "pid": 74846, "rank": null, "ts": "2026-10-04 13:37:18"}
[DBG] {"category": "QUEUE", "component": "ray", "event": "watchdog_armed", "host": "d6b2a058c4be", "pid": 74846, "rank": null, "stage": "human_pop_rollout", "timeout_sec": 30.0, "ts": "2026-10-04 13:37:18"}
[DBG] {"category": "QUEUE", "component": "ray", "elapsed_sec": 0.007261, "event": "END:human_pop_rollout", "host": "d6b2a058c4be", "pid": 74846, "rank": null, "ts": "2026-10-04 13:37:18"}
[DBG] {"category": "QUEUE", "component": "ray", "event": "BEGIN:human_pop_rollout", "host": "d6b2a058c4be", "pid": 74846, "rank": null, "ts": "2026-10-04 13:37:18"}
[DBG] {"category": "QUEUE", "component": "ray", "event": "watchdog_armed", "host": "d6b2a058c4be", "pid": 74846, "rank": null, "stage": "human_pop_rollout", "timeout_sec": 30.0, "ts": "2026-10-04 13:37:18"}
[DBG] {"category": "QUEUE", "component": "ray", "elapsed_sec": 0.006834, "event": "END:human_pop_rollout", "host": "d6b2a058c4be", "pid": 74846, "rank": null, "ts": "2026-10-04 13:37:18"}
[DBG] {"category": "QUEUE", "component": "ray", "event": "BEGIN:human_pop_rollout", "host": "d6b2a058c4be", "pid": 74846, "rank": null, "ts": "2026-10-04 13:37:18"}
[DBG] {"category": "QUEUE", "component": "ray", "event": "watchdog_armed", "host": "d6b2a058c4be", "pid": 74846, "rank": null, "stage": "human_pop_rollout", "timeout_sec": 30.0, "ts": "2026-10-04 13:37:18"}
[DBG] {"category": "QUEUE", "component": "ray", "elapsed_sec": 0.007107, "event": "END:human_pop_rollout", "host": "d6b2a058c4be", "pid": 74846, "rank": null, "ts": "2026-10-04 13:37:18"}
[DBG] {"category": "QUEUE", "component": "ray", "event": "BEGIN:human_pop_rollout", "host": "d6b2a058c4be", "pid": 74846, "rank": null, "ts": "2026-10-04 13:37:18"}
[DBG] {"category": "QUEUE", "component": "ray", "event": "watchdog_armed", "host": "d6b2a058c4be", "pid": 74846, "rank": null, "stage": "human_pop_rollout", "timeout_sec": 30.0, "ts": "2026-10-04 13:37:18"}
[DBG] {"category": "QUEUE", "component": "ray", "elapsed_sec": 0.006866, "event": "END:human_pop_rollout", "host": "d6b2a058c4be", "pid": 74846, "rank": null, "ts": "2026-10-04 13:37:18"}
[DBG] {"category": "QUEUE", "component": "ray", "event": "BEGIN:human_pop_rollout", "host": "d6b2a058c4be", "pid": 74846, "rank": null, "ts": "2026-10-04 13:37:19"}
[DBG] {"category": "QUEUE", "component": "ray", "event": "watchdog_armed", "host": "d6b2a058c4be", "pid": 74846, "rank": null, "stage": "human_pop_rollout", "timeout_sec": 30.0, "ts": "2026-10-04 13:37:19"}
[DBG] {"category": "QUEUE", "component": "ray", "elapsed_sec": 0.006949, "event": "END:human_pop_rollout", "host": "d6b2a058c4be", "pid": 74846, "rank": null, "ts": "2026-10-04 13:37:19"}
[DBG] {"category": "QUEUE", "component": "ray", "event": "BEGIN:human_pop_rollout", "host": "d6b2a058c4be", "pid": 74846, "rank": null, "ts": "2026-10-04 13:37:19"}
[DBG] {"category": "QUEUE", "component": "ray", "event": "watchdog_armed", "host": "d6b2a058c4be", "pid": 74846, "rank": null, "stage": "human_pop_rollout", "timeout_sec": 30.0, "ts": "2026-10-04 13:37:19"}
[DBG] {"category": "QUEUE", "component": "ray", "elapsed_sec": 0.006734, "event": "END:human_pop_rollout", "host": "d6b2a058c4be", "pid": 74846, "rank": null, "ts": "2026-10-04 13:37:19"}
[DBG] {"category": "QUEUE", "component": "ray", "event": "BEGIN:human_pop_rollout", "host": "d6b2a058c4be", "pid": 74846, "rank": null, "ts": "2026-10-04 13:37:19"}
[DBG] {"category": "QUEUE", "component": "ray", "event": "watchdog_armed", "host": "d6b2a058c4be", "pid": 74846, "rank": null, "stage": "human_pop_rollout", "timeout_sec": 30.0, "ts": "2026-10-04 13:37:19"}
[DBG] {"category": "QUEUE", "component": "ray", "elapsed_sec": 0.006608, "event": "END:human_pop_rollout", "host": "d6b2a058c4be", "pid": 74846, "rank": null, "ts": "2026-10-04 13:37:19"}
[DBG] {"category": "QUEUE", "component": "ray", "event": "BEGIN:human_pop_rollout", "host": "d6b2a058c4be", "pid": 74846, "rank": null, "ts": "2026-10-04 13:37:19"}
[DBG] {"category": "QUEUE", "component": "ray", "event": "watchdog_armed", "host": "d6b2a058c4be", "pid": 74846, "rank": null, "stage": "human_pop_rollout", "timeout_sec": 30.0, "ts": "2026-10-04 13:37:19"}
[DBG] {"category": "QUEUE", "component": "ray", "elapsed_sec": 0.006668, "event": "END:human_pop_rollout", "host": "d6b2a058c4be", "pid": 74846, "rank": null, "ts": "2026-10-04 13:37:19"}
[DBG] {"category": "QUEUE", "component": "ray", "event": "BEGIN:human_pop_rollout", "host": "d6b2a058c4be", "pid": 74846, "rank": null, "ts": "2026-10-04 13:37:19"}
[DBG] {"category": "QUEUE", "component": "ray", "event": "watchdog_armed", "host": "d6b2a058c4be", "pid": 74846, "rank": null, "stage": "human_pop_rollout", "timeout_sec": 30.0, "ts": "2026-10-04 13:37:19"}
[DBG] {"category": "QUEUE", "component": "ray", "elapsed_sec": 0.006504, "event": "END:human_pop_rollout", "host": "d6b2a058c4be", "pid": 74846, "rank": null, "ts": "2026-10-04 13:37:19"}
[DBG] {"category": "QUEUE", "component": "ray", "event": "BEGIN:human_pop_rollout", "host": "d6b2a058c4be", "pid": 74846, "rank": null, "ts": "2026-10-04 13:37:20"}
[DBG] {"category": "QUEUE", "component": "ray", "event": "watchdog_armed", "host": "d6b2a058c4be", "pid": 74846, "rank": null, "stage": "human_pop_rollout", "timeout_sec": 30.0, "ts": "2026-10-04 13:37:20"}
[DBG] {"category": "QUEUE", "component": "ray", "elapsed_sec": 0.006847, "event": "END:human_pop_rollout", "host": "d6b2a058c4be", "pid": 74846, "rank": null, "ts": "2026-10-04 13:37:20"}
[DBG] {"category": "QUEUE", "component": "ray", "event": "BEGIN:human_pop_rollout", "host": "d6b2a058c4be", "pid": 74846, "rank": null, "ts": "2026-10-04 13:37:20"}
[DBG] {"category": "QUEUE", "component": "ray", "event": "watchdog_armed", "host": "d6b2a058c4be", "pid": 74846, "rank": null, "stage": "human_pop_rollout", "timeout_sec": 30.0, "ts": "2026-10-04 13:37:20"}
[DBG] {"category": "QUEUE", "component": "ray", "elapsed_sec": 0.006512, "event": "END:human_pop_rollout", "host": "d6b2a058c4be", "pid": 74846, "rank": null, "ts": "2026-10-04 13:37:20"}
[DBG] {"category": "QUEUE", "component": "ray", "event": "BEGIN:human_pop_rollout", "host": "d6b2a058c4be", "pid": 74846, "rank": null, "ts": "2026-10-04 13:37:20"}
[DBG] {"category": "QUEUE", "component": "ray", "event": "watchdog_armed", "host": "d6b2a058c4be", "pid": 74846, "rank": null, "stage": "human_pop_rollout", "timeout_sec": 30.0, "ts": "2026-10-04 13:37:20"}
[DBG] {"category": "QUEUE", "component": "ray", "elapsed_sec": 0.00655, "event": "END:human_pop_rollout", "host": "d6b2a058c4be", "pid": 74846, "rank": null, "ts": "2026-10-04 13:37:20"}
[DBG] {"category": "QUEUE", "component": "ray", "event": "BEGIN:human_pop_rollout", "host": "d6b2a058c4be", "pid": 74846, "rank": null, "ts": "2026-10-04 13:37:20"}
[DBG] {"category": "QUEUE", "component": "ray", "event": "watchdog_armed", "host": "d6b2a058c4be", "pid": 74846, "rank": null, "stage": "human_pop_rollout", "timeout_sec": 30.0, "ts": "2026-10-04 13:37:20"}
[DBG] {"category": "QUEUE", "component": "ray", "elapsed_sec": 0.006209, "event": "END:human_pop_rollout", "host": "d6b2a058c4be", "pid": 74846, "rank": null, "ts": "2026-10-04 13:37:20"}
[DBG] {"category": "QUEUE", "component": "ray", "event": "BEGIN:human_pop_rollout", "host": "d6b2a058c4be", "pid": 74846, "rank": null, "ts": "2026-10-04 13:37:21"}
[DBG] {"category": "QUEUE", "component": "ray", "event": "watchdog_armed", "host": "d6b2a058c4be", "pid": 74846, "rank": null, "stage": "human_pop_rollout", "timeout_sec": 30.0, "ts": "2026-10-04 13:37:21"}
[DBG] {"category": "QUEUE", "component": "ray", "elapsed_sec": 0.066804, "event": "END:human_pop_rollout", "host": "d6b2a058c4be", "pid": 74846, "rank": null, "ts": "2026-10-04 13:37:21"}
[DBG] {"category": "QUEUE", "component": "ray", "event": "human_group_received", "group_id": "c67627bbef3042d89e8d808cf0fae381", "host": "d6b2a058c4be", "pid": 74846, "rank": null, "ts": "2026-10-04 13:37:21"}
[DBG] {"category": "RAY", "component": "ray", "event": "human_prompt_begin", "group_id": "c67627bbef3042d89e8d808cf0fae381", "host": "d6b2a058c4be", "pid": 74846, "rank": null, "ts": "2026-10-04 13:37:21"}
[DBG] {"category": "RAY", "component": "ray", "event": "human_prompt_end", "group_id": "c67627bbef3042d89e8d808cf0fae381", "host": "d6b2a058c4be", "pid": 74846, "rank": null, "ts": "2026-10-04 13:37:41"}
[DBG] {"category": "QUEUE", "component": "ray", "event": "BEGIN:human_put_preference", "group_id": "c67627bbef3042d89e8d808cf0fae381", "host": "d6b2a058c4be", "pid": 74846, "rank": null, "ts": "2026-10-04 13:37:41"}
[DBG] {"category": "QUEUE", "component": "ray", "event": "watchdog_armed", "host": "d6b2a058c4be", "pid": 74846, "rank": null, "stage": "human_put_preference", "timeout_sec": 30.0, "ts": "2026-10-04 13:37:41"}
[DBG] {"category": "QUEUE", "component": "ray", "elapsed_sec": 0.02927, "event": "END:human_put_preference", "host": "d6b2a058c4be", "pid": 74846, "rank": null, "ts": "2026-10-04 13:37:41"}
[DBG] {"category": "QUEUE", "component": "ray", "event": "preference_selected", "group_id": "c67627bbef3042d89e8d808cf0fae381", "host": "d6b2a058c4be", "pid": 74846, "preference_pending": 1, "rank": null, "selected": 1, "ts": "2026-10-04 13:37:41"}
[DBG] {"axis/human_groups": 1, "category": "QUEUE", "component": "ray", "data/candidate_all": 1, "data/candidate_lgbm_agree": 0, "data/candidate_lgbm_only": 0, "data/candidate_neural_agree": 0, "data/candidate_neural_only": 0, "data/candidate_triple_agree": 0, "data/selected_pairs": 1, "data/selection_rate": 1.0, "event": "pipeline_metrics", "host": "d6b2a058c4be", "pid": 74846, "queue/preference": 1, "queue/rollout": 9, "rank": null, "ts": "2026-10-04 13:37:41"}
[DBG] {"category": "QUEUE", "component": "ray", "event": "BEGIN:human_pop_rollout", "host": "d6b2a058c4be", "pid": 74846, "rank": null, "ts": "2026-10-04 13:37:41"}
[DBG] {"category": "QUEUE", "component": "ray", "event": "watchdog_armed", "host": "d6b2a058c4be", "pid": 74846, "rank": null, "stage": "human_pop_rollout", "timeout_sec": 30.0, "ts": "2026-10-04 13:37:41"}
[DBG] {"category": "QUEUE", "component": "ray", "elapsed_sec": 0.051231, "event": "END:human_pop_rollout", "host": "d6b2a058c4be", "pid": 74846, "rank": null, "ts": "2026-10-04 13:37:41"}
[DBG] {"category": "QUEUE", "component": "ray", "event": "human_group_received", "group_id": "5361ff1d70194ff4abc87e9fd532a9e9", "host": "d6b2a058c4be", "pid": 74846, "rank": null, "ts": "2026-10-04 13:37:41"}
[DBG] {"category": "RAY", "component": "ray", "event": "human_prompt_begin", "group_id": "5361ff1d70194ff4abc87e9fd532a9e9", "host": "d6b2a058c4be", "pid": 74846, "rank": null, "ts": "2026-10-04 13:37:41"}
[DBG] {"category": "RAY", "component": "ray", "event": "human_prompt_end", "group_id": "5361ff1d70194ff4abc87e9fd532a9e9", "host": "d6b2a058c4be", "pid": 74846, "rank": null, "ts": "2026-10-04 13:37:42"}
[DBG] {"category": "QUEUE", "component": "ray", "event": "BEGIN:human_put_preference", "group_id": "5361ff1d70194ff4abc87e9fd532a9e9", "host": "d6b2a058c4be", "pid": 74846, "rank": null, "ts": "2026-10-04 13:37:42"}
[DBG] {"category": "QUEUE", "component": "ray", "event": "watchdog_armed", "host": "d6b2a058c4be", "pid": 74846, "rank": null, "stage": "human_put_preference", "timeout_sec": 30.0, "ts": "2026-10-04 13:37:42"}
[DBG] {"category": "QUEUE", "component": "ray", "elapsed_sec": 0.033985, "event": "END:human_put_preference", "host": "d6b2a058c4be", "pid": 74846, "rank": null, "ts": "2026-10-04 13:37:42"}
[DBG] {"category": "QUEUE", "component": "ray", "event": "preference_selected", "group_id": "5361ff1d70194ff4abc87e9fd532a9e9", "host": "d6b2a058c4be", "pid": 74846, "preference_pending": 2, "rank": null, "selected": 2, "ts": "2026-10-04 13:37:42"}
[DBG] {"axis/human_groups": 2, "category": "QUEUE", "component": "ray", "data/candidate_all": 2, "data/candidate_lgbm_agree": 0, "data/candidate_lgbm_only": 0, "data/candidate_neural_agree": 0, "data/candidate_neural_only": 0, "data/candidate_triple_agree": 0, "data/selected_pairs": 2, "data/selection_rate": 1.0, "event": "pipeline_metrics", "host": "d6b2a058c4be", "pid": 74846, "queue/preference": 2, "queue/rollout": 8, "rank": null, "ts": "2026-10-04 13:37:42"}
[DBG] {"category": "QUEUE", "component": "ray", "event": "BEGIN:human_pop_rollout", "host": "d6b2a058c4be", "pid": 74846, "rank": null, "ts": "2026-10-04 13:37:42"}
[DBG] {"category": "QUEUE", "component": "ray", "event": "watchdog_armed", "host": "d6b2a058c4be", "pid": 74846, "rank": null, "stage": "human_pop_rollout", "timeout_sec": 30.0, "ts": "2026-10-04 13:37:42"}
[DBG] {"category": "QUEUE", "component": "ray", "elapsed_sec": 0.049497, "event": "END:human_pop_rollout", "host": "d6b2a058c4be", "pid": 74846, "rank": null, "ts": "2026-10-04 13:37:42"}
[DBG] {"category": "QUEUE", "component": "ray", "event": "human_group_received", "group_id": "6eecafb7c1164429838b6e4726c0bbd9", "host": "d6b2a058c4be", "pid": 74846, "rank": null, "ts": "2026-10-04 13:37:42"}
[DBG] {"category": "RAY", "component": "ray", "event": "human_prompt_begin", "group_id": "6eecafb7c1164429838b6e4726c0bbd9", "host": "d6b2a058c4be", "pid": 74846, "rank": null, "ts": "2026-10-04 13:37:42"}
[DBG] {"category": "RAY", "component": "ray", "event": "human_prompt_end", "group_id": "6eecafb7c1164429838b6e4726c0bbd9", "host": "d6b2a058c4be", "pid": 74846, "rank": null, "ts": "2026-10-04 13:37:43"}
[DBG] {"category": "QUEUE", "component": "ray", "event": "BEGIN:human_put_preference", "group_id": "6eecafb7c1164429838b6e4726c0bbd9", "host": "d6b2a058c4be", "pid": 74846, "rank": null, "ts": "2026-10-04 13:37:43"}
[DBG] {"category": "QUEUE", "component": "ray", "event": "watchdog_armed", "host": "d6b2a058c4be", "pid": 74846, "rank": null, "stage": "human_put_preference", "timeout_sec": 30.0, "ts": "2026-10-04 13:37:43"}
[DBG] {"category": "QUEUE", "component": "ray", "elapsed_sec": 0.033494, "event": "END:human_put_preference", "host": "d6b2a058c4be", "pid": 74846, "rank": null, "ts": "2026-10-04 13:37:43"}
[DBG] {"category": "QUEUE", "component": "ray", "event": "preference_selected", "group_id": "6eecafb7c1164429838b6e4726c0bbd9", "host": "d6b2a058c4be", "pid": 74846, "preference_pending": 3, "rank": null, "selected": 3, "ts": "2026-10-04 13:37:43"}
[DBG] {"axis/human_groups": 3, "category": "QUEUE", "component": "ray", "data/candidate_all": 3, "data/candidate_lgbm_agree": 0, "data/candidate_lgbm_only": 0, "data/candidate_neural_agree": 0, "data/candidate_neural_only": 0, "data/candidate_triple_agree": 0, "data/selected_pairs": 3, "data/selection_rate": 1.0, "event": "pipeline_metrics", "host": "d6b2a058c4be", "pid": 74846, "queue/preference": 3, "queue/rollout": 9, "rank": null, "ts": "2026-10-04 13:37:43"}
[DBG] {"category": "QUEUE", "component": "ray", "event": "BEGIN:human_pop_rollout", "host": "d6b2a058c4be", "pid": 74846, "rank": null, "ts": "2026-10-04 13:37:43"}
[DBG] {"category": "QUEUE", "component": "ray", "event": "watchdog_armed", "host": "d6b2a058c4be", "pid": 74846, "rank": null, "stage": "human_pop_rollout", "timeout_sec": 30.0, "ts": "2026-10-04 13:37:43"}
[DBG] {"category": "QUEUE", "component": "ray", "elapsed_sec": 0.04988, "event": "END:human_pop_rollout", "host": "d6b2a058c4be", "pid": 74846, "rank": null, "ts": "2026-10-04 13:37:43"}
[DBG] {"category": "QUEUE", "component": "ray", "event": "human_group_received", "group_id": "afd7a98721c646f0b8ba708a3142a214", "host": "d6b2a058c4be", "pid": 74846, "rank": null, "ts": "2026-10-04 13:37:43"}
[DBG] {"category": "RAY", "component": "ray", "event": "human_prompt_begin", "group_id": "afd7a98721c646f0b8ba708a3142a214", "host": "d6b2a058c4be", "pid": 74846, "rank": null, "ts": "2026-10-04 13:37:43"}
[DBG] {"category": "RAY", "component": "ray", "event": "human_prompt_end", "group_id": "afd7a98721c646f0b8ba708a3142a214", "host": "d6b2a058c4be", "pid": 74846, "rank": null, "ts": "2026-10-04 13:37:44"}
[DBG] {"category": "QUEUE", "component": "ray", "event": "BEGIN:human_put_preference", "group_id": "afd7a98721c646f0b8ba708a3142a214", "host": "d6b2a058c4be", "pid": 74846, "rank": null, "ts": "2026-10-04 13:37:44"}
[DBG] {"category": "QUEUE", "component": "ray", "event": "watchdog_armed", "host": "d6b2a058c4be", "pid": 74846, "rank": null, "stage": "human_put_preference", "timeout_sec": 30.0, "ts": "2026-10-04 13:37:44"}
[DBG] {"category": "QUEUE", "component": "ray", "elapsed_sec": 0.032485, "event": "END:human_put_preference", "host": "d6b2a058c4be", "pid": 74846, "rank": null, "ts": "2026-10-04 13:37:44"}
[DBG] {"category": "QUEUE", "component": "ray", "event": "preference_selected", "group_id": "afd7a98721c646f0b8ba708a3142a214", "host": "d6b2a058c4be", "pid": 74846, "preference_pending": 4, "rank": null, "selected": 4, "ts": "2026-10-04 13:37:44"}
[DBG] {"axis/human_groups": 4, "category": "QUEUE", "component": "ray", "data/candidate_all": 4, "data/candidate_lgbm_agree": 0, "data/candidate_lgbm_only": 0, "data/candidate_neural_agree": 0, "data/candidate_neural_only": 0, "data/candidate_triple_agree": 0, "data/selected_pairs": 4, "data/selection_rate": 1.0, "event": "pipeline_metrics", "host": "d6b2a058c4be", "pid": 74846, "queue/preference": 4, "queue/rollout": 8, "rank": null, "ts": "2026-10-04 13:37:44"}
[DBG] {"category": "QUEUE", "component": "ray", "event": "BEGIN:human_pop_rollout", "host": "d6b2a058c4be", "pid": 74846, "rank": null, "ts": "2026-10-04 13:37:44"}
[DBG] {"category": "QUEUE", "component": "ray", "event": "watchdog_armed", "host": "d6b2a058c4be", "pid": 74846, "rank": null, "stage": "human_pop_rollout", "timeout_sec": 30.0, "ts": "2026-10-04 13:37:44"}
[DBG] {"category": "QUEUE", "component": "ray", "elapsed_sec": 0.036567, "event": "END:human_pop_rollout", "host": "d6b2a058c4be", "pid": 74846, "rank": null, "ts": "2026-10-04 13:37:44"}
[DBG] {"category": "QUEUE", "component": "ray", "event": "human_group_received", "group_id": "c5dacb9c76cd4e49b466dec5ef36d123", "host": "d6b2a058c4be", "pid": 74846, "rank": null, "ts": "2026-10-04 13:37:44"}
[DBG] {"category": "RAY", "component": "ray", "event": "human_prompt_begin", "group_id": "c5dacb9c76cd4e49b466dec5ef36d123", "host": "d6b2a058c4be", "pid": 74846, "rank": null, "ts": "2026-10-04 13:37:44"}
[DBG] {"category": "RAY", "component": "ray", "event": "human_prompt_end", "group_id": "c5dacb9c76cd4e49b466dec5ef36d123", "host": "d6b2a058c4be", "pid": 74846, "rank": null, "ts": "2026-10-04 13:37:45"}
[DBG] {"category": "QUEUE", "component": "ray", "event": "BEGIN:human_put_preference", "group_id": "c5dacb9c76cd4e49b466dec5ef36d123", "host": "d6b2a058c4be", "pid": 74846, "rank": null, "ts": "2026-10-04 13:37:45"}
[DBG] {"category": "QUEUE", "component": "ray", "event": "watchdog_armed", "host": "d6b2a058c4be", "pid": 74846, "rank": null, "stage": "human_put_preference", "timeout_sec": 30.0, "ts": "2026-10-04 13:37:45"}
[DBG] {"category": "QUEUE", "component": "ray", "elapsed_sec": 0.032986, "event": "END:human_put_preference", "host": "d6b2a058c4be", "pid": 74846, "rank": null, "ts": "2026-10-04 13:37:45"}
[DBG] {"category": "QUEUE", "component": "ray", "event": "preference_selected", "group_id": "c5dacb9c76cd4e49b466dec5ef36d123", "host": "d6b2a058c4be", "pid": 74846, "preference_pending": 5, "rank": null, "selected": 5, "ts": "2026-10-04 13:37:45"}
[DBG] {"axis/human_groups": 5, "category": "QUEUE", "component": "ray", "data/candidate_all": 5, "data/candidate_lgbm_agree": 0, "data/candidate_lgbm_only": 0, "data/candidate_neural_agree": 0, "data/candidate_neural_only": 0, "data/candidate_triple_agree": 0, "data/selected_pairs": 5, "data/selection_rate": 1.0, "event": "pipeline_metrics", "host": "d6b2a058c4be", "pid": 74846, "queue/preference": 5, "queue/rollout": 9, "rank": null, "ts": "2026-10-04 13:37:45"}
[DBG] {"category": "QUEUE", "component": "ray", "event": "BEGIN:human_pop_rollout", "host": "d6b2a058c4be", "pid": 74846, "rank": null, "ts": "2026-10-04 13:37:45"}
[DBG] {"category": "QUEUE", "component": "ray", "event": "watchdog_armed", "host": "d6b2a058c4be", "pid": 74846, "rank": null, "stage": "human_pop_rollout", "timeout_sec": 30.0, "ts": "2026-10-04 13:37:45"}
[DBG] {"category": "QUEUE", "component": "ray", "elapsed_sec": 0.054181, "event": "END:human_pop_rollout", "host": "d6b2a058c4be", "pid": 74846, "rank": null, "ts": "2026-10-04 13:37:45"}
[DBG] {"category": "QUEUE", "component": "ray", "event": "human_group_received", "group_id": "55782ab7d56e44deb8a91561f6a2dccb", "host": "d6b2a058c4be", "pid": 74846, "rank": null, "ts": "2026-10-04 13:37:45"}
[DBG] {"category": "RAY", "component": "ray", "event": "human_prompt_begin", "group_id": "55782ab7d56e44deb8a91561f6a2dccb", "host": "d6b2a058c4be", "pid": 74846, "rank": null, "ts": "2026-10-04 13:37:45"}
[DBG] {"category": "RAY", "component": "ray", "event": "human_prompt_end", "group_id": "55782ab7d56e44deb8a91561f6a2dccb", "host": "d6b2a058c4be", "pid": 74846, "rank": null, "ts": "2026-10-04 13:37:47"}
[DBG] {"category": "QUEUE", "component": "ray", "event": "BEGIN:human_put_preference", "group_id": "55782ab7d56e44deb8a91561f6a2dccb", "host": "d6b2a058c4be", "pid": 74846, "rank": null, "ts": "2026-10-04 13:37:47"}
[DBG] {"category": "QUEUE", "component": "ray", "event": "watchdog_armed", "host": "d6b2a058c4be", "pid": 74846, "rank": null, "stage": "human_put_preference", "timeout_sec": 30.0, "ts": "2026-10-04 13:37:47"}
[DBG] {"category": "QUEUE", "component": "ray", "elapsed_sec": 0.031016, "event": "END:human_put_preference", "host": "d6b2a058c4be", "pid": 74846, "rank": null, "ts": "2026-10-04 13:37:47"}
[DBG] {"category": "QUEUE", "component": "ray", "event": "preference_selected", "group_id": "55782ab7d56e44deb8a91561f6a2dccb", "host": "d6b2a058c4be", "pid": 74846, "preference_pending": 6, "rank": null, "selected": 6, "ts": "2026-10-04 13:37:47"}
[DBG] {"axis/human_groups": 6, "category": "QUEUE", "component": "ray", "data/candidate_all": 6, "data/candidate_lgbm_agree": 0, "data/candidate_lgbm_only": 0, "data/candidate_neural_agree": 0, "data/candidate_neural_only": 0, "data/candidate_triple_agree": 0, "data/selected_pairs": 6, "data/selection_rate": 1.0, "event": "pipeline_metrics", "host": "d6b2a058c4be", "pid": 74846, "queue/preference": 6, "queue/rollout": 8, "rank": null, "ts": "2026-10-04 13:37:47"}
[DBG] {"category": "QUEUE", "component": "ray", "event": "BEGIN:human_pop_rollout", "host": "d6b2a058c4be", "pid": 74846, "rank": null, "ts": "2026-10-04 13:37:47"}
[DBG] {"category": "QUEUE", "component": "ray", "event": "watchdog_armed", "host": "d6b2a058c4be", "pid": 74846, "rank": null, "stage": "human_pop_rollout", "timeout_sec": 30.0, "ts": "2026-10-04 13:37:47"}
[DBG] {"category": "QUEUE", "component": "ray", "elapsed_sec": 0.049698, "event": "END:human_pop_rollout", "host": "d6b2a058c4be", "pid": 74846, "rank": null, "ts": "2026-10-04 13:37:47"}
[DBG] {"category": "QUEUE", "component": "ray", "event": "human_group_received", "group_id": "62d915cc9bcd4097935a3aa8e8af757f", "host": "d6b2a058c4be", "pid": 74846, "rank": null, "ts": "2026-10-04 13:37:47"}
[DBG] {"category": "RAY", "component": "ray", "event": "human_prompt_begin", "group_id": "62d915cc9bcd4097935a3aa8e8af757f", "host": "d6b2a058c4be", "pid": 74846, "rank": null, "ts": "2026-10-04 13:37:47"}
[DBG] {"category": "RAY", "component": "ray", "event": "human_prompt_end", "group_id": "62d915cc9bcd4097935a3aa8e8af757f", "host": "d6b2a058c4be", "pid": 74846, "rank": null, "ts": "2026-10-04 13:37:48"}
[DBG] {"category": "QUEUE", "component": "ray", "event": "BEGIN:human_put_preference", "group_id": "62d915cc9bcd4097935a3aa8e8af757f", "host": "d6b2a058c4be", "pid": 74846, "rank": null, "ts": "2026-10-04 13:37:48"}
[DBG] {"category": "QUEUE", "component": "ray", "event": "watchdog_armed", "host": "d6b2a058c4be", "pid": 74846, "rank": null, "stage": "human_put_preference", "timeout_sec": 30.0, "ts": "2026-10-04 13:37:48"}
[DBG] {"category": "QUEUE", "component": "ray", "elapsed_sec": 0.032207, "event": "END:human_put_preference", "host": "d6b2a058c4be", "pid": 74846, "rank": null, "ts": "2026-10-04 13:37:48"}
[DBG] {"category": "QUEUE", "component": "ray", "event": "preference_selected", "group_id": "62d915cc9bcd4097935a3aa8e8af757f", "host": "d6b2a058c4be", "pid": 74846, "preference_pending": 7, "rank": null, "selected": 7, "ts": "2026-10-04 13:37:48"}
[DBG] {"axis/human_groups": 7, "category": "QUEUE", "component": "ray", "data/candidate_all": 7, "data/candidate_lgbm_agree": 0, "data/candidate_lgbm_only": 0, "data/candidate_neural_agree": 0, "data/candidate_neural_only": 0, "data/candidate_triple_agree": 0, "data/selected_pairs": 7, "data/selection_rate": 1.0, "event": "pipeline_metrics", "host": "d6b2a058c4be", "pid": 74846, "queue/preference": 7, "queue/rollout": 9, "rank": null, "ts": "2026-10-04 13:37:48"}
[DBG] {"category": "QUEUE", "component": "ray", "event": "BEGIN:human_pop_rollout", "host": "d6b2a058c4be", "pid": 74846, "rank": null, "ts": "2026-10-04 13:37:48"}
[DBG] {"category": "QUEUE", "component": "ray", "event": "watchdog_armed", "host": "d6b2a058c4be", "pid": 74846, "rank": null, "stage": "human_pop_rollout", "timeout_sec": 30.0, "ts": "2026-10-04 13:37:48"}
[DBG] {"category": "QUEUE", "component": "ray", "elapsed_sec": 0.050999, "event": "END:human_pop_rollout", "host": "d6b2a058c4be", "pid": 74846, "rank": null, "ts": "2026-10-04 13:37:48"}
[DBG] {"category": "QUEUE", "component": "ray", "event": "human_group_received", "group_id": "38576a20ce204edb8f18e9fd3f604bb0", "host": "d6b2a058c4be", "pid": 74846, "rank": null, "ts": "2026-10-04 13:37:48"}
[DBG] {"category": "RAY", "component": "ray", "event": "human_prompt_begin", "group_id": "38576a20ce204edb8f18e9fd3f604bb0", "host": "d6b2a058c4be", "pid": 74846, "rank": null, "ts": "2026-10-04 13:37:48"}
[DBG] {"category": "RAY", "component": "ray", "event": "human_prompt_end", "group_id": "38576a20ce204edb8f18e9fd3f604bb0", "host": "d6b2a058c4be", "pid": 74846, "rank": null, "ts": "2026-10-04 13:37:49"}
[DBG] {"category": "QUEUE", "component": "ray", "event": "BEGIN:human_put_preference", "group_id": "38576a20ce204edb8f18e9fd3f604bb0", "host": "d6b2a058c4be", "pid": 74846, "rank": null, "ts": "2026-10-04 13:37:49"}
[DBG] {"category": "QUEUE", "component": "ray", "event": "watchdog_armed", "host": "d6b2a058c4be", "pid": 74846, "rank": null, "stage": "human_put_preference", "timeout_sec": 30.0, "ts": "2026-10-04 13:37:49"}
[DBG] {"category": "QUEUE", "component": "ray", "elapsed_sec": 0.030464, "event": "END:human_put_preference", "host": "d6b2a058c4be", "pid": 74846, "rank": null, "ts": "2026-10-04 13:37:49"}
[DBG] {"category": "QUEUE", "component": "ray", "event": "preference_selected", "group_id": "38576a20ce204edb8f18e9fd3f604bb0", "host": "d6b2a058c4be", "pid": 74846, "preference_pending": 8, "rank": null, "selected": 8, "ts": "2026-10-04 13:37:49"}
[DBG] {"axis/human_groups": 8, "category": "QUEUE", "component": "ray", "data/candidate_all": 8, "data/candidate_lgbm_agree": 0, "data/candidate_lgbm_only": 0, "data/candidate_neural_agree": 0, "data/candidate_neural_only": 0, "data/candidate_triple_agree": 0, "data/selected_pairs": 8, "data/selection_rate": 1.0, "event": "pipeline_metrics", "host": "d6b2a058c4be", "pid": 74846, "queue/preference": 8, "queue/rollout": 8, "rank": null, "ts": "2026-10-04 13:37:49"}
[DBG] {"category": "QUEUE", "component": "ray", "event": "BEGIN:human_pop_rollout", "host": "d6b2a058c4be", "pid": 74846, "rank": null, "ts": "2026-10-04 13:37:49"}
[DBG] {"category": "QUEUE", "component": "ray", "event": "watchdog_armed", "host": "d6b2a058c4be", "pid": 74846, "rank": null, "stage": "human_pop_rollout", "timeout_sec": 30.0, "ts": "2026-10-04 13:37:49"}
[DBG] {"category": "QUEUE", "component": "ray", "elapsed_sec": 0.047819, "event": "END:human_pop_rollout", "host": "d6b2a058c4be", "pid": 74846, "rank": null, "ts": "2026-10-04 13:37:49"}
[DBG] {"category": "QUEUE", "component": "ray", "event": "human_group_received", "group_id": "52eb32692ca24ede810e3bc2f8ff0745", "host": "d6b2a058c4be", "pid": 74846, "rank": null, "ts": "2026-10-04 13:37:49"}
[DBG] {"category": "RAY", "component": "ray", "event": "human_prompt_begin", "group_id": "52eb32692ca24ede810e3bc2f8ff0745", "host": "d6b2a058c4be", "pid": 74846, "rank": null, "ts": "2026-10-04 13:37:49"}
[DBG] {"category": "RAY", "component": "ray", "event": "human_prompt_end", "group_id": "52eb32692ca24ede810e3bc2f8ff0745", "host": "d6b2a058c4be", "pid": 74846, "rank": null, "ts": "2026-10-04 13:37:50"}
[DBG] {"category": "QUEUE", "component": "ray", "event": "BEGIN:human_put_preference", "group_id": "52eb32692ca24ede810e3bc2f8ff0745", "host": "d6b2a058c4be", "pid": 74846, "rank": null, "ts": "2026-10-04 13:37:50"}
[DBG] {"category": "QUEUE", "component": "ray", "event": "watchdog_armed", "host": "d6b2a058c4be", "pid": 74846, "rank": null, "stage": "human_put_preference", "timeout_sec": 30.0, "ts": "2026-10-04 13:37:50"}
[DBG] {"category": "QUEUE", "component": "ray", "elapsed_sec": 0.029977, "event": "END:human_put_preference", "host": "d6b2a058c4be", "pid": 74846, "rank": null, "ts": "2026-10-04 13:37:50"}
[DBG] {"category": "QUEUE", "component": "ray", "event": "preference_selected", "group_id": "52eb32692ca24ede810e3bc2f8ff0745", "host": "d6b2a058c4be", "pid": 74846, "preference_pending": 9, "rank": null, "selected": 9, "ts": "2026-10-04 13:37:50"}
[DBG] {"axis/human_groups": 9, "category": "QUEUE", "component": "ray", "data/candidate_all": 9, "data/candidate_lgbm_agree": 0, "data/candidate_lgbm_only": 0, "data/candidate_neural_agree": 0, "data/candidate_neural_only": 0, "data/candidate_triple_agree": 0, "data/selected_pairs": 9, "data/selection_rate": 1.0, "event": "pipeline_metrics", "host": "d6b2a058c4be", "pid": 74846, "queue/preference": 9, "queue/rollout": 9, "rank": null, "ts": "2026-10-04 13:37:50"}
[DBG] {"category": "QUEUE", "component": "ray", "event": "BEGIN:human_pop_rollout", "host": "d6b2a058c4be", "pid": 74846, "rank": null, "ts": "2026-10-04 13:37:50"}
[DBG] {"category": "QUEUE", "component": "ray", "event": "watchdog_armed", "host": "d6b2a058c4be", "pid": 74846, "rank": null, "stage": "human_pop_rollout", "timeout_sec": 30.0, "ts": "2026-10-04 13:37:50"}
[DBG] {"category": "QUEUE", "component": "ray", "elapsed_sec": 0.047518, "event": "END:human_pop_rollout", "host": "d6b2a058c4be", "pid": 74846, "rank": null, "ts": "2026-10-04 13:37:50"}
[DBG] {"category": "QUEUE", "component": "ray", "event": "human_group_received", "group_id": "634bb3d8621c446385e7a8fd45d0d5e0", "host": "d6b2a058c4be", "pid": 74846, "rank": null, "ts": "2026-10-04 13:37:50"}
[DBG] {"category": "RAY", "component": "ray", "event": "human_prompt_begin", "group_id": "634bb3d8621c446385e7a8fd45d0d5e0", "host": "d6b2a058c4be", "pid": 74846, "rank": null, "ts": "2026-10-04 13:37:50"}
[DBG] {"category": "RAY", "component": "ray", "event": "human_prompt_end", "group_id": "634bb3d8621c446385e7a8fd45d0d5e0", "host": "d6b2a058c4be", "pid": 74846, "rank": null, "ts": "2026-10-04 13:37:52"}
[DBG] {"category": "QUEUE", "component": "ray", "event": "BEGIN:human_put_preference", "group_id": "634bb3d8621c446385e7a8fd45d0d5e0", "host": "d6b2a058c4be", "pid": 74846, "rank": null, "ts": "2026-10-04 13:37:52"}
[DBG] {"category": "QUEUE", "component": "ray", "event": "watchdog_armed", "host": "d6b2a058c4be", "pid": 74846, "rank": null, "stage": "human_put_preference", "timeout_sec": 30.0, "ts": "2026-10-04 13:37:52"}
[DBG] {"category": "QUEUE", "component": "ray", "elapsed_sec": 0.029755, "event": "END:human_put_preference", "host": "d6b2a058c4be", "pid": 74846, "rank": null, "ts": "2026-10-04 13:37:52"}
[DBG] {"category": "QUEUE", "component": "ray", "event": "preference_selected", "group_id": "634bb3d8621c446385e7a8fd45d0d5e0", "host": "d6b2a058c4be", "pid": 74846, "preference_pending": 10, "rank": null, "selected": 10, "ts": "2026-10-04 13:37:52"}
[DBG] {"axis/human_groups": 10, "category": "QUEUE", "component": "ray", "data/candidate_all": 10, "data/candidate_lgbm_agree": 0, "data/candidate_lgbm_only": 0, "data/candidate_neural_agree": 0, "data/candidate_neural_only": 0, "data/candidate_triple_agree": 0, "data/selected_pairs": 10, "data/selection_rate": 1.0, "event": "pipeline_metrics", "host": "d6b2a058c4be", "pid": 74846, "queue/preference": 10, "queue/rollout": 8, "rank": null, "ts": "2026-10-04 13:37:52"}
[DBG] {"category": "QUEUE", "component": "ray", "event": "BEGIN:human_pop_rollout", "host": "d6b2a058c4be", "pid": 74846, "rank": null, "ts": "2026-10-04 13:37:52"}
[DBG] {"category": "QUEUE", "component": "ray", "event": "watchdog_armed", "host": "d6b2a058c4be", "pid": 74846, "rank": null, "stage": "human_pop_rollout", "timeout_sec": 30.0, "ts": "2026-10-04 13:37:52"}
[DBG] {"category": "QUEUE", "component": "ray", "elapsed_sec": 0.049083, "event": "END:human_pop_rollout", "host": "d6b2a058c4be", "pid": 74846, "rank": null, "ts": "2026-10-04 13:37:52"}
[DBG] {"category": "QUEUE", "component": "ray", "event": "human_group_received", "group_id": "8a3bedf54497472fac38688ec46316ae", "host": "d6b2a058c4be", "pid": 74846, "rank": null, "ts": "2026-10-04 13:37:52"}
[DBG] {"category": "RAY", "component": "ray", "event": "human_prompt_begin", "group_id": "8a3bedf54497472fac38688ec46316ae", "host": "d6b2a058c4be", "pid": 74846, "rank": null, "ts": "2026-10-04 13:37:52"}
[DBG] {"category": "RAY", "component": "ray", "event": "human_prompt_end", "group_id": "8a3bedf54497472fac38688ec46316ae", "host": "d6b2a058c4be", "pid": 74846, "rank": null, "ts": "2026-10-04 13:37:53"}
[DBG] {"category": "QUEUE", "component": "ray", "event": "BEGIN:human_put_preference", "group_id": "8a3bedf54497472fac38688ec46316ae", "host": "d6b2a058c4be", "pid": 74846, "rank": null, "ts": "2026-10-04 13:37:53"}
[DBG] {"category": "QUEUE", "component": "ray", "event": "watchdog_armed", "host": "d6b2a058c4be", "pid": 74846, "rank": null, "stage": "human_put_preference", "timeout_sec": 30.0, "ts": "2026-10-04 13:37:53"}
[DBG] {"category": "QUEUE", "component": "ray", "elapsed_sec": 0.031602, "event": "END:human_put_preference", "host": "d6b2a058c4be", "pid": 74846, "rank": null, "ts": "2026-10-04 13:37:53"}
[DBG] {"category": "QUEUE", "component": "ray", "event": "preference_selected", "group_id": "8a3bedf54497472fac38688ec46316ae", "host": "d6b2a058c4be", "pid": 74846, "preference_pending": 11, "rank": null, "selected": 11, "ts": "2026-10-04 13:37:53"}
[DBG] {"axis/human_groups": 11, "category": "QUEUE", "component": "ray", "data/candidate_all": 11, "data/candidate_lgbm_agree": 0, "data/candidate_lgbm_only": 0, "data/candidate_neural_agree": 0, "data/candidate_neural_only": 0, "data/candidate_triple_agree": 0, "data/selected_pairs": 11, "data/selection_rate": 1.0, "event": "pipeline_metrics", "host": "d6b2a058c4be", "pid": 74846, "queue/preference": 11, "queue/rollout": 9, "rank": null, "ts": "2026-10-04 13:37:53"}
[DBG] {"category": "QUEUE", "component": "ray", "event": "BEGIN:human_pop_rollout", "host": "d6b2a058c4be", "pid": 74846, "rank": null, "ts": "2026-10-04 13:37:53"}
[DBG] {"category": "QUEUE", "component": "ray", "event": "watchdog_armed", "host": "d6b2a058c4be", "pid": 74846, "rank": null, "stage": "human_pop_rollout", "timeout_sec": 30.0, "ts": "2026-10-04 13:37:53"}
[DBG] {"category": "QUEUE", "component": "ray", "elapsed_sec": 0.048763, "event": "END:human_pop_rollout", "host": "d6b2a058c4be", "pid": 74846, "rank": null, "ts": "2026-10-04 13:37:53"}
[DBG] {"category": "QUEUE", "component": "ray", "event": "human_group_received", "group_id": "22dada67e8c14fc183949d9709b580d5", "host": "d6b2a058c4be", "pid": 74846, "rank": null, "ts": "2026-10-04 13:37:53"}
[DBG] {"category": "RAY", "component": "ray", "event": "human_prompt_begin", "group_id": "22dada67e8c14fc183949d9709b580d5", "host": "d6b2a058c4be", "pid": 74846, "rank": null, "ts": "2026-10-04 13:37:53"}
[DBG] {"category": "RAY", "component": "ray", "event": "human_prompt_end", "group_id": "22dada67e8c14fc183949d9709b580d5", "host": "d6b2a058c4be", "pid": 74846, "rank": null, "ts": "2026-10-04 13:37:55"}
[DBG] {"category": "QUEUE", "component": "ray", "event": "BEGIN:human_put_preference", "group_id": "22dada67e8c14fc183949d9709b580d5", "host": "d6b2a058c4be", "pid": 74846, "rank": null, "ts": "2026-10-04 13:37:55"}
[DBG] {"category": "QUEUE", "component": "ray", "event": "watchdog_armed", "host": "d6b2a058c4be", "pid": 74846, "rank": null, "stage": "human_put_preference", "timeout_sec": 30.0, "ts": "2026-10-04 13:37:55"}
[DBG] {"category": "QUEUE", "component": "ray", "elapsed_sec": 0.033513, "event": "END:human_put_preference", "host": "d6b2a058c4be", "pid": 74846, "rank": null, "ts": "2026-10-04 13:37:55"}
[DBG] {"category": "QUEUE", "component": "ray", "event": "preference_selected", "group_id": "22dada67e8c14fc183949d9709b580d5", "host": "d6b2a058c4be", "pid": 74846, "preference_pending": 12, "rank": null, "selected": 12, "ts": "2026-10-04 13:37:55"}
[DBG] {"axis/human_groups": 12, "category": "QUEUE", "component": "ray", "data/candidate_all": 12, "data/candidate_lgbm_agree": 0, "data/candidate_lgbm_only": 0, "data/candidate_neural_agree": 0, "data/candidate_neural_only": 0, "data/candidate_triple_agree": 0, "data/selected_pairs": 12, "data/selection_rate": 1.0, "event": "pipeline_metrics", "host": "d6b2a058c4be", "pid": 74846, "queue/preference": 12, "queue/rollout": 8, "rank": null, "ts": "2026-10-04 13:37:55"}
[DBG] {"category": "QUEUE", "component": "ray", "event": "BEGIN:human_pop_rollout", "host": "d6b2a058c4be", "pid": 74846, "rank": null, "ts": "2026-10-04 13:37:55"}
[DBG] {"category": "QUEUE", "component": "ray", "event": "watchdog_armed", "host": "d6b2a058c4be", "pid": 74846, "rank": null, "stage": "human_pop_rollout", "timeout_sec": 30.0, "ts": "2026-10-04 13:37:55"}
[DBG] {"category": "QUEUE", "component": "ray", "elapsed_sec": 0.046645, "event": "END:human_pop_rollout", "host": "d6b2a058c4be", "pid": 74846, "rank": null, "ts": "2026-10-04 13:37:55"}
[DBG] {"category": "QUEUE", "component": "ray", "event": "human_group_received", "group_id": "69115bdf101b40d29a31be2ba27c5a91", "host": "d6b2a058c4be", "pid": 74846, "rank": null, "ts": "2026-10-04 13:37:55"}
[DBG] {"category": "RAY", "component": "ray", "event": "human_prompt_begin", "group_id": "69115bdf101b40d29a31be2ba27c5a91", "host": "d6b2a058c4be", "pid": 74846, "rank": null, "ts": "2026-10-04 13:37:55"}
[DBG] {"category": "RAY", "component": "ray", "event": "human_prompt_end", "group_id": "69115bdf101b40d29a31be2ba27c5a91", "host": "d6b2a058c4be", "pid": 74846, "rank": null, "ts": "2026-10-04 13:37:56"}
[DBG] {"category": "QUEUE", "component": "ray", "event": "BEGIN:human_put_preference", "group_id": "69115bdf101b40d29a31be2ba27c5a91", "host": "d6b2a058c4be", "pid": 74846, "rank": null, "ts": "2026-10-04 13:37:56"}
[DBG] {"category": "QUEUE", "component": "ray", "event": "watchdog_armed", "host": "d6b2a058c4be", "pid": 74846, "rank": null, "stage": "human_put_preference", "timeout_sec": 30.0, "ts": "2026-10-04 13:37:56"}
[DBG] {"category": "QUEUE", "component": "ray", "elapsed_sec": 0.029593, "event": "END:human_put_preference", "host": "d6b2a058c4be", "pid": 74846, "rank": null, "ts": "2026-10-04 13:37:56"}
[DBG] {"category": "QUEUE", "component": "ray", "event": "preference_selected", "group_id": "69115bdf101b40d29a31be2ba27c5a91", "host": "d6b2a058c4be", "pid": 74846, "preference_pending": 13, "rank": null, "selected": 13, "ts": "2026-10-04 13:37:56"}
[DBG] {"axis/human_groups": 13, "category": "QUEUE", "component": "ray", "data/candidate_all": 13, "data/candidate_lgbm_agree": 0, "data/candidate_lgbm_only": 0, "data/candidate_neural_agree": 0, "data/candidate_neural_only": 0, "data/candidate_triple_agree": 0, "data/selected_pairs": 13, "data/selection_rate": 1.0, "event": "pipeline_metrics", "host": "d6b2a058c4be", "pid": 74846, "queue/preference": 13, "queue/rollout": 9, "rank": null, "ts": "2026-10-04 13:37:56"}
[DBG] {"category": "QUEUE", "component": "ray", "event": "BEGIN:human_pop_rollout", "host": "d6b2a058c4be", "pid": 74846, "rank": null, "ts": "2026-10-04 13:37:56"}
[DBG] {"category": "QUEUE", "component": "ray", "event": "watchdog_armed", "host": "d6b2a058c4be", "pid": 74846, "rank": null, "stage": "human_pop_rollout", "timeout_sec": 30.0, "ts": "2026-10-04 13:37:56"}
[DBG] {"category": "QUEUE", "component": "ray", "elapsed_sec": 0.044131, "event": "END:human_pop_rollout", "host": "d6b2a058c4be", "pid": 74846, "rank": null, "ts": "2026-10-04 13:37:56"}
[DBG] {"category": "QUEUE", "component": "ray", "event": "human_group_received", "group_id": "ac1885b037084e2e96e01c89826df7e7", "host": "d6b2a058c4be", "pid": 74846, "rank": null, "ts": "2026-10-04 13:37:56"}
[DBG] {"category": "RAY", "component": "ray", "event": "human_prompt_begin", "group_id": "ac1885b037084e2e96e01c89826df7e7", "host": "d6b2a058c4be", "pid": 74846, "rank": null, "ts": "2026-10-04 13:37:56"}
[DBG] {"category": "RAY", "component": "ray", "event": "human_prompt_end", "group_id": "ac1885b037084e2e96e01c89826df7e7", "host": "d6b2a058c4be", "pid": 74846, "rank": null, "ts": "2026-10-04 13:37:57"}
[DBG] {"category": "QUEUE", "component": "ray", "event": "BEGIN:human_put_preference", "group_id": "ac1885b037084e2e96e01c89826df7e7", "host": "d6b2a058c4be", "pid": 74846, "rank": null, "ts": "2026-10-04 13:37:57"}
[DBG] {"category": "QUEUE", "component": "ray", "event": "watchdog_armed", "host": "d6b2a058c4be", "pid": 74846, "rank": null, "stage": "human_put_preference", "timeout_sec": 30.0, "ts": "2026-10-04 13:37:57"}
[DBG] {"category": "QUEUE", "component": "ray", "elapsed_sec": 0.031517, "event": "END:human_put_preference", "host": "d6b2a058c4be", "pid": 74846, "rank": null, "ts": "2026-10-04 13:37:57"}
[DBG] {"category": "QUEUE", "component": "ray", "event": "preference_selected", "group_id": "ac1885b037084e2e96e01c89826df7e7", "host": "d6b2a058c4be", "pid": 74846, "preference_pending": 14, "rank": null, "selected": 14, "ts": "2026-10-04 13:37:57"}
[DBG] {"axis/human_groups": 14, "category": "QUEUE", "component": "ray", "data/candidate_all": 14, "data/candidate_lgbm_agree": 0, "data/candidate_lgbm_only": 0, "data/candidate_neural_agree": 0, "data/candidate_neural_only": 0, "data/candidate_triple_agree": 0, "data/selected_pairs": 14, "data/selection_rate": 1.0, "event": "pipeline_metrics", "host": "d6b2a058c4be", "pid": 74846, "queue/preference": 14, "queue/rollout": 8, "rank": null, "ts": "2026-10-04 13:37:57"}
[DBG] {"category": "QUEUE", "component": "ray", "event": "BEGIN:human_pop_rollout", "host": "d6b2a058c4be", "pid": 74846, "rank": null, "ts": "2026-10-04 13:37:57"}
[DBG] {"category": "QUEUE", "component": "ray", "event": "watchdog_armed", "host": "d6b2a058c4be", "pid": 74846, "rank": null, "stage": "human_pop_rollout", "timeout_sec": 30.0, "ts": "2026-10-04 13:37:57"}
[DBG] {"category": "QUEUE", "component": "ray", "elapsed_sec": 0.04343, "event": "END:human_pop_rollout", "host": "d6b2a058c4be", "pid": 74846, "rank": null, "ts": "2026-10-04 13:37:57"}
[DBG] {"category": "QUEUE", "component": "ray", "event": "human_group_received", "group_id": "d3cd3b1ef39c4410a4c78b4364bc8dde", "host": "d6b2a058c4be", "pid": 74846, "rank": null, "ts": "2026-10-04 13:37:57"}
[DBG] {"category": "RAY", "component": "ray", "event": "human_prompt_begin", "group_id": "d3cd3b1ef39c4410a4c78b4364bc8dde", "host": "d6b2a058c4be", "pid": 74846, "rank": null, "ts": "2026-10-04 13:37:57"}
[DBG] {"category": "RAY", "component": "ray", "event": "human_prompt_end", "group_id": "d3cd3b1ef39c4410a4c78b4364bc8dde", "host": "d6b2a058c4be", "pid": 74846, "rank": null, "ts": "2026-10-04 13:37:58"}
[DBG] {"category": "QUEUE", "component": "ray", "event": "BEGIN:human_put_preference", "group_id": "d3cd3b1ef39c4410a4c78b4364bc8dde", "host": "d6b2a058c4be", "pid": 74846, "rank": null, "ts": "2026-10-04 13:37:58"}
[DBG] {"category": "QUEUE", "component": "ray", "event": "watchdog_armed", "host": "d6b2a058c4be", "pid": 74846, "rank": null, "stage": "human_put_preference", "timeout_sec": 30.0, "ts": "2026-10-04 13:37:58"}
[DBG] {"category": "QUEUE", "component": "ray", "elapsed_sec": 0.029448, "event": "END:human_put_preference", "host": "d6b2a058c4be", "pid": 74846, "rank": null, "ts": "2026-10-04 13:37:58"}
[DBG] {"category": "QUEUE", "component": "ray", "event": "preference_selected", "group_id": "d3cd3b1ef39c4410a4c78b4364bc8dde", "host": "d6b2a058c4be", "pid": 74846, "preference_pending": 15, "rank": null, "selected": 15, "ts": "2026-10-04 13:37:58"}
[DBG] {"axis/human_groups": 15, "category": "QUEUE", "component": "ray", "data/candidate_all": 15, "data/candidate_lgbm_agree": 0, "data/candidate_lgbm_only": 0, "data/candidate_neural_agree": 0, "data/candidate_neural_only": 0, "data/candidate_triple_agree": 0, "data/selected_pairs": 15, "data/selection_rate": 1.0, "event": "pipeline_metrics", "host": "d6b2a058c4be", "pid": 74846, "queue/preference": 15, "queue/rollout": 9, "rank": null, "ts": "2026-10-04 13:37:58"}
[DBG] {"category": "QUEUE", "component": "ray", "event": "BEGIN:human_pop_rollout", "host": "d6b2a058c4be", "pid": 74846, "rank": null, "ts": "2026-10-04 13:37:58"}
[DBG] {"category": "QUEUE", "component": "ray", "event": "watchdog_armed", "host": "d6b2a058c4be", "pid": 74846, "rank": null, "stage": "human_pop_rollout", "timeout_sec": 30.0, "ts": "2026-10-04 13:37:58"}
[DBG] {"category": "QUEUE", "component": "ray", "elapsed_sec": 0.048948, "event": "END:human_pop_rollout", "host": "d6b2a058c4be", "pid": 74846, "rank": null, "ts": "2026-10-04 13:37:58"}
[DBG] {"category": "QUEUE", "component": "ray", "event": "human_group_received", "group_id": "c2a80dedd6824df595d466ae5ce745e8", "host": "d6b2a058c4be", "pid": 74846, "rank": null, "ts": "2026-10-04 13:37:58"}
[DBG] {"category": "RAY", "component": "ray", "event": "human_prompt_begin", "group_id": "c2a80dedd6824df595d466ae5ce745e8", "host": "d6b2a058c4be", "pid": 74846, "rank": null, "ts": "2026-10-04 13:37:58"}
[DBG] {"category": "RAY", "component": "ray", "event": "human_prompt_end", "group_id": "c2a80dedd6824df595d466ae5ce745e8", "host": "d6b2a058c4be", "pid": 74846, "rank": null, "ts": "2026-10-04 13:37:59"}
[DBG] {"category": "QUEUE", "component": "ray", "event": "BEGIN:human_put_preference", "group_id": "c2a80dedd6824df595d466ae5ce745e8", "host": "d6b2a058c4be", "pid": 74846, "rank": null, "ts": "2026-10-04 13:37:59"}
[DBG] {"category": "QUEUE", "component": "ray", "event": "watchdog_armed", "host": "d6b2a058c4be", "pid": 74846, "rank": null, "stage": "human_put_preference", "timeout_sec": 30.0, "ts": "2026-10-04 13:37:59"}
[DBG] {"category": "QUEUE", "component": "ray", "elapsed_sec": 0.030182, "event": "END:human_put_preference", "host": "d6b2a058c4be", "pid": 74846, "rank": null, "ts": "2026-10-04 13:37:59"}
[DBG] {"category": "QUEUE", "component": "ray", "event": "preference_selected", "group_id": "c2a80dedd6824df595d466ae5ce745e8", "host": "d6b2a058c4be", "pid": 74846, "preference_pending": 16, "rank": null, "selected": 16, "ts": "2026-10-04 13:37:59"}
[DBG] {"axis/human_groups": 16, "category": "QUEUE", "component": "ray", "data/candidate_all": 16, "data/candidate_lgbm_agree": 0, "data/candidate_lgbm_only": 0, "data/candidate_neural_agree": 0, "data/candidate_neural_only": 0, "data/candidate_triple_agree": 0, "data/selected_pairs": 16, "data/selection_rate": 1.0, "event": "pipeline_metrics", "host": "d6b2a058c4be", "pid": 74846, "queue/preference": 16, "queue/rollout": 8, "rank": null, "ts": "2026-10-04 13:37:59"}
[DBG] {"category": "QUEUE", "component": "ray", "event": "BEGIN:human_pop_rollout", "host": "d6b2a058c4be", "pid": 74846, "rank": null, "ts": "2026-10-04 13:37:59"}
[DBG] {"category": "QUEUE", "component": "ray", "event": "watchdog_armed", "host": "d6b2a058c4be", "pid": 74846, "rank": null, "stage": "human_pop_rollout", "timeout_sec": 30.0, "ts": "2026-10-04 13:37:59"}
[DBG] {"category": "QUEUE", "component": "ray", "elapsed_sec": 0.045056, "event": "END:human_pop_rollout", "host": "d6b2a058c4be", "pid": 74846, "rank": null, "ts": "2026-10-04 13:37:59"}
[DBG] {"category": "QUEUE", "component": "ray", "event": "human_group_received", "group_id": "d230f6edc0d54702999a3dcf68fffdcc", "host": "d6b2a058c4be", "pid": 74846, "rank": null, "ts": "2026-10-04 13:37:59"}
[DBG] {"category": "RAY", "component": "ray", "event": "human_prompt_begin", "group_id": "d230f6edc0d54702999a3dcf68fffdcc", "host": "d6b2a058c4be", "pid": 74846, "rank": null, "ts": "2026-10-04 13:37:59"}
[DBG] {"category": "RAY", "component": "ray", "event": "human_prompt_end", "group_id": "d230f6edc0d54702999a3dcf68fffdcc", "host": "d6b2a058c4be", "pid": 74846, "rank": null, "ts": "2026-10-04 13:38:00"}
[DBG] {"category": "QUEUE", "component": "ray", "event": "BEGIN:human_put_preference", "group_id": "d230f6edc0d54702999a3dcf68fffdcc", "host": "d6b2a058c4be", "pid": 74846, "rank": null, "ts": "2026-10-04 13:38:00"}
[DBG] {"category": "QUEUE", "component": "ray", "event": "watchdog_armed", "host": "d6b2a058c4be", "pid": 74846, "rank": null, "stage": "human_put_preference", "timeout_sec": 30.0, "ts": "2026-10-04 13:38:00"}
[DBG] {"category": "QUEUE", "component": "ray", "elapsed_sec": 0.030907, "event": "END:human_put_preference", "host": "d6b2a058c4be", "pid": 74846, "rank": null, "ts": "2026-10-04 13:38:00"}
[DBG] {"category": "QUEUE", "component": "ray", "event": "preference_selected", "group_id": "d230f6edc0d54702999a3dcf68fffdcc", "host": "d6b2a058c4be", "pid": 74846, "preference_pending": 17, "rank": null, "selected": 17, "ts": "2026-10-04 13:38:00"}
[DBG] {"axis/human_groups": 17, "category": "QUEUE", "component": "ray", "data/candidate_all": 17, "data/candidate_lgbm_agree": 0, "data/candidate_lgbm_only": 0, "data/candidate_neural_agree": 0, "data/candidate_neural_only": 0, "data/candidate_triple_agree": 0, "data/selected_pairs": 17, "data/selection_rate": 1.0, "event": "pipeline_metrics", "host": "d6b2a058c4be", "pid": 74846, "queue/preference": 17, "queue/rollout": 9, "rank": null, "ts": "2026-10-04 13:38:00"}
[DBG] {"category": "QUEUE", "component": "ray", "event": "BEGIN:human_pop_rollout", "host": "d6b2a058c4be", "pid": 74846, "rank": null, "ts": "2026-10-04 13:38:00"}
[DBG] {"category": "QUEUE", "component": "ray", "event": "watchdog_armed", "host": "d6b2a058c4be", "pid": 74846, "rank": null, "stage": "human_pop_rollout", "timeout_sec": 30.0, "ts": "2026-10-04 13:38:00"}
[DBG] {"category": "QUEUE", "component": "ray", "elapsed_sec": 0.04637, "event": "END:human_pop_rollout", "host": "d6b2a058c4be", "pid": 74846, "rank": null, "ts": "2026-10-04 13:38:00"}
[DBG] {"category": "QUEUE", "component": "ray", "event": "human_group_received", "group_id": "ccbbb36341b541618879292d0c2fe4af", "host": "d6b2a058c4be", "pid": 74846, "rank": null, "ts": "2026-10-04 13:38:00"}
[DBG] {"category": "RAY", "component": "ray", "event": "human_prompt_begin", "group_id": "ccbbb36341b541618879292d0c2fe4af", "host": "d6b2a058c4be", "pid": 74846, "rank": null, "ts": "2026-10-04 13:38:00"}
[DBG] {"category": "RAY", "component": "ray", "event": "shutdown_begin", "host": "d6b2a058c4be", "pid": 74846, "rank": null, "ts": "2026-10-04 13:42:21"}
[DBG] {"category": "RAY", "component": "ray", "event": "BEGIN:join_trainer", "host": "d6b2a058c4be", "pid": 74846, "rank": null, "ts": "2026-10-04 13:42:21"}
[DBG] {"category": "RAY", "component": "ray", "event": "watchdog_armed", "host": "d6b2a058c4be", "pid": 74846, "rank": null, "stage": "join_trainer", "timeout_sec": 30.0, "ts": "2026-10-04 13:42:21"}
[DBG] {"category": "RAY", "component": "ray", "error": "", "error_type": "KeyboardInterrupt", "event": "ERROR:join_trainer", "host": "d6b2a058c4be", "pid": 74846, "rank": null, "traceback": "Traceback (most recent call last):\n  File \"/root/Recursive_RLHF_training_for_LLM/orchestrator.py\", line 163, in run\n    self._human_loop()\n  File \"/root/Recursive_RLHF_training_for_LLM/orchestrator.py\", line 367, in _human_loop\n    human = ui.score(group)\n            ^^^^^^^^^^^^^^^\n  File \"/root/Recursive_RLHF_training_for_LLM/reward.py\", line 157, in score\n    raw = input(f\"scores ({len(group['responses'])} numbers, q=quit): \").strip()\n          ^^^^^^^^^^^^^^^^^^^^^^^^^^^^^^^^^^^^^^^^^^^^^^^^^^^^^^^^^^^^^^\nKeyboardInterrupt\n\nDuring handling of the above exception, another exception occurred:\n\nTraceback (most recent call last):\n  File \"/root/Recursive_RLHF_training_for_LLM/debug.py\", line 154, in stage\n    yield\n  File \"/root/Recursive_RLHF_training_for_LLM/orchestrator.py\", line 179, in run\n    ray.get(ref, timeout=30)\n  File \"/usr/local/lib/python3.11/dist-packages/ray/_private/auto_init_hook.py\", line 22, in auto_init_wrapper\n    return fn(*args, **kwargs)\n           ^^^^^^^^^^^^^^^^^^^\n  File \"/usr/local/lib/python3.11/dist-packages/ray/_private/client_mode_hook.py\", line 135, in wrapper\n    return func(*args, **kwargs)\n           ^^^^^^^^^^^^^^^^^^^^^\n  File \"/usr/local/lib/python3.11/dist-packages/ray/_private/worker.py\", line 3004, in get\n    values, debugger_breakpoint = worker.get_objects(\n                                  ^^^^^^^^^^^^^^^^^^^\n  File \"/usr/local/lib/python3.11/dist-packages/ray/_private/worker.py\", line 1007, in get_objects\n    ] = self.core_worker.get_objects(\n        ^^^^^^^^^^^^^^^^^^^^^^^^^^^^^\n  File \"python/ray/_raylet.pyx\", line 3473, in ray._raylet.CoreWorker.get_objects\n  File \"python/ray/includes/common.pxi\", line 105, in ray._raylet.check_status\nKeyboardInterrupt\n", "ts": "2026-10-04 13:42:22"}
[DBG] {"category": "RAY", "component": "ray", "elapsed_sec": 1.003298, "event": "END:join_trainer", "host": "d6b2a058c4be", "pid": 74846, "rank": null, "ts": "2026-10-04 13:42:22"}
