[DBG] {"category": "RAY", "component": "ray", "debug_all": false, "debug_data": false, "debug_fsdp": true, "debug_inference": false, "debug_queue": true, "debug_ray": true, "debug_reward": false, "debug_train": true, "event": "application_start", "host": "d6b2a058c4be", "pid": 58461, "rank": null, "ts": "2026-10-04 13:16:07"}
[DBG] {"address": "auto", "category": "RAY", "component": "ray", "event": "BEGIN:ray_init", "host": "d6b2a058c4be", "pid": 58461, "rank": null, "ts": "2026-10-04 13:16:07"}
[DBG] {"category": "RAY", "component": "ray", "event": "watchdog_armed", "host": "d6b2a058c4be", "pid": 58461, "rank": null, "stage": "ray_init", "timeout_sec": 30.0, "ts": "2026-10-04 13:16:07"}
[DBG] {"category": "RAY", "component": "ray", "elapsed_sec": 0.553752, "event": "END:ray_init", "host": "d6b2a058c4be", "pid": 58461, "rank": null, "ts": "2026-10-04 13:16:07"}
[DBG] {"category": "RAY", "component": "ray", "event": "cluster_resources", "host": "d6b2a058c4be", "pid": 58461, "rank": null, "resources": {"CPU": 27.0, "GPU": 3.0, "accelerator_type:RTX-A6000": 1.0, "memory": 115631882240.0, "node:172.20.0.2": 1.0, "node:__internal_head__": 1.0, "object_store_memory": 49556520960.0}, "ts": "2026-10-04 13:16:07"}
[DBG] {"category": "RAY", "component": "ray", "event": "resource_check", "gpu_available": 3, "gpu_needed": 3, "host": "d6b2a058c4be", "pid": 58461, "rank": null, "ts": "2026-10-04 13:16:07"}
[DBG] {"category": "RAY", "component": "ray", "event": "run_id", "host": "d6b2a058c4be", "pid": 58461, "rank": null, "run_id": "smoke01", "ts": "2026-10-04 13:16:07"}
[DBG] {"category": "RAY", "component": "ray", "event": "BEGIN:create_queue_actor", "host": "d6b2a058c4be", "pid": 58461, "rank": null, "ts": "2026-10-04 13:16:07"}
[DBG] {"category": "RAY", "component": "ray", "event": "watchdog_armed", "host": "d6b2a058c4be", "pid": 58461, "rank": null, "stage": "create_queue_actor", "timeout_sec": 30.0, "ts": "2026-10-04 13:16:07"}
[DBG] {"category": "RAY", "component": "ray", "elapsed_sec": 0.029648, "event": "END:create_queue_actor", "host": "d6b2a058c4be", "pid": 58461, "rank": null, "ts": "2026-10-04 13:16:07"}
[DBG] {"category": "QUEUE", "component": "ray", "event": "BEGIN:queue_describe", "host": "d6b2a058c4be", "pid": 58461, "rank": null, "ts": "2026-10-04 13:16:07"}
[DBG] {"category": "QUEUE", "component": "ray", "event": "watchdog_armed", "host": "d6b2a058c4be", "pid": 58461, "rank": null, "stage": "queue_describe", "timeout_sec": 30.0, "ts": "2026-10-04 13:16:07"}
[DBG] {"category": "QUEUE", "component": "ray", "elapsed_sec": 8.521958, "event": "END:queue_describe", "host": "d6b2a058c4be", "pid": 58461, "rank": null, "ts": "2026-10-04 13:16:16"}
[DBG] {"category": "RAY", "component": "ray", "event": "BEGIN:create_control_actor", "host": "d6b2a058c4be", "pid": 58461, "rank": null, "ts": "2026-10-04 13:16:16"}
[DBG] {"category": "RAY", "component": "ray", "event": "watchdog_armed", "host": "d6b2a058c4be", "pid": 58461, "rank": null, "stage": "create_control_actor", "timeout_sec": 30.0, "ts": "2026-10-04 13:16:16"}
[DBG] {"category": "RAY", "component": "ray", "elapsed_sec": 0.018982, "event": "END:create_control_actor", "host": "d6b2a058c4be", "pid": 58461, "rank": null, "ts": "2026-10-04 13:16:16"}
[DBG] {"category": "RAY", "component": "ray", "event": "BEGIN:create_tracker_actor", "host": "d6b2a058c4be", "pid": 58461, "rank": null, "ts": "2026-10-04 13:16:16"}
[DBG] {"category": "RAY", "component": "ray", "event": "watchdog_armed", "host": "d6b2a058c4be", "pid": 58461, "rank": null, "stage": "create_tracker_actor", "timeout_sec": 30.0, "ts": "2026-10-04 13:16:16"}
[DBG] {"category": "RAY", "component": "ray", "elapsed_sec": 0.017333, "event": "END:create_tracker_actor", "host": "d6b2a058c4be", "pid": 58461, "rank": null, "ts": "2026-10-04 13:16:16"}
[DBG] {"category": "RAY", "component": "ray", "event": "BEGIN:create_inference_actor", "gpus": 1, "host": "d6b2a058c4be", "pid": 58461, "rank": null, "ts": "2026-10-04 13:16:16"}
[DBG] {"category": "RAY", "component": "ray", "event": "watchdog_armed", "host": "d6b2a058c4be", "pid": 58461, "rank": null, "stage": "create_inference_actor", "timeout_sec": 30.0, "ts": "2026-10-04 13:16:16"}
[DBG] {"category": "RAY", "component": "ray", "elapsed_sec": 0.018583, "event": "END:create_inference_actor", "host": "d6b2a058c4be", "pid": 58461, "rank": null, "ts": "2026-10-04 13:16:16"}
[DBG] {"category": "RAY", "component": "ray", "event": "BEGIN:create_reward_actor", "gpus": 0, "host": "d6b2a058c4be", "pid": 58461, "rank": null, "ts": "2026-10-04 13:16:16"}
[DBG] {"category": "RAY", "component": "ray", "event": "watchdog_armed", "host": "d6b2a058c4be", "pid": 58461, "rank": null, "stage": "create_reward_actor", "timeout_sec": 30.0, "ts": "2026-10-04 13:16:16"}
[DBG] {"category": "RAY", "component": "ray", "elapsed_sec": 0.025037, "event": "END:create_reward_actor", "host": "d6b2a058c4be", "pid": 58461, "rank": null, "ts": "2026-10-04 13:16:16"}
[DBG] {"category": "RAY", "component": "ray", "event": "BEGIN:create_rollout_actor", "host": "d6b2a058c4be", "pid": 58461, "rank": null, "ts": "2026-10-04 13:16:16"}
[DBG] {"category": "RAY", "component": "ray", "event": "watchdog_armed", "host": "d6b2a058c4be", "pid": 58461, "rank": null, "stage": "create_rollout_actor", "timeout_sec": 30.0, "ts": "2026-10-04 13:16:16"}
[DBG] {"category": "RAY", "component": "ray", "elapsed_sec": 0.011185, "event": "END:create_rollout_actor", "host": "d6b2a058c4be", "pid": 58461, "rank": null, "ts": "2026-10-04 13:16:16"}
[DBG] {"category": "RAY", "component": "ray", "event": "BEGIN:create_trainer_actor", "host": "d6b2a058c4be", "pid": 58461, "rank": null, "ts": "2026-10-04 13:16:16"}
[DBG] {"category": "RAY", "component": "ray", "event": "watchdog_armed", "host": "d6b2a058c4be", "pid": 58461, "rank": null, "stage": "create_trainer_actor", "timeout_sec": 30.0, "ts": "2026-10-04 13:16:16"}
[DBG] {"category": "RAY", "component": "ray", "elapsed_sec": 0.010005, "event": "END:create_trainer_actor", "host": "d6b2a058c4be", "pid": 58461, "rank": null, "ts": "2026-10-04 13:16:16"}
[DBG] {"category": "RAY", "component": "ray", "event": "BEGIN:launch_trainer_actor", "host": "d6b2a058c4be", "pid": 58461, "rank": null, "ts": "2026-10-04 13:16:56"}
[DBG] {"category": "RAY", "component": "ray", "event": "watchdog_armed", "host": "d6b2a058c4be", "pid": 58461, "rank": null, "stage": "launch_trainer_actor", "timeout_sec": 30.0, "ts": "2026-10-04 13:16:56"}
[DBG] {"category": "RAY", "component": "ray", "elapsed_sec": 0.003194, "event": "END:launch_trainer_actor", "host": "d6b2a058c4be", "pid": 58461, "rank": null, "ts": "2026-10-04 13:16:56"}
[DBG] {"category": "RAY", "component": "ray", "event": "BEGIN:launch_rollout_producer", "host": "d6b2a058c4be", "pid": 58461, "rank": null, "ts": "2026-10-04 13:16:56"}
[DBG] {"category": "RAY", "component": "ray", "event": "watchdog_armed", "host": "d6b2a058c4be", "pid": 58461, "rank": null, "stage": "launch_rollout_producer", "timeout_sec": 30.0, "ts": "2026-10-04 13:16:56"}
[DBG] {"category": "RAY", "component": "ray", "elapsed_sec": 0.000886, "event": "END:launch_rollout_producer", "host": "d6b2a058c4be", "pid": 58461, "rank": null, "ts": "2026-10-04 13:16:56"}
[DBG] {"category": "RAY", "component": "ray", "event": "human_loop_start", "host": "d6b2a058c4be", "pid": 58461, "rank": null, "ts": "2026-10-04 13:16:56"}
[DBG] {"category": "QUEUE", "component": "ray", "event": "BEGIN:human_pop_rollout", "host": "d6b2a058c4be", "pid": 58461, "rank": null, "ts": "2026-10-04 13:16:56"}
[DBG] {"category": "QUEUE", "component": "ray", "event": "watchdog_armed", "host": "d6b2a058c4be", "pid": 58461, "rank": null, "stage": "human_pop_rollout", "timeout_sec": 30.0, "ts": "2026-10-04 13:16:56"}
[DBG] {"category": "QUEUE", "component": "ray", "elapsed_sec": 0.023363, "event": "END:human_pop_rollout", "host": "d6b2a058c4be", "pid": 58461, "rank": null, "ts": "2026-10-04 13:16:56"}
[DBG] {"category": "QUEUE", "component": "ray", "event": "BEGIN:human_pop_rollout", "host": "d6b2a058c4be", "pid": 58461, "rank": null, "ts": "2026-10-04 13:16:56"}
[DBG] {"category": "QUEUE", "component": "ray", "event": "watchdog_armed", "host": "d6b2a058c4be", "pid": 58461, "rank": null, "stage": "human_pop_rollout", "timeout_sec": 30.0, "ts": "2026-10-04 13:16:56"}
[DBG] {"category": "QUEUE", "component": "ray", "elapsed_sec": 0.006328, "event": "END:human_pop_rollout", "host": "d6b2a058c4be", "pid": 58461, "rank": null, "ts": "2026-10-04 13:16:56"}
[DBG] {"category": "QUEUE", "component": "ray", "event": "BEGIN:human_pop_rollout", "host": "d6b2a058c4be", "pid": 58461, "rank": null, "ts": "2026-10-04 13:16:56"}
[DBG] {"category": "QUEUE", "component": "ray", "event": "watchdog_armed", "host": "d6b2a058c4be", "pid": 58461, "rank": null, "stage": "human_pop_rollout", "timeout_sec": 30.0, "ts": "2026-10-04 13:16:56"}
[DBG] {"category": "QUEUE", "component": "ray", "elapsed_sec": 0.006643, "event": "END:human_pop_rollout", "host": "d6b2a058c4be", "pid": 58461, "rank": null, "ts": "2026-10-04 13:16:56"}
[DBG] {"category": "QUEUE", "component": "ray", "event": "BEGIN:human_pop_rollout", "host": "d6b2a058c4be", "pid": 58461, "rank": null, "ts": "2026-10-04 13:16:57"}
[DBG] {"category": "QUEUE", "component": "ray", "event": "watchdog_armed", "host": "d6b2a058c4be", "pid": 58461, "rank": null, "stage": "human_pop_rollout", "timeout_sec": 30.0, "ts": "2026-10-04 13:16:57"}
[DBG] {"category": "QUEUE", "component": "ray", "elapsed_sec": 0.00733, "event": "END:human_pop_rollout", "host": "d6b2a058c4be", "pid": 58461, "rank": null, "ts": "2026-10-04 13:16:57"}
[DBG] {"category": "QUEUE", "component": "ray", "event": "BEGIN:human_pop_rollout", "host": "d6b2a058c4be", "pid": 58461, "rank": null, "ts": "2026-10-04 13:16:57"}
[DBG] {"category": "QUEUE", "component": "ray", "event": "watchdog_armed", "host": "d6b2a058c4be", "pid": 58461, "rank": null, "stage": "human_pop_rollout", "timeout_sec": 30.0, "ts": "2026-10-04 13:16:57"}
[DBG] {"category": "QUEUE", "component": "ray", "elapsed_sec": 0.005988, "event": "END:human_pop_rollout", "host": "d6b2a058c4be", "pid": 58461, "rank": null, "ts": "2026-10-04 13:16:57"}
[DBG] {"category": "QUEUE", "component": "ray", "event": "BEGIN:human_pop_rollout", "host": "d6b2a058c4be", "pid": 58461, "rank": null, "ts": "2026-10-04 13:16:57"}
[DBG] {"category": "QUEUE", "component": "ray", "event": "watchdog_armed", "host": "d6b2a058c4be", "pid": 58461, "rank": null, "stage": "human_pop_rollout", "timeout_sec": 30.0, "ts": "2026-10-04 13:16:57"}
[DBG] {"category": "QUEUE", "component": "ray", "elapsed_sec": 0.006833, "event": "END:human_pop_rollout", "host": "d6b2a058c4be", "pid": 58461, "rank": null, "ts": "2026-10-04 13:16:57"}
[DBG] {"category": "QUEUE", "component": "ray", "event": "BEGIN:human_pop_rollout", "host": "d6b2a058c4be", "pid": 58461, "rank": null, "ts": "2026-10-04 13:16:57"}
[DBG] {"category": "QUEUE", "component": "ray", "event": "watchdog_armed", "host": "d6b2a058c4be", "pid": 58461, "rank": null, "stage": "human_pop_rollout", "timeout_sec": 30.0, "ts": "2026-10-04 13:16:57"}
[DBG] {"category": "QUEUE", "component": "ray", "elapsed_sec": 0.007142, "event": "END:human_pop_rollout", "host": "d6b2a058c4be", "pid": 58461, "rank": null, "ts": "2026-10-04 13:16:57"}
[DBG] {"category": "QUEUE", "component": "ray", "event": "BEGIN:human_pop_rollout", "host": "d6b2a058c4be", "pid": 58461, "rank": null, "ts": "2026-10-04 13:16:57"}
[DBG] {"category": "QUEUE", "component": "ray", "event": "watchdog_armed", "host": "d6b2a058c4be", "pid": 58461, "rank": null, "stage": "human_pop_rollout", "timeout_sec": 30.0, "ts": "2026-10-04 13:16:57"}
[DBG] {"category": "QUEUE", "component": "ray", "elapsed_sec": 0.006745, "event": "END:human_pop_rollout", "host": "d6b2a058c4be", "pid": 58461, "rank": null, "ts": "2026-10-04 13:16:57"}
[DBG] {"category": "QUEUE", "component": "ray", "event": "BEGIN:human_pop_rollout", "host": "d6b2a058c4be", "pid": 58461, "rank": null, "ts": "2026-10-04 13:16:58"}
[DBG] {"category": "QUEUE", "component": "ray", "event": "watchdog_armed", "host": "d6b2a058c4be", "pid": 58461, "rank": null, "stage": "human_pop_rollout", "timeout_sec": 30.0, "ts": "2026-10-04 13:16:58"}
[DBG] {"category": "QUEUE", "component": "ray", "elapsed_sec": 0.006462, "event": "END:human_pop_rollout", "host": "d6b2a058c4be", "pid": 58461, "rank": null, "ts": "2026-10-04 13:16:58"}
[DBG] {"category": "QUEUE", "component": "ray", "event": "BEGIN:human_pop_rollout", "host": "d6b2a058c4be", "pid": 58461, "rank": null, "ts": "2026-10-04 13:16:58"}
[DBG] {"category": "QUEUE", "component": "ray", "event": "watchdog_armed", "host": "d6b2a058c4be", "pid": 58461, "rank": null, "stage": "human_pop_rollout", "timeout_sec": 30.0, "ts": "2026-10-04 13:16:58"}
[DBG] {"category": "QUEUE", "component": "ray", "elapsed_sec": 0.006494, "event": "END:human_pop_rollout", "host": "d6b2a058c4be", "pid": 58461, "rank": null, "ts": "2026-10-04 13:16:58"}
[DBG] {"category": "QUEUE", "component": "ray", "event": "BEGIN:human_pop_rollout", "host": "d6b2a058c4be", "pid": 58461, "rank": null, "ts": "2026-10-04 13:16:58"}
[DBG] {"category": "QUEUE", "component": "ray", "event": "watchdog_armed", "host": "d6b2a058c4be", "pid": 58461, "rank": null, "stage": "human_pop_rollout", "timeout_sec": 30.0, "ts": "2026-10-04 13:16:58"}
[DBG] {"category": "QUEUE", "component": "ray", "elapsed_sec": 0.006522, "event": "END:human_pop_rollout", "host": "d6b2a058c4be", "pid": 58461, "rank": null, "ts": "2026-10-04 13:16:58"}
[DBG] {"category": "QUEUE", "component": "ray", "event": "BEGIN:human_pop_rollout", "host": "d6b2a058c4be", "pid": 58461, "rank": null, "ts": "2026-10-04 13:16:58"}
[DBG] {"category": "QUEUE", "component": "ray", "event": "watchdog_armed", "host": "d6b2a058c4be", "pid": 58461, "rank": null, "stage": "human_pop_rollout", "timeout_sec": 30.0, "ts": "2026-10-04 13:16:58"}
[DBG] {"category": "QUEUE", "component": "ray", "elapsed_sec": 0.005873, "event": "END:human_pop_rollout", "host": "d6b2a058c4be", "pid": 58461, "rank": null, "ts": "2026-10-04 13:16:58"}
[DBG] {"category": "QUEUE", "component": "ray", "event": "BEGIN:human_pop_rollout", "host": "d6b2a058c4be", "pid": 58461, "rank": null, "ts": "2026-10-04 13:16:58"}
[DBG] {"category": "QUEUE", "component": "ray", "event": "watchdog_armed", "host": "d6b2a058c4be", "pid": 58461, "rank": null, "stage": "human_pop_rollout", "timeout_sec": 30.0, "ts": "2026-10-04 13:16:58"}
[DBG] {"category": "QUEUE", "component": "ray", "elapsed_sec": 0.070681, "event": "END:human_pop_rollout", "host": "d6b2a058c4be", "pid": 58461, "rank": null, "ts": "2026-10-04 13:16:58"}
[DBG] {"category": "QUEUE", "component": "ray", "event": "human_group_received", "group_id": "57b8f802ce0647a3a4583f262006628e", "host": "d6b2a058c4be", "pid": 58461, "rank": null, "ts": "2026-10-04 13:16:58"}
[DBG] {"category": "RAY", "component": "ray", "event": "human_prompt_begin", "group_id": "57b8f802ce0647a3a4583f262006628e", "host": "d6b2a058c4be", "pid": 58461, "rank": null, "ts": "2026-10-04 13:16:58"}
[DBG] {"category": "RAY", "component": "ray", "event": "human_prompt_end", "group_id": "57b8f802ce0647a3a4583f262006628e", "host": "d6b2a058c4be", "pid": 58461, "rank": null, "ts": "2026-10-04 13:17:02"}
[DBG] {"category": "QUEUE", "component": "ray", "event": "BEGIN:human_put_preference", "group_id": "57b8f802ce0647a3a4583f262006628e", "host": "d6b2a058c4be", "pid": 58461, "rank": null, "ts": "2026-10-04 13:17:02"}
[DBG] {"category": "QUEUE", "component": "ray", "event": "watchdog_armed", "host": "d6b2a058c4be", "pid": 58461, "rank": null, "stage": "human_put_preference", "timeout_sec": 30.0, "ts": "2026-10-04 13:17:02"}
[DBG] {"category": "QUEUE", "component": "ray", "elapsed_sec": 0.029341, "event": "END:human_put_preference", "host": "d6b2a058c4be", "pid": 58461, "rank": null, "ts": "2026-10-04 13:17:02"}
[DBG] {"category": "QUEUE", "component": "ray", "event": "preference_selected", "group_id": "57b8f802ce0647a3a4583f262006628e", "host": "d6b2a058c4be", "pid": 58461, "preference_pending": 1, "rank": null, "selected": 1, "ts": "2026-10-04 13:17:02"}
[DBG] {"axis/human_groups": 1, "category": "QUEUE", "component": "ray", "data/candidate_all": 1, "data/candidate_lgbm_agree": 0, "data/candidate_lgbm_only": 0, "data/candidate_neural_agree": 0, "data/candidate_neural_only": 0, "data/candidate_triple_agree": 0, "data/selected_pairs": 1, "data/selection_rate": 1.0, "event": "pipeline_metrics", "host": "d6b2a058c4be", "pid": 58461, "queue/preference": 1, "queue/rollout": 9, "rank": null, "ts": "2026-10-04 13:17:02"}
[DBG] {"category": "QUEUE", "component": "ray", "event": "BEGIN:human_pop_rollout", "host": "d6b2a058c4be", "pid": 58461, "rank": null, "ts": "2026-10-04 13:17:02"}
[DBG] {"category": "QUEUE", "component": "ray", "event": "watchdog_armed", "host": "d6b2a058c4be", "pid": 58461, "rank": null, "stage": "human_pop_rollout", "timeout_sec": 30.0, "ts": "2026-10-04 13:17:02"}
[DBG] {"category": "QUEUE", "component": "ray", "elapsed_sec": 0.040657, "event": "END:human_pop_rollout", "host": "d6b2a058c4be", "pid": 58461, "rank": null, "ts": "2026-10-04 13:17:02"}
[DBG] {"category": "QUEUE", "component": "ray", "event": "human_group_received", "group_id": "abaed0bdca204551b064a421389636e3", "host": "d6b2a058c4be", "pid": 58461, "rank": null, "ts": "2026-10-04 13:17:02"}
[DBG] {"category": "RAY", "component": "ray", "event": "human_prompt_begin", "group_id": "abaed0bdca204551b064a421389636e3", "host": "d6b2a058c4be", "pid": 58461, "rank": null, "ts": "2026-10-04 13:17:02"}
[DBG] {"category": "RAY", "component": "ray", "event": "human_prompt_end", "group_id": "abaed0bdca204551b064a421389636e3", "host": "d6b2a058c4be", "pid": 58461, "rank": null, "ts": "2026-10-04 13:17:04"}
[DBG] {"category": "QUEUE", "component": "ray", "event": "BEGIN:human_put_preference", "group_id": "abaed0bdca204551b064a421389636e3", "host": "d6b2a058c4be", "pid": 58461, "rank": null, "ts": "2026-10-04 13:17:04"}
[DBG] {"category": "QUEUE", "component": "ray", "event": "watchdog_armed", "host": "d6b2a058c4be", "pid": 58461, "rank": null, "stage": "human_put_preference", "timeout_sec": 30.0, "ts": "2026-10-04 13:17:04"}
[DBG] {"category": "QUEUE", "component": "ray", "elapsed_sec": 0.024345, "event": "END:human_put_preference", "host": "d6b2a058c4be", "pid": 58461, "rank": null, "ts": "2026-10-04 13:17:04"}
[DBG] {"category": "QUEUE", "component": "ray", "event": "preference_selected", "group_id": "abaed0bdca204551b064a421389636e3", "host": "d6b2a058c4be", "pid": 58461, "preference_pending": 2, "rank": null, "selected": 2, "ts": "2026-10-04 13:17:04"}
[DBG] {"axis/human_groups": 2, "category": "QUEUE", "component": "ray", "data/candidate_all": 2, "data/candidate_lgbm_agree": 0, "data/candidate_lgbm_only": 0, "data/candidate_neural_agree": 0, "data/candidate_neural_only": 0, "data/candidate_triple_agree": 0, "data/selected_pairs": 2, "data/selection_rate": 1.0, "event": "pipeline_metrics", "host": "d6b2a058c4be", "pid": 58461, "queue/preference": 2, "queue/rollout": 8, "rank": null, "ts": "2026-10-04 13:17:04"}
[DBG] {"category": "QUEUE", "component": "ray", "event": "BEGIN:human_pop_rollout", "host": "d6b2a058c4be", "pid": 58461, "rank": null, "ts": "2026-10-04 13:17:04"}
[DBG] {"category": "QUEUE", "component": "ray", "event": "watchdog_armed", "host": "d6b2a058c4be", "pid": 58461, "rank": null, "stage": "human_pop_rollout", "timeout_sec": 30.0, "ts": "2026-10-04 13:17:04"}
[DBG] {"category": "QUEUE", "component": "ray", "elapsed_sec": 0.019068, "event": "END:human_pop_rollout", "host": "d6b2a058c4be", "pid": 58461, "rank": null, "ts": "2026-10-04 13:17:04"}
[DBG] {"category": "QUEUE", "component": "ray", "event": "human_group_received", "group_id": "7c5f963e5f374b74a5c4c4080d283317", "host": "d6b2a058c4be", "pid": 58461, "rank": null, "ts": "2026-10-04 13:17:04"}
[DBG] {"category": "RAY", "component": "ray", "event": "human_prompt_begin", "group_id": "7c5f963e5f374b74a5c4c4080d283317", "host": "d6b2a058c4be", "pid": 58461, "rank": null, "ts": "2026-10-04 13:17:04"}
[DBG] {"category": "RAY", "component": "ray", "event": "human_prompt_end", "group_id": "7c5f963e5f374b74a5c4c4080d283317", "host": "d6b2a058c4be", "pid": 58461, "rank": null, "ts": "2026-10-04 13:17:05"}
[DBG] {"category": "QUEUE", "component": "ray", "event": "BEGIN:human_put_preference", "group_id": "7c5f963e5f374b74a5c4c4080d283317", "host": "d6b2a058c4be", "pid": 58461, "rank": null, "ts": "2026-10-04 13:17:05"}
[DBG] {"category": "QUEUE", "component": "ray", "event": "watchdog_armed", "host": "d6b2a058c4be", "pid": 58461, "rank": null, "stage": "human_put_preference", "timeout_sec": 30.0, "ts": "2026-10-04 13:17:05"}
[DBG] {"category": "QUEUE", "component": "ray", "elapsed_sec": 0.0199, "event": "END:human_put_preference", "host": "d6b2a058c4be", "pid": 58461, "rank": null, "ts": "2026-10-04 13:17:05"}
[DBG] {"category": "QUEUE", "component": "ray", "event": "preference_selected", "group_id": "7c5f963e5f374b74a5c4c4080d283317", "host": "d6b2a058c4be", "pid": 58461, "preference_pending": 3, "rank": null, "selected": 3, "ts": "2026-10-04 13:17:05"}
[DBG] {"axis/human_groups": 3, "category": "QUEUE", "component": "ray", "data/candidate_all": 3, "data/candidate_lgbm_agree": 0, "data/candidate_lgbm_only": 0, "data/candidate_neural_agree": 0, "data/candidate_neural_only": 0, "data/candidate_triple_agree": 0, "data/selected_pairs": 3, "data/selection_rate": 1.0, "event": "pipeline_metrics", "host": "d6b2a058c4be", "pid": 58461, "queue/preference": 3, "queue/rollout": 9, "rank": null, "ts": "2026-10-04 13:17:05"}
[DBG] {"category": "QUEUE", "component": "ray", "event": "BEGIN:human_pop_rollout", "host": "d6b2a058c4be", "pid": 58461, "rank": null, "ts": "2026-10-04 13:17:05"}
[DBG] {"category": "QUEUE", "component": "ray", "event": "watchdog_armed", "host": "d6b2a058c4be", "pid": 58461, "rank": null, "stage": "human_pop_rollout", "timeout_sec": 30.0, "ts": "2026-10-04 13:17:05"}
[DBG] {"category": "QUEUE", "component": "ray", "elapsed_sec": 0.036602, "event": "END:human_pop_rollout", "host": "d6b2a058c4be", "pid": 58461, "rank": null, "ts": "2026-10-04 13:17:05"}
[DBG] {"category": "QUEUE", "component": "ray", "event": "human_group_received", "group_id": "782dea8ce3c24576a6eb2ea44f757d85", "host": "d6b2a058c4be", "pid": 58461, "rank": null, "ts": "2026-10-04 13:17:05"}
[DBG] {"category": "RAY", "component": "ray", "event": "human_prompt_begin", "group_id": "782dea8ce3c24576a6eb2ea44f757d85", "host": "d6b2a058c4be", "pid": 58461, "rank": null, "ts": "2026-10-04 13:17:05"}
[DBG] {"category": "RAY", "component": "ray", "event": "human_prompt_end", "group_id": "782dea8ce3c24576a6eb2ea44f757d85", "host": "d6b2a058c4be", "pid": 58461, "rank": null, "ts": "2026-10-04 13:17:06"}
[DBG] {"category": "QUEUE", "component": "ray", "event": "BEGIN:human_put_preference", "group_id": "782dea8ce3c24576a6eb2ea44f757d85", "host": "d6b2a058c4be", "pid": 58461, "rank": null, "ts": "2026-10-04 13:17:06"}
[DBG] {"category": "QUEUE", "component": "ray", "event": "watchdog_armed", "host": "d6b2a058c4be", "pid": 58461, "rank": null, "stage": "human_put_preference", "timeout_sec": 30.0, "ts": "2026-10-04 13:17:06"}
[DBG] {"category": "QUEUE", "component": "ray", "elapsed_sec": 0.034161, "event": "END:human_put_preference", "host": "d6b2a058c4be", "pid": 58461, "rank": null, "ts": "2026-10-04 13:17:06"}
[DBG] {"category": "QUEUE", "component": "ray", "event": "preference_selected", "group_id": "782dea8ce3c24576a6eb2ea44f757d85", "host": "d6b2a058c4be", "pid": 58461, "preference_pending": 4, "rank": null, "selected": 4, "ts": "2026-10-04 13:17:06"}
[DBG] {"axis/human_groups": 4, "category": "QUEUE", "component": "ray", "data/candidate_all": 4, "data/candidate_lgbm_agree": 0, "data/candidate_lgbm_only": 0, "data/candidate_neural_agree": 0, "data/candidate_neural_only": 0, "data/candidate_triple_agree": 0, "data/selected_pairs": 4, "data/selection_rate": 1.0, "event": "pipeline_metrics", "host": "d6b2a058c4be", "pid": 58461, "queue/preference": 4, "queue/rollout": 8, "rank": null, "ts": "2026-10-04 13:17:06"}
[DBG] {"category": "QUEUE", "component": "ray", "event": "BEGIN:human_pop_rollout", "host": "d6b2a058c4be", "pid": 58461, "rank": null, "ts": "2026-10-04 13:17:06"}
[DBG] {"category": "QUEUE", "component": "ray", "event": "watchdog_armed", "host": "d6b2a058c4be", "pid": 58461, "rank": null, "stage": "human_pop_rollout", "timeout_sec": 30.0, "ts": "2026-10-04 13:17:06"}
[DBG] {"category": "QUEUE", "component": "ray", "elapsed_sec": 0.046657, "event": "END:human_pop_rollout", "host": "d6b2a058c4be", "pid": 58461, "rank": null, "ts": "2026-10-04 13:17:06"}
[DBG] {"category": "QUEUE", "component": "ray", "event": "human_group_received", "group_id": "e46ef42183c54c0a9a0af731d2894283", "host": "d6b2a058c4be", "pid": 58461, "rank": null, "ts": "2026-10-04 13:17:06"}
[DBG] {"category": "RAY", "component": "ray", "event": "human_prompt_begin", "group_id": "e46ef42183c54c0a9a0af731d2894283", "host": "d6b2a058c4be", "pid": 58461, "rank": null, "ts": "2026-10-04 13:17:06"}
[DBG] {"category": "RAY", "component": "ray", "event": "human_prompt_end", "group_id": "e46ef42183c54c0a9a0af731d2894283", "host": "d6b2a058c4be", "pid": 58461, "rank": null, "ts": "2026-10-04 13:17:07"}
[DBG] {"category": "QUEUE", "component": "ray", "event": "BEGIN:human_put_preference", "group_id": "e46ef42183c54c0a9a0af731d2894283", "host": "d6b2a058c4be", "pid": 58461, "rank": null, "ts": "2026-10-04 13:17:07"}
[DBG] {"category": "QUEUE", "component": "ray", "event": "watchdog_armed", "host": "d6b2a058c4be", "pid": 58461, "rank": null, "stage": "human_put_preference", "timeout_sec": 30.0, "ts": "2026-10-04 13:17:07"}
[DBG] {"category": "QUEUE", "component": "ray", "elapsed_sec": 0.027785, "event": "END:human_put_preference", "host": "d6b2a058c4be", "pid": 58461, "rank": null, "ts": "2026-10-04 13:17:07"}
[DBG] {"category": "QUEUE", "component": "ray", "event": "preference_selected", "group_id": "e46ef42183c54c0a9a0af731d2894283", "host": "d6b2a058c4be", "pid": 58461, "preference_pending": 5, "rank": null, "selected": 5, "ts": "2026-10-04 13:17:07"}
[DBG] {"axis/human_groups": 5, "category": "QUEUE", "component": "ray", "data/candidate_all": 5, "data/candidate_lgbm_agree": 0, "data/candidate_lgbm_only": 0, "data/candidate_neural_agree": 0, "data/candidate_neural_only": 0, "data/candidate_triple_agree": 0, "data/selected_pairs": 5, "data/selection_rate": 1.0, "event": "pipeline_metrics", "host": "d6b2a058c4be", "pid": 58461, "queue/preference": 5, "queue/rollout": 9, "rank": null, "ts": "2026-10-04 13:17:07"}
[DBG] {"category": "QUEUE", "component": "ray", "event": "BEGIN:human_pop_rollout", "host": "d6b2a058c4be", "pid": 58461, "rank": null, "ts": "2026-10-04 13:17:07"}
[DBG] {"category": "QUEUE", "component": "ray", "event": "watchdog_armed", "host": "d6b2a058c4be", "pid": 58461, "rank": null, "stage": "human_pop_rollout", "timeout_sec": 30.0, "ts": "2026-10-04 13:17:07"}
[DBG] {"category": "QUEUE", "component": "ray", "elapsed_sec": 0.035839, "event": "END:human_pop_rollout", "host": "d6b2a058c4be", "pid": 58461, "rank": null, "ts": "2026-10-04 13:17:07"}
[DBG] {"category": "QUEUE", "component": "ray", "event": "human_group_received", "group_id": "37dc3d656fd74947a334f284c470d552", "host": "d6b2a058c4be", "pid": 58461, "rank": null, "ts": "2026-10-04 13:17:07"}
[DBG] {"category": "RAY", "component": "ray", "event": "human_prompt_begin", "group_id": "37dc3d656fd74947a334f284c470d552", "host": "d6b2a058c4be", "pid": 58461, "rank": null, "ts": "2026-10-04 13:17:07"}
[DBG] {"category": "RAY", "component": "ray", "event": "human_prompt_end", "group_id": "37dc3d656fd74947a334f284c470d552", "host": "d6b2a058c4be", "pid": 58461, "rank": null, "ts": "2026-10-04 13:17:08"}
[DBG] {"category": "QUEUE", "component": "ray", "event": "BEGIN:human_put_preference", "group_id": "37dc3d656fd74947a334f284c470d552", "host": "d6b2a058c4be", "pid": 58461, "rank": null, "ts": "2026-10-04 13:17:08"}
[DBG] {"category": "QUEUE", "component": "ray", "event": "watchdog_armed", "host": "d6b2a058c4be", "pid": 58461, "rank": null, "stage": "human_put_preference", "timeout_sec": 30.0, "ts": "2026-10-04 13:17:08"}
[DBG] {"category": "QUEUE", "component": "ray", "elapsed_sec": 0.024564, "event": "END:human_put_preference", "host": "d6b2a058c4be", "pid": 58461, "rank": null, "ts": "2026-10-04 13:17:08"}
[DBG] {"category": "QUEUE", "component": "ray", "event": "preference_selected", "group_id": "37dc3d656fd74947a334f284c470d552", "host": "d6b2a058c4be", "pid": 58461, "preference_pending": 6, "rank": null, "selected": 6, "ts": "2026-10-04 13:17:08"}
[DBG] {"axis/human_groups": 6, "category": "QUEUE", "component": "ray", "data/candidate_all": 6, "data/candidate_lgbm_agree": 0, "data/candidate_lgbm_only": 0, "data/candidate_neural_agree": 0, "data/candidate_neural_only": 0, "data/candidate_triple_agree": 0, "data/selected_pairs": 6, "data/selection_rate": 1.0, "event": "pipeline_metrics", "host": "d6b2a058c4be", "pid": 58461, "queue/preference": 6, "queue/rollout": 8, "rank": null, "ts": "2026-10-04 13:17:08"}
[DBG] {"category": "QUEUE", "component": "ray", "event": "BEGIN:human_pop_rollout", "host": "d6b2a058c4be", "pid": 58461, "rank": null, "ts": "2026-10-04 13:17:08"}
[DBG] {"category": "QUEUE", "component": "ray", "event": "watchdog_armed", "host": "d6b2a058c4be", "pid": 58461, "rank": null, "stage": "human_pop_rollout", "timeout_sec": 30.0, "ts": "2026-10-04 13:17:08"}
[DBG] {"category": "QUEUE", "component": "ray", "elapsed_sec": 0.01752, "event": "END:human_pop_rollout", "host": "d6b2a058c4be", "pid": 58461, "rank": null, "ts": "2026-10-04 13:17:08"}
[DBG] {"category": "QUEUE", "component": "ray", "event": "human_group_received", "group_id": "d4e96a11cce848a9b41c3fb2751812ba", "host": "d6b2a058c4be", "pid": 58461, "rank": null, "ts": "2026-10-04 13:17:08"}
[DBG] {"category": "RAY", "component": "ray", "event": "human_prompt_begin", "group_id": "d4e96a11cce848a9b41c3fb2751812ba", "host": "d6b2a058c4be", "pid": 58461, "rank": null, "ts": "2026-10-04 13:17:08"}
[DBG] {"category": "RAY", "component": "ray", "event": "human_prompt_end", "group_id": "d4e96a11cce848a9b41c3fb2751812ba", "host": "d6b2a058c4be", "pid": 58461, "rank": null, "ts": "2026-10-04 13:17:10"}
[DBG] {"category": "QUEUE", "component": "ray", "event": "BEGIN:human_put_preference", "group_id": "d4e96a11cce848a9b41c3fb2751812ba", "host": "d6b2a058c4be", "pid": 58461, "rank": null, "ts": "2026-10-04 13:17:10"}
[DBG] {"category": "QUEUE", "component": "ray", "event": "watchdog_armed", "host": "d6b2a058c4be", "pid": 58461, "rank": null, "stage": "human_put_preference", "timeout_sec": 30.0, "ts": "2026-10-04 13:17:10"}
[DBG] {"category": "QUEUE", "component": "ray", "elapsed_sec": 0.017017, "event": "END:human_put_preference", "host": "d6b2a058c4be", "pid": 58461, "rank": null, "ts": "2026-10-04 13:17:10"}
[DBG] {"category": "QUEUE", "component": "ray", "event": "preference_selected", "group_id": "d4e96a11cce848a9b41c3fb2751812ba", "host": "d6b2a058c4be", "pid": 58461, "preference_pending": 7, "rank": null, "selected": 7, "ts": "2026-10-04 13:17:10"}
[DBG] {"axis/human_groups": 7, "category": "QUEUE", "component": "ray", "data/candidate_all": 7, "data/candidate_lgbm_agree": 0, "data/candidate_lgbm_only": 0, "data/candidate_neural_agree": 0, "data/candidate_neural_only": 0, "data/candidate_triple_agree": 0, "data/selected_pairs": 7, "data/selection_rate": 1.0, "event": "pipeline_metrics", "host": "d6b2a058c4be", "pid": 58461, "queue/preference": 7, "queue/rollout": 9, "rank": null, "ts": "2026-10-04 13:17:10"}
[DBG] {"category": "QUEUE", "component": "ray", "event": "BEGIN:human_pop_rollout", "host": "d6b2a058c4be", "pid": 58461, "rank": null, "ts": "2026-10-04 13:17:10"}
[DBG] {"category": "QUEUE", "component": "ray", "event": "watchdog_armed", "host": "d6b2a058c4be", "pid": 58461, "rank": null, "stage": "human_pop_rollout", "timeout_sec": 30.0, "ts": "2026-10-04 13:17:10"}
[DBG] {"category": "QUEUE", "component": "ray", "elapsed_sec": 0.047035, "event": "END:human_pop_rollout", "host": "d6b2a058c4be", "pid": 58461, "rank": null, "ts": "2026-10-04 13:17:10"}
[DBG] {"category": "QUEUE", "component": "ray", "event": "human_group_received", "group_id": "596f10dd886c48048a4bf8739474ecb2", "host": "d6b2a058c4be", "pid": 58461, "rank": null, "ts": "2026-10-04 13:17:10"}
[DBG] {"category": "RAY", "component": "ray", "event": "human_prompt_begin", "group_id": "596f10dd886c48048a4bf8739474ecb2", "host": "d6b2a058c4be", "pid": 58461, "rank": null, "ts": "2026-10-04 13:17:10"}
[DBG] {"category": "RAY", "component": "ray", "event": "human_prompt_end", "group_id": "596f10dd886c48048a4bf8739474ecb2", "host": "d6b2a058c4be", "pid": 58461, "rank": null, "ts": "2026-10-04 13:17:12"}
[DBG] {"category": "QUEUE", "component": "ray", "event": "BEGIN:human_put_preference", "group_id": "596f10dd886c48048a4bf8739474ecb2", "host": "d6b2a058c4be", "pid": 58461, "rank": null, "ts": "2026-10-04 13:17:12"}
[DBG] {"category": "QUEUE", "component": "ray", "event": "watchdog_armed", "host": "d6b2a058c4be", "pid": 58461, "rank": null, "stage": "human_put_preference", "timeout_sec": 30.0, "ts": "2026-10-04 13:17:12"}
[DBG] {"category": "QUEUE", "component": "ray", "elapsed_sec": 0.02539, "event": "END:human_put_preference", "host": "d6b2a058c4be", "pid": 58461, "rank": null, "ts": "2026-10-04 13:17:12"}
[DBG] {"category": "QUEUE", "component": "ray", "event": "preference_selected", "group_id": "596f10dd886c48048a4bf8739474ecb2", "host": "d6b2a058c4be", "pid": 58461, "preference_pending": 8, "rank": null, "selected": 8, "ts": "2026-10-04 13:17:12"}
[DBG] {"axis/human_groups": 8, "category": "QUEUE", "component": "ray", "data/candidate_all": 8, "data/candidate_lgbm_agree": 0, "data/candidate_lgbm_only": 0, "data/candidate_neural_agree": 0, "data/candidate_neural_only": 0, "data/candidate_triple_agree": 0, "data/selected_pairs": 8, "data/selection_rate": 1.0, "event": "pipeline_metrics", "host": "d6b2a058c4be", "pid": 58461, "queue/preference": 8, "queue/rollout": 8, "rank": null, "ts": "2026-10-04 13:17:12"}
[DBG] {"category": "QUEUE", "component": "ray", "event": "BEGIN:human_pop_rollout", "host": "d6b2a058c4be", "pid": 58461, "rank": null, "ts": "2026-10-04 13:17:12"}
[DBG] {"category": "QUEUE", "component": "ray", "event": "watchdog_armed", "host": "d6b2a058c4be", "pid": 58461, "rank": null, "stage": "human_pop_rollout", "timeout_sec": 30.0, "ts": "2026-10-04 13:17:12"}
[DBG] {"category": "QUEUE", "component": "ray", "elapsed_sec": 0.051789, "event": "END:human_pop_rollout", "host": "d6b2a058c4be", "pid": 58461, "rank": null, "ts": "2026-10-04 13:17:12"}
[DBG] {"category": "QUEUE", "component": "ray", "event": "human_group_received", "group_id": "57f438ada13a4d81ba51571ce37175dc", "host": "d6b2a058c4be", "pid": 58461, "rank": null, "ts": "2026-10-04 13:17:12"}
[DBG] {"category": "RAY", "component": "ray", "event": "human_prompt_begin", "group_id": "57f438ada13a4d81ba51571ce37175dc", "host": "d6b2a058c4be", "pid": 58461, "rank": null, "ts": "2026-10-04 13:17:12"}
[DBG] {"category": "RAY", "component": "ray", "event": "human_prompt_end", "group_id": "57f438ada13a4d81ba51571ce37175dc", "host": "d6b2a058c4be", "pid": 58461, "rank": null, "ts": "2026-10-04 13:17:13"}
[DBG] {"category": "QUEUE", "component": "ray", "event": "BEGIN:human_put_preference", "group_id": "57f438ada13a4d81ba51571ce37175dc", "host": "d6b2a058c4be", "pid": 58461, "rank": null, "ts": "2026-10-04 13:17:13"}
[DBG] {"category": "QUEUE", "component": "ray", "event": "watchdog_armed", "host": "d6b2a058c4be", "pid": 58461, "rank": null, "stage": "human_put_preference", "timeout_sec": 30.0, "ts": "2026-10-04 13:17:13"}
[DBG] {"category": "QUEUE", "component": "ray", "elapsed_sec": 0.020921, "event": "END:human_put_preference", "host": "d6b2a058c4be", "pid": 58461, "rank": null, "ts": "2026-10-04 13:17:13"}
[DBG] {"category": "QUEUE", "component": "ray", "event": "preference_selected", "group_id": "57f438ada13a4d81ba51571ce37175dc", "host": "d6b2a058c4be", "pid": 58461, "preference_pending": 9, "rank": null, "selected": 9, "ts": "2026-10-04 13:17:13"}
[DBG] {"axis/human_groups": 9, "category": "QUEUE", "component": "ray", "data/candidate_all": 9, "data/candidate_lgbm_agree": 0, "data/candidate_lgbm_only": 0, "data/candidate_neural_agree": 0, "data/candidate_neural_only": 0, "data/candidate_triple_agree": 0, "data/selected_pairs": 9, "data/selection_rate": 1.0, "event": "pipeline_metrics", "host": "d6b2a058c4be", "pid": 58461, "queue/preference": 9, "queue/rollout": 9, "rank": null, "ts": "2026-10-04 13:17:13"}
[DBG] {"category": "QUEUE", "component": "ray", "event": "BEGIN:human_pop_rollout", "host": "d6b2a058c4be", "pid": 58461, "rank": null, "ts": "2026-10-04 13:17:13"}
[DBG] {"category": "QUEUE", "component": "ray", "event": "watchdog_armed", "host": "d6b2a058c4be", "pid": 58461, "rank": null, "stage": "human_pop_rollout", "timeout_sec": 30.0, "ts": "2026-10-04 13:17:13"}
[DBG] {"category": "QUEUE", "component": "ray", "elapsed_sec": 0.036543, "event": "END:human_pop_rollout", "host": "d6b2a058c4be", "pid": 58461, "rank": null, "ts": "2026-10-04 13:17:13"}
[DBG] {"category": "QUEUE", "component": "ray", "event": "human_group_received", "group_id": "cb0feaef00d749b9a578aa4a3f0592b2", "host": "d6b2a058c4be", "pid": 58461, "rank": null, "ts": "2026-10-04 13:17:13"}
[DBG] {"category": "RAY", "component": "ray", "event": "human_prompt_begin", "group_id": "cb0feaef00d749b9a578aa4a3f0592b2", "host": "d6b2a058c4be", "pid": 58461, "rank": null, "ts": "2026-10-04 13:17:13"}
[DBG] {"category": "RAY", "component": "ray", "event": "human_prompt_end", "group_id": "cb0feaef00d749b9a578aa4a3f0592b2", "host": "d6b2a058c4be", "pid": 58461, "rank": null, "ts": "2026-10-04 13:17:14"}
[DBG] {"category": "QUEUE", "component": "ray", "event": "BEGIN:human_put_preference", "group_id": "cb0feaef00d749b9a578aa4a3f0592b2", "host": "d6b2a058c4be", "pid": 58461, "rank": null, "ts": "2026-10-04 13:17:14"}
[DBG] {"category": "QUEUE", "component": "ray", "event": "watchdog_armed", "host": "d6b2a058c4be", "pid": 58461, "rank": null, "stage": "human_put_preference", "timeout_sec": 30.0, "ts": "2026-10-04 13:17:15"}
[DBG] {"category": "QUEUE", "component": "ray", "elapsed_sec": 0.032462, "event": "END:human_put_preference", "host": "d6b2a058c4be", "pid": 58461, "rank": null, "ts": "2026-10-04 13:17:15"}
[DBG] {"category": "QUEUE", "component": "ray", "event": "preference_selected", "group_id": "cb0feaef00d749b9a578aa4a3f0592b2", "host": "d6b2a058c4be", "pid": 58461, "preference_pending": 10, "rank": null, "selected": 10, "ts": "2026-10-04 13:17:15"}
[DBG] {"axis/human_groups": 10, "category": "QUEUE", "component": "ray", "data/candidate_all": 10, "data/candidate_lgbm_agree": 0, "data/candidate_lgbm_only": 0, "data/candidate_neural_agree": 0, "data/candidate_neural_only": 0, "data/candidate_triple_agree": 0, "data/selected_pairs": 10, "data/selection_rate": 1.0, "event": "pipeline_metrics", "host": "d6b2a058c4be", "pid": 58461, "queue/preference": 10, "queue/rollout": 8, "rank": null, "ts": "2026-10-04 13:17:15"}
[DBG] {"category": "QUEUE", "component": "ray", "event": "BEGIN:human_pop_rollout", "host": "d6b2a058c4be", "pid": 58461, "rank": null, "ts": "2026-10-04 13:17:15"}
[DBG] {"category": "QUEUE", "component": "ray", "event": "watchdog_armed", "host": "d6b2a058c4be", "pid": 58461, "rank": null, "stage": "human_pop_rollout", "timeout_sec": 30.0, "ts": "2026-10-04 13:17:15"}
[DBG] {"category": "QUEUE", "component": "ray", "elapsed_sec": 0.049365, "event": "END:human_pop_rollout", "host": "d6b2a058c4be", "pid": 58461, "rank": null, "ts": "2026-10-04 13:17:15"}
[DBG] {"category": "QUEUE", "component": "ray", "event": "human_group_received", "group_id": "0dfd24998319406db37dce8d746b7ab7", "host": "d6b2a058c4be", "pid": 58461, "rank": null, "ts": "2026-10-04 13:17:15"}
[DBG] {"category": "RAY", "component": "ray", "event": "human_prompt_begin", "group_id": "0dfd24998319406db37dce8d746b7ab7", "host": "d6b2a058c4be", "pid": 58461, "rank": null, "ts": "2026-10-04 13:17:15"}
[DBG] {"category": "RAY", "component": "ray", "event": "human_prompt_end", "group_id": "0dfd24998319406db37dce8d746b7ab7", "host": "d6b2a058c4be", "pid": 58461, "rank": null, "ts": "2026-10-04 13:17:16"}
[DBG] {"category": "QUEUE", "component": "ray", "event": "BEGIN:human_put_preference", "group_id": "0dfd24998319406db37dce8d746b7ab7", "host": "d6b2a058c4be", "pid": 58461, "rank": null, "ts": "2026-10-04 13:17:16"}
[DBG] {"category": "QUEUE", "component": "ray", "event": "watchdog_armed", "host": "d6b2a058c4be", "pid": 58461, "rank": null, "stage": "human_put_preference", "timeout_sec": 30.0, "ts": "2026-10-04 13:17:16"}
[DBG] {"category": "QUEUE", "component": "ray", "elapsed_sec": 0.021991, "event": "END:human_put_preference", "host": "d6b2a058c4be", "pid": 58461, "rank": null, "ts": "2026-10-04 13:17:16"}
[DBG] {"category": "QUEUE", "component": "ray", "event": "preference_selected", "group_id": "0dfd24998319406db37dce8d746b7ab7", "host": "d6b2a058c4be", "pid": 58461, "preference_pending": 11, "rank": null, "selected": 11, "ts": "2026-10-04 13:17:16"}
[DBG] {"axis/human_groups": 11, "category": "QUEUE", "component": "ray", "data/candidate_all": 11, "data/candidate_lgbm_agree": 0, "data/candidate_lgbm_only": 0, "data/candidate_neural_agree": 0, "data/candidate_neural_only": 0, "data/candidate_triple_agree": 0, "data/selected_pairs": 11, "data/selection_rate": 1.0, "event": "pipeline_metrics", "host": "d6b2a058c4be", "pid": 58461, "queue/preference": 11, "queue/rollout": 9, "rank": null, "ts": "2026-10-04 13:17:16"}
[DBG] {"category": "QUEUE", "component": "ray", "event": "BEGIN:human_pop_rollout", "host": "d6b2a058c4be", "pid": 58461, "rank": null, "ts": "2026-10-04 13:17:16"}
[DBG] {"category": "QUEUE", "component": "ray", "event": "watchdog_armed", "host": "d6b2a058c4be", "pid": 58461, "rank": null, "stage": "human_pop_rollout", "timeout_sec": 30.0, "ts": "2026-10-04 13:17:16"}
[DBG] {"category": "QUEUE", "component": "ray", "elapsed_sec": 0.020736, "event": "END:human_pop_rollout", "host": "d6b2a058c4be", "pid": 58461, "rank": null, "ts": "2026-10-04 13:17:16"}
[DBG] {"category": "QUEUE", "component": "ray", "event": "human_group_received", "group_id": "0503577cd48a4417bcf840884542b214", "host": "d6b2a058c4be", "pid": 58461, "rank": null, "ts": "2026-10-04 13:17:16"}
[DBG] {"category": "RAY", "component": "ray", "event": "human_prompt_begin", "group_id": "0503577cd48a4417bcf840884542b214", "host": "d6b2a058c4be", "pid": 58461, "rank": null, "ts": "2026-10-04 13:17:16"}
[DBG] {"category": "RAY", "component": "ray", "event": "human_prompt_end", "group_id": "0503577cd48a4417bcf840884542b214", "host": "d6b2a058c4be", "pid": 58461, "rank": null, "ts": "2026-10-04 13:17:17"}
[DBG] {"category": "QUEUE", "component": "ray", "event": "BEGIN:human_put_preference", "group_id": "0503577cd48a4417bcf840884542b214", "host": "d6b2a058c4be", "pid": 58461, "rank": null, "ts": "2026-10-04 13:17:17"}
[DBG] {"category": "QUEUE", "component": "ray", "event": "watchdog_armed", "host": "d6b2a058c4be", "pid": 58461, "rank": null, "stage": "human_put_preference", "timeout_sec": 30.0, "ts": "2026-10-04 13:17:17"}
[DBG] {"category": "QUEUE", "component": "ray", "elapsed_sec": 0.030932, "event": "END:human_put_preference", "host": "d6b2a058c4be", "pid": 58461, "rank": null, "ts": "2026-10-04 13:17:17"}
[DBG] {"category": "QUEUE", "component": "ray", "event": "preference_selected", "group_id": "0503577cd48a4417bcf840884542b214", "host": "d6b2a058c4be", "pid": 58461, "preference_pending": 12, "rank": null, "selected": 12, "ts": "2026-10-04 13:17:17"}
[DBG] {"axis/human_groups": 12, "category": "QUEUE", "component": "ray", "data/candidate_all": 12, "data/candidate_lgbm_agree": 0, "data/candidate_lgbm_only": 0, "data/candidate_neural_agree": 0, "data/candidate_neural_only": 0, "data/candidate_triple_agree": 0, "data/selected_pairs": 12, "data/selection_rate": 1.0, "event": "pipeline_metrics", "host": "d6b2a058c4be", "pid": 58461, "queue/preference": 12, "queue/rollout": 8, "rank": null, "ts": "2026-10-04 13:17:17"}
[DBG] {"category": "QUEUE", "component": "ray", "event": "BEGIN:human_pop_rollout", "host": "d6b2a058c4be", "pid": 58461, "rank": null, "ts": "2026-10-04 13:17:17"}
[DBG] {"category": "QUEUE", "component": "ray", "event": "watchdog_armed", "host": "d6b2a058c4be", "pid": 58461, "rank": null, "stage": "human_pop_rollout", "timeout_sec": 30.0, "ts": "2026-10-04 13:17:17"}
[DBG] {"category": "QUEUE", "component": "ray", "elapsed_sec": 0.029035, "event": "END:human_pop_rollout", "host": "d6b2a058c4be", "pid": 58461, "rank": null, "ts": "2026-10-04 13:17:17"}
[DBG] {"category": "QUEUE", "component": "ray", "event": "human_group_received", "group_id": "f2d9ac6bd24042a1b21ea9da1d9e070e", "host": "d6b2a058c4be", "pid": 58461, "rank": null, "ts": "2026-10-04 13:17:17"}
[DBG] {"category": "RAY", "component": "ray", "event": "human_prompt_begin", "group_id": "f2d9ac6bd24042a1b21ea9da1d9e070e", "host": "d6b2a058c4be", "pid": 58461, "rank": null, "ts": "2026-10-04 13:17:17"}
[DBG] {"category": "RAY", "component": "ray", "event": "human_prompt_end", "group_id": "f2d9ac6bd24042a1b21ea9da1d9e070e", "host": "d6b2a058c4be", "pid": 58461, "rank": null, "ts": "2026-10-04 13:17:18"}
[DBG] {"category": "QUEUE", "component": "ray", "event": "BEGIN:human_put_preference", "group_id": "f2d9ac6bd24042a1b21ea9da1d9e070e", "host": "d6b2a058c4be", "pid": 58461, "rank": null, "ts": "2026-10-04 13:17:18"}
[DBG] {"category": "QUEUE", "component": "ray", "event": "watchdog_armed", "host": "d6b2a058c4be", "pid": 58461, "rank": null, "stage": "human_put_preference", "timeout_sec": 30.0, "ts": "2026-10-04 13:17:18"}
[DBG] {"category": "QUEUE", "component": "ray", "elapsed_sec": 0.014013, "event": "END:human_put_preference", "host": "d6b2a058c4be", "pid": 58461, "rank": null, "ts": "2026-10-04 13:17:18"}
[DBG] {"category": "QUEUE", "component": "ray", "event": "preference_selected", "group_id": "f2d9ac6bd24042a1b21ea9da1d9e070e", "host": "d6b2a058c4be", "pid": 58461, "preference_pending": 13, "rank": null, "selected": 13, "ts": "2026-10-04 13:17:18"}
[DBG] {"axis/human_groups": 13, "category": "QUEUE", "component": "ray", "data/candidate_all": 13, "data/candidate_lgbm_agree": 0, "data/candidate_lgbm_only": 0, "data/candidate_neural_agree": 0, "data/candidate_neural_only": 0, "data/candidate_triple_agree": 0, "data/selected_pairs": 13, "data/selection_rate": 1.0, "event": "pipeline_metrics", "host": "d6b2a058c4be", "pid": 58461, "queue/preference": 13, "queue/rollout": 9, "rank": null, "ts": "2026-10-04 13:17:18"}
[DBG] {"category": "QUEUE", "component": "ray", "event": "BEGIN:human_pop_rollout", "host": "d6b2a058c4be", "pid": 58461, "rank": null, "ts": "2026-10-04 13:17:18"}
[DBG] {"category": "QUEUE", "component": "ray", "event": "watchdog_armed", "host": "d6b2a058c4be", "pid": 58461, "rank": null, "stage": "human_pop_rollout", "timeout_sec": 30.0, "ts": "2026-10-04 13:17:18"}
[DBG] {"category": "QUEUE", "component": "ray", "elapsed_sec": 0.022211, "event": "END:human_pop_rollout", "host": "d6b2a058c4be", "pid": 58461, "rank": null, "ts": "2026-10-04 13:17:18"}
[DBG] {"category": "QUEUE", "component": "ray", "event": "human_group_received", "group_id": "1ec2bfd1fc6e45f7955688bbfcdc74ed", "host": "d6b2a058c4be", "pid": 58461, "rank": null, "ts": "2026-10-04 13:17:18"}
[DBG] {"category": "RAY", "component": "ray", "event": "human_prompt_begin", "group_id": "1ec2bfd1fc6e45f7955688bbfcdc74ed", "host": "d6b2a058c4be", "pid": 58461, "rank": null, "ts": "2026-10-04 13:17:18"}
[DBG] {"category": "RAY", "component": "ray", "event": "shutdown_begin", "host": "d6b2a058c4be", "pid": 58461, "rank": null, "ts": "2026-10-04 13:20:07"}
[DBG] {"category": "RAY", "component": "ray", "event": "BEGIN:join_trainer", "host": "d6b2a058c4be", "pid": 58461, "rank": null, "ts": "2026-10-04 13:20:07"}
[DBG] {"category": "RAY", "component": "ray", "event": "watchdog_armed", "host": "d6b2a058c4be", "pid": 58461, "rank": null, "stage": "join_trainer", "timeout_sec": 30.0, "ts": "2026-10-04 13:20:07"}
[DBG] {"category": "RAY", "component": "ray", "error": "", "error_type": "KeyboardInterrupt", "event": "ERROR:join_trainer", "host": "d6b2a058c4be", "pid": 58461, "rank": null, "traceback": "Traceback (most recent call last):\n  File \"/root/Recursive_RLHF_training_for_LLM/orchestrator.py\", line 163, in run\n    self._human_loop()\n  File \"/root/Recursive_RLHF_training_for_LLM/orchestrator.py\", line 356, in _human_loop\n    group = groups[0]\n            ~~~~~~^^^^\n  File \"/root/Recursive_RLHF_training_for_LLM/reward.py\", line 157, in score\n    raw = input(f\"scores ({len(group['responses'])} numbers, q=quit): \").strip()\n          ^^^^^^^^^^^^^^^^^^^^^^^^^^^^^^^^^^^^^^^^^^^^^^^^^^^^^^^^^^^^^^\nKeyboardInterrupt\n\nDuring handling of the above exception, another exception occurred:\n\nTraceback (most recent call last):\n  File \"/root/Recursive_RLHF_training_for_LLM/debug.py\", line 154, in stage\n    yield\n  File \"/root/Recursive_RLHF_training_for_LLM/orchestrator.py\", line 179, in run\n    ray.get(ref, timeout=30)\n  File \"/usr/local/lib/python3.11/dist-packages/ray/_private/auto_init_hook.py\", line 22, in auto_init_wrapper\n    return fn(*args, **kwargs)\n           ^^^^^^^^^^^^^^^^^^^\n  File \"/usr/local/lib/python3.11/dist-packages/ray/_private/client_mode_hook.py\", line 135, in wrapper\n    return func(*args, **kwargs)\n           ^^^^^^^^^^^^^^^^^^^^^\n  File \"/usr/local/lib/python3.11/dist-packages/ray/_private/worker.py\", line 3004, in get\n    values, debugger_breakpoint = worker.get_objects(\n                                  ^^^^^^^^^^^^^^^^^^^\n  File \"/usr/local/lib/python3.11/dist-packages/ray/_private/worker.py\", line 1007, in get_objects\n    ] = self.core_worker.get_objects(\n        ^^^^^^^^^^^^^^^^^^^^^^^^^^^^^\n  File \"python/ray/_raylet.pyx\", line 3473, in ray._raylet.CoreWorker.get_objects\n  File \"python/ray/includes/common.pxi\", line 105, in ray._raylet.check_status\nKeyboardInterrupt\n", "ts": "2026-10-04 13:20:08"}
[DBG] {"category": "RAY", "component": "ray", "elapsed_sec": 1.003204, "event": "END:join_trainer", "host": "d6b2a058c4be", "pid": 58461, "rank": null, "ts": "2026-10-04 13:20:08"}
