[DBG] {"category": "RAY", "component": "ray", "debug_all": false, "debug_data": false, "debug_fsdp": true, "debug_inference": false, "debug_queue": true, "debug_ray": true, "debug_reward": false, "debug_train": true, "event": "application_start", "host": "d6b2a058c4be", "pid": 63689, "rank": null, "ts": "2026-10-04 13:20:27"}
[DBG] {"address": "auto", "category": "RAY", "component": "ray", "event": "BEGIN:ray_init", "host": "d6b2a058c4be", "log_to_driver": false, "pid": 63689, "rank": null, "ts": "2026-10-04 13:20:27"}
[DBG] {"category": "RAY", "component": "ray", "event": "watchdog_armed", "host": "d6b2a058c4be", "pid": 63689, "rank": null, "stage": "ray_init", "timeout_sec": 30.0, "ts": "2026-10-04 13:20:27"}
[DBG] {"category": "RAY", "component": "ray", "elapsed_sec": 0.595582, "event": "END:ray_init", "host": "d6b2a058c4be", "pid": 63689, "rank": null, "ts": "2026-10-04 13:20:28"}
[DBG] {"category": "RAY", "component": "ray", "event": "cluster_resources", "host": "d6b2a058c4be", "pid": 63689, "rank": null, "resources": {"CPU": 27.0, "GPU": 3.0, "accelerator_type:RTX-A6000": 1.0, "memory": 115631776154.0, "node:172.20.0.2": 1.0, "node:__internal_head__": 1.0, "object_store_memory": 49556475494.0}, "ts": "2026-10-04 13:20:28"}
[DBG] {"category": "RAY", "component": "ray", "event": "resource_check", "gpu_available": 3, "gpu_needed": 3, "host": "d6b2a058c4be", "pid": 63689, "rank": null, "ts": "2026-10-04 13:20:28"}
[DBG] {"category": "RAY", "component": "ray", "event": "run_id", "host": "d6b2a058c4be", "pid": 63689, "rank": null, "run_id": "smoke01", "ts": "2026-10-04 13:20:28"}
[DBG] {"category": "RAY", "component": "ray", "event": "BEGIN:create_queue_actor", "host": "d6b2a058c4be", "pid": 63689, "rank": null, "ts": "2026-10-04 13:20:28"}
[DBG] {"category": "RAY", "component": "ray", "event": "watchdog_armed", "host": "d6b2a058c4be", "pid": 63689, "rank": null, "stage": "create_queue_actor", "timeout_sec": 30.0, "ts": "2026-10-04 13:20:28"}
[DBG] {"category": "RAY", "component": "ray", "elapsed_sec": 0.037999, "event": "END:create_queue_actor", "host": "d6b2a058c4be", "pid": 63689, "rank": null, "ts": "2026-10-04 13:20:28"}
[DBG] {"category": "QUEUE", "component": "ray", "event": "BEGIN:queue_describe", "host": "d6b2a058c4be", "pid": 63689, "rank": null, "ts": "2026-10-04 13:20:28"}
[DBG] {"category": "QUEUE", "component": "ray", "event": "watchdog_armed", "host": "d6b2a058c4be", "pid": 63689, "rank": null, "stage": "queue_describe", "timeout_sec": 30.0, "ts": "2026-10-04 13:20:28"}
[DBG] {"category": "QUEUE", "component": "ray", "elapsed_sec": 8.755908, "event": "END:queue_describe", "host": "d6b2a058c4be", "pid": 63689, "rank": null, "ts": "2026-10-04 13:20:37"}
[DBG] {"category": "RAY", "component": "ray", "event": "BEGIN:create_control_actor", "host": "d6b2a058c4be", "pid": 63689, "rank": null, "ts": "2026-10-04 13:20:37"}
[DBG] {"category": "RAY", "component": "ray", "event": "watchdog_armed", "host": "d6b2a058c4be", "pid": 63689, "rank": null, "stage": "create_control_actor", "timeout_sec": 30.0, "ts": "2026-10-04 13:20:37"}
[DBG] {"category": "RAY", "component": "ray", "elapsed_sec": 0.010391, "event": "END:create_control_actor", "host": "d6b2a058c4be", "pid": 63689, "rank": null, "ts": "2026-10-04 13:20:37"}
[DBG] {"category": "RAY", "component": "ray", "event": "BEGIN:create_tracker_actor", "host": "d6b2a058c4be", "pid": 63689, "rank": null, "ts": "2026-10-04 13:20:37"}
[DBG] {"category": "RAY", "component": "ray", "event": "watchdog_armed", "host": "d6b2a058c4be", "pid": 63689, "rank": null, "stage": "create_tracker_actor", "timeout_sec": 30.0, "ts": "2026-10-04 13:20:37"}
[DBG] {"category": "RAY", "component": "ray", "elapsed_sec": 0.025227, "event": "END:create_tracker_actor", "host": "d6b2a058c4be", "pid": 63689, "rank": null, "ts": "2026-10-04 13:20:37"}
[DBG] {"category": "RAY", "component": "ray", "event": "BEGIN:create_inference_actor", "gpus": 1, "host": "d6b2a058c4be", "pid": 63689, "rank": null, "ts": "2026-10-04 13:20:37"}
[DBG] {"category": "RAY", "component": "ray", "event": "watchdog_armed", "host": "d6b2a058c4be", "pid": 63689, "rank": null, "stage": "create_inference_actor", "timeout_sec": 30.0, "ts": "2026-10-04 13:20:37"}
[DBG] {"category": "RAY", "component": "ray", "elapsed_sec": 0.026337, "event": "END:create_inference_actor", "host": "d6b2a058c4be", "pid": 63689, "rank": null, "ts": "2026-10-04 13:20:37"}
[DBG] {"category": "RAY", "component": "ray", "event": "BEGIN:create_reward_actor", "gpus": 0, "host": "d6b2a058c4be", "pid": 63689, "rank": null, "ts": "2026-10-04 13:20:37"}
[DBG] {"category": "RAY", "component": "ray", "event": "watchdog_armed", "host": "d6b2a058c4be", "pid": 63689, "rank": null, "stage": "create_reward_actor", "timeout_sec": 30.0, "ts": "2026-10-04 13:20:37"}
[DBG] {"category": "RAY", "component": "ray", "elapsed_sec": 0.031205, "event": "END:create_reward_actor", "host": "d6b2a058c4be", "pid": 63689, "rank": null, "ts": "2026-10-04 13:20:37"}
[DBG] {"category": "RAY", "component": "ray", "event": "BEGIN:create_rollout_actor", "host": "d6b2a058c4be", "pid": 63689, "rank": null, "ts": "2026-10-04 13:20:37"}
[DBG] {"category": "RAY", "component": "ray", "event": "watchdog_armed", "host": "d6b2a058c4be", "pid": 63689, "rank": null, "stage": "create_rollout_actor", "timeout_sec": 30.0, "ts": "2026-10-04 13:20:37"}
[DBG] {"category": "RAY", "component": "ray", "elapsed_sec": 0.013732, "event": "END:create_rollout_actor", "host": "d6b2a058c4be", "pid": 63689, "rank": null, "ts": "2026-10-04 13:20:37"}
[DBG] {"category": "RAY", "component": "ray", "event": "BEGIN:create_trainer_actor", "host": "d6b2a058c4be", "pid": 63689, "rank": null, "ts": "2026-10-04 13:20:37"}
[DBG] {"category": "RAY", "component": "ray", "event": "watchdog_armed", "host": "d6b2a058c4be", "pid": 63689, "rank": null, "stage": "create_trainer_actor", "timeout_sec": 30.0, "ts": "2026-10-04 13:20:37"}
[DBG] {"category": "RAY", "component": "ray", "elapsed_sec": 0.012946, "event": "END:create_trainer_actor", "host": "d6b2a058c4be", "pid": 63689, "rank": null, "ts": "2026-10-04 13:20:37"}
[DBG] {"category": "RAY", "component": "ray", "event": "BEGIN:launch_trainer_actor", "host": "d6b2a058c4be", "pid": 63689, "rank": null, "ts": "2026-10-04 13:21:17"}
[DBG] {"category": "RAY", "component": "ray", "event": "watchdog_armed", "host": "d6b2a058c4be", "pid": 63689, "rank": null, "stage": "launch_trainer_actor", "timeout_sec": 30.0, "ts": "2026-10-04 13:21:17"}
[DBG] {"category": "RAY", "component": "ray", "elapsed_sec": 0.002401, "event": "END:launch_trainer_actor", "host": "d6b2a058c4be", "pid": 63689, "rank": null, "ts": "2026-10-04 13:21:17"}
[DBG] {"category": "RAY", "component": "ray", "event": "BEGIN:launch_rollout_producer", "host": "d6b2a058c4be", "pid": 63689, "rank": null, "ts": "2026-10-04 13:21:17"}
[DBG] {"category": "RAY", "component": "ray", "event": "watchdog_armed", "host": "d6b2a058c4be", "pid": 63689, "rank": null, "stage": "launch_rollout_producer", "timeout_sec": 30.0, "ts": "2026-10-04 13:21:17"}
[DBG] {"category": "RAY", "component": "ray", "elapsed_sec": 0.000448, "event": "END:launch_rollout_producer", "host": "d6b2a058c4be", "pid": 63689, "rank": null, "ts": "2026-10-04 13:21:17"}
[DBG] {"category": "RAY", "component": "ray", "event": "human_loop_start", "host": "d6b2a058c4be", "pid": 63689, "rank": null, "ts": "2026-10-04 13:21:17"}
[DBG] {"category": "QUEUE", "component": "ray", "event": "BEGIN:human_pop_rollout", "host": "d6b2a058c4be", "pid": 63689, "rank": null, "ts": "2026-10-04 13:21:17"}
[DBG] {"category": "QUEUE", "component": "ray", "event": "watchdog_armed", "host": "d6b2a058c4be", "pid": 63689, "rank": null, "stage": "human_pop_rollout", "timeout_sec": 30.0, "ts": "2026-10-04 13:21:17"}
[DBG] {"category": "QUEUE", "component": "ray", "elapsed_sec": 0.020518, "event": "END:human_pop_rollout", "host": "d6b2a058c4be", "pid": 63689, "rank": null, "ts": "2026-10-04 13:21:17"}
[DBG] {"category": "QUEUE", "component": "ray", "event": "BEGIN:human_pop_rollout", "host": "d6b2a058c4be", "pid": 63689, "rank": null, "ts": "2026-10-04 13:21:17"}
[DBG] {"category": "QUEUE", "component": "ray", "event": "watchdog_armed", "host": "d6b2a058c4be", "pid": 63689, "rank": null, "stage": "human_pop_rollout", "timeout_sec": 30.0, "ts": "2026-10-04 13:21:17"}
[DBG] {"category": "QUEUE", "component": "ray", "elapsed_sec": 0.006393, "event": "END:human_pop_rollout", "host": "d6b2a058c4be", "pid": 63689, "rank": null, "ts": "2026-10-04 13:21:17"}
[DBG] {"category": "QUEUE", "component": "ray", "event": "BEGIN:human_pop_rollout", "host": "d6b2a058c4be", "pid": 63689, "rank": null, "ts": "2026-10-04 13:21:17"}
[DBG] {"category": "QUEUE", "component": "ray", "event": "watchdog_armed", "host": "d6b2a058c4be", "pid": 63689, "rank": null, "stage": "human_pop_rollout", "timeout_sec": 30.0, "ts": "2026-10-04 13:21:17"}
[DBG] {"category": "QUEUE", "component": "ray", "elapsed_sec": 0.005891, "event": "END:human_pop_rollout", "host": "d6b2a058c4be", "pid": 63689, "rank": null, "ts": "2026-10-04 13:21:17"}
[DBG] {"category": "QUEUE", "component": "ray", "event": "BEGIN:human_pop_rollout", "host": "d6b2a058c4be", "pid": 63689, "rank": null, "ts": "2026-10-04 13:21:17"}
[DBG] {"category": "QUEUE", "component": "ray", "event": "watchdog_armed", "host": "d6b2a058c4be", "pid": 63689, "rank": null, "stage": "human_pop_rollout", "timeout_sec": 30.0, "ts": "2026-10-04 13:21:17"}
[DBG] {"category": "QUEUE", "component": "ray", "elapsed_sec": 0.005917, "event": "END:human_pop_rollout", "host": "d6b2a058c4be", "pid": 63689, "rank": null, "ts": "2026-10-04 13:21:17"}
[DBG] {"category": "QUEUE", "component": "ray", "event": "BEGIN:human_pop_rollout", "host": "d6b2a058c4be", "pid": 63689, "rank": null, "ts": "2026-10-04 13:21:18"}
[DBG] {"category": "QUEUE", "component": "ray", "event": "watchdog_armed", "host": "d6b2a058c4be", "pid": 63689, "rank": null, "stage": "human_pop_rollout", "timeout_sec": 30.0, "ts": "2026-10-04 13:21:18"}
[DBG] {"category": "QUEUE", "component": "ray", "elapsed_sec": 0.004556, "event": "END:human_pop_rollout", "host": "d6b2a058c4be", "pid": 63689, "rank": null, "ts": "2026-10-04 13:21:18"}
[DBG] {"category": "QUEUE", "component": "ray", "event": "BEGIN:human_pop_rollout", "host": "d6b2a058c4be", "pid": 63689, "rank": null, "ts": "2026-10-04 13:21:18"}
[DBG] {"category": "QUEUE", "component": "ray", "event": "watchdog_armed", "host": "d6b2a058c4be", "pid": 63689, "rank": null, "stage": "human_pop_rollout", "timeout_sec": 30.0, "ts": "2026-10-04 13:21:18"}
[DBG] {"category": "QUEUE", "component": "ray", "elapsed_sec": 0.003872, "event": "END:human_pop_rollout", "host": "d6b2a058c4be", "pid": 63689, "rank": null, "ts": "2026-10-04 13:21:18"}
[DBG] {"category": "QUEUE", "component": "ray", "event": "BEGIN:human_pop_rollout", "host": "d6b2a058c4be", "pid": 63689, "rank": null, "ts": "2026-10-04 13:21:18"}
[DBG] {"category": "QUEUE", "component": "ray", "event": "watchdog_armed", "host": "d6b2a058c4be", "pid": 63689, "rank": null, "stage": "human_pop_rollout", "timeout_sec": 30.0, "ts": "2026-10-04 13:21:18"}
[DBG] {"category": "QUEUE", "component": "ray", "elapsed_sec": 0.004459, "event": "END:human_pop_rollout", "host": "d6b2a058c4be", "pid": 63689, "rank": null, "ts": "2026-10-04 13:21:18"}
[DBG] {"category": "QUEUE", "component": "ray", "event": "BEGIN:human_pop_rollout", "host": "d6b2a058c4be", "pid": 63689, "rank": null, "ts": "2026-10-04 13:21:18"}
[DBG] {"category": "QUEUE", "component": "ray", "event": "watchdog_armed", "host": "d6b2a058c4be", "pid": 63689, "rank": null, "stage": "human_pop_rollout", "timeout_sec": 30.0, "ts": "2026-10-04 13:21:18"}
[DBG] {"category": "QUEUE", "component": "ray", "elapsed_sec": 0.006579, "event": "END:human_pop_rollout", "host": "d6b2a058c4be", "pid": 63689, "rank": null, "ts": "2026-10-04 13:21:18"}
[DBG] {"category": "QUEUE", "component": "ray", "event": "BEGIN:human_pop_rollout", "host": "d6b2a058c4be", "pid": 63689, "rank": null, "ts": "2026-10-04 13:21:18"}
[DBG] {"category": "QUEUE", "component": "ray", "event": "watchdog_armed", "host": "d6b2a058c4be", "pid": 63689, "rank": null, "stage": "human_pop_rollout", "timeout_sec": 30.0, "ts": "2026-10-04 13:21:18"}
[DBG] {"category": "QUEUE", "component": "ray", "elapsed_sec": 0.006319, "event": "END:human_pop_rollout", "host": "d6b2a058c4be", "pid": 63689, "rank": null, "ts": "2026-10-04 13:21:18"}
[DBG] {"category": "QUEUE", "component": "ray", "event": "BEGIN:human_pop_rollout", "host": "d6b2a058c4be", "pid": 63689, "rank": null, "ts": "2026-10-04 13:21:19"}
[DBG] {"category": "QUEUE", "component": "ray", "event": "watchdog_armed", "host": "d6b2a058c4be", "pid": 63689, "rank": null, "stage": "human_pop_rollout", "timeout_sec": 30.0, "ts": "2026-10-04 13:21:19"}
[DBG] {"category": "QUEUE", "component": "ray", "elapsed_sec": 0.003888, "event": "END:human_pop_rollout", "host": "d6b2a058c4be", "pid": 63689, "rank": null, "ts": "2026-10-04 13:21:19"}
[DBG] {"category": "QUEUE", "component": "ray", "event": "BEGIN:human_pop_rollout", "host": "d6b2a058c4be", "pid": 63689, "rank": null, "ts": "2026-10-04 13:21:19"}
[DBG] {"category": "QUEUE", "component": "ray", "event": "watchdog_armed", "host": "d6b2a058c4be", "pid": 63689, "rank": null, "stage": "human_pop_rollout", "timeout_sec": 30.0, "ts": "2026-10-04 13:21:19"}
[DBG] {"category": "QUEUE", "component": "ray", "elapsed_sec": 0.006419, "event": "END:human_pop_rollout", "host": "d6b2a058c4be", "pid": 63689, "rank": null, "ts": "2026-10-04 13:21:19"}
[DBG] {"category": "QUEUE", "component": "ray", "event": "BEGIN:human_pop_rollout", "host": "d6b2a058c4be", "pid": 63689, "rank": null, "ts": "2026-10-04 13:21:19"}
[DBG] {"category": "QUEUE", "component": "ray", "event": "watchdog_armed", "host": "d6b2a058c4be", "pid": 63689, "rank": null, "stage": "human_pop_rollout", "timeout_sec": 30.0, "ts": "2026-10-04 13:21:19"}
[DBG] {"category": "QUEUE", "component": "ray", "elapsed_sec": 0.004932, "event": "END:human_pop_rollout", "host": "d6b2a058c4be", "pid": 63689, "rank": null, "ts": "2026-10-04 13:21:19"}
[DBG] {"category": "QUEUE", "component": "ray", "event": "BEGIN:human_pop_rollout", "host": "d6b2a058c4be", "pid": 63689, "rank": null, "ts": "2026-10-04 13:21:19"}
[DBG] {"category": "QUEUE", "component": "ray", "event": "watchdog_armed", "host": "d6b2a058c4be", "pid": 63689, "rank": null, "stage": "human_pop_rollout", "timeout_sec": 30.0, "ts": "2026-10-04 13:21:19"}
[DBG] {"category": "QUEUE", "component": "ray", "elapsed_sec": 0.0317, "event": "END:human_pop_rollout", "host": "d6b2a058c4be", "pid": 63689, "rank": null, "ts": "2026-10-04 13:21:19"}
[DBG] {"category": "QUEUE", "component": "ray", "event": "human_group_received", "group_id": "10b1a3d46d2d47cf925b19ff824cc3c7", "host": "d6b2a058c4be", "pid": 63689, "rank": null, "ts": "2026-10-04 13:21:19"}
[DBG] {"category": "RAY", "component": "ray", "event": "human_prompt_begin", "group_id": "10b1a3d46d2d47cf925b19ff824cc3c7", "host": "d6b2a058c4be", "pid": 63689, "rank": null, "ts": "2026-10-04 13:21:19"}
[DBG] {"category": "RAY", "component": "ray", "event": "human_prompt_end", "group_id": "10b1a3d46d2d47cf925b19ff824cc3c7", "host": "d6b2a058c4be", "pid": 63689, "rank": null, "ts": "2026-10-04 13:23:27"}
[DBG] {"category": "QUEUE", "component": "ray", "event": "BEGIN:human_put_preference", "group_id": "10b1a3d46d2d47cf925b19ff824cc3c7", "host": "d6b2a058c4be", "pid": 63689, "rank": null, "ts": "2026-10-04 13:23:27"}
[DBG] {"category": "QUEUE", "component": "ray", "event": "watchdog_armed", "host": "d6b2a058c4be", "pid": 63689, "rank": null, "stage": "human_put_preference", "timeout_sec": 30.0, "ts": "2026-10-04 13:23:27"}
[DBG] {"category": "QUEUE", "component": "ray", "elapsed_sec": 0.025129, "event": "END:human_put_preference", "host": "d6b2a058c4be", "pid": 63689, "rank": null, "ts": "2026-10-04 13:23:27"}
[DBG] {"category": "QUEUE", "component": "ray", "event": "preference_selected", "group_id": "10b1a3d46d2d47cf925b19ff824cc3c7", "host": "d6b2a058c4be", "pid": 63689, "preference_pending": 1, "rank": null, "selected": 1, "ts": "2026-10-04 13:23:27"}
[DBG] {"axis/human_groups": 1, "category": "QUEUE", "component": "ray", "data/candidate_all": 1, "data/candidate_lgbm_agree": 0, "data/candidate_lgbm_only": 0, "data/candidate_neural_agree": 0, "data/candidate_neural_only": 0, "data/candidate_triple_agree": 0, "data/selected_pairs": 1, "data/selection_rate": 1.0, "event": "pipeline_metrics", "host": "d6b2a058c4be", "pid": 63689, "queue/preference": 1, "queue/rollout": 9, "rank": null, "ts": "2026-10-04 13:23:27"}
[DBG] {"category": "QUEUE", "component": "ray", "event": "BEGIN:human_pop_rollout", "host": "d6b2a058c4be", "pid": 63689, "rank": null, "ts": "2026-10-04 13:23:27"}
[DBG] {"category": "QUEUE", "component": "ray", "event": "watchdog_armed", "host": "d6b2a058c4be", "pid": 63689, "rank": null, "stage": "human_pop_rollout", "timeout_sec": 30.0, "ts": "2026-10-04 13:23:27"}
[DBG] {"category": "QUEUE", "component": "ray", "elapsed_sec": 0.034113, "event": "END:human_pop_rollout", "host": "d6b2a058c4be", "pid": 63689, "rank": null, "ts": "2026-10-04 13:23:27"}
[DBG] {"category": "QUEUE", "component": "ray", "event": "human_group_received", "group_id": "c6ed1b5bf09749269d408f3ad6bd692e", "host": "d6b2a058c4be", "pid": 63689, "rank": null, "ts": "2026-10-04 13:23:27"}
[DBG] {"category": "RAY", "component": "ray", "event": "human_prompt_begin", "group_id": "c6ed1b5bf09749269d408f3ad6bd692e", "host": "d6b2a058c4be", "pid": 63689, "rank": null, "ts": "2026-10-04 13:23:27"}
[DBG] {"category": "RAY", "component": "ray", "event": "human_prompt_end", "group_id": "c6ed1b5bf09749269d408f3ad6bd692e", "host": "d6b2a058c4be", "pid": 63689, "rank": null, "ts": "2026-10-04 13:23:28"}
[DBG] {"category": "QUEUE", "component": "ray", "event": "BEGIN:human_put_preference", "group_id": "c6ed1b5bf09749269d408f3ad6bd692e", "host": "d6b2a058c4be", "pid": 63689, "rank": null, "ts": "2026-10-04 13:23:28"}
[DBG] {"category": "QUEUE", "component": "ray", "event": "watchdog_armed", "host": "d6b2a058c4be", "pid": 63689, "rank": null, "stage": "human_put_preference", "timeout_sec": 30.0, "ts": "2026-10-04 13:23:28"}
[DBG] {"category": "QUEUE", "component": "ray", "elapsed_sec": 0.018297, "event": "END:human_put_preference", "host": "d6b2a058c4be", "pid": 63689, "rank": null, "ts": "2026-10-04 13:23:28"}
[DBG] {"category": "QUEUE", "component": "ray", "event": "preference_selected", "group_id": "c6ed1b5bf09749269d408f3ad6bd692e", "host": "d6b2a058c4be", "pid": 63689, "preference_pending": 2, "rank": null, "selected": 2, "ts": "2026-10-04 13:23:28"}
[DBG] {"axis/human_groups": 2, "category": "QUEUE", "component": "ray", "data/candidate_all": 2, "data/candidate_lgbm_agree": 0, "data/candidate_lgbm_only": 0, "data/candidate_neural_agree": 0, "data/candidate_neural_only": 0, "data/candidate_triple_agree": 0, "data/selected_pairs": 2, "data/selection_rate": 1.0, "event": "pipeline_metrics", "host": "d6b2a058c4be", "pid": 63689, "queue/preference": 2, "queue/rollout": 8, "rank": null, "ts": "2026-10-04 13:23:28"}
[DBG] {"category": "QUEUE", "component": "ray", "event": "BEGIN:human_pop_rollout", "host": "d6b2a058c4be", "pid": 63689, "rank": null, "ts": "2026-10-04 13:23:28"}
[DBG] {"category": "QUEUE", "component": "ray", "event": "watchdog_armed", "host": "d6b2a058c4be", "pid": 63689, "rank": null, "stage": "human_pop_rollout", "timeout_sec": 30.0, "ts": "2026-10-04 13:23:28"}
[DBG] {"category": "QUEUE", "component": "ray", "elapsed_sec": 0.03818, "event": "END:human_pop_rollout", "host": "d6b2a058c4be", "pid": 63689, "rank": null, "ts": "2026-10-04 13:23:28"}
[DBG] {"category": "QUEUE", "component": "ray", "event": "human_group_received", "group_id": "cc8521f67fea41329e5b91c914507542", "host": "d6b2a058c4be", "pid": 63689, "rank": null, "ts": "2026-10-04 13:23:28"}
[DBG] {"category": "RAY", "component": "ray", "event": "human_prompt_begin", "group_id": "cc8521f67fea41329e5b91c914507542", "host": "d6b2a058c4be", "pid": 63689, "rank": null, "ts": "2026-10-04 13:23:28"}
[DBG] {"category": "RAY", "component": "ray", "event": "human_prompt_end", "group_id": "cc8521f67fea41329e5b91c914507542", "host": "d6b2a058c4be", "pid": 63689, "rank": null, "ts": "2026-10-04 13:23:29"}
[DBG] {"category": "QUEUE", "component": "ray", "event": "BEGIN:human_put_preference", "group_id": "cc8521f67fea41329e5b91c914507542", "host": "d6b2a058c4be", "pid": 63689, "rank": null, "ts": "2026-10-04 13:23:29"}
[DBG] {"category": "QUEUE", "component": "ray", "event": "watchdog_armed", "host": "d6b2a058c4be", "pid": 63689, "rank": null, "stage": "human_put_preference", "timeout_sec": 30.0, "ts": "2026-10-04 13:23:29"}
[DBG] {"category": "QUEUE", "component": "ray", "elapsed_sec": 0.026362, "event": "END:human_put_preference", "host": "d6b2a058c4be", "pid": 63689, "rank": null, "ts": "2026-10-04 13:23:29"}
[DBG] {"category": "QUEUE", "component": "ray", "event": "preference_selected", "group_id": "cc8521f67fea41329e5b91c914507542", "host": "d6b2a058c4be", "pid": 63689, "preference_pending": 3, "rank": null, "selected": 3, "ts": "2026-10-04 13:23:29"}
[DBG] {"axis/human_groups": 3, "category": "QUEUE", "component": "ray", "data/candidate_all": 3, "data/candidate_lgbm_agree": 0, "data/candidate_lgbm_only": 0, "data/candidate_neural_agree": 0, "data/candidate_neural_only": 0, "data/candidate_triple_agree": 0, "data/selected_pairs": 3, "data/selection_rate": 1.0, "event": "pipeline_metrics", "host": "d6b2a058c4be", "pid": 63689, "queue/preference": 3, "queue/rollout": 9, "rank": null, "ts": "2026-10-04 13:23:29"}
[DBG] {"category": "QUEUE", "component": "ray", "event": "BEGIN:human_pop_rollout", "host": "d6b2a058c4be", "pid": 63689, "rank": null, "ts": "2026-10-04 13:23:29"}
[DBG] {"category": "QUEUE", "component": "ray", "event": "watchdog_armed", "host": "d6b2a058c4be", "pid": 63689, "rank": null, "stage": "human_pop_rollout", "timeout_sec": 30.0, "ts": "2026-10-04 13:23:29"}
[DBG] {"category": "QUEUE", "component": "ray", "elapsed_sec": 0.047401, "event": "END:human_pop_rollout", "host": "d6b2a058c4be", "pid": 63689, "rank": null, "ts": "2026-10-04 13:23:29"}
[DBG] {"category": "QUEUE", "component": "ray", "event": "human_group_received", "group_id": "b1cdbf96541e493c94b51ec17f038673", "host": "d6b2a058c4be", "pid": 63689, "rank": null, "ts": "2026-10-04 13:23:29"}
[DBG] {"category": "RAY", "component": "ray", "event": "human_prompt_begin", "group_id": "b1cdbf96541e493c94b51ec17f038673", "host": "d6b2a058c4be", "pid": 63689, "rank": null, "ts": "2026-10-04 13:23:29"}
[DBG] {"category": "RAY", "component": "ray", "event": "human_prompt_end", "group_id": "b1cdbf96541e493c94b51ec17f038673", "host": "d6b2a058c4be", "pid": 63689, "rank": null, "ts": "2026-10-04 13:23:30"}
[DBG] {"category": "QUEUE", "component": "ray", "event": "BEGIN:human_put_preference", "group_id": "b1cdbf96541e493c94b51ec17f038673", "host": "d6b2a058c4be", "pid": 63689, "rank": null, "ts": "2026-10-04 13:23:30"}
[DBG] {"category": "QUEUE", "component": "ray", "event": "watchdog_armed", "host": "d6b2a058c4be", "pid": 63689, "rank": null, "stage": "human_put_preference", "timeout_sec": 30.0, "ts": "2026-10-04 13:23:30"}
[DBG] {"category": "QUEUE", "component": "ray", "elapsed_sec": 0.029125, "event": "END:human_put_preference", "host": "d6b2a058c4be", "pid": 63689, "rank": null, "ts": "2026-10-04 13:23:30"}
[DBG] {"category": "QUEUE", "component": "ray", "event": "preference_selected", "group_id": "b1cdbf96541e493c94b51ec17f038673", "host": "d6b2a058c4be", "pid": 63689, "preference_pending": 4, "rank": null, "selected": 4, "ts": "2026-10-04 13:23:30"}
[DBG] {"axis/human_groups": 4, "category": "QUEUE", "component": "ray", "data/candidate_all": 4, "data/candidate_lgbm_agree": 0, "data/candidate_lgbm_only": 0, "data/candidate_neural_agree": 0, "data/candidate_neural_only": 0, "data/candidate_triple_agree": 0, "data/selected_pairs": 4, "data/selection_rate": 1.0, "event": "pipeline_metrics", "host": "d6b2a058c4be", "pid": 63689, "queue/preference": 4, "queue/rollout": 8, "rank": null, "ts": "2026-10-04 13:23:30"}
[DBG] {"category": "QUEUE", "component": "ray", "event": "BEGIN:human_pop_rollout", "host": "d6b2a058c4be", "pid": 63689, "rank": null, "ts": "2026-10-04 13:23:30"}
[DBG] {"category": "QUEUE", "component": "ray", "event": "watchdog_armed", "host": "d6b2a058c4be", "pid": 63689, "rank": null, "stage": "human_pop_rollout", "timeout_sec": 30.0, "ts": "2026-10-04 13:23:30"}
[DBG] {"category": "QUEUE", "component": "ray", "elapsed_sec": 0.032341, "event": "END:human_pop_rollout", "host": "d6b2a058c4be", "pid": 63689, "rank": null, "ts": "2026-10-04 13:23:30"}
[DBG] {"category": "QUEUE", "component": "ray", "event": "human_group_received", "group_id": "59d1238b98c54c67889ab9eb5ab3e83e", "host": "d6b2a058c4be", "pid": 63689, "rank": null, "ts": "2026-10-04 13:23:30"}
[DBG] {"category": "RAY", "component": "ray", "event": "human_prompt_begin", "group_id": "59d1238b98c54c67889ab9eb5ab3e83e", "host": "d6b2a058c4be", "pid": 63689, "rank": null, "ts": "2026-10-04 13:23:30"}
[DBG] {"category": "RAY", "component": "ray", "event": "human_prompt_end", "group_id": "59d1238b98c54c67889ab9eb5ab3e83e", "host": "d6b2a058c4be", "pid": 63689, "rank": null, "ts": "2026-10-04 13:23:31"}
[DBG] {"category": "QUEUE", "component": "ray", "event": "BEGIN:human_put_preference", "group_id": "59d1238b98c54c67889ab9eb5ab3e83e", "host": "d6b2a058c4be", "pid": 63689, "rank": null, "ts": "2026-10-04 13:23:31"}
[DBG] {"category": "QUEUE", "component": "ray", "event": "watchdog_armed", "host": "d6b2a058c4be", "pid": 63689, "rank": null, "stage": "human_put_preference", "timeout_sec": 30.0, "ts": "2026-10-04 13:23:31"}
[DBG] {"category": "QUEUE", "component": "ray", "elapsed_sec": 0.03244, "event": "END:human_put_preference", "host": "d6b2a058c4be", "pid": 63689, "rank": null, "ts": "2026-10-04 13:23:31"}
[DBG] {"category": "QUEUE", "component": "ray", "event": "preference_selected", "group_id": "59d1238b98c54c67889ab9eb5ab3e83e", "host": "d6b2a058c4be", "pid": 63689, "preference_pending": 5, "rank": null, "selected": 5, "ts": "2026-10-04 13:23:31"}
[DBG] {"axis/human_groups": 5, "category": "QUEUE", "component": "ray", "data/candidate_all": 5, "data/candidate_lgbm_agree": 0, "data/candidate_lgbm_only": 0, "data/candidate_neural_agree": 0, "data/candidate_neural_only": 0, "data/candidate_triple_agree": 0, "data/selected_pairs": 5, "data/selection_rate": 1.0, "event": "pipeline_metrics", "host": "d6b2a058c4be", "pid": 63689, "queue/preference": 5, "queue/rollout": 9, "rank": null, "ts": "2026-10-04 13:23:31"}
[DBG] {"category": "QUEUE", "component": "ray", "event": "BEGIN:human_pop_rollout", "host": "d6b2a058c4be", "pid": 63689, "rank": null, "ts": "2026-10-04 13:23:31"}
[DBG] {"category": "QUEUE", "component": "ray", "event": "watchdog_armed", "host": "d6b2a058c4be", "pid": 63689, "rank": null, "stage": "human_pop_rollout", "timeout_sec": 30.0, "ts": "2026-10-04 13:23:31"}
[DBG] {"category": "QUEUE", "component": "ray", "elapsed_sec": 0.039468, "event": "END:human_pop_rollout", "host": "d6b2a058c4be", "pid": 63689, "rank": null, "ts": "2026-10-04 13:23:31"}
[DBG] {"category": "QUEUE", "component": "ray", "event": "human_group_received", "group_id": "6243427cc2fd4fb0b12744d762eccffc", "host": "d6b2a058c4be", "pid": 63689, "rank": null, "ts": "2026-10-04 13:23:31"}
[DBG] {"category": "RAY", "component": "ray", "event": "human_prompt_begin", "group_id": "6243427cc2fd4fb0b12744d762eccffc", "host": "d6b2a058c4be", "pid": 63689, "rank": null, "ts": "2026-10-04 13:23:31"}
[DBG] {"category": "RAY", "component": "ray", "event": "human_prompt_end", "group_id": "6243427cc2fd4fb0b12744d762eccffc", "host": "d6b2a058c4be", "pid": 63689, "rank": null, "ts": "2026-10-04 13:23:33"}
[DBG] {"category": "QUEUE", "component": "ray", "event": "BEGIN:human_put_preference", "group_id": "6243427cc2fd4fb0b12744d762eccffc", "host": "d6b2a058c4be", "pid": 63689, "rank": null, "ts": "2026-10-04 13:23:33"}
[DBG] {"category": "QUEUE", "component": "ray", "event": "watchdog_armed", "host": "d6b2a058c4be", "pid": 63689, "rank": null, "stage": "human_put_preference", "timeout_sec": 30.0, "ts": "2026-10-04 13:23:33"}
[DBG] {"category": "QUEUE", "component": "ray", "elapsed_sec": 0.031626, "event": "END:human_put_preference", "host": "d6b2a058c4be", "pid": 63689, "rank": null, "ts": "2026-10-04 13:23:33"}
[DBG] {"category": "QUEUE", "component": "ray", "event": "preference_selected", "group_id": "6243427cc2fd4fb0b12744d762eccffc", "host": "d6b2a058c4be", "pid": 63689, "preference_pending": 6, "rank": null, "selected": 6, "ts": "2026-10-04 13:23:33"}
[DBG] {"axis/human_groups": 6, "category": "QUEUE", "component": "ray", "data/candidate_all": 6, "data/candidate_lgbm_agree": 0, "data/candidate_lgbm_only": 0, "data/candidate_neural_agree": 0, "data/candidate_neural_only": 0, "data/candidate_triple_agree": 0, "data/selected_pairs": 6, "data/selection_rate": 1.0, "event": "pipeline_metrics", "host": "d6b2a058c4be", "pid": 63689, "queue/preference": 6, "queue/rollout": 8, "rank": null, "ts": "2026-10-04 13:23:33"}
[DBG] {"category": "QUEUE", "component": "ray", "event": "BEGIN:human_pop_rollout", "host": "d6b2a058c4be", "pid": 63689, "rank": null, "ts": "2026-10-04 13:23:33"}
[DBG] {"category": "QUEUE", "component": "ray", "event": "watchdog_armed", "host": "d6b2a058c4be", "pid": 63689, "rank": null, "stage": "human_pop_rollout", "timeout_sec": 30.0, "ts": "2026-10-04 13:23:33"}
[DBG] {"category": "QUEUE", "component": "ray", "elapsed_sec": 0.036029, "event": "END:human_pop_rollout", "host": "d6b2a058c4be", "pid": 63689, "rank": null, "ts": "2026-10-04 13:23:33"}
[DBG] {"category": "QUEUE", "component": "ray", "event": "human_group_received", "group_id": "6cd2f102e0c74e0fb1463e4de5cac9cc", "host": "d6b2a058c4be", "pid": 63689, "rank": null, "ts": "2026-10-04 13:23:33"}
[DBG] {"category": "RAY", "component": "ray", "event": "human_prompt_begin", "group_id": "6cd2f102e0c74e0fb1463e4de5cac9cc", "host": "d6b2a058c4be", "pid": 63689, "rank": null, "ts": "2026-10-04 13:23:33"}
[DBG] {"category": "RAY", "component": "ray", "event": "human_prompt_end", "group_id": "6cd2f102e0c74e0fb1463e4de5cac9cc", "host": "d6b2a058c4be", "pid": 63689, "rank": null, "ts": "2026-10-04 13:23:34"}
[DBG] {"category": "QUEUE", "component": "ray", "event": "BEGIN:human_put_preference", "group_id": "6cd2f102e0c74e0fb1463e4de5cac9cc", "host": "d6b2a058c4be", "pid": 63689, "rank": null, "ts": "2026-10-04 13:23:34"}
[DBG] {"category": "QUEUE", "component": "ray", "event": "watchdog_armed", "host": "d6b2a058c4be", "pid": 63689, "rank": null, "stage": "human_put_preference", "timeout_sec": 30.0, "ts": "2026-10-04 13:23:34"}
[DBG] {"category": "QUEUE", "component": "ray", "elapsed_sec": 0.018508, "event": "END:human_put_preference", "host": "d6b2a058c4be", "pid": 63689, "rank": null, "ts": "2026-10-04 13:23:34"}
[DBG] {"category": "QUEUE", "component": "ray", "event": "preference_selected", "group_id": "6cd2f102e0c74e0fb1463e4de5cac9cc", "host": "d6b2a058c4be", "pid": 63689, "preference_pending": 7, "rank": null, "selected": 7, "ts": "2026-10-04 13:23:34"}
[DBG] {"axis/human_groups": 7, "category": "QUEUE", "component": "ray", "data/candidate_all": 7, "data/candidate_lgbm_agree": 0, "data/candidate_lgbm_only": 0, "data/candidate_neural_agree": 0, "data/candidate_neural_only": 0, "data/candidate_triple_agree": 0, "data/selected_pairs": 7, "data/selection_rate": 1.0, "event": "pipeline_metrics", "host": "d6b2a058c4be", "pid": 63689, "queue/preference": 7, "queue/rollout": 9, "rank": null, "ts": "2026-10-04 13:23:34"}
[DBG] {"category": "QUEUE", "component": "ray", "event": "BEGIN:human_pop_rollout", "host": "d6b2a058c4be", "pid": 63689, "rank": null, "ts": "2026-10-04 13:23:34"}
[DBG] {"category": "QUEUE", "component": "ray", "event": "watchdog_armed", "host": "d6b2a058c4be", "pid": 63689, "rank": null, "stage": "human_pop_rollout", "timeout_sec": 30.0, "ts": "2026-10-04 13:23:34"}
[DBG] {"category": "QUEUE", "component": "ray", "elapsed_sec": 0.046486, "event": "END:human_pop_rollout", "host": "d6b2a058c4be", "pid": 63689, "rank": null, "ts": "2026-10-04 13:23:34"}
[DBG] {"category": "QUEUE", "component": "ray", "event": "human_group_received", "group_id": "7c0d3655df974d1eba229de311f7e7da", "host": "d6b2a058c4be", "pid": 63689, "rank": null, "ts": "2026-10-04 13:23:34"}
[DBG] {"category": "RAY", "component": "ray", "event": "human_prompt_begin", "group_id": "7c0d3655df974d1eba229de311f7e7da", "host": "d6b2a058c4be", "pid": 63689, "rank": null, "ts": "2026-10-04 13:23:34"}
[DBG] {"category": "RAY", "component": "ray", "event": "human_prompt_end", "group_id": "7c0d3655df974d1eba229de311f7e7da", "host": "d6b2a058c4be", "pid": 63689, "rank": null, "ts": "2026-10-04 13:23:35"}
[DBG] {"category": "QUEUE", "component": "ray", "event": "BEGIN:human_put_preference", "group_id": "7c0d3655df974d1eba229de311f7e7da", "host": "d6b2a058c4be", "pid": 63689, "rank": null, "ts": "2026-10-04 13:23:35"}
[DBG] {"category": "QUEUE", "component": "ray", "event": "watchdog_armed", "host": "d6b2a058c4be", "pid": 63689, "rank": null, "stage": "human_put_preference", "timeout_sec": 30.0, "ts": "2026-10-04 13:23:35"}
[DBG] {"category": "QUEUE", "component": "ray", "elapsed_sec": 0.022069, "event": "END:human_put_preference", "host": "d6b2a058c4be", "pid": 63689, "rank": null, "ts": "2026-10-04 13:23:35"}
[DBG] {"category": "QUEUE", "component": "ray", "event": "preference_selected", "group_id": "7c0d3655df974d1eba229de311f7e7da", "host": "d6b2a058c4be", "pid": 63689, "preference_pending": 8, "rank": null, "selected": 8, "ts": "2026-10-04 13:23:35"}
[DBG] {"axis/human_groups": 8, "category": "QUEUE", "component": "ray", "data/candidate_all": 8, "data/candidate_lgbm_agree": 0, "data/candidate_lgbm_only": 0, "data/candidate_neural_agree": 0, "data/candidate_neural_only": 0, "data/candidate_triple_agree": 0, "data/selected_pairs": 8, "data/selection_rate": 1.0, "event": "pipeline_metrics", "host": "d6b2a058c4be", "pid": 63689, "queue/preference": 8, "queue/rollout": 8, "rank": null, "ts": "2026-10-04 13:23:35"}
[DBG] {"category": "QUEUE", "component": "ray", "event": "BEGIN:human_pop_rollout", "host": "d6b2a058c4be", "pid": 63689, "rank": null, "ts": "2026-10-04 13:23:35"}
[DBG] {"category": "QUEUE", "component": "ray", "event": "watchdog_armed", "host": "d6b2a058c4be", "pid": 63689, "rank": null, "stage": "human_pop_rollout", "timeout_sec": 30.0, "ts": "2026-10-04 13:23:35"}
[DBG] {"category": "QUEUE", "component": "ray", "elapsed_sec": 0.030519, "event": "END:human_pop_rollout", "host": "d6b2a058c4be", "pid": 63689, "rank": null, "ts": "2026-10-04 13:23:35"}
[DBG] {"category": "QUEUE", "component": "ray", "event": "human_group_received", "group_id": "a5c124f1c5e948d08b555b14315295f1", "host": "d6b2a058c4be", "pid": 63689, "rank": null, "ts": "2026-10-04 13:23:35"}
[DBG] {"category": "RAY", "component": "ray", "event": "human_prompt_begin", "group_id": "a5c124f1c5e948d08b555b14315295f1", "host": "d6b2a058c4be", "pid": 63689, "rank": null, "ts": "2026-10-04 13:23:35"}
[DBG] {"category": "RAY", "component": "ray", "event": "human_prompt_end", "group_id": "a5c124f1c5e948d08b555b14315295f1", "host": "d6b2a058c4be", "pid": 63689, "rank": null, "ts": "2026-10-04 13:23:36"}
[DBG] {"category": "QUEUE", "component": "ray", "event": "BEGIN:human_put_preference", "group_id": "a5c124f1c5e948d08b555b14315295f1", "host": "d6b2a058c4be", "pid": 63689, "rank": null, "ts": "2026-10-04 13:23:36"}
[DBG] {"category": "QUEUE", "component": "ray", "event": "watchdog_armed", "host": "d6b2a058c4be", "pid": 63689, "rank": null, "stage": "human_put_preference", "timeout_sec": 30.0, "ts": "2026-10-04 13:23:36"}
[DBG] {"category": "QUEUE", "component": "ray", "elapsed_sec": 0.028372, "event": "END:human_put_preference", "host": "d6b2a058c4be", "pid": 63689, "rank": null, "ts": "2026-10-04 13:23:36"}
[DBG] {"category": "QUEUE", "component": "ray", "event": "preference_selected", "group_id": "a5c124f1c5e948d08b555b14315295f1", "host": "d6b2a058c4be", "pid": 63689, "preference_pending": 9, "rank": null, "selected": 9, "ts": "2026-10-04 13:23:36"}
[DBG] {"axis/human_groups": 9, "category": "QUEUE", "component": "ray", "data/candidate_all": 9, "data/candidate_lgbm_agree": 0, "data/candidate_lgbm_only": 0, "data/candidate_neural_agree": 0, "data/candidate_neural_only": 0, "data/candidate_triple_agree": 0, "data/selected_pairs": 9, "data/selection_rate": 1.0, "event": "pipeline_metrics", "host": "d6b2a058c4be", "pid": 63689, "queue/preference": 9, "queue/rollout": 9, "rank": null, "ts": "2026-10-04 13:23:36"}
[DBG] {"category": "QUEUE", "component": "ray", "event": "BEGIN:human_pop_rollout", "host": "d6b2a058c4be", "pid": 63689, "rank": null, "ts": "2026-10-04 13:23:36"}
[DBG] {"category": "QUEUE", "component": "ray", "event": "watchdog_armed", "host": "d6b2a058c4be", "pid": 63689, "rank": null, "stage": "human_pop_rollout", "timeout_sec": 30.0, "ts": "2026-10-04 13:23:36"}
[DBG] {"category": "QUEUE", "component": "ray", "elapsed_sec": 0.051941, "event": "END:human_pop_rollout", "host": "d6b2a058c4be", "pid": 63689, "rank": null, "ts": "2026-10-04 13:23:36"}
[DBG] {"category": "QUEUE", "component": "ray", "event": "human_group_received", "group_id": "4642b7866d4d436a8671df032860f04f", "host": "d6b2a058c4be", "pid": 63689, "rank": null, "ts": "2026-10-04 13:23:36"}
[DBG] {"category": "RAY", "component": "ray", "event": "human_prompt_begin", "group_id": "4642b7866d4d436a8671df032860f04f", "host": "d6b2a058c4be", "pid": 63689, "rank": null, "ts": "2026-10-04 13:23:36"}
[DBG] {"category": "RAY", "component": "ray", "event": "human_prompt_end", "group_id": "4642b7866d4d436a8671df032860f04f", "host": "d6b2a058c4be", "pid": 63689, "rank": null, "ts": "2026-10-04 13:23:38"}
[DBG] {"category": "QUEUE", "component": "ray", "event": "BEGIN:human_put_preference", "group_id": "4642b7866d4d436a8671df032860f04f", "host": "d6b2a058c4be", "pid": 63689, "rank": null, "ts": "2026-10-04 13:23:38"}
[DBG] {"category": "QUEUE", "component": "ray", "event": "watchdog_armed", "host": "d6b2a058c4be", "pid": 63689, "rank": null, "stage": "human_put_preference", "timeout_sec": 30.0, "ts": "2026-10-04 13:23:38"}
[DBG] {"category": "QUEUE", "component": "ray", "elapsed_sec": 0.03158, "event": "END:human_put_preference", "host": "d6b2a058c4be", "pid": 63689, "rank": null, "ts": "2026-10-04 13:23:38"}
[DBG] {"category": "QUEUE", "component": "ray", "event": "preference_selected", "group_id": "4642b7866d4d436a8671df032860f04f", "host": "d6b2a058c4be", "pid": 63689, "preference_pending": 10, "rank": null, "selected": 10, "ts": "2026-10-04 13:23:38"}
[DBG] {"axis/human_groups": 10, "category": "QUEUE", "component": "ray", "data/candidate_all": 10, "data/candidate_lgbm_agree": 0, "data/candidate_lgbm_only": 0, "data/candidate_neural_agree": 0, "data/candidate_neural_only": 0, "data/candidate_triple_agree": 0, "data/selected_pairs": 10, "data/selection_rate": 1.0, "event": "pipeline_metrics", "host": "d6b2a058c4be", "pid": 63689, "queue/preference": 10, "queue/rollout": 8, "rank": null, "ts": "2026-10-04 13:23:38"}
[DBG] {"category": "QUEUE", "component": "ray", "event": "BEGIN:human_pop_rollout", "host": "d6b2a058c4be", "pid": 63689, "rank": null, "ts": "2026-10-04 13:23:38"}
[DBG] {"category": "QUEUE", "component": "ray", "event": "watchdog_armed", "host": "d6b2a058c4be", "pid": 63689, "rank": null, "stage": "human_pop_rollout", "timeout_sec": 30.0, "ts": "2026-10-04 13:23:38"}
[DBG] {"category": "QUEUE", "component": "ray", "elapsed_sec": 0.027756, "event": "END:human_pop_rollout", "host": "d6b2a058c4be", "pid": 63689, "rank": null, "ts": "2026-10-04 13:23:38"}
[DBG] {"category": "QUEUE", "component": "ray", "event": "human_group_received", "group_id": "eb1b04b7366944369297cdd61dad92fb", "host": "d6b2a058c4be", "pid": 63689, "rank": null, "ts": "2026-10-04 13:23:38"}
[DBG] {"category": "RAY", "component": "ray", "event": "human_prompt_begin", "group_id": "eb1b04b7366944369297cdd61dad92fb", "host": "d6b2a058c4be", "pid": 63689, "rank": null, "ts": "2026-10-04 13:23:38"}
[DBG] {"category": "RAY", "component": "ray", "event": "human_prompt_end", "group_id": "eb1b04b7366944369297cdd61dad92fb", "host": "d6b2a058c4be", "pid": 63689, "rank": null, "ts": "2026-10-04 13:23:39"}
[DBG] {"category": "QUEUE", "component": "ray", "event": "BEGIN:human_put_preference", "group_id": "eb1b04b7366944369297cdd61dad92fb", "host": "d6b2a058c4be", "pid": 63689, "rank": null, "ts": "2026-10-04 13:23:39"}
[DBG] {"category": "QUEUE", "component": "ray", "event": "watchdog_armed", "host": "d6b2a058c4be", "pid": 63689, "rank": null, "stage": "human_put_preference", "timeout_sec": 30.0, "ts": "2026-10-04 13:23:39"}
[DBG] {"category": "QUEUE", "component": "ray", "elapsed_sec": 0.026128, "event": "END:human_put_preference", "host": "d6b2a058c4be", "pid": 63689, "rank": null, "ts": "2026-10-04 13:23:39"}
[DBG] {"category": "QUEUE", "component": "ray", "event": "preference_selected", "group_id": "eb1b04b7366944369297cdd61dad92fb", "host": "d6b2a058c4be", "pid": 63689, "preference_pending": 11, "rank": null, "selected": 11, "ts": "2026-10-04 13:23:39"}
[DBG] {"axis/human_groups": 11, "category": "QUEUE", "component": "ray", "data/candidate_all": 11, "data/candidate_lgbm_agree": 0, "data/candidate_lgbm_only": 0, "data/candidate_neural_agree": 0, "data/candidate_neural_only": 0, "data/candidate_triple_agree": 0, "data/selected_pairs": 11, "data/selection_rate": 1.0, "event": "pipeline_metrics", "host": "d6b2a058c4be", "pid": 63689, "queue/preference": 11, "queue/rollout": 9, "rank": null, "ts": "2026-10-04 13:23:39"}
[DBG] {"category": "QUEUE", "component": "ray", "event": "BEGIN:human_pop_rollout", "host": "d6b2a058c4be", "pid": 63689, "rank": null, "ts": "2026-10-04 13:23:39"}
[DBG] {"category": "QUEUE", "component": "ray", "event": "watchdog_armed", "host": "d6b2a058c4be", "pid": 63689, "rank": null, "stage": "human_pop_rollout", "timeout_sec": 30.0, "ts": "2026-10-04 13:23:39"}
[DBG] {"category": "QUEUE", "component": "ray", "elapsed_sec": 0.048818, "event": "END:human_pop_rollout", "host": "d6b2a058c4be", "pid": 63689, "rank": null, "ts": "2026-10-04 13:23:39"}
[DBG] {"category": "QUEUE", "component": "ray", "event": "human_group_received", "group_id": "80e4dc5e667146c4999abdd681cdce71", "host": "d6b2a058c4be", "pid": 63689, "rank": null, "ts": "2026-10-04 13:23:39"}
[DBG] {"category": "RAY", "component": "ray", "event": "human_prompt_begin", "group_id": "80e4dc5e667146c4999abdd681cdce71", "host": "d6b2a058c4be", "pid": 63689, "rank": null, "ts": "2026-10-04 13:23:39"}
[DBG] {"category": "RAY", "component": "ray", "event": "human_prompt_end", "group_id": "80e4dc5e667146c4999abdd681cdce71", "host": "d6b2a058c4be", "pid": 63689, "rank": null, "ts": "2026-10-04 13:23:40"}
[DBG] {"category": "QUEUE", "component": "ray", "event": "BEGIN:human_put_preference", "group_id": "80e4dc5e667146c4999abdd681cdce71", "host": "d6b2a058c4be", "pid": 63689, "rank": null, "ts": "2026-10-04 13:23:40"}
[DBG] {"category": "QUEUE", "component": "ray", "event": "watchdog_armed", "host": "d6b2a058c4be", "pid": 63689, "rank": null, "stage": "human_put_preference", "timeout_sec": 30.0, "ts": "2026-10-04 13:23:40"}
[DBG] {"category": "QUEUE", "component": "ray", "elapsed_sec": 0.02032, "event": "END:human_put_preference", "host": "d6b2a058c4be", "pid": 63689, "rank": null, "ts": "2026-10-04 13:23:40"}
[DBG] {"category": "QUEUE", "component": "ray", "event": "preference_selected", "group_id": "80e4dc5e667146c4999abdd681cdce71", "host": "d6b2a058c4be", "pid": 63689, "preference_pending": 12, "rank": null, "selected": 12, "ts": "2026-10-04 13:23:40"}
[DBG] {"axis/human_groups": 12, "category": "QUEUE", "component": "ray", "data/candidate_all": 12, "data/candidate_lgbm_agree": 0, "data/candidate_lgbm_only": 0, "data/candidate_neural_agree": 0, "data/candidate_neural_only": 0, "data/candidate_triple_agree": 0, "data/selected_pairs": 12, "data/selection_rate": 1.0, "event": "pipeline_metrics", "host": "d6b2a058c4be", "pid": 63689, "queue/preference": 12, "queue/rollout": 8, "rank": null, "ts": "2026-10-04 13:23:40"}
[DBG] {"category": "QUEUE", "component": "ray", "event": "BEGIN:human_pop_rollout", "host": "d6b2a058c4be", "pid": 63689, "rank": null, "ts": "2026-10-04 13:23:40"}
[DBG] {"category": "QUEUE", "component": "ray", "event": "watchdog_armed", "host": "d6b2a058c4be", "pid": 63689, "rank": null, "stage": "human_pop_rollout", "timeout_sec": 30.0, "ts": "2026-10-04 13:23:40"}
[DBG] {"category": "QUEUE", "component": "ray", "elapsed_sec": 0.038823, "event": "END:human_pop_rollout", "host": "d6b2a058c4be", "pid": 63689, "rank": null, "ts": "2026-10-04 13:23:40"}
[DBG] {"category": "QUEUE", "component": "ray", "event": "human_group_received", "group_id": "de5a27d9d2174b6d83fe0cd60a54ccff", "host": "d6b2a058c4be", "pid": 63689, "rank": null, "ts": "2026-10-04 13:23:40"}
[DBG] {"category": "RAY", "component": "ray", "event": "human_prompt_begin", "group_id": "de5a27d9d2174b6d83fe0cd60a54ccff", "host": "d6b2a058c4be", "pid": 63689, "rank": null, "ts": "2026-10-04 13:23:40"}
[DBG] {"category": "RAY", "component": "ray", "event": "human_prompt_end", "group_id": "de5a27d9d2174b6d83fe0cd60a54ccff", "host": "d6b2a058c4be", "pid": 63689, "rank": null, "ts": "2026-10-04 13:23:41"}
[DBG] {"category": "QUEUE", "component": "ray", "event": "BEGIN:human_put_preference", "group_id": "de5a27d9d2174b6d83fe0cd60a54ccff", "host": "d6b2a058c4be", "pid": 63689, "rank": null, "ts": "2026-10-04 13:23:41"}
[DBG] {"category": "QUEUE", "component": "ray", "event": "watchdog_armed", "host": "d6b2a058c4be", "pid": 63689, "rank": null, "stage": "human_put_preference", "timeout_sec": 30.0, "ts": "2026-10-04 13:23:41"}
[DBG] {"category": "QUEUE", "component": "ray", "elapsed_sec": 0.02569, "event": "END:human_put_preference", "host": "d6b2a058c4be", "pid": 63689, "rank": null, "ts": "2026-10-04 13:23:41"}
[DBG] {"category": "QUEUE", "component": "ray", "event": "preference_selected", "group_id": "de5a27d9d2174b6d83fe0cd60a54ccff", "host": "d6b2a058c4be", "pid": 63689, "preference_pending": 13, "rank": null, "selected": 13, "ts": "2026-10-04 13:23:41"}
[DBG] {"axis/human_groups": 13, "category": "QUEUE", "component": "ray", "data/candidate_all": 13, "data/candidate_lgbm_agree": 0, "data/candidate_lgbm_only": 0, "data/candidate_neural_agree": 0, "data/candidate_neural_only": 0, "data/candidate_triple_agree": 0, "data/selected_pairs": 13, "data/selection_rate": 1.0, "event": "pipeline_metrics", "host": "d6b2a058c4be", "pid": 63689, "queue/preference": 13, "queue/rollout": 9, "rank": null, "ts": "2026-10-04 13:23:41"}
[DBG] {"category": "QUEUE", "component": "ray", "event": "BEGIN:human_pop_rollout", "host": "d6b2a058c4be", "pid": 63689, "rank": null, "ts": "2026-10-04 13:23:41"}
[DBG] {"category": "QUEUE", "component": "ray", "event": "watchdog_armed", "host": "d6b2a058c4be", "pid": 63689, "rank": null, "stage": "human_pop_rollout", "timeout_sec": 30.0, "ts": "2026-10-04 13:23:41"}
[DBG] {"category": "QUEUE", "component": "ray", "elapsed_sec": 0.045286, "event": "END:human_pop_rollout", "host": "d6b2a058c4be", "pid": 63689, "rank": null, "ts": "2026-10-04 13:23:41"}
[DBG] {"category": "QUEUE", "component": "ray", "event": "human_group_received", "group_id": "4b185d1cca8d45aa90725b818889e45a", "host": "d6b2a058c4be", "pid": 63689, "rank": null, "ts": "2026-10-04 13:23:41"}
[DBG] {"category": "RAY", "component": "ray", "event": "human_prompt_begin", "group_id": "4b185d1cca8d45aa90725b818889e45a", "host": "d6b2a058c4be", "pid": 63689, "rank": null, "ts": "2026-10-04 13:23:41"}
[DBG] {"category": "RAY", "component": "ray", "event": "human_prompt_end", "group_id": "4b185d1cca8d45aa90725b818889e45a", "host": "d6b2a058c4be", "pid": 63689, "rank": null, "ts": "2026-10-04 13:23:42"}
[DBG] {"category": "QUEUE", "component": "ray", "event": "BEGIN:human_put_preference", "group_id": "4b185d1cca8d45aa90725b818889e45a", "host": "d6b2a058c4be", "pid": 63689, "rank": null, "ts": "2026-10-04 13:23:42"}
[DBG] {"category": "QUEUE", "component": "ray", "event": "watchdog_armed", "host": "d6b2a058c4be", "pid": 63689, "rank": null, "stage": "human_put_preference", "timeout_sec": 30.0, "ts": "2026-10-04 13:23:42"}
[DBG] {"category": "QUEUE", "component": "ray", "elapsed_sec": 0.03318, "event": "END:human_put_preference", "host": "d6b2a058c4be", "pid": 63689, "rank": null, "ts": "2026-10-04 13:23:42"}
[DBG] {"category": "QUEUE", "component": "ray", "event": "preference_selected", "group_id": "4b185d1cca8d45aa90725b818889e45a", "host": "d6b2a058c4be", "pid": 63689, "preference_pending": 14, "rank": null, "selected": 14, "ts": "2026-10-04 13:23:42"}
[DBG] {"axis/human_groups": 14, "category": "QUEUE", "component": "ray", "data/candidate_all": 14, "data/candidate_lgbm_agree": 0, "data/candidate_lgbm_only": 0, "data/candidate_neural_agree": 0, "data/candidate_neural_only": 0, "data/candidate_triple_agree": 0, "data/selected_pairs": 14, "data/selection_rate": 1.0, "event": "pipeline_metrics", "host": "d6b2a058c4be", "pid": 63689, "queue/preference": 14, "queue/rollout": 8, "rank": null, "ts": "2026-10-04 13:23:42"}
[DBG] {"category": "QUEUE", "component": "ray", "event": "BEGIN:human_pop_rollout", "host": "d6b2a058c4be", "pid": 63689, "rank": null, "ts": "2026-10-04 13:23:42"}
[DBG] {"category": "QUEUE", "component": "ray", "event": "watchdog_armed", "host": "d6b2a058c4be", "pid": 63689, "rank": null, "stage": "human_pop_rollout", "timeout_sec": 30.0, "ts": "2026-10-04 13:23:42"}
[DBG] {"category": "QUEUE", "component": "ray", "elapsed_sec": 0.052849, "event": "END:human_pop_rollout", "host": "d6b2a058c4be", "pid": 63689, "rank": null, "ts": "2026-10-04 13:23:42"}
[DBG] {"category": "QUEUE", "component": "ray", "event": "human_group_received", "group_id": "ee6bf8b2fd65408ea02677ce18cb8ce1", "host": "d6b2a058c4be", "pid": 63689, "rank": null, "ts": "2026-10-04 13:23:42"}
[DBG] {"category": "RAY", "component": "ray", "event": "human_prompt_begin", "group_id": "ee6bf8b2fd65408ea02677ce18cb8ce1", "host": "d6b2a058c4be", "pid": 63689, "rank": null, "ts": "2026-10-04 13:23:42"}
[DBG] {"category": "RAY", "component": "ray", "event": "human_prompt_end", "group_id": "ee6bf8b2fd65408ea02677ce18cb8ce1", "host": "d6b2a058c4be", "pid": 63689, "rank": null, "ts": "2026-10-04 13:23:43"}
[DBG] {"category": "QUEUE", "component": "ray", "event": "BEGIN:human_put_preference", "group_id": "ee6bf8b2fd65408ea02677ce18cb8ce1", "host": "d6b2a058c4be", "pid": 63689, "rank": null, "ts": "2026-10-04 13:23:43"}
[DBG] {"category": "QUEUE", "component": "ray", "event": "watchdog_armed", "host": "d6b2a058c4be", "pid": 63689, "rank": null, "stage": "human_put_preference", "timeout_sec": 30.0, "ts": "2026-10-04 13:23:43"}
[DBG] {"category": "QUEUE", "component": "ray", "elapsed_sec": 0.031695, "event": "END:human_put_preference", "host": "d6b2a058c4be", "pid": 63689, "rank": null, "ts": "2026-10-04 13:23:43"}
[DBG] {"category": "QUEUE", "component": "ray", "event": "preference_selected", "group_id": "ee6bf8b2fd65408ea02677ce18cb8ce1", "host": "d6b2a058c4be", "pid": 63689, "preference_pending": 15, "rank": null, "selected": 15, "ts": "2026-10-04 13:23:43"}
[DBG] {"axis/human_groups": 15, "category": "QUEUE", "component": "ray", "data/candidate_all": 15, "data/candidate_lgbm_agree": 0, "data/candidate_lgbm_only": 0, "data/candidate_neural_agree": 0, "data/candidate_neural_only": 0, "data/candidate_triple_agree": 0, "data/selected_pairs": 15, "data/selection_rate": 1.0, "event": "pipeline_metrics", "host": "d6b2a058c4be", "pid": 63689, "queue/preference": 15, "queue/rollout": 9, "rank": null, "ts": "2026-10-04 13:23:43"}
[DBG] {"category": "QUEUE", "component": "ray", "event": "BEGIN:human_pop_rollout", "host": "d6b2a058c4be", "pid": 63689, "rank": null, "ts": "2026-10-04 13:23:43"}
[DBG] {"category": "QUEUE", "component": "ray", "event": "watchdog_armed", "host": "d6b2a058c4be", "pid": 63689, "rank": null, "stage": "human_pop_rollout", "timeout_sec": 30.0, "ts": "2026-10-04 13:23:43"}
[DBG] {"category": "QUEUE", "component": "ray", "elapsed_sec": 0.04118, "event": "END:human_pop_rollout", "host": "d6b2a058c4be", "pid": 63689, "rank": null, "ts": "2026-10-04 13:23:43"}
[DBG] {"category": "QUEUE", "component": "ray", "event": "human_group_received", "group_id": "042f97d51783457ca8fa12e3d00eca77", "host": "d6b2a058c4be", "pid": 63689, "rank": null, "ts": "2026-10-04 13:23:43"}
[DBG] {"category": "RAY", "component": "ray", "event": "human_prompt_begin", "group_id": "042f97d51783457ca8fa12e3d00eca77", "host": "d6b2a058c4be", "pid": 63689, "rank": null, "ts": "2026-10-04 13:23:43"}
[DBG] {"category": "RAY", "component": "ray", "event": "human_prompt_end", "group_id": "042f97d51783457ca8fa12e3d00eca77", "host": "d6b2a058c4be", "pid": 63689, "rank": null, "ts": "2026-10-04 13:23:44"}
[DBG] {"category": "QUEUE", "component": "ray", "event": "BEGIN:human_put_preference", "group_id": "042f97d51783457ca8fa12e3d00eca77", "host": "d6b2a058c4be", "pid": 63689, "rank": null, "ts": "2026-10-04 13:23:44"}
[DBG] {"category": "QUEUE", "component": "ray", "event": "watchdog_armed", "host": "d6b2a058c4be", "pid": 63689, "rank": null, "stage": "human_put_preference", "timeout_sec": 30.0, "ts": "2026-10-04 13:23:44"}
[DBG] {"category": "QUEUE", "component": "ray", "elapsed_sec": 0.03055, "event": "END:human_put_preference", "host": "d6b2a058c4be", "pid": 63689, "rank": null, "ts": "2026-10-04 13:23:44"}
[DBG] {"category": "QUEUE", "component": "ray", "event": "preference_selected", "group_id": "042f97d51783457ca8fa12e3d00eca77", "host": "d6b2a058c4be", "pid": 63689, "preference_pending": 16, "rank": null, "selected": 16, "ts": "2026-10-04 13:23:44"}
[DBG] {"axis/human_groups": 16, "category": "QUEUE", "component": "ray", "data/candidate_all": 16, "data/candidate_lgbm_agree": 0, "data/candidate_lgbm_only": 0, "data/candidate_neural_agree": 0, "data/candidate_neural_only": 0, "data/candidate_triple_agree": 0, "data/selected_pairs": 16, "data/selection_rate": 1.0, "event": "pipeline_metrics", "host": "d6b2a058c4be", "pid": 63689, "queue/preference": 16, "queue/rollout": 8, "rank": null, "ts": "2026-10-04 13:23:44"}
[DBG] {"category": "QUEUE", "component": "ray", "event": "BEGIN:human_pop_rollout", "host": "d6b2a058c4be", "pid": 63689, "rank": null, "ts": "2026-10-04 13:23:44"}
[DBG] {"category": "QUEUE", "component": "ray", "event": "watchdog_armed", "host": "d6b2a058c4be", "pid": 63689, "rank": null, "stage": "human_pop_rollout", "timeout_sec": 30.0, "ts": "2026-10-04 13:23:44"}
[DBG] {"category": "QUEUE", "component": "ray", "elapsed_sec": 0.040657, "event": "END:human_pop_rollout", "host": "d6b2a058c4be", "pid": 63689, "rank": null, "ts": "2026-10-04 13:23:44"}
[DBG] {"category": "QUEUE", "component": "ray", "event": "human_group_received", "group_id": "b412ed2fee0e43b5b8aac0cce708b973", "host": "d6b2a058c4be", "pid": 63689, "rank": null, "ts": "2026-10-04 13:23:44"}
[DBG] {"category": "RAY", "component": "ray", "event": "human_prompt_begin", "group_id": "b412ed2fee0e43b5b8aac0cce708b973", "host": "d6b2a058c4be", "pid": 63689, "rank": null, "ts": "2026-10-04 13:23:44"}
[DBG] {"category": "RAY", "component": "ray", "event": "human_prompt_end", "group_id": "b412ed2fee0e43b5b8aac0cce708b973", "host": "d6b2a058c4be", "pid": 63689, "rank": null, "ts": "2026-10-04 13:23:44"}
[DBG] {"category": "QUEUE", "component": "ray", "event": "BEGIN:human_put_preference", "group_id": "b412ed2fee0e43b5b8aac0cce708b973", "host": "d6b2a058c4be", "pid": 63689, "rank": null, "ts": "2026-10-04 13:23:44"}
[DBG] {"category": "QUEUE", "component": "ray", "event": "watchdog_armed", "host": "d6b2a058c4be", "pid": 63689, "rank": null, "stage": "human_put_preference", "timeout_sec": 30.0, "ts": "2026-10-04 13:23:44"}
[DBG] {"category": "QUEUE", "component": "ray", "elapsed_sec": 0.020922, "event": "END:human_put_preference", "host": "d6b2a058c4be", "pid": 63689, "rank": null, "ts": "2026-10-04 13:23:44"}
[DBG] {"category": "QUEUE", "component": "ray", "event": "preference_selected", "group_id": "b412ed2fee0e43b5b8aac0cce708b973", "host": "d6b2a058c4be", "pid": 63689, "preference_pending": 17, "rank": null, "selected": 17, "ts": "2026-10-04 13:23:44"}
[DBG] {"axis/human_groups": 17, "category": "QUEUE", "component": "ray", "data/candidate_all": 17, "data/candidate_lgbm_agree": 0, "data/candidate_lgbm_only": 0, "data/candidate_neural_agree": 0, "data/candidate_neural_only": 0, "data/candidate_triple_agree": 0, "data/selected_pairs": 17, "data/selection_rate": 1.0, "event": "pipeline_metrics", "host": "d6b2a058c4be", "pid": 63689, "queue/preference": 17, "queue/rollout": 9, "rank": null, "ts": "2026-10-04 13:23:44"}
[DBG] {"category": "QUEUE", "component": "ray", "event": "BEGIN:human_pop_rollout", "host": "d6b2a058c4be", "pid": 63689, "rank": null, "ts": "2026-10-04 13:23:44"}
[DBG] {"category": "QUEUE", "component": "ray", "event": "watchdog_armed", "host": "d6b2a058c4be", "pid": 63689, "rank": null, "stage": "human_pop_rollout", "timeout_sec": 30.0, "ts": "2026-10-04 13:23:44"}
[DBG] {"category": "QUEUE", "component": "ray", "elapsed_sec": 0.031141, "event": "END:human_pop_rollout", "host": "d6b2a058c4be", "pid": 63689, "rank": null, "ts": "2026-10-04 13:23:44"}
[DBG] {"category": "QUEUE", "component": "ray", "event": "human_group_received", "group_id": "30fd3bb99ce64e6ba0e638b32836791c", "host": "d6b2a058c4be", "pid": 63689, "rank": null, "ts": "2026-10-04 13:23:44"}
[DBG] {"category": "RAY", "component": "ray", "event": "human_prompt_begin", "group_id": "30fd3bb99ce64e6ba0e638b32836791c", "host": "d6b2a058c4be", "pid": 63689, "rank": null, "ts": "2026-10-04 13:23:44"}
[DBG] {"category": "RAY", "component": "ray", "event": "human_prompt_end", "group_id": "30fd3bb99ce64e6ba0e638b32836791c", "host": "d6b2a058c4be", "pid": 63689, "rank": null, "ts": "2026-10-04 13:23:45"}
[DBG] {"category": "QUEUE", "component": "ray", "event": "BEGIN:human_put_preference", "group_id": "30fd3bb99ce64e6ba0e638b32836791c", "host": "d6b2a058c4be", "pid": 63689, "rank": null, "ts": "2026-10-04 13:23:45"}
[DBG] {"category": "QUEUE", "component": "ray", "event": "watchdog_armed", "host": "d6b2a058c4be", "pid": 63689, "rank": null, "stage": "human_put_preference", "timeout_sec": 30.0, "ts": "2026-10-04 13:23:45"}
[DBG] {"category": "QUEUE", "component": "ray", "elapsed_sec": 0.027208, "event": "END:human_put_preference", "host": "d6b2a058c4be", "pid": 63689, "rank": null, "ts": "2026-10-04 13:23:45"}
[DBG] {"category": "QUEUE", "component": "ray", "event": "preference_selected", "group_id": "30fd3bb99ce64e6ba0e638b32836791c", "host": "d6b2a058c4be", "pid": 63689, "preference_pending": 18, "rank": null, "selected": 18, "ts": "2026-10-04 13:23:45"}
[DBG] {"axis/human_groups": 18, "category": "QUEUE", "component": "ray", "data/candidate_all": 18, "data/candidate_lgbm_agree": 0, "data/candidate_lgbm_only": 0, "data/candidate_neural_agree": 0, "data/candidate_neural_only": 0, "data/candidate_triple_agree": 0, "data/selected_pairs": 18, "data/selection_rate": 1.0, "event": "pipeline_metrics", "host": "d6b2a058c4be", "pid": 63689, "queue/preference": 18, "queue/rollout": 8, "rank": null, "ts": "2026-10-04 13:23:45"}
[DBG] {"category": "QUEUE", "component": "ray", "event": "BEGIN:human_pop_rollout", "host": "d6b2a058c4be", "pid": 63689, "rank": null, "ts": "2026-10-04 13:23:45"}
[DBG] {"category": "QUEUE", "component": "ray", "event": "watchdog_armed", "host": "d6b2a058c4be", "pid": 63689, "rank": null, "stage": "human_pop_rollout", "timeout_sec": 30.0, "ts": "2026-10-04 13:23:45"}
[DBG] {"category": "QUEUE", "component": "ray", "elapsed_sec": 0.03434, "event": "END:human_pop_rollout", "host": "d6b2a058c4be", "pid": 63689, "rank": null, "ts": "2026-10-04 13:23:45"}
[DBG] {"category": "QUEUE", "component": "ray", "event": "human_group_received", "group_id": "b89064d8e4fd42989f11ee86f6c50d7f", "host": "d6b2a058c4be", "pid": 63689, "rank": null, "ts": "2026-10-04 13:23:45"}
[DBG] {"category": "RAY", "component": "ray", "event": "human_prompt_begin", "group_id": "b89064d8e4fd42989f11ee86f6c50d7f", "host": "d6b2a058c4be", "pid": 63689, "rank": null, "ts": "2026-10-04 13:23:45"}
[DBG] {"category": "RAY", "component": "ray", "event": "human_prompt_end", "group_id": "b89064d8e4fd42989f11ee86f6c50d7f", "host": "d6b2a058c4be", "pid": 63689, "rank": null, "ts": "2026-10-04 13:23:46"}
[DBG] {"category": "QUEUE", "component": "ray", "event": "BEGIN:human_put_preference", "group_id": "b89064d8e4fd42989f11ee86f6c50d7f", "host": "d6b2a058c4be", "pid": 63689, "rank": null, "ts": "2026-10-04 13:23:46"}
[DBG] {"category": "QUEUE", "component": "ray", "event": "watchdog_armed", "host": "d6b2a058c4be", "pid": 63689, "rank": null, "stage": "human_put_preference", "timeout_sec": 30.0, "ts": "2026-10-04 13:23:46"}
[DBG] {"category": "QUEUE", "component": "ray", "elapsed_sec": 0.031401, "event": "END:human_put_preference", "host": "d6b2a058c4be", "pid": 63689, "rank": null, "ts": "2026-10-04 13:23:46"}
[DBG] {"category": "QUEUE", "component": "ray", "event": "preference_selected", "group_id": "b89064d8e4fd42989f11ee86f6c50d7f", "host": "d6b2a058c4be", "pid": 63689, "preference_pending": 19, "rank": null, "selected": 19, "ts": "2026-10-04 13:23:46"}
[DBG] {"axis/human_groups": 19, "category": "QUEUE", "component": "ray", "data/candidate_all": 19, "data/candidate_lgbm_agree": 0, "data/candidate_lgbm_only": 0, "data/candidate_neural_agree": 0, "data/candidate_neural_only": 0, "data/candidate_triple_agree": 0, "data/selected_pairs": 19, "data/selection_rate": 1.0, "event": "pipeline_metrics", "host": "d6b2a058c4be", "pid": 63689, "queue/preference": 19, "queue/rollout": 9, "rank": null, "ts": "2026-10-04 13:23:46"}
[DBG] {"category": "QUEUE", "component": "ray", "event": "BEGIN:human_pop_rollout", "host": "d6b2a058c4be", "pid": 63689, "rank": null, "ts": "2026-10-04 13:23:46"}
[DBG] {"category": "QUEUE", "component": "ray", "event": "watchdog_armed", "host": "d6b2a058c4be", "pid": 63689, "rank": null, "stage": "human_pop_rollout", "timeout_sec": 30.0, "ts": "2026-10-04 13:23:46"}
[DBG] {"category": "QUEUE", "component": "ray", "elapsed_sec": 0.042605, "event": "END:human_pop_rollout", "host": "d6b2a058c4be", "pid": 63689, "rank": null, "ts": "2026-10-04 13:23:46"}
[DBG] {"category": "QUEUE", "component": "ray", "event": "human_group_received", "group_id": "cfc3cf34f41f4512831d890da261260e", "host": "d6b2a058c4be", "pid": 63689, "rank": null, "ts": "2026-10-04 13:23:46"}
[DBG] {"category": "RAY", "component": "ray", "event": "human_prompt_begin", "group_id": "cfc3cf34f41f4512831d890da261260e", "host": "d6b2a058c4be", "pid": 63689, "rank": null, "ts": "2026-10-04 13:23:46"}
[DBG] {"category": "RAY", "component": "ray", "event": "human_prompt_end", "group_id": "cfc3cf34f41f4512831d890da261260e", "host": "d6b2a058c4be", "pid": 63689, "rank": null, "ts": "2026-10-04 13:23:47"}
[DBG] {"category": "QUEUE", "component": "ray", "event": "BEGIN:human_put_preference", "group_id": "cfc3cf34f41f4512831d890da261260e", "host": "d6b2a058c4be", "pid": 63689, "rank": null, "ts": "2026-10-04 13:23:47"}
[DBG] {"category": "QUEUE", "component": "ray", "event": "watchdog_armed", "host": "d6b2a058c4be", "pid": 63689, "rank": null, "stage": "human_put_preference", "timeout_sec": 30.0, "ts": "2026-10-04 13:23:47"}
[DBG] {"category": "QUEUE", "component": "ray", "elapsed_sec": 0.03504, "event": "END:human_put_preference", "host": "d6b2a058c4be", "pid": 63689, "rank": null, "ts": "2026-10-04 13:23:47"}
[DBG] {"category": "QUEUE", "component": "ray", "event": "preference_selected", "group_id": "cfc3cf34f41f4512831d890da261260e", "host": "d6b2a058c4be", "pid": 63689, "preference_pending": 20, "rank": null, "selected": 20, "ts": "2026-10-04 13:23:47"}
[DBG] {"axis/human_groups": 20, "category": "QUEUE", "component": "ray", "data/candidate_all": 20, "data/candidate_lgbm_agree": 0, "data/candidate_lgbm_only": 0, "data/candidate_neural_agree": 0, "data/candidate_neural_only": 0, "data/candidate_triple_agree": 0, "data/selected_pairs": 20, "data/selection_rate": 1.0, "event": "pipeline_metrics", "host": "d6b2a058c4be", "pid": 63689, "queue/preference": 20, "queue/rollout": 8, "rank": null, "ts": "2026-10-04 13:23:47"}
[DBG] {"category": "QUEUE", "component": "ray", "event": "BEGIN:human_pop_rollout", "host": "d6b2a058c4be", "pid": 63689, "rank": null, "ts": "2026-10-04 13:23:47"}
[DBG] {"category": "QUEUE", "component": "ray", "event": "watchdog_armed", "host": "d6b2a058c4be", "pid": 63689, "rank": null, "stage": "human_pop_rollout", "timeout_sec": 30.0, "ts": "2026-10-04 13:23:47"}
[DBG] {"category": "QUEUE", "component": "ray", "elapsed_sec": 0.047179, "event": "END:human_pop_rollout", "host": "d6b2a058c4be", "pid": 63689, "rank": null, "ts": "2026-10-04 13:23:47"}
[DBG] {"category": "QUEUE", "component": "ray", "event": "human_group_received", "group_id": "45670ae618c545728088857912e314a9", "host": "d6b2a058c4be", "pid": 63689, "rank": null, "ts": "2026-10-04 13:23:47"}
[DBG] {"category": "RAY", "component": "ray", "event": "human_prompt_begin", "group_id": "45670ae618c545728088857912e314a9", "host": "d6b2a058c4be", "pid": 63689, "rank": null, "ts": "2026-10-04 13:23:47"}
[DBG] {"category": "RAY", "component": "ray", "event": "human_prompt_end", "group_id": "45670ae618c545728088857912e314a9", "host": "d6b2a058c4be", "pid": 63689, "rank": null, "ts": "2026-10-04 13:23:48"}
[DBG] {"category": "QUEUE", "component": "ray", "event": "BEGIN:human_put_preference", "group_id": "45670ae618c545728088857912e314a9", "host": "d6b2a058c4be", "pid": 63689, "rank": null, "ts": "2026-10-04 13:23:48"}
[DBG] {"category": "QUEUE", "component": "ray", "event": "watchdog_armed", "host": "d6b2a058c4be", "pid": 63689, "rank": null, "stage": "human_put_preference", "timeout_sec": 30.0, "ts": "2026-10-04 13:23:48"}
[DBG] {"category": "QUEUE", "component": "ray", "elapsed_sec": 0.020578, "event": "END:human_put_preference", "host": "d6b2a058c4be", "pid": 63689, "rank": null, "ts": "2026-10-04 13:23:48"}
[DBG] {"category": "QUEUE", "component": "ray", "event": "preference_selected", "group_id": "45670ae618c545728088857912e314a9", "host": "d6b2a058c4be", "pid": 63689, "preference_pending": 21, "rank": null, "selected": 21, "ts": "2026-10-04 13:23:48"}
[DBG] {"axis/human_groups": 21, "category": "QUEUE", "component": "ray", "data/candidate_all": 21, "data/candidate_lgbm_agree": 0, "data/candidate_lgbm_only": 0, "data/candidate_neural_agree": 0, "data/candidate_neural_only": 0, "data/candidate_triple_agree": 0, "data/selected_pairs": 21, "data/selection_rate": 1.0, "event": "pipeline_metrics", "host": "d6b2a058c4be", "pid": 63689, "queue/preference": 21, "queue/rollout": 7, "rank": null, "ts": "2026-10-04 13:23:48"}
[DBG] {"category": "QUEUE", "component": "ray", "event": "BEGIN:human_pop_rollout", "host": "d6b2a058c4be", "pid": 63689, "rank": null, "ts": "2026-10-04 13:23:48"}
[DBG] {"category": "QUEUE", "component": "ray", "event": "watchdog_armed", "host": "d6b2a058c4be", "pid": 63689, "rank": null, "stage": "human_pop_rollout", "timeout_sec": 30.0, "ts": "2026-10-04 13:23:48"}
[DBG] {"category": "QUEUE", "component": "ray", "elapsed_sec": 0.04792, "event": "END:human_pop_rollout", "host": "d6b2a058c4be", "pid": 63689, "rank": null, "ts": "2026-10-04 13:23:48"}
[DBG] {"category": "QUEUE", "component": "ray", "event": "human_group_received", "group_id": "42e6c95f58684375a248062c3f7dd2dc", "host": "d6b2a058c4be", "pid": 63689, "rank": null, "ts": "2026-10-04 13:23:48"}
[DBG] {"category": "RAY", "component": "ray", "event": "human_prompt_begin", "group_id": "42e6c95f58684375a248062c3f7dd2dc", "host": "d6b2a058c4be", "pid": 63689, "rank": null, "ts": "2026-10-04 13:23:48"}
[DBG] {"category": "RAY", "component": "ray", "event": "shutdown_begin", "host": "d6b2a058c4be", "pid": 63689, "rank": null, "ts": "2026-10-04 13:25:17"}
[DBG] {"category": "RAY", "component": "ray", "event": "BEGIN:join_trainer", "host": "d6b2a058c4be", "pid": 63689, "rank": null, "ts": "2026-10-04 13:25:17"}
[DBG] {"category": "RAY", "component": "ray", "event": "watchdog_armed", "host": "d6b2a058c4be", "pid": 63689, "rank": null, "stage": "join_trainer", "timeout_sec": 30.0, "ts": "2026-10-04 13:25:17"}
[DBG] {"category": "RAY", "component": "ray", "error": "", "error_type": "KeyboardInterrupt", "event": "ERROR:join_trainer", "host": "d6b2a058c4be", "pid": 63689, "rank": null, "traceback": "Traceback (most recent call last):\n  File \"/root/Recursive_RLHF_training_for_LLM/orchestrator.py\", line 163, in run\n    self._human_loop()\n  File \"/root/Recursive_RLHF_training_for_LLM/orchestrator.py\", line 367, in _human_loop\n    human = ui.score(group)\n            ^^^^^^^^^^^^^^^\n  File \"/root/Recursive_RLHF_training_for_LLM/reward.py\", line 157, in score\n    raw = input(f\"scores ({len(group['responses'])} numbers, q=quit): \").strip()\n          ^^^^^^^^^^^^^^^^^^^^^^^^^^^^^^^^^^^^^^^^^^^^^^^^^^^^^^^^^^^^^^\nKeyboardInterrupt\n\nDuring handling of the above exception, another exception occurred:\n\nTraceback (most recent call last):\n  File \"/root/Recursive_RLHF_training_for_LLM/debug.py\", line 154, in stage\n    yield\n  File \"/root/Recursive_RLHF_training_for_LLM/orchestrator.py\", line 179, in run\n    ray.get(ref, timeout=30)\n  File \"/usr/local/lib/python3.11/dist-packages/ray/_private/auto_init_hook.py\", line 22, in auto_init_wrapper\n    return fn(*args, **kwargs)\n           ^^^^^^^^^^^^^^^^^^^\n  File \"/usr/local/lib/python3.11/dist-packages/ray/_private/client_mode_hook.py\", line 135, in wrapper\n    return func(*args, **kwargs)\n           ^^^^^^^^^^^^^^^^^^^^^\n  File \"/usr/local/lib/python3.11/dist-packages/ray/_private/worker.py\", line 3004, in get\n    values, debugger_breakpoint = worker.get_objects(\n                                  ^^^^^^^^^^^^^^^^^^^\n  File \"/usr/local/lib/python3.11/dist-packages/ray/_private/worker.py\", line 1007, in get_objects\n    ] = self.core_worker.get_objects(\n        ^^^^^^^^^^^^^^^^^^^^^^^^^^^^^\n  File \"python/ray/_raylet.pyx\", line 3473, in ray._raylet.CoreWorker.get_objects\n  File \"python/ray/includes/common.pxi\", line 105, in ray._raylet.check_status\nKeyboardInterrupt\n", "ts": "2026-10-04 13:25:18"}
[DBG] {"category": "RAY", "component": "ray", "elapsed_sec": 1.002744, "event": "END:join_trainer", "host": "d6b2a058c4be", "pid": 63689, "rank": null, "ts": "2026-10-04 13:25:18"}
