[DBG] {"category": "RAY", "component": "ray", "debug_all": false, "debug_data": false, "debug_fsdp": true, "debug_inference": false, "debug_queue": true, "debug_ray": true, "debug_reward": false, "debug_train": true, "event": "application_start", "host": "d6b2a058c4be", "pid": 105561, "rank": null, "ts": "2026-10-04 14:55:25"}
[DBG] {"category": "RAY", "component": "ray", "env": {"NCCL_DEBUG": "INFO", "NCCL_DEBUG_SUBSYS": "INIT,COLL,GRAPH", "TORCH_DISTRIBUTED_DEBUG": "DETAIL", "TORCH_NCCL_ASYNC_ERROR_HANDLING": "1", "TORCH_NCCL_DESYNC_DEBUG": "1", "TORCH_NCCL_DUMP_ON_TIMEOUT": "1", "TORCH_NCCL_TRACE_BUFFER_SIZE": "20000", "TORCH_SHOW_CPP_STACKTRACES": "1"}, "event": "distributed_debug_env", "host": "d6b2a058c4be", "pid": 105561, "rank": null, "ts": "2026-10-04 14:55:25"}
[DBG] {"address": "auto", "category": "RAY", "component": "ray", "event": "BEGIN:ray_init", "host": "d6b2a058c4be", "log_to_driver": false, "pid": 105561, "rank": null, "ts": "2026-10-04 14:55:25"}
[DBG] {"category": "RAY", "component": "ray", "event": "watchdog_armed", "host": "d6b2a058c4be", "pid": 105561, "rank": null, "stage": "ray_init", "timeout_sec": 30.0, "ts": "2026-10-04 14:55:25"}
[DBG] {"category": "RAY", "component": "ray", "elapsed_sec": 0.650242, "event": "END:ray_init", "host": "d6b2a058c4be", "pid": 105561, "rank": null, "ts": "2026-10-04 14:55:25"}
[DBG] {"category": "RAY", "component": "ray", "event": "cluster_resources", "host": "d6b2a058c4be", "pid": 105561, "rank": null, "resources": {"CPU": 27.0, "GPU": 3.0, "accelerator_type:RTX-A6000": 1.0, "memory": 115285343847.0, "node:172.20.0.2": 1.0, "node:__internal_head__": 1.0, "object_store_memory": 49408004505.0}, "ts": "2026-10-04 14:55:25"}
[DBG] {"category": "RAY", "component": "ray", "event": "resource_check", "gpu_available": 3, "gpu_needed": 3, "host": "d6b2a058c4be", "pid": 105561, "rank": null, "ts": "2026-10-04 14:55:25"}
[DBG] {"category": "RAY", "component": "ray", "event": "run_id", "host": "d6b2a058c4be", "pid": 105561, "rank": null, "run_id": "smoke01", "ts": "2026-10-04 14:55:25"}
[DBG] {"category": "RAY", "component": "ray", "event": "BEGIN:create_queue_actor", "host": "d6b2a058c4be", "pid": 105561, "rank": null, "ts": "2026-10-04 14:55:25"}
[DBG] {"category": "RAY", "component": "ray", "event": "watchdog_armed", "host": "d6b2a058c4be", "pid": 105561, "rank": null, "stage": "create_queue_actor", "timeout_sec": 30.0, "ts": "2026-10-04 14:55:25"}
[DBG] {"category": "RAY", "component": "ray", "elapsed_sec": 0.035461, "event": "END:create_queue_actor", "host": "d6b2a058c4be", "pid": 105561, "rank": null, "ts": "2026-10-04 14:55:25"}
[DBG] {"category": "QUEUE", "component": "ray", "event": "BEGIN:queue_describe", "host": "d6b2a058c4be", "pid": 105561, "rank": null, "ts": "2026-10-04 14:55:25"}
[DBG] {"category": "QUEUE", "component": "ray", "event": "watchdog_armed", "host": "d6b2a058c4be", "pid": 105561, "rank": null, "stage": "queue_describe", "timeout_sec": 30.0, "ts": "2026-10-04 14:55:25"}
[DBG] {"category": "QUEUE", "component": "ray", "elapsed_sec": 13.10974, "event": "END:queue_describe", "host": "d6b2a058c4be", "pid": 105561, "rank": null, "ts": "2026-10-04 14:55:39"}
[DBG] {"category": "RAY", "component": "ray", "event": "BEGIN:create_control_actor", "host": "d6b2a058c4be", "pid": 105561, "rank": null, "ts": "2026-10-04 14:55:39"}
[DBG] {"category": "RAY", "component": "ray", "event": "watchdog_armed", "host": "d6b2a058c4be", "pid": 105561, "rank": null, "stage": "create_control_actor", "timeout_sec": 30.0, "ts": "2026-10-04 14:55:39"}
[DBG] {"category": "RAY", "component": "ray", "elapsed_sec": 0.022095, "event": "END:create_control_actor", "host": "d6b2a058c4be", "pid": 105561, "rank": null, "ts": "2026-10-04 14:55:39"}
[DBG] {"category": "RAY", "component": "ray", "event": "BEGIN:create_tracker_actor", "host": "d6b2a058c4be", "pid": 105561, "rank": null, "ts": "2026-10-04 14:55:39"}
[DBG] {"category": "RAY", "component": "ray", "event": "watchdog_armed", "host": "d6b2a058c4be", "pid": 105561, "rank": null, "stage": "create_tracker_actor", "timeout_sec": 30.0, "ts": "2026-10-04 14:55:39"}
[DBG] {"category": "RAY", "component": "ray", "elapsed_sec": 0.013987, "event": "END:create_tracker_actor", "host": "d6b2a058c4be", "pid": 105561, "rank": null, "ts": "2026-10-04 14:55:39"}
[DBG] {"category": "RAY", "component": "ray", "event": "BEGIN:create_inference_actor", "gpus": 1, "host": "d6b2a058c4be", "pid": 105561, "rank": null, "ts": "2026-10-04 14:55:39"}
[DBG] {"category": "RAY", "component": "ray", "event": "watchdog_armed", "host": "d6b2a058c4be", "pid": 105561, "rank": null, "stage": "create_inference_actor", "timeout_sec": 30.0, "ts": "2026-10-04 14:55:39"}
[DBG] {"category": "RAY", "component": "ray", "elapsed_sec": 0.015873, "event": "END:create_inference_actor", "host": "d6b2a058c4be", "pid": 105561, "rank": null, "ts": "2026-10-04 14:55:39"}
[DBG] {"category": "RAY", "component": "ray", "event": "BEGIN:create_reward_actor", "gpus": 0, "host": "d6b2a058c4be", "pid": 105561, "rank": null, "ts": "2026-10-04 14:55:39"}
[DBG] {"category": "RAY", "component": "ray", "event": "watchdog_armed", "host": "d6b2a058c4be", "pid": 105561, "rank": null, "stage": "create_reward_actor", "timeout_sec": 30.0, "ts": "2026-10-04 14:55:39"}
[DBG] {"category": "RAY", "component": "ray", "elapsed_sec": 0.018444, "event": "END:create_reward_actor", "host": "d6b2a058c4be", "pid": 105561, "rank": null, "ts": "2026-10-04 14:55:39"}
[DBG] {"category": "RAY", "component": "ray", "event": "BEGIN:create_rollout_actor", "host": "d6b2a058c4be", "pid": 105561, "rank": null, "ts": "2026-10-04 14:55:39"}
[DBG] {"category": "RAY", "component": "ray", "event": "watchdog_armed", "host": "d6b2a058c4be", "pid": 105561, "rank": null, "stage": "create_rollout_actor", "timeout_sec": 30.0, "ts": "2026-10-04 14:55:39"}
[DBG] {"category": "RAY", "component": "ray", "elapsed_sec": 0.009709, "event": "END:create_rollout_actor", "host": "d6b2a058c4be", "pid": 105561, "rank": null, "ts": "2026-10-04 14:55:39"}
[DBG] {"category": "RAY", "component": "ray", "event": "BEGIN:create_trainer_actor", "host": "d6b2a058c4be", "pid": 105561, "rank": null, "ts": "2026-10-04 14:55:39"}
[DBG] {"category": "RAY", "component": "ray", "event": "watchdog_armed", "host": "d6b2a058c4be", "pid": 105561, "rank": null, "stage": "create_trainer_actor", "timeout_sec": 30.0, "ts": "2026-10-04 14:55:39"}
[DBG] {"category": "RAY", "component": "ray", "elapsed_sec": 0.008447, "event": "END:create_trainer_actor", "host": "d6b2a058c4be", "pid": 105561, "rank": null, "ts": "2026-10-04 14:55:39"}
[DBG] {"category": "RAY", "component": "ray", "event": "BEGIN:launch_trainer_actor", "host": "d6b2a058c4be", "pid": 105561, "rank": null, "ts": "2026-10-04 14:56:21"}
[DBG] {"category": "RAY", "component": "ray", "event": "watchdog_armed", "host": "d6b2a058c4be", "pid": 105561, "rank": null, "stage": "launch_trainer_actor", "timeout_sec": 30.0, "ts": "2026-10-04 14:56:21"}
[DBG] {"category": "RAY", "component": "ray", "elapsed_sec": 0.001209, "event": "END:launch_trainer_actor", "host": "d6b2a058c4be", "pid": 105561, "rank": null, "ts": "2026-10-04 14:56:21"}
[DBG] {"category": "RAY", "component": "ray", "event": "BEGIN:launch_rollout_producer", "host": "d6b2a058c4be", "pid": 105561, "rank": null, "ts": "2026-10-04 14:56:21"}
[DBG] {"category": "RAY", "component": "ray", "event": "watchdog_armed", "host": "d6b2a058c4be", "pid": 105561, "rank": null, "stage": "launch_rollout_producer", "timeout_sec": 30.0, "ts": "2026-10-04 14:56:21"}
[DBG] {"category": "RAY", "component": "ray", "elapsed_sec": 0.000459, "event": "END:launch_rollout_producer", "host": "d6b2a058c4be", "pid": 105561, "rank": null, "ts": "2026-10-04 14:56:21"}
[DBG] {"category": "RAY", "component": "ray", "event": "human_loop_start", "host": "d6b2a058c4be", "pid": 105561, "rank": null, "ts": "2026-10-04 14:56:21"}
[DBG] {"category": "QUEUE", "component": "ray", "event": "BEGIN:human_pop_rollout", "host": "d6b2a058c4be", "pid": 105561, "rank": null, "ts": "2026-10-04 14:56:21"}
[DBG] {"category": "QUEUE", "component": "ray", "event": "watchdog_armed", "host": "d6b2a058c4be", "pid": 105561, "rank": null, "stage": "human_pop_rollout", "timeout_sec": 30.0, "ts": "2026-10-04 14:56:21"}
[DBG] {"category": "QUEUE", "component": "ray", "elapsed_sec": 0.005518, "event": "END:human_pop_rollout", "host": "d6b2a058c4be", "pid": 105561, "rank": null, "ts": "2026-10-04 14:56:21"}
[DBG] {"category": "QUEUE", "component": "ray", "event": "BEGIN:human_pop_rollout", "host": "d6b2a058c4be", "pid": 105561, "rank": null, "ts": "2026-10-04 14:56:22"}
[DBG] {"category": "QUEUE", "component": "ray", "event": "watchdog_armed", "host": "d6b2a058c4be", "pid": 105561, "rank": null, "stage": "human_pop_rollout", "timeout_sec": 30.0, "ts": "2026-10-04 14:56:22"}
[DBG] {"category": "QUEUE", "component": "ray", "elapsed_sec": 0.004853, "event": "END:human_pop_rollout", "host": "d6b2a058c4be", "pid": 105561, "rank": null, "ts": "2026-10-04 14:56:22"}
[DBG] {"category": "QUEUE", "component": "ray", "event": "BEGIN:human_pop_rollout", "host": "d6b2a058c4be", "pid": 105561, "rank": null, "ts": "2026-10-04 14:56:22"}
[DBG] {"category": "QUEUE", "component": "ray", "event": "watchdog_armed", "host": "d6b2a058c4be", "pid": 105561, "rank": null, "stage": "human_pop_rollout", "timeout_sec": 30.0, "ts": "2026-10-04 14:56:22"}
[DBG] {"category": "QUEUE", "component": "ray", "elapsed_sec": 0.004406, "event": "END:human_pop_rollout", "host": "d6b2a058c4be", "pid": 105561, "rank": null, "ts": "2026-10-04 14:56:22"}
[DBG] {"category": "QUEUE", "component": "ray", "event": "BEGIN:human_pop_rollout", "host": "d6b2a058c4be", "pid": 105561, "rank": null, "ts": "2026-10-04 14:56:22"}
[DBG] {"category": "QUEUE", "component": "ray", "event": "watchdog_armed", "host": "d6b2a058c4be", "pid": 105561, "rank": null, "stage": "human_pop_rollout", "timeout_sec": 30.0, "ts": "2026-10-04 14:56:22"}
[DBG] {"category": "QUEUE", "component": "ray", "elapsed_sec": 0.003499, "event": "END:human_pop_rollout", "host": "d6b2a058c4be", "pid": 105561, "rank": null, "ts": "2026-10-04 14:56:22"}
[DBG] {"category": "QUEUE", "component": "ray", "event": "BEGIN:human_pop_rollout", "host": "d6b2a058c4be", "pid": 105561, "rank": null, "ts": "2026-10-04 14:56:22"}
[DBG] {"category": "QUEUE", "component": "ray", "event": "watchdog_armed", "host": "d6b2a058c4be", "pid": 105561, "rank": null, "stage": "human_pop_rollout", "timeout_sec": 30.0, "ts": "2026-10-04 14:56:22"}
[DBG] {"category": "QUEUE", "component": "ray", "elapsed_sec": 0.005098, "event": "END:human_pop_rollout", "host": "d6b2a058c4be", "pid": 105561, "rank": null, "ts": "2026-10-04 14:56:22"}
[DBG] {"category": "QUEUE", "component": "ray", "event": "BEGIN:human_pop_rollout", "host": "d6b2a058c4be", "pid": 105561, "rank": null, "ts": "2026-10-04 14:56:22"}
[DBG] {"category": "QUEUE", "component": "ray", "event": "watchdog_armed", "host": "d6b2a058c4be", "pid": 105561, "rank": null, "stage": "human_pop_rollout", "timeout_sec": 30.0, "ts": "2026-10-04 14:56:22"}
[DBG] {"category": "QUEUE", "component": "ray", "elapsed_sec": 0.004848, "event": "END:human_pop_rollout", "host": "d6b2a058c4be", "pid": 105561, "rank": null, "ts": "2026-10-04 14:56:22"}
[DBG] {"category": "QUEUE", "component": "ray", "event": "BEGIN:human_pop_rollout", "host": "d6b2a058c4be", "pid": 105561, "rank": null, "ts": "2026-10-04 14:56:23"}
[DBG] {"category": "QUEUE", "component": "ray", "event": "watchdog_armed", "host": "d6b2a058c4be", "pid": 105561, "rank": null, "stage": "human_pop_rollout", "timeout_sec": 30.0, "ts": "2026-10-04 14:56:23"}
[DBG] {"category": "QUEUE", "component": "ray", "elapsed_sec": 0.002932, "event": "END:human_pop_rollout", "host": "d6b2a058c4be", "pid": 105561, "rank": null, "ts": "2026-10-04 14:56:23"}
[DBG] {"category": "QUEUE", "component": "ray", "event": "BEGIN:human_pop_rollout", "host": "d6b2a058c4be", "pid": 105561, "rank": null, "ts": "2026-10-04 14:56:23"}
[DBG] {"category": "QUEUE", "component": "ray", "event": "watchdog_armed", "host": "d6b2a058c4be", "pid": 105561, "rank": null, "stage": "human_pop_rollout", "timeout_sec": 30.0, "ts": "2026-10-04 14:56:23"}
[DBG] {"category": "QUEUE", "component": "ray", "elapsed_sec": 0.004132, "event": "END:human_pop_rollout", "host": "d6b2a058c4be", "pid": 105561, "rank": null, "ts": "2026-10-04 14:56:23"}
[DBG] {"category": "QUEUE", "component": "ray", "event": "BEGIN:human_pop_rollout", "host": "d6b2a058c4be", "pid": 105561, "rank": null, "ts": "2026-10-04 14:56:23"}
[DBG] {"category": "QUEUE", "component": "ray", "event": "watchdog_armed", "host": "d6b2a058c4be", "pid": 105561, "rank": null, "stage": "human_pop_rollout", "timeout_sec": 30.0, "ts": "2026-10-04 14:56:23"}
[DBG] {"category": "QUEUE", "component": "ray", "elapsed_sec": 0.01053, "event": "END:human_pop_rollout", "host": "d6b2a058c4be", "pid": 105561, "rank": null, "ts": "2026-10-04 14:56:23"}
[DBG] {"category": "QUEUE", "component": "ray", "event": "BEGIN:human_pop_rollout", "host": "d6b2a058c4be", "pid": 105561, "rank": null, "ts": "2026-10-04 14:56:23"}
[DBG] {"category": "QUEUE", "component": "ray", "event": "watchdog_armed", "host": "d6b2a058c4be", "pid": 105561, "rank": null, "stage": "human_pop_rollout", "timeout_sec": 30.0, "ts": "2026-10-04 14:56:23"}
[DBG] {"category": "QUEUE", "component": "ray", "elapsed_sec": 0.003748, "event": "END:human_pop_rollout", "host": "d6b2a058c4be", "pid": 105561, "rank": null, "ts": "2026-10-04 14:56:23"}
[DBG] {"category": "QUEUE", "component": "ray", "event": "BEGIN:human_pop_rollout", "host": "d6b2a058c4be", "pid": 105561, "rank": null, "ts": "2026-10-04 14:56:23"}
[DBG] {"category": "QUEUE", "component": "ray", "event": "watchdog_armed", "host": "d6b2a058c4be", "pid": 105561, "rank": null, "stage": "human_pop_rollout", "timeout_sec": 30.0, "ts": "2026-10-04 14:56:23"}
[DBG] {"category": "QUEUE", "component": "ray", "elapsed_sec": 0.003087, "event": "END:human_pop_rollout", "host": "d6b2a058c4be", "pid": 105561, "rank": null, "ts": "2026-10-04 14:56:23"}
[DBG] {"category": "QUEUE", "component": "ray", "event": "BEGIN:human_pop_rollout", "host": "d6b2a058c4be", "pid": 105561, "rank": null, "ts": "2026-10-04 14:56:24"}
[DBG] {"category": "QUEUE", "component": "ray", "event": "watchdog_armed", "host": "d6b2a058c4be", "pid": 105561, "rank": null, "stage": "human_pop_rollout", "timeout_sec": 30.0, "ts": "2026-10-04 14:56:24"}
[DBG] {"category": "QUEUE", "component": "ray", "elapsed_sec": 0.003055, "event": "END:human_pop_rollout", "host": "d6b2a058c4be", "pid": 105561, "rank": null, "ts": "2026-10-04 14:56:24"}
[DBG] {"category": "QUEUE", "component": "ray", "event": "BEGIN:human_pop_rollout", "host": "d6b2a058c4be", "pid": 105561, "rank": null, "ts": "2026-10-04 14:56:24"}
[DBG] {"category": "QUEUE", "component": "ray", "event": "watchdog_armed", "host": "d6b2a058c4be", "pid": 105561, "rank": null, "stage": "human_pop_rollout", "timeout_sec": 30.0, "ts": "2026-10-04 14:56:24"}
[DBG] {"category": "QUEUE", "component": "ray", "elapsed_sec": 0.02275, "event": "END:human_pop_rollout", "host": "d6b2a058c4be", "pid": 105561, "rank": null, "ts": "2026-10-04 14:56:24"}
[DBG] {"category": "QUEUE", "component": "ray", "event": "human_group_received", "group_id": "8dc5d15a2db04c6a8ce5f8bd9d3c7163", "host": "d6b2a058c4be", "pid": 105561, "rank": null, "ts": "2026-10-04 14:56:24"}
[DBG] {"category": "RAY", "component": "ray", "event": "human_prompt_begin", "group_id": "8dc5d15a2db04c6a8ce5f8bd9d3c7163", "host": "d6b2a058c4be", "pid": 105561, "rank": null, "ts": "2026-10-04 14:56:24"}
[DBG] {"category": "RAY", "component": "ray", "event": "human_prompt_end", "group_id": "8dc5d15a2db04c6a8ce5f8bd9d3c7163", "host": "d6b2a058c4be", "human_scores": [1.0, 2.0, 3.0, 4.0], "pid": 105561, "policy_version": 0, "rank": null, "ts": "2026-10-04 14:58:16"}
[DBG] {"category": "RAY", "component": "ray", "event": "post_input_pipeline_begin", "group_id": "8dc5d15a2db04c6a8ce5f8bd9d3c7163", "host": "d6b2a058c4be", "pid": 105561, "rank": null, "ts": "2026-10-04 14:58:16"}
[DBG] {"category": "QUEUE", "chosen_index": 3, "component": "ray", "event": "preference_sample_built", "group_id": "8dc5d15a2db04c6a8ce5f8bd9d3c7163", "host": "d6b2a058c4be", "pid": 105561, "policy_version": 0, "rank": null, "rejected_index": 0, "ts": "2026-10-04 14:58:16"}
[DBG] {"category": "QUEUE", "component": "ray", "event": "BEGIN:human_put_preference", "group_id": "8dc5d15a2db04c6a8ce5f8bd9d3c7163", "host": "d6b2a058c4be", "pid": 105561, "rank": null, "ts": "2026-10-04 14:58:16"}
[DBG] {"category": "QUEUE", "component": "ray", "event": "watchdog_armed", "host": "d6b2a058c4be", "pid": 105561, "rank": null, "stage": "human_put_preference", "timeout_sec": 30.0, "ts": "2026-10-04 14:58:16"}
[DBG] {"category": "QUEUE", "component": "ray", "elapsed_sec": 0.049537, "event": "END:human_put_preference", "host": "d6b2a058c4be", "pid": 105561, "rank": null, "ts": "2026-10-04 14:58:16"}
[DBG] {"category": "QUEUE", "component": "ray", "event": "preference_put_trace", "group_id": "8dc5d15a2db04c6a8ce5f8bd9d3c7163", "host": "d6b2a058c4be", "pid": 105561, "queue_key": "smoke01:preference:8dc5d15a2db04c6a8ce5f8bd9d3c7163", "rank": null, "size_after": 1, "size_before": 0, "ts": "2026-10-04 14:58:16"}
[DBG] {"category": "QUEUE", "component": "ray", "event": "preference_selected", "group_id": "8dc5d15a2db04c6a8ce5f8bd9d3c7163", "host": "d6b2a058c4be", "pid": 105561, "preference_pending": 1, "rank": null, "selected": 1, "ts": "2026-10-04 14:58:16"}
[DBG] {"category": "RAY", "component": "ray", "event": "post_input_pipeline_end", "group_id": "8dc5d15a2db04c6a8ce5f8bd9d3c7163", "host": "d6b2a058c4be", "pid": 105561, "rank": null, "selected": true, "ts": "2026-10-04 14:58:16"}
[DBG] {"axis/human_groups": 1, "category": "QUEUE", "component": "ray", "data/candidate_all": 1, "data/candidate_lgbm_agree": 0, "data/candidate_lgbm_only": 0, "data/candidate_neural_agree": 0, "data/candidate_neural_only": 0, "data/candidate_triple_agree": 0, "data/selected_pairs": 1, "data/selection_rate": 1.0, "event": "pipeline_metrics", "host": "d6b2a058c4be", "pid": 105561, "queue/preference": 1, "queue/rollout": 9, "rank": null, "ts": "2026-10-04 14:58:16"}
[DBG] {"category": "QUEUE", "component": "ray", "event": "BEGIN:human_pop_rollout", "host": "d6b2a058c4be", "pid": 105561, "rank": null, "ts": "2026-10-04 14:58:16"}
[DBG] {"category": "QUEUE", "component": "ray", "event": "watchdog_armed", "host": "d6b2a058c4be", "pid": 105561, "rank": null, "stage": "human_pop_rollout", "timeout_sec": 30.0, "ts": "2026-10-04 14:58:16"}
[DBG] {"category": "QUEUE", "component": "ray", "elapsed_sec": 0.064481, "event": "END:human_pop_rollout", "host": "d6b2a058c4be", "pid": 105561, "rank": null, "ts": "2026-10-04 14:58:16"}
[DBG] {"category": "QUEUE", "component": "ray", "event": "human_group_received", "group_id": "2e07c777807a4c7fbb8b5829e12552d5", "host": "d6b2a058c4be", "pid": 105561, "rank": null, "ts": "2026-10-04 14:58:16"}
[DBG] {"category": "RAY", "component": "ray", "event": "human_prompt_begin", "group_id": "2e07c777807a4c7fbb8b5829e12552d5", "host": "d6b2a058c4be", "pid": 105561, "rank": null, "ts": "2026-10-04 14:58:16"}
[DBG] {"category": "RAY", "component": "ray", "event": "human_prompt_end", "group_id": "2e07c777807a4c7fbb8b5829e12552d5", "host": "d6b2a058c4be", "human_scores": [1.0, 2.0, 3.0, 4.0], "pid": 105561, "policy_version": 0, "rank": null, "ts": "2026-10-04 14:58:17"}
[DBG] {"category": "RAY", "component": "ray", "event": "post_input_pipeline_begin", "group_id": "2e07c777807a4c7fbb8b5829e12552d5", "host": "d6b2a058c4be", "pid": 105561, "rank": null, "ts": "2026-10-04 14:58:17"}
[DBG] {"category": "QUEUE", "chosen_index": 3, "component": "ray", "event": "preference_sample_built", "group_id": "2e07c777807a4c7fbb8b5829e12552d5", "host": "d6b2a058c4be", "pid": 105561, "policy_version": 0, "rank": null, "rejected_index": 0, "ts": "2026-10-04 14:58:17"}
[DBG] {"category": "QUEUE", "component": "ray", "event": "BEGIN:human_put_preference", "group_id": "2e07c777807a4c7fbb8b5829e12552d5", "host": "d6b2a058c4be", "pid": 105561, "rank": null, "ts": "2026-10-04 14:58:17"}
[DBG] {"category": "QUEUE", "component": "ray", "event": "watchdog_armed", "host": "d6b2a058c4be", "pid": 105561, "rank": null, "stage": "human_put_preference", "timeout_sec": 30.0, "ts": "2026-10-04 14:58:17"}
[DBG] {"category": "QUEUE", "component": "ray", "elapsed_sec": 0.039769, "event": "END:human_put_preference", "host": "d6b2a058c4be", "pid": 105561, "rank": null, "ts": "2026-10-04 14:58:17"}
[DBG] {"category": "QUEUE", "component": "ray", "event": "preference_put_trace", "group_id": "2e07c777807a4c7fbb8b5829e12552d5", "host": "d6b2a058c4be", "pid": 105561, "queue_key": "smoke01:preference:2e07c777807a4c7fbb8b5829e12552d5", "rank": null, "size_after": 2, "size_before": 1, "ts": "2026-10-04 14:58:17"}
[DBG] {"category": "QUEUE", "component": "ray", "event": "preference_selected", "group_id": "2e07c777807a4c7fbb8b5829e12552d5", "host": "d6b2a058c4be", "pid": 105561, "preference_pending": 2, "rank": null, "selected": 2, "ts": "2026-10-04 14:58:17"}
[DBG] {"category": "RAY", "component": "ray", "event": "post_input_pipeline_end", "group_id": "2e07c777807a4c7fbb8b5829e12552d5", "host": "d6b2a058c4be", "pid": 105561, "rank": null, "selected": true, "ts": "2026-10-04 14:58:17"}
[DBG] {"axis/human_groups": 2, "category": "QUEUE", "component": "ray", "data/candidate_all": 2, "data/candidate_lgbm_agree": 0, "data/candidate_lgbm_only": 0, "data/candidate_neural_agree": 0, "data/candidate_neural_only": 0, "data/candidate_triple_agree": 0, "data/selected_pairs": 2, "data/selection_rate": 1.0, "event": "pipeline_metrics", "host": "d6b2a058c4be", "pid": 105561, "queue/preference": 2, "queue/rollout": 8, "rank": null, "ts": "2026-10-04 14:58:17"}
[DBG] {"category": "QUEUE", "component": "ray", "event": "BEGIN:human_pop_rollout", "host": "d6b2a058c4be", "pid": 105561, "rank": null, "ts": "2026-10-04 14:58:17"}
[DBG] {"category": "QUEUE", "component": "ray", "event": "watchdog_armed", "host": "d6b2a058c4be", "pid": 105561, "rank": null, "stage": "human_pop_rollout", "timeout_sec": 30.0, "ts": "2026-10-04 14:58:17"}
[DBG] {"category": "QUEUE", "component": "ray", "elapsed_sec": 0.061291, "event": "END:human_pop_rollout", "host": "d6b2a058c4be", "pid": 105561, "rank": null, "ts": "2026-10-04 14:58:17"}
[DBG] {"category": "QUEUE", "component": "ray", "event": "human_group_received", "group_id": "d9e9b6c40e5b481c86bc7a89b55b9f6a", "host": "d6b2a058c4be", "pid": 105561, "rank": null, "ts": "2026-10-04 14:58:17"}
[DBG] {"category": "RAY", "component": "ray", "event": "human_prompt_begin", "group_id": "d9e9b6c40e5b481c86bc7a89b55b9f6a", "host": "d6b2a058c4be", "pid": 105561, "rank": null, "ts": "2026-10-04 14:58:17"}
[DBG] {"category": "RAY", "component": "ray", "event": "human_prompt_end", "group_id": "d9e9b6c40e5b481c86bc7a89b55b9f6a", "host": "d6b2a058c4be", "human_scores": [1.0, 2.0, 3.0, 4.0], "pid": 105561, "policy_version": 0, "rank": null, "ts": "2026-10-04 14:58:18"}
[DBG] {"category": "RAY", "component": "ray", "event": "post_input_pipeline_begin", "group_id": "d9e9b6c40e5b481c86bc7a89b55b9f6a", "host": "d6b2a058c4be", "pid": 105561, "rank": null, "ts": "2026-10-04 14:58:18"}
[DBG] {"category": "QUEUE", "chosen_index": 3, "component": "ray", "event": "preference_sample_built", "group_id": "d9e9b6c40e5b481c86bc7a89b55b9f6a", "host": "d6b2a058c4be", "pid": 105561, "policy_version": 0, "rank": null, "rejected_index": 0, "ts": "2026-10-04 14:58:18"}
[DBG] {"category": "QUEUE", "component": "ray", "event": "BEGIN:human_put_preference", "group_id": "d9e9b6c40e5b481c86bc7a89b55b9f6a", "host": "d6b2a058c4be", "pid": 105561, "rank": null, "ts": "2026-10-04 14:58:18"}
[DBG] {"category": "QUEUE", "component": "ray", "event": "watchdog_armed", "host": "d6b2a058c4be", "pid": 105561, "rank": null, "stage": "human_put_preference", "timeout_sec": 30.0, "ts": "2026-10-04 14:58:18"}
[DBG] {"category": "QUEUE", "component": "ray", "elapsed_sec": 0.040664, "event": "END:human_put_preference", "host": "d6b2a058c4be", "pid": 105561, "rank": null, "ts": "2026-10-04 14:58:18"}
[DBG] {"category": "QUEUE", "component": "ray", "event": "preference_put_trace", "group_id": "d9e9b6c40e5b481c86bc7a89b55b9f6a", "host": "d6b2a058c4be", "pid": 105561, "queue_key": "smoke01:preference:d9e9b6c40e5b481c86bc7a89b55b9f6a", "rank": null, "size_after": 3, "size_before": 2, "ts": "2026-10-04 14:58:18"}
[DBG] {"category": "QUEUE", "component": "ray", "event": "preference_selected", "group_id": "d9e9b6c40e5b481c86bc7a89b55b9f6a", "host": "d6b2a058c4be", "pid": 105561, "preference_pending": 3, "rank": null, "selected": 3, "ts": "2026-10-04 14:58:18"}
[DBG] {"category": "RAY", "component": "ray", "event": "post_input_pipeline_end", "group_id": "d9e9b6c40e5b481c86bc7a89b55b9f6a", "host": "d6b2a058c4be", "pid": 105561, "rank": null, "selected": true, "ts": "2026-10-04 14:58:18"}
[DBG] {"axis/human_groups": 3, "category": "QUEUE", "component": "ray", "data/candidate_all": 3, "data/candidate_lgbm_agree": 0, "data/candidate_lgbm_only": 0, "data/candidate_neural_agree": 0, "data/candidate_neural_only": 0, "data/candidate_triple_agree": 0, "data/selected_pairs": 3, "data/selection_rate": 1.0, "event": "pipeline_metrics", "host": "d6b2a058c4be", "pid": 105561, "queue/preference": 3, "queue/rollout": 9, "rank": null, "ts": "2026-10-04 14:58:18"}
[DBG] {"category": "QUEUE", "component": "ray", "event": "BEGIN:human_pop_rollout", "host": "d6b2a058c4be", "pid": 105561, "rank": null, "ts": "2026-10-04 14:58:18"}
[DBG] {"category": "QUEUE", "component": "ray", "event": "watchdog_armed", "host": "d6b2a058c4be", "pid": 105561, "rank": null, "stage": "human_pop_rollout", "timeout_sec": 30.0, "ts": "2026-10-04 14:58:18"}
[DBG] {"category": "QUEUE", "component": "ray", "elapsed_sec": 0.061162, "event": "END:human_pop_rollout", "host": "d6b2a058c4be", "pid": 105561, "rank": null, "ts": "2026-10-04 14:58:18"}
[DBG] {"category": "QUEUE", "component": "ray", "event": "human_group_received", "group_id": "8219b8140bd3461aa698b1b435cfa861", "host": "d6b2a058c4be", "pid": 105561, "rank": null, "ts": "2026-10-04 14:58:18"}
[DBG] {"category": "RAY", "component": "ray", "event": "human_prompt_begin", "group_id": "8219b8140bd3461aa698b1b435cfa861", "host": "d6b2a058c4be", "pid": 105561, "rank": null, "ts": "2026-10-04 14:58:18"}
[DBG] {"category": "RAY", "component": "ray", "event": "human_prompt_end", "group_id": "8219b8140bd3461aa698b1b435cfa861", "host": "d6b2a058c4be", "human_scores": [1.0, 2.0, 3.0, 4.0], "pid": 105561, "policy_version": 0, "rank": null, "ts": "2026-10-04 14:58:19"}
[DBG] {"category": "RAY", "component": "ray", "event": "post_input_pipeline_begin", "group_id": "8219b8140bd3461aa698b1b435cfa861", "host": "d6b2a058c4be", "pid": 105561, "rank": null, "ts": "2026-10-04 14:58:19"}
[DBG] {"category": "QUEUE", "chosen_index": 3, "component": "ray", "event": "preference_sample_built", "group_id": "8219b8140bd3461aa698b1b435cfa861", "host": "d6b2a058c4be", "pid": 105561, "policy_version": 0, "rank": null, "rejected_index": 0, "ts": "2026-10-04 14:58:19"}
[DBG] {"category": "QUEUE", "component": "ray", "event": "BEGIN:human_put_preference", "group_id": "8219b8140bd3461aa698b1b435cfa861", "host": "d6b2a058c4be", "pid": 105561, "rank": null, "ts": "2026-10-04 14:58:19"}
[DBG] {"category": "QUEUE", "component": "ray", "event": "watchdog_armed", "host": "d6b2a058c4be", "pid": 105561, "rank": null, "stage": "human_put_preference", "timeout_sec": 30.0, "ts": "2026-10-04 14:58:19"}
[DBG] {"category": "QUEUE", "component": "ray", "elapsed_sec": 0.048405, "event": "END:human_put_preference", "host": "d6b2a058c4be", "pid": 105561, "rank": null, "ts": "2026-10-04 14:58:19"}
[DBG] {"category": "QUEUE", "component": "ray", "event": "preference_put_trace", "group_id": "8219b8140bd3461aa698b1b435cfa861", "host": "d6b2a058c4be", "pid": 105561, "queue_key": "smoke01:preference:8219b8140bd3461aa698b1b435cfa861", "rank": null, "size_after": 4, "size_before": 3, "ts": "2026-10-04 14:58:19"}
[DBG] {"category": "QUEUE", "component": "ray", "event": "preference_selected", "group_id": "8219b8140bd3461aa698b1b435cfa861", "host": "d6b2a058c4be", "pid": 105561, "preference_pending": 4, "rank": null, "selected": 4, "ts": "2026-10-04 14:58:19"}
[DBG] {"category": "RAY", "component": "ray", "event": "post_input_pipeline_end", "group_id": "8219b8140bd3461aa698b1b435cfa861", "host": "d6b2a058c4be", "pid": 105561, "rank": null, "selected": true, "ts": "2026-10-04 14:58:19"}
[DBG] {"axis/human_groups": 4, "category": "QUEUE", "component": "ray", "data/candidate_all": 4, "data/candidate_lgbm_agree": 0, "data/candidate_lgbm_only": 0, "data/candidate_neural_agree": 0, "data/candidate_neural_only": 0, "data/candidate_triple_agree": 0, "data/selected_pairs": 4, "data/selection_rate": 1.0, "event": "pipeline_metrics", "host": "d6b2a058c4be", "pid": 105561, "queue/preference": 4, "queue/rollout": 8, "rank": null, "ts": "2026-10-04 14:58:19"}
[DBG] {"category": "QUEUE", "component": "ray", "event": "BEGIN:human_pop_rollout", "host": "d6b2a058c4be", "pid": 105561, "rank": null, "ts": "2026-10-04 14:58:19"}
[DBG] {"category": "QUEUE", "component": "ray", "event": "watchdog_armed", "host": "d6b2a058c4be", "pid": 105561, "rank": null, "stage": "human_pop_rollout", "timeout_sec": 30.0, "ts": "2026-10-04 14:58:19"}
[DBG] {"category": "QUEUE", "component": "ray", "elapsed_sec": 0.068868, "event": "END:human_pop_rollout", "host": "d6b2a058c4be", "pid": 105561, "rank": null, "ts": "2026-10-04 14:58:19"}
[DBG] {"category": "QUEUE", "component": "ray", "event": "human_group_received", "group_id": "4d6d825a4fcb4d37a3aa7d5370f82017", "host": "d6b2a058c4be", "pid": 105561, "rank": null, "ts": "2026-10-04 14:58:19"}
[DBG] {"category": "RAY", "component": "ray", "event": "human_prompt_begin", "group_id": "4d6d825a4fcb4d37a3aa7d5370f82017", "host": "d6b2a058c4be", "pid": 105561, "rank": null, "ts": "2026-10-04 14:58:19"}
[DBG] {"category": "RAY", "component": "ray", "event": "human_prompt_end", "group_id": "4d6d825a4fcb4d37a3aa7d5370f82017", "host": "d6b2a058c4be", "human_scores": [1.0, 2.0, 3.0, 4.0], "pid": 105561, "policy_version": 0, "rank": null, "ts": "2026-10-04 14:58:20"}
[DBG] {"category": "RAY", "component": "ray", "event": "post_input_pipeline_begin", "group_id": "4d6d825a4fcb4d37a3aa7d5370f82017", "host": "d6b2a058c4be", "pid": 105561, "rank": null, "ts": "2026-10-04 14:58:20"}
[DBG] {"category": "QUEUE", "chosen_index": 3, "component": "ray", "event": "preference_sample_built", "group_id": "4d6d825a4fcb4d37a3aa7d5370f82017", "host": "d6b2a058c4be", "pid": 105561, "policy_version": 0, "rank": null, "rejected_index": 0, "ts": "2026-10-04 14:58:20"}
[DBG] {"category": "QUEUE", "component": "ray", "event": "BEGIN:human_put_preference", "group_id": "4d6d825a4fcb4d37a3aa7d5370f82017", "host": "d6b2a058c4be", "pid": 105561, "rank": null, "ts": "2026-10-04 14:58:20"}
[DBG] {"category": "QUEUE", "component": "ray", "event": "watchdog_armed", "host": "d6b2a058c4be", "pid": 105561, "rank": null, "stage": "human_put_preference", "timeout_sec": 30.0, "ts": "2026-10-04 14:58:20"}
[DBG] {"category": "QUEUE", "component": "ray", "elapsed_sec": 0.07145, "event": "END:human_put_preference", "host": "d6b2a058c4be", "pid": 105561, "rank": null, "ts": "2026-10-04 14:58:20"}
[DBG] {"category": "QUEUE", "component": "ray", "event": "preference_put_trace", "group_id": "4d6d825a4fcb4d37a3aa7d5370f82017", "host": "d6b2a058c4be", "pid": 105561, "queue_key": "smoke01:preference:4d6d825a4fcb4d37a3aa7d5370f82017", "rank": null, "size_after": 1, "size_before": 0, "ts": "2026-10-04 14:58:20"}
[DBG] {"category": "QUEUE", "component": "ray", "event": "preference_selected", "group_id": "4d6d825a4fcb4d37a3aa7d5370f82017", "host": "d6b2a058c4be", "pid": 105561, "preference_pending": 1, "rank": null, "selected": 5, "ts": "2026-10-04 14:58:20"}
[DBG] {"category": "RAY", "component": "ray", "event": "post_input_pipeline_end", "group_id": "4d6d825a4fcb4d37a3aa7d5370f82017", "host": "d6b2a058c4be", "pid": 105561, "rank": null, "selected": true, "ts": "2026-10-04 14:58:20"}
[DBG] {"axis/human_groups": 5, "category": "QUEUE", "component": "ray", "data/candidate_all": 5, "data/candidate_lgbm_agree": 0, "data/candidate_lgbm_only": 0, "data/candidate_neural_agree": 0, "data/candidate_neural_only": 0, "data/candidate_triple_agree": 0, "data/selected_pairs": 5, "data/selection_rate": 1.0, "event": "pipeline_metrics", "host": "d6b2a058c4be", "pid": 105561, "queue/preference": 1, "queue/rollout": 9, "rank": null, "ts": "2026-10-04 14:58:20"}
[DBG] {"category": "QUEUE", "component": "ray", "event": "BEGIN:human_pop_rollout", "host": "d6b2a058c4be", "pid": 105561, "rank": null, "ts": "2026-10-04 14:58:20"}
[DBG] {"category": "QUEUE", "component": "ray", "event": "watchdog_armed", "host": "d6b2a058c4be", "pid": 105561, "rank": null, "stage": "human_pop_rollout", "timeout_sec": 30.0, "ts": "2026-10-04 14:58:20"}
[DBG] {"category": "QUEUE", "component": "ray", "elapsed_sec": 0.055508, "event": "END:human_pop_rollout", "host": "d6b2a058c4be", "pid": 105561, "rank": null, "ts": "2026-10-04 14:58:20"}
[DBG] {"category": "QUEUE", "component": "ray", "event": "human_group_received", "group_id": "c02fda411c84498ba21c88a48879950b", "host": "d6b2a058c4be", "pid": 105561, "rank": null, "ts": "2026-10-04 14:58:20"}
[DBG] {"category": "RAY", "component": "ray", "event": "human_prompt_begin", "group_id": "c02fda411c84498ba21c88a48879950b", "host": "d6b2a058c4be", "pid": 105561, "rank": null, "ts": "2026-10-04 14:58:20"}
[DBG] {"category": "RAY", "component": "ray", "event": "human_prompt_end", "group_id": "c02fda411c84498ba21c88a48879950b", "host": "d6b2a058c4be", "human_scores": [1.0, 2.0, 3.0, 4.0], "pid": 105561, "policy_version": 0, "rank": null, "ts": "2026-10-04 14:58:21"}
[DBG] {"category": "RAY", "component": "ray", "event": "post_input_pipeline_begin", "group_id": "c02fda411c84498ba21c88a48879950b", "host": "d6b2a058c4be", "pid": 105561, "rank": null, "ts": "2026-10-04 14:58:21"}
[DBG] {"category": "QUEUE", "chosen_index": 3, "component": "ray", "event": "preference_sample_built", "group_id": "c02fda411c84498ba21c88a48879950b", "host": "d6b2a058c4be", "pid": 105561, "policy_version": 0, "rank": null, "rejected_index": 0, "ts": "2026-10-04 14:58:21"}
[DBG] {"category": "QUEUE", "component": "ray", "event": "BEGIN:human_put_preference", "group_id": "c02fda411c84498ba21c88a48879950b", "host": "d6b2a058c4be", "pid": 105561, "rank": null, "ts": "2026-10-04 14:58:21"}
[DBG] {"category": "QUEUE", "component": "ray", "event": "watchdog_armed", "host": "d6b2a058c4be", "pid": 105561, "rank": null, "stage": "human_put_preference", "timeout_sec": 30.0, "ts": "2026-10-04 14:58:21"}
[DBG] {"category": "QUEUE", "component": "ray", "elapsed_sec": 0.028471, "event": "END:human_put_preference", "host": "d6b2a058c4be", "pid": 105561, "rank": null, "ts": "2026-10-04 14:58:21"}
[DBG] {"category": "QUEUE", "component": "ray", "event": "preference_put_trace", "group_id": "c02fda411c84498ba21c88a48879950b", "host": "d6b2a058c4be", "pid": 105561, "queue_key": "smoke01:preference:c02fda411c84498ba21c88a48879950b", "rank": null, "size_after": 2, "size_before": 1, "ts": "2026-10-04 14:58:21"}
[DBG] {"category": "QUEUE", "component": "ray", "event": "preference_selected", "group_id": "c02fda411c84498ba21c88a48879950b", "host": "d6b2a058c4be", "pid": 105561, "preference_pending": 2, "rank": null, "selected": 6, "ts": "2026-10-04 14:58:21"}
[DBG] {"category": "RAY", "component": "ray", "event": "post_input_pipeline_end", "group_id": "c02fda411c84498ba21c88a48879950b", "host": "d6b2a058c4be", "pid": 105561, "rank": null, "selected": true, "ts": "2026-10-04 14:58:21"}
[DBG] {"axis/human_groups": 6, "category": "QUEUE", "component": "ray", "data/candidate_all": 6, "data/candidate_lgbm_agree": 0, "data/candidate_lgbm_only": 0, "data/candidate_neural_agree": 0, "data/candidate_neural_only": 0, "data/candidate_triple_agree": 0, "data/selected_pairs": 6, "data/selection_rate": 1.0, "event": "pipeline_metrics", "host": "d6b2a058c4be", "pid": 105561, "queue/preference": 2, "queue/rollout": 8, "rank": null, "ts": "2026-10-04 14:58:21"}
[DBG] {"category": "QUEUE", "component": "ray", "event": "BEGIN:human_pop_rollout", "host": "d6b2a058c4be", "pid": 105561, "rank": null, "ts": "2026-10-04 14:58:21"}
[DBG] {"category": "QUEUE", "component": "ray", "event": "watchdog_armed", "host": "d6b2a058c4be", "pid": 105561, "rank": null, "stage": "human_pop_rollout", "timeout_sec": 30.0, "ts": "2026-10-04 14:58:21"}
[DBG] {"category": "QUEUE", "component": "ray", "elapsed_sec": 0.061991, "event": "END:human_pop_rollout", "host": "d6b2a058c4be", "pid": 105561, "rank": null, "ts": "2026-10-04 14:58:21"}
[DBG] {"category": "QUEUE", "component": "ray", "event": "human_group_received", "group_id": "616577ebdeeb4bb4a7700ba3f131418b", "host": "d6b2a058c4be", "pid": 105561, "rank": null, "ts": "2026-10-04 14:58:21"}
[DBG] {"category": "RAY", "component": "ray", "event": "human_prompt_begin", "group_id": "616577ebdeeb4bb4a7700ba3f131418b", "host": "d6b2a058c4be", "pid": 105561, "rank": null, "ts": "2026-10-04 14:58:21"}
[DBG] {"category": "RAY", "component": "ray", "event": "human_prompt_end", "group_id": "616577ebdeeb4bb4a7700ba3f131418b", "host": "d6b2a058c4be", "human_scores": [1.0, 2.0, 3.0, 4.0], "pid": 105561, "policy_version": 0, "rank": null, "ts": "2026-10-04 14:58:21"}
[DBG] {"category": "RAY", "component": "ray", "event": "post_input_pipeline_begin", "group_id": "616577ebdeeb4bb4a7700ba3f131418b", "host": "d6b2a058c4be", "pid": 105561, "rank": null, "ts": "2026-10-04 14:58:21"}
[DBG] {"category": "QUEUE", "chosen_index": 3, "component": "ray", "event": "preference_sample_built", "group_id": "616577ebdeeb4bb4a7700ba3f131418b", "host": "d6b2a058c4be", "pid": 105561, "policy_version": 0, "rank": null, "rejected_index": 0, "ts": "2026-10-04 14:58:21"}
[DBG] {"category": "QUEUE", "component": "ray", "event": "BEGIN:human_put_preference", "group_id": "616577ebdeeb4bb4a7700ba3f131418b", "host": "d6b2a058c4be", "pid": 105561, "rank": null, "ts": "2026-10-04 14:58:21"}
[DBG] {"category": "QUEUE", "component": "ray", "event": "watchdog_armed", "host": "d6b2a058c4be", "pid": 105561, "rank": null, "stage": "human_put_preference", "timeout_sec": 30.0, "ts": "2026-10-04 14:58:21"}
[DBG] {"category": "QUEUE", "component": "ray", "elapsed_sec": 0.065917, "event": "END:human_put_preference", "host": "d6b2a058c4be", "pid": 105561, "rank": null, "ts": "2026-10-04 14:58:21"}
[DBG] {"category": "QUEUE", "component": "ray", "event": "preference_put_trace", "group_id": "616577ebdeeb4bb4a7700ba3f131418b", "host": "d6b2a058c4be", "pid": 105561, "queue_key": "smoke01:preference:616577ebdeeb4bb4a7700ba3f131418b", "rank": null, "size_after": 3, "size_before": 2, "ts": "2026-10-04 14:58:21"}
[DBG] {"category": "QUEUE", "component": "ray", "event": "preference_selected", "group_id": "616577ebdeeb4bb4a7700ba3f131418b", "host": "d6b2a058c4be", "pid": 105561, "preference_pending": 3, "rank": null, "selected": 7, "ts": "2026-10-04 14:58:21"}
[DBG] {"category": "RAY", "component": "ray", "event": "post_input_pipeline_end", "group_id": "616577ebdeeb4bb4a7700ba3f131418b", "host": "d6b2a058c4be", "pid": 105561, "rank": null, "selected": true, "ts": "2026-10-04 14:58:21"}
[DBG] {"axis/human_groups": 7, "category": "QUEUE", "component": "ray", "data/candidate_all": 7, "data/candidate_lgbm_agree": 0, "data/candidate_lgbm_only": 0, "data/candidate_neural_agree": 0, "data/candidate_neural_only": 0, "data/candidate_triple_agree": 0, "data/selected_pairs": 7, "data/selection_rate": 1.0, "event": "pipeline_metrics", "host": "d6b2a058c4be", "pid": 105561, "queue/preference": 3, "queue/rollout": 9, "rank": null, "ts": "2026-10-04 14:58:21"}
[DBG] {"category": "QUEUE", "component": "ray", "event": "BEGIN:human_pop_rollout", "host": "d6b2a058c4be", "pid": 105561, "rank": null, "ts": "2026-10-04 14:58:21"}
[DBG] {"category": "QUEUE", "component": "ray", "event": "watchdog_armed", "host": "d6b2a058c4be", "pid": 105561, "rank": null, "stage": "human_pop_rollout", "timeout_sec": 30.0, "ts": "2026-10-04 14:58:21"}
[DBG] {"category": "QUEUE", "component": "ray", "elapsed_sec": 0.057625, "event": "END:human_pop_rollout", "host": "d6b2a058c4be", "pid": 105561, "rank": null, "ts": "2026-10-04 14:58:21"}
[DBG] {"category": "QUEUE", "component": "ray", "event": "human_group_received", "group_id": "07609ab8232f43a4b8dc5c4e1b199350", "host": "d6b2a058c4be", "pid": 105561, "rank": null, "ts": "2026-10-04 14:58:21"}
[DBG] {"category": "RAY", "component": "ray", "event": "human_prompt_begin", "group_id": "07609ab8232f43a4b8dc5c4e1b199350", "host": "d6b2a058c4be", "pid": 105561, "rank": null, "ts": "2026-10-04 14:58:21"}
[DBG] {"category": "RAY", "component": "ray", "event": "human_prompt_end", "group_id": "07609ab8232f43a4b8dc5c4e1b199350", "host": "d6b2a058c4be", "human_scores": [1.0, 2.0, 3.0, 4.0], "pid": 105561, "policy_version": 0, "rank": null, "ts": "2026-10-04 14:58:22"}
[DBG] {"category": "RAY", "component": "ray", "event": "post_input_pipeline_begin", "group_id": "07609ab8232f43a4b8dc5c4e1b199350", "host": "d6b2a058c4be", "pid": 105561, "rank": null, "ts": "2026-10-04 14:58:22"}
[DBG] {"category": "QUEUE", "chosen_index": 3, "component": "ray", "event": "preference_sample_built", "group_id": "07609ab8232f43a4b8dc5c4e1b199350", "host": "d6b2a058c4be", "pid": 105561, "policy_version": 0, "rank": null, "rejected_index": 0, "ts": "2026-10-04 14:58:22"}
[DBG] {"category": "QUEUE", "component": "ray", "event": "BEGIN:human_put_preference", "group_id": "07609ab8232f43a4b8dc5c4e1b199350", "host": "d6b2a058c4be", "pid": 105561, "rank": null, "ts": "2026-10-04 14:58:22"}
[DBG] {"category": "QUEUE", "component": "ray", "event": "watchdog_armed", "host": "d6b2a058c4be", "pid": 105561, "rank": null, "stage": "human_put_preference", "timeout_sec": 30.0, "ts": "2026-10-04 14:58:22"}
[DBG] {"category": "QUEUE", "component": "ray", "elapsed_sec": 0.033515, "event": "END:human_put_preference", "host": "d6b2a058c4be", "pid": 105561, "rank": null, "ts": "2026-10-04 14:58:22"}
[DBG] {"category": "QUEUE", "component": "ray", "event": "preference_put_trace", "group_id": "07609ab8232f43a4b8dc5c4e1b199350", "host": "d6b2a058c4be", "pid": 105561, "queue_key": "smoke01:preference:07609ab8232f43a4b8dc5c4e1b199350", "rank": null, "size_after": 4, "size_before": 3, "ts": "2026-10-04 14:58:22"}
[DBG] {"category": "QUEUE", "component": "ray", "event": "preference_selected", "group_id": "07609ab8232f43a4b8dc5c4e1b199350", "host": "d6b2a058c4be", "pid": 105561, "preference_pending": 4, "rank": null, "selected": 8, "ts": "2026-10-04 14:58:22"}
[DBG] {"category": "RAY", "component": "ray", "event": "post_input_pipeline_end", "group_id": "07609ab8232f43a4b8dc5c4e1b199350", "host": "d6b2a058c4be", "pid": 105561, "rank": null, "selected": true, "ts": "2026-10-04 14:58:22"}
[DBG] {"axis/human_groups": 8, "category": "QUEUE", "component": "ray", "data/candidate_all": 8, "data/candidate_lgbm_agree": 0, "data/candidate_lgbm_only": 0, "data/candidate_neural_agree": 0, "data/candidate_neural_only": 0, "data/candidate_triple_agree": 0, "data/selected_pairs": 8, "data/selection_rate": 1.0, "event": "pipeline_metrics", "host": "d6b2a058c4be", "pid": 105561, "queue/preference": 4, "queue/rollout": 8, "rank": null, "ts": "2026-10-04 14:58:22"}
[DBG] {"category": "QUEUE", "component": "ray", "event": "BEGIN:human_pop_rollout", "host": "d6b2a058c4be", "pid": 105561, "rank": null, "ts": "2026-10-04 14:58:22"}
[DBG] {"category": "QUEUE", "component": "ray", "event": "watchdog_armed", "host": "d6b2a058c4be", "pid": 105561, "rank": null, "stage": "human_pop_rollout", "timeout_sec": 30.0, "ts": "2026-10-04 14:58:22"}
[DBG] {"category": "QUEUE", "component": "ray", "elapsed_sec": 0.041062, "event": "END:human_pop_rollout", "host": "d6b2a058c4be", "pid": 105561, "rank": null, "ts": "2026-10-04 14:58:22"}
[DBG] {"category": "QUEUE", "component": "ray", "event": "human_group_received", "group_id": "7d91302373a14049abfe0e32008b5e66", "host": "d6b2a058c4be", "pid": 105561, "rank": null, "ts": "2026-10-04 14:58:22"}
[DBG] {"category": "RAY", "component": "ray", "event": "human_prompt_begin", "group_id": "7d91302373a14049abfe0e32008b5e66", "host": "d6b2a058c4be", "pid": 105561, "rank": null, "ts": "2026-10-04 14:58:22"}
[DBG] {"category": "RAY", "component": "ray", "event": "human_prompt_end", "group_id": "7d91302373a14049abfe0e32008b5e66", "host": "d6b2a058c4be", "human_scores": [1.0, 2.0, 3.0, 4.0], "pid": 105561, "policy_version": 0, "rank": null, "ts": "2026-10-04 14:58:23"}
[DBG] {"category": "RAY", "component": "ray", "event": "post_input_pipeline_begin", "group_id": "7d91302373a14049abfe0e32008b5e66", "host": "d6b2a058c4be", "pid": 105561, "rank": null, "ts": "2026-10-04 14:58:23"}
[DBG] {"category": "QUEUE", "chosen_index": 3, "component": "ray", "event": "preference_sample_built", "group_id": "7d91302373a14049abfe0e32008b5e66", "host": "d6b2a058c4be", "pid": 105561, "policy_version": 0, "rank": null, "rejected_index": 0, "ts": "2026-10-04 14:58:23"}
[DBG] {"category": "QUEUE", "component": "ray", "event": "BEGIN:human_put_preference", "group_id": "7d91302373a14049abfe0e32008b5e66", "host": "d6b2a058c4be", "pid": 105561, "rank": null, "ts": "2026-10-04 14:58:23"}
[DBG] {"category": "QUEUE", "component": "ray", "event": "watchdog_armed", "host": "d6b2a058c4be", "pid": 105561, "rank": null, "stage": "human_put_preference", "timeout_sec": 30.0, "ts": "2026-10-04 14:58:23"}
[DBG] {"category": "QUEUE", "component": "ray", "elapsed_sec": 0.027329, "event": "END:human_put_preference", "host": "d6b2a058c4be", "pid": 105561, "rank": null, "ts": "2026-10-04 14:58:23"}
[DBG] {"category": "QUEUE", "component": "ray", "event": "preference_put_trace", "group_id": "7d91302373a14049abfe0e32008b5e66", "host": "d6b2a058c4be", "pid": 105561, "queue_key": "smoke01:preference:7d91302373a14049abfe0e32008b5e66", "rank": null, "size_after": 5, "size_before": 4, "ts": "2026-10-04 14:58:23"}
[DBG] {"category": "QUEUE", "component": "ray", "event": "preference_selected", "group_id": "7d91302373a14049abfe0e32008b5e66", "host": "d6b2a058c4be", "pid": 105561, "preference_pending": 5, "rank": null, "selected": 9, "ts": "2026-10-04 14:58:23"}
[DBG] {"category": "RAY", "component": "ray", "event": "post_input_pipeline_end", "group_id": "7d91302373a14049abfe0e32008b5e66", "host": "d6b2a058c4be", "pid": 105561, "rank": null, "selected": true, "ts": "2026-10-04 14:58:23"}
[DBG] {"axis/human_groups": 9, "category": "QUEUE", "component": "ray", "data/candidate_all": 9, "data/candidate_lgbm_agree": 0, "data/candidate_lgbm_only": 0, "data/candidate_neural_agree": 0, "data/candidate_neural_only": 0, "data/candidate_triple_agree": 0, "data/selected_pairs": 9, "data/selection_rate": 1.0, "event": "pipeline_metrics", "host": "d6b2a058c4be", "pid": 105561, "queue/preference": 5, "queue/rollout": 9, "rank": null, "ts": "2026-10-04 14:58:23"}
[DBG] {"category": "QUEUE", "component": "ray", "event": "BEGIN:human_pop_rollout", "host": "d6b2a058c4be", "pid": 105561, "rank": null, "ts": "2026-10-04 14:58:23"}
[DBG] {"category": "QUEUE", "component": "ray", "event": "watchdog_armed", "host": "d6b2a058c4be", "pid": 105561, "rank": null, "stage": "human_pop_rollout", "timeout_sec": 30.0, "ts": "2026-10-04 14:58:23"}
[DBG] {"category": "QUEUE", "component": "ray", "elapsed_sec": 0.025366, "event": "END:human_pop_rollout", "host": "d6b2a058c4be", "pid": 105561, "rank": null, "ts": "2026-10-04 14:58:23"}
[DBG] {"category": "QUEUE", "component": "ray", "event": "human_group_received", "group_id": "cf8742c561af4fb4a7716b8a4eb73d4a", "host": "d6b2a058c4be", "pid": 105561, "rank": null, "ts": "2026-10-04 14:58:23"}
[DBG] {"category": "RAY", "component": "ray", "event": "human_prompt_begin", "group_id": "cf8742c561af4fb4a7716b8a4eb73d4a", "host": "d6b2a058c4be", "pid": 105561, "rank": null, "ts": "2026-10-04 14:58:23"}
[DBG] {"category": "RAY", "component": "ray", "event": "shutdown_begin", "host": "d6b2a058c4be", "pid": 105561, "rank": null, "ts": "2026-10-04 15:15:38"}
[DBG] {"category": "RAY", "component": "ray", "event": "BEGIN:join_trainer", "host": "d6b2a058c4be", "pid": 105561, "rank": null, "ts": "2026-10-04 15:15:38"}
[DBG] {"category": "RAY", "component": "ray", "event": "watchdog_armed", "host": "d6b2a058c4be", "pid": 105561, "rank": null, "stage": "join_trainer", "timeout_sec": 30.0, "ts": "2026-10-04 15:15:38"}
[DBG] {"category": "RAY", "component": "ray", "error": "", "error_type": "KeyboardInterrupt", "event": "ERROR:join_trainer", "host": "d6b2a058c4be", "pid": 105561, "rank": null, "traceback": "Traceback (most recent call last):\n  File \"/root/Recursive_RLHF_training_for_LLM/orchestrator.py\", line 164, in run\n    with self.debug.stage(\"ray\", \"launch_trainer_actor\"):\n    ^^^^^^^^^^^^^^^^^^\n  File \"/root/Recursive_RLHF_training_for_LLM/orchestrator.py\", line 387, in _human_loop\n    \"BEGIN:broadcast_preference\",\n            ^^^^^^^^^^^^^^^\n  File \"/root/Recursive_RLHF_training_for_LLM/reward.py\", line 157, in score\n    raw = input(f\"scores ({len(group['responses'])} numbers, q=quit): \").strip()\n          ^^^^^^^^^^^^^^^^^^^^^^^^^^^^^^^^^^^^^^^^^^^^^^^^^^^^^^^^^^^^^^\nKeyboardInterrupt\n\nDuring handling of the above exception, another exception occurred:\n\nTraceback (most recent call last):\n  File \"/root/Recursive_RLHF_training_for_LLM/debug.py\", line 154, in stage\n    yield\n  File \"/root/Recursive_RLHF_training_for_LLM/orchestrator.py\", line 180, in run\n    (\"trainer\", getattr(self, \"trainer_ref\", None)),\n                ^^^^^^^^^^^^^^^^^^^^^^^^\n  File \"/usr/local/lib/python3.11/dist-packages/ray/_private/auto_init_hook.py\", line 22, in auto_init_wrapper\n    return fn(*args, **kwargs)\n           ^^^^^^^^^^^^^^^^^^^\n  File \"/usr/local/lib/python3.11/dist-packages/ray/_private/client_mode_hook.py\", line 135, in wrapper\n    return func(*args, **kwargs)\n           ^^^^^^^^^^^^^^^^^^^^^\n  File \"/usr/local/lib/python3.11/dist-packages/ray/_private/worker.py\", line 3004, in get\n    values, debugger_breakpoint = worker.get_objects(\n                                  ^^^^^^^^^^^^^^^^^^^\n  File \"/usr/local/lib/python3.11/dist-packages/ray/_private/worker.py\", line 1007, in get_objects\n    ] = self.core_worker.get_objects(\n        ^^^^^^^^^^^^^^^^^^^^^^^^^^^^^\n  File \"python/ray/_raylet.pyx\", line 3473, in ray._raylet.CoreWorker.get_objects\n  File \"python/ray/includes/common.pxi\", line 105, in ray._raylet.check_status\nKeyboardInterrupt\n", "ts": "2026-10-04 15:15:39"}
[DBG] {"category": "RAY", "component": "ray", "elapsed_sec": 1.004057, "event": "END:join_trainer", "host": "d6b2a058c4be", "pid": 105561, "rank": null, "ts": "2026-10-04 15:15:39"}
