[DBG] {"category": "RAY", "component": "ray", "debug_all": false, "debug_data": false, "debug_fsdp": true, "debug_inference": false, "debug_queue": true, "debug_ray": true, "debug_reward": false, "debug_train": true, "event": "application_start", "host": "d6b2a058c4be", "pid": 99312, "rank": null, "ts": "2026-10-04 14:42:30"}
[DBG] {"address": "auto", "category": "RAY", "component": "ray", "event": "BEGIN:ray_init", "host": "d6b2a058c4be", "log_to_driver": false, "pid": 99312, "rank": null, "ts": "2026-10-04 14:42:30"}
[DBG] {"category": "RAY", "component": "ray", "event": "watchdog_armed", "host": "d6b2a058c4be", "pid": 99312, "rank": null, "stage": "ray_init", "timeout_sec": 30.0, "ts": "2026-10-04 14:42:30"}
[DBG] {"category": "RAY", "component": "ray", "elapsed_sec": 0.625416, "event": "END:ray_init", "host": "d6b2a058c4be", "pid": 99312, "rank": null, "ts": "2026-10-04 14:42:31"}
[DBG] {"category": "RAY", "component": "ray", "event": "cluster_resources", "host": "d6b2a058c4be", "pid": 99312, "rank": null, "resources": {"CPU": 27.0, "GPU": 3.0, "accelerator_type:RTX-A6000": 1.0, "memory": 115291132724.0, "node:172.20.0.2": 1.0, "node:__internal_head__": 1.0, "object_store_memory": 49410485452.0}, "ts": "2026-10-04 14:42:31"}
[DBG] {"category": "RAY", "component": "ray", "event": "resource_check", "gpu_available": 3, "gpu_needed": 3, "host": "d6b2a058c4be", "pid": 99312, "rank": null, "ts": "2026-10-04 14:42:31"}
[DBG] {"category": "RAY", "component": "ray", "event": "run_id", "host": "d6b2a058c4be", "pid": 99312, "rank": null, "run_id": "smoke01", "ts": "2026-10-04 14:42:31"}
[DBG] {"category": "RAY", "component": "ray", "event": "BEGIN:create_queue_actor", "host": "d6b2a058c4be", "pid": 99312, "rank": null, "ts": "2026-10-04 14:42:31"}
[DBG] {"category": "RAY", "component": "ray", "event": "watchdog_armed", "host": "d6b2a058c4be", "pid": 99312, "rank": null, "stage": "create_queue_actor", "timeout_sec": 30.0, "ts": "2026-10-04 14:42:31"}
[DBG] {"category": "RAY", "component": "ray", "elapsed_sec": 0.030949, "event": "END:create_queue_actor", "host": "d6b2a058c4be", "pid": 99312, "rank": null, "ts": "2026-10-04 14:42:31"}
[DBG] {"category": "QUEUE", "component": "ray", "event": "BEGIN:queue_describe", "host": "d6b2a058c4be", "pid": 99312, "rank": null, "ts": "2026-10-04 14:42:31"}
[DBG] {"category": "QUEUE", "component": "ray", "event": "watchdog_armed", "host": "d6b2a058c4be", "pid": 99312, "rank": null, "stage": "queue_describe", "timeout_sec": 30.0, "ts": "2026-10-04 14:42:31"}
[DBG] {"category": "QUEUE", "component": "ray", "elapsed_sec": 8.80908, "event": "END:queue_describe", "host": "d6b2a058c4be", "pid": 99312, "rank": null, "ts": "2026-10-04 14:42:40"}
[DBG] {"category": "RAY", "component": "ray", "event": "BEGIN:create_control_actor", "host": "d6b2a058c4be", "pid": 99312, "rank": null, "ts": "2026-10-04 14:42:40"}
[DBG] {"category": "RAY", "component": "ray", "event": "watchdog_armed", "host": "d6b2a058c4be", "pid": 99312, "rank": null, "stage": "create_control_actor", "timeout_sec": 30.0, "ts": "2026-10-04 14:42:40"}
[DBG] {"category": "RAY", "component": "ray", "elapsed_sec": 0.041279, "event": "END:create_control_actor", "host": "d6b2a058c4be", "pid": 99312, "rank": null, "ts": "2026-10-04 14:42:40"}
[DBG] {"category": "RAY", "component": "ray", "event": "BEGIN:create_tracker_actor", "host": "d6b2a058c4be", "pid": 99312, "rank": null, "ts": "2026-10-04 14:42:40"}
[DBG] {"category": "RAY", "component": "ray", "event": "watchdog_armed", "host": "d6b2a058c4be", "pid": 99312, "rank": null, "stage": "create_tracker_actor", "timeout_sec": 30.0, "ts": "2026-10-04 14:42:40"}
[DBG] {"category": "RAY", "component": "ray", "elapsed_sec": 0.025334, "event": "END:create_tracker_actor", "host": "d6b2a058c4be", "pid": 99312, "rank": null, "ts": "2026-10-04 14:42:40"}
[DBG] {"category": "RAY", "component": "ray", "event": "BEGIN:create_inference_actor", "gpus": 1, "host": "d6b2a058c4be", "pid": 99312, "rank": null, "ts": "2026-10-04 14:42:40"}
[DBG] {"category": "RAY", "component": "ray", "event": "watchdog_armed", "host": "d6b2a058c4be", "pid": 99312, "rank": null, "stage": "create_inference_actor", "timeout_sec": 30.0, "ts": "2026-10-04 14:42:40"}
[DBG] {"category": "RAY", "component": "ray", "elapsed_sec": 0.021379, "event": "END:create_inference_actor", "host": "d6b2a058c4be", "pid": 99312, "rank": null, "ts": "2026-10-04 14:42:40"}
[DBG] {"category": "RAY", "component": "ray", "event": "BEGIN:create_reward_actor", "gpus": 0, "host": "d6b2a058c4be", "pid": 99312, "rank": null, "ts": "2026-10-04 14:42:40"}
[DBG] {"category": "RAY", "component": "ray", "event": "watchdog_armed", "host": "d6b2a058c4be", "pid": 99312, "rank": null, "stage": "create_reward_actor", "timeout_sec": 30.0, "ts": "2026-10-04 14:42:40"}
[DBG] {"category": "RAY", "component": "ray", "elapsed_sec": 0.028341, "event": "END:create_reward_actor", "host": "d6b2a058c4be", "pid": 99312, "rank": null, "ts": "2026-10-04 14:42:40"}
[DBG] {"category": "RAY", "component": "ray", "event": "BEGIN:create_rollout_actor", "host": "d6b2a058c4be", "pid": 99312, "rank": null, "ts": "2026-10-04 14:42:40"}
[DBG] {"category": "RAY", "component": "ray", "event": "watchdog_armed", "host": "d6b2a058c4be", "pid": 99312, "rank": null, "stage": "create_rollout_actor", "timeout_sec": 30.0, "ts": "2026-10-04 14:42:40"}
[DBG] {"category": "RAY", "component": "ray", "elapsed_sec": 0.014619, "event": "END:create_rollout_actor", "host": "d6b2a058c4be", "pid": 99312, "rank": null, "ts": "2026-10-04 14:42:40"}
[DBG] {"category": "RAY", "component": "ray", "event": "BEGIN:create_trainer_actor", "host": "d6b2a058c4be", "pid": 99312, "rank": null, "ts": "2026-10-04 14:42:40"}
[DBG] {"category": "RAY", "component": "ray", "event": "watchdog_armed", "host": "d6b2a058c4be", "pid": 99312, "rank": null, "stage": "create_trainer_actor", "timeout_sec": 30.0, "ts": "2026-10-04 14:42:40"}
[DBG] {"category": "RAY", "component": "ray", "elapsed_sec": 0.012425, "event": "END:create_trainer_actor", "host": "d6b2a058c4be", "pid": 99312, "rank": null, "ts": "2026-10-04 14:42:40"}
[DBG] {"category": "RAY", "component": "ray", "event": "BEGIN:launch_trainer_actor", "host": "d6b2a058c4be", "pid": 99312, "rank": null, "ts": "2026-10-04 14:43:21"}
[DBG] {"category": "RAY", "component": "ray", "event": "watchdog_armed", "host": "d6b2a058c4be", "pid": 99312, "rank": null, "stage": "launch_trainer_actor", "timeout_sec": 30.0, "ts": "2026-10-04 14:43:21"}
[DBG] {"category": "RAY", "component": "ray", "elapsed_sec": 0.001742, "event": "END:launch_trainer_actor", "host": "d6b2a058c4be", "pid": 99312, "rank": null, "ts": "2026-10-04 14:43:21"}
[DBG] {"category": "RAY", "component": "ray", "event": "BEGIN:launch_rollout_producer", "host": "d6b2a058c4be", "pid": 99312, "rank": null, "ts": "2026-10-04 14:43:21"}
[DBG] {"category": "RAY", "component": "ray", "event": "watchdog_armed", "host": "d6b2a058c4be", "pid": 99312, "rank": null, "stage": "launch_rollout_producer", "timeout_sec": 30.0, "ts": "2026-10-04 14:43:21"}
[DBG] {"category": "RAY", "component": "ray", "elapsed_sec": 0.000851, "event": "END:launch_rollout_producer", "host": "d6b2a058c4be", "pid": 99312, "rank": null, "ts": "2026-10-04 14:43:21"}
[DBG] {"category": "RAY", "component": "ray", "event": "human_loop_start", "host": "d6b2a058c4be", "pid": 99312, "rank": null, "ts": "2026-10-04 14:43:21"}
[DBG] {"category": "QUEUE", "component": "ray", "event": "BEGIN:human_pop_rollout", "host": "d6b2a058c4be", "pid": 99312, "rank": null, "ts": "2026-10-04 14:43:21"}
[DBG] {"category": "QUEUE", "component": "ray", "event": "watchdog_armed", "host": "d6b2a058c4be", "pid": 99312, "rank": null, "stage": "human_pop_rollout", "timeout_sec": 30.0, "ts": "2026-10-04 14:43:21"}
[DBG] {"category": "QUEUE", "component": "ray", "elapsed_sec": 0.028049, "event": "END:human_pop_rollout", "host": "d6b2a058c4be", "pid": 99312, "rank": null, "ts": "2026-10-04 14:43:21"}
[DBG] {"category": "QUEUE", "component": "ray", "event": "BEGIN:human_pop_rollout", "host": "d6b2a058c4be", "pid": 99312, "rank": null, "ts": "2026-10-04 14:43:21"}
[DBG] {"category": "QUEUE", "component": "ray", "event": "watchdog_armed", "host": "d6b2a058c4be", "pid": 99312, "rank": null, "stage": "human_pop_rollout", "timeout_sec": 30.0, "ts": "2026-10-04 14:43:21"}
[DBG] {"category": "QUEUE", "component": "ray", "elapsed_sec": 0.00665, "event": "END:human_pop_rollout", "host": "d6b2a058c4be", "pid": 99312, "rank": null, "ts": "2026-10-04 14:43:21"}
[DBG] {"category": "QUEUE", "component": "ray", "event": "BEGIN:human_pop_rollout", "host": "d6b2a058c4be", "pid": 99312, "rank": null, "ts": "2026-10-04 14:43:21"}
[DBG] {"category": "QUEUE", "component": "ray", "event": "watchdog_armed", "host": "d6b2a058c4be", "pid": 99312, "rank": null, "stage": "human_pop_rollout", "timeout_sec": 30.0, "ts": "2026-10-04 14:43:21"}
[DBG] {"category": "QUEUE", "component": "ray", "elapsed_sec": 0.006341, "event": "END:human_pop_rollout", "host": "d6b2a058c4be", "pid": 99312, "rank": null, "ts": "2026-10-04 14:43:21"}
[DBG] {"category": "QUEUE", "component": "ray", "event": "BEGIN:human_pop_rollout", "host": "d6b2a058c4be", "pid": 99312, "rank": null, "ts": "2026-10-04 14:43:22"}
[DBG] {"category": "QUEUE", "component": "ray", "event": "watchdog_armed", "host": "d6b2a058c4be", "pid": 99312, "rank": null, "stage": "human_pop_rollout", "timeout_sec": 30.0, "ts": "2026-10-04 14:43:22"}
[DBG] {"category": "QUEUE", "component": "ray", "elapsed_sec": 0.006465, "event": "END:human_pop_rollout", "host": "d6b2a058c4be", "pid": 99312, "rank": null, "ts": "2026-10-04 14:43:22"}
[DBG] {"category": "QUEUE", "component": "ray", "event": "BEGIN:human_pop_rollout", "host": "d6b2a058c4be", "pid": 99312, "rank": null, "ts": "2026-10-04 14:43:22"}
[DBG] {"category": "QUEUE", "component": "ray", "event": "watchdog_armed", "host": "d6b2a058c4be", "pid": 99312, "rank": null, "stage": "human_pop_rollout", "timeout_sec": 30.0, "ts": "2026-10-04 14:43:22"}
[DBG] {"category": "QUEUE", "component": "ray", "elapsed_sec": 0.006461, "event": "END:human_pop_rollout", "host": "d6b2a058c4be", "pid": 99312, "rank": null, "ts": "2026-10-04 14:43:22"}
[DBG] {"category": "QUEUE", "component": "ray", "event": "BEGIN:human_pop_rollout", "host": "d6b2a058c4be", "pid": 99312, "rank": null, "ts": "2026-10-04 14:43:22"}
[DBG] {"category": "QUEUE", "component": "ray", "event": "watchdog_armed", "host": "d6b2a058c4be", "pid": 99312, "rank": null, "stage": "human_pop_rollout", "timeout_sec": 30.0, "ts": "2026-10-04 14:43:22"}
[DBG] {"category": "QUEUE", "component": "ray", "elapsed_sec": 0.007181, "event": "END:human_pop_rollout", "host": "d6b2a058c4be", "pid": 99312, "rank": null, "ts": "2026-10-04 14:43:22"}
[DBG] {"category": "QUEUE", "component": "ray", "event": "BEGIN:human_pop_rollout", "host": "d6b2a058c4be", "pid": 99312, "rank": null, "ts": "2026-10-04 14:43:22"}
[DBG] {"category": "QUEUE", "component": "ray", "event": "watchdog_armed", "host": "d6b2a058c4be", "pid": 99312, "rank": null, "stage": "human_pop_rollout", "timeout_sec": 30.0, "ts": "2026-10-04 14:43:22"}
[DBG] {"category": "QUEUE", "component": "ray", "elapsed_sec": 0.006478, "event": "END:human_pop_rollout", "host": "d6b2a058c4be", "pid": 99312, "rank": null, "ts": "2026-10-04 14:43:22"}
[DBG] {"category": "QUEUE", "component": "ray", "event": "BEGIN:human_pop_rollout", "host": "d6b2a058c4be", "pid": 99312, "rank": null, "ts": "2026-10-04 14:43:23"}
[DBG] {"category": "QUEUE", "component": "ray", "event": "watchdog_armed", "host": "d6b2a058c4be", "pid": 99312, "rank": null, "stage": "human_pop_rollout", "timeout_sec": 30.0, "ts": "2026-10-04 14:43:23"}
[DBG] {"category": "QUEUE", "component": "ray", "elapsed_sec": 0.006618, "event": "END:human_pop_rollout", "host": "d6b2a058c4be", "pid": 99312, "rank": null, "ts": "2026-10-04 14:43:23"}
[DBG] {"category": "QUEUE", "component": "ray", "event": "BEGIN:human_pop_rollout", "host": "d6b2a058c4be", "pid": 99312, "rank": null, "ts": "2026-10-04 14:43:23"}
[DBG] {"category": "QUEUE", "component": "ray", "event": "watchdog_armed", "host": "d6b2a058c4be", "pid": 99312, "rank": null, "stage": "human_pop_rollout", "timeout_sec": 30.0, "ts": "2026-10-04 14:43:23"}
[DBG] {"category": "QUEUE", "component": "ray", "elapsed_sec": 0.006484, "event": "END:human_pop_rollout", "host": "d6b2a058c4be", "pid": 99312, "rank": null, "ts": "2026-10-04 14:43:23"}
[DBG] {"category": "QUEUE", "component": "ray", "event": "BEGIN:human_pop_rollout", "host": "d6b2a058c4be", "pid": 99312, "rank": null, "ts": "2026-10-04 14:43:23"}
[DBG] {"category": "QUEUE", "component": "ray", "event": "watchdog_armed", "host": "d6b2a058c4be", "pid": 99312, "rank": null, "stage": "human_pop_rollout", "timeout_sec": 30.0, "ts": "2026-10-04 14:43:23"}
[DBG] {"category": "QUEUE", "component": "ray", "elapsed_sec": 0.006361, "event": "END:human_pop_rollout", "host": "d6b2a058c4be", "pid": 99312, "rank": null, "ts": "2026-10-04 14:43:23"}
[DBG] {"category": "QUEUE", "component": "ray", "event": "BEGIN:human_pop_rollout", "host": "d6b2a058c4be", "pid": 99312, "rank": null, "ts": "2026-10-04 14:43:23"}
[DBG] {"category": "QUEUE", "component": "ray", "event": "watchdog_armed", "host": "d6b2a058c4be", "pid": 99312, "rank": null, "stage": "human_pop_rollout", "timeout_sec": 30.0, "ts": "2026-10-04 14:43:23"}
[DBG] {"category": "QUEUE", "component": "ray", "elapsed_sec": 0.006169, "event": "END:human_pop_rollout", "host": "d6b2a058c4be", "pid": 99312, "rank": null, "ts": "2026-10-04 14:43:23"}
[DBG] {"category": "QUEUE", "component": "ray", "event": "BEGIN:human_pop_rollout", "host": "d6b2a058c4be", "pid": 99312, "rank": null, "ts": "2026-10-04 14:43:23"}
[DBG] {"category": "QUEUE", "component": "ray", "event": "watchdog_armed", "host": "d6b2a058c4be", "pid": 99312, "rank": null, "stage": "human_pop_rollout", "timeout_sec": 30.0, "ts": "2026-10-04 14:43:23"}
[DBG] {"category": "QUEUE", "component": "ray", "elapsed_sec": 0.006291, "event": "END:human_pop_rollout", "host": "d6b2a058c4be", "pid": 99312, "rank": null, "ts": "2026-10-04 14:43:23"}
[DBG] {"category": "QUEUE", "component": "ray", "event": "BEGIN:human_pop_rollout", "host": "d6b2a058c4be", "pid": 99312, "rank": null, "ts": "2026-10-04 14:43:24"}
[DBG] {"category": "QUEUE", "component": "ray", "event": "watchdog_armed", "host": "d6b2a058c4be", "pid": 99312, "rank": null, "stage": "human_pop_rollout", "timeout_sec": 30.0, "ts": "2026-10-04 14:43:24"}
[DBG] {"category": "QUEUE", "component": "ray", "elapsed_sec": 0.006329, "event": "END:human_pop_rollout", "host": "d6b2a058c4be", "pid": 99312, "rank": null, "ts": "2026-10-04 14:43:24"}
[DBG] {"category": "QUEUE", "component": "ray", "event": "BEGIN:human_pop_rollout", "host": "d6b2a058c4be", "pid": 99312, "rank": null, "ts": "2026-10-04 14:43:24"}
[DBG] {"category": "QUEUE", "component": "ray", "event": "watchdog_armed", "host": "d6b2a058c4be", "pid": 99312, "rank": null, "stage": "human_pop_rollout", "timeout_sec": 30.0, "ts": "2026-10-04 14:43:24"}
[DBG] {"category": "QUEUE", "component": "ray", "elapsed_sec": 0.006364, "event": "END:human_pop_rollout", "host": "d6b2a058c4be", "pid": 99312, "rank": null, "ts": "2026-10-04 14:43:24"}
[DBG] {"category": "QUEUE", "component": "ray", "event": "BEGIN:human_pop_rollout", "host": "d6b2a058c4be", "pid": 99312, "rank": null, "ts": "2026-10-04 14:43:24"}
[DBG] {"category": "QUEUE", "component": "ray", "event": "watchdog_armed", "host": "d6b2a058c4be", "pid": 99312, "rank": null, "stage": "human_pop_rollout", "timeout_sec": 30.0, "ts": "2026-10-04 14:43:24"}
[DBG] {"category": "QUEUE", "component": "ray", "elapsed_sec": 0.075093, "event": "END:human_pop_rollout", "host": "d6b2a058c4be", "pid": 99312, "rank": null, "ts": "2026-10-04 14:43:24"}
[DBG] {"category": "QUEUE", "component": "ray", "event": "human_group_received", "group_id": "af95ec49a6954cb9a8c29478f79aaff2", "host": "d6b2a058c4be", "pid": 99312, "rank": null, "ts": "2026-10-04 14:43:24"}
[DBG] {"category": "RAY", "component": "ray", "event": "human_prompt_begin", "group_id": "af95ec49a6954cb9a8c29478f79aaff2", "host": "d6b2a058c4be", "pid": 99312, "rank": null, "ts": "2026-10-04 14:43:24"}
[DBG] {"category": "RAY", "component": "ray", "event": "human_prompt_end", "group_id": "af95ec49a6954cb9a8c29478f79aaff2", "host": "d6b2a058c4be", "pid": 99312, "rank": null, "ts": "2026-10-04 14:43:29"}
[DBG] {"category": "QUEUE", "component": "ray", "event": "BEGIN:human_put_preference", "group_id": "af95ec49a6954cb9a8c29478f79aaff2", "host": "d6b2a058c4be", "pid": 99312, "rank": null, "ts": "2026-10-04 14:43:29"}
[DBG] {"category": "QUEUE", "component": "ray", "event": "watchdog_armed", "host": "d6b2a058c4be", "pid": 99312, "rank": null, "stage": "human_put_preference", "timeout_sec": 30.0, "ts": "2026-10-04 14:43:29"}
[DBG] {"category": "QUEUE", "component": "ray", "elapsed_sec": 0.032945, "event": "END:human_put_preference", "host": "d6b2a058c4be", "pid": 99312, "rank": null, "ts": "2026-10-04 14:43:29"}
[DBG] {"category": "QUEUE", "component": "ray", "event": "preference_selected", "group_id": "af95ec49a6954cb9a8c29478f79aaff2", "host": "d6b2a058c4be", "pid": 99312, "preference_pending": 1, "rank": null, "selected": 1, "ts": "2026-10-04 14:43:29"}
[DBG] {"axis/human_groups": 1, "category": "QUEUE", "component": "ray", "data/candidate_all": 1, "data/candidate_lgbm_agree": 0, "data/candidate_lgbm_only": 0, "data/candidate_neural_agree": 0, "data/candidate_neural_only": 0, "data/candidate_triple_agree": 0, "data/selected_pairs": 1, "data/selection_rate": 1.0, "event": "pipeline_metrics", "host": "d6b2a058c4be", "pid": 99312, "queue/preference": 1, "queue/rollout": 9, "rank": null, "ts": "2026-10-04 14:43:29"}
[DBG] {"category": "QUEUE", "component": "ray", "event": "BEGIN:human_pop_rollout", "host": "d6b2a058c4be", "pid": 99312, "rank": null, "ts": "2026-10-04 14:43:29"}
[DBG] {"category": "QUEUE", "component": "ray", "event": "watchdog_armed", "host": "d6b2a058c4be", "pid": 99312, "rank": null, "stage": "human_pop_rollout", "timeout_sec": 30.0, "ts": "2026-10-04 14:43:29"}
[DBG] {"category": "QUEUE", "component": "ray", "elapsed_sec": 0.049412, "event": "END:human_pop_rollout", "host": "d6b2a058c4be", "pid": 99312, "rank": null, "ts": "2026-10-04 14:43:29"}
[DBG] {"category": "QUEUE", "component": "ray", "event": "human_group_received", "group_id": "d646a3fe3f9040f1a6ffc7218ccd0b61", "host": "d6b2a058c4be", "pid": 99312, "rank": null, "ts": "2026-10-04 14:43:29"}
[DBG] {"category": "RAY", "component": "ray", "event": "human_prompt_begin", "group_id": "d646a3fe3f9040f1a6ffc7218ccd0b61", "host": "d6b2a058c4be", "pid": 99312, "rank": null, "ts": "2026-10-04 14:43:29"}
[DBG] {"category": "RAY", "component": "ray", "event": "human_prompt_end", "group_id": "d646a3fe3f9040f1a6ffc7218ccd0b61", "host": "d6b2a058c4be", "pid": 99312, "rank": null, "ts": "2026-10-04 14:43:30"}
[DBG] {"category": "QUEUE", "component": "ray", "event": "BEGIN:human_put_preference", "group_id": "d646a3fe3f9040f1a6ffc7218ccd0b61", "host": "d6b2a058c4be", "pid": 99312, "rank": null, "ts": "2026-10-04 14:43:30"}
[DBG] {"category": "QUEUE", "component": "ray", "event": "watchdog_armed", "host": "d6b2a058c4be", "pid": 99312, "rank": null, "stage": "human_put_preference", "timeout_sec": 30.0, "ts": "2026-10-04 14:43:30"}
[DBG] {"category": "QUEUE", "component": "ray", "elapsed_sec": 0.030611, "event": "END:human_put_preference", "host": "d6b2a058c4be", "pid": 99312, "rank": null, "ts": "2026-10-04 14:43:30"}
[DBG] {"category": "QUEUE", "component": "ray", "event": "preference_selected", "group_id": "d646a3fe3f9040f1a6ffc7218ccd0b61", "host": "d6b2a058c4be", "pid": 99312, "preference_pending": 2, "rank": null, "selected": 2, "ts": "2026-10-04 14:43:30"}
[DBG] {"axis/human_groups": 2, "category": "QUEUE", "component": "ray", "data/candidate_all": 2, "data/candidate_lgbm_agree": 0, "data/candidate_lgbm_only": 0, "data/candidate_neural_agree": 0, "data/candidate_neural_only": 0, "data/candidate_triple_agree": 0, "data/selected_pairs": 2, "data/selection_rate": 1.0, "event": "pipeline_metrics", "host": "d6b2a058c4be", "pid": 99312, "queue/preference": 2, "queue/rollout": 8, "rank": null, "ts": "2026-10-04 14:43:30"}
[DBG] {"category": "QUEUE", "component": "ray", "event": "BEGIN:human_pop_rollout", "host": "d6b2a058c4be", "pid": 99312, "rank": null, "ts": "2026-10-04 14:43:30"}
[DBG] {"category": "QUEUE", "component": "ray", "event": "watchdog_armed", "host": "d6b2a058c4be", "pid": 99312, "rank": null, "stage": "human_pop_rollout", "timeout_sec": 30.0, "ts": "2026-10-04 14:43:30"}
[DBG] {"category": "QUEUE", "component": "ray", "elapsed_sec": 0.045877, "event": "END:human_pop_rollout", "host": "d6b2a058c4be", "pid": 99312, "rank": null, "ts": "2026-10-04 14:43:30"}
[DBG] {"category": "QUEUE", "component": "ray", "event": "human_group_received", "group_id": "c97e455878b54f07902fe5670d68fc22", "host": "d6b2a058c4be", "pid": 99312, "rank": null, "ts": "2026-10-04 14:43:30"}
[DBG] {"category": "RAY", "component": "ray", "event": "human_prompt_begin", "group_id": "c97e455878b54f07902fe5670d68fc22", "host": "d6b2a058c4be", "pid": 99312, "rank": null, "ts": "2026-10-04 14:43:30"}
[DBG] {"category": "RAY", "component": "ray", "event": "human_prompt_end", "group_id": "c97e455878b54f07902fe5670d68fc22", "host": "d6b2a058c4be", "pid": 99312, "rank": null, "ts": "2026-10-04 14:43:30"}
[DBG] {"category": "QUEUE", "component": "ray", "event": "BEGIN:human_put_preference", "group_id": "c97e455878b54f07902fe5670d68fc22", "host": "d6b2a058c4be", "pid": 99312, "rank": null, "ts": "2026-10-04 14:43:30"}
[DBG] {"category": "QUEUE", "component": "ray", "event": "watchdog_armed", "host": "d6b2a058c4be", "pid": 99312, "rank": null, "stage": "human_put_preference", "timeout_sec": 30.0, "ts": "2026-10-04 14:43:30"}
[DBG] {"category": "QUEUE", "component": "ray", "elapsed_sec": 0.029585, "event": "END:human_put_preference", "host": "d6b2a058c4be", "pid": 99312, "rank": null, "ts": "2026-10-04 14:43:30"}
[DBG] {"category": "QUEUE", "component": "ray", "event": "preference_selected", "group_id": "c97e455878b54f07902fe5670d68fc22", "host": "d6b2a058c4be", "pid": 99312, "preference_pending": 3, "rank": null, "selected": 3, "ts": "2026-10-04 14:43:30"}
[DBG] {"axis/human_groups": 3, "category": "QUEUE", "component": "ray", "data/candidate_all": 3, "data/candidate_lgbm_agree": 0, "data/candidate_lgbm_only": 0, "data/candidate_neural_agree": 0, "data/candidate_neural_only": 0, "data/candidate_triple_agree": 0, "data/selected_pairs": 3, "data/selection_rate": 1.0, "event": "pipeline_metrics", "host": "d6b2a058c4be", "pid": 99312, "queue/preference": 3, "queue/rollout": 7, "rank": null, "ts": "2026-10-04 14:43:30"}
[DBG] {"category": "QUEUE", "component": "ray", "event": "BEGIN:human_pop_rollout", "host": "d6b2a058c4be", "pid": 99312, "rank": null, "ts": "2026-10-04 14:43:30"}
[DBG] {"category": "QUEUE", "component": "ray", "event": "watchdog_armed", "host": "d6b2a058c4be", "pid": 99312, "rank": null, "stage": "human_pop_rollout", "timeout_sec": 30.0, "ts": "2026-10-04 14:43:30"}
[DBG] {"category": "QUEUE", "component": "ray", "elapsed_sec": 0.048453, "event": "END:human_pop_rollout", "host": "d6b2a058c4be", "pid": 99312, "rank": null, "ts": "2026-10-04 14:43:31"}
[DBG] {"category": "QUEUE", "component": "ray", "event": "human_group_received", "group_id": "09f90da50e184ed0a71ac0179111fb8e", "host": "d6b2a058c4be", "pid": 99312, "rank": null, "ts": "2026-10-04 14:43:31"}
[DBG] {"category": "RAY", "component": "ray", "event": "human_prompt_begin", "group_id": "09f90da50e184ed0a71ac0179111fb8e", "host": "d6b2a058c4be", "pid": 99312, "rank": null, "ts": "2026-10-04 14:43:31"}
[DBG] {"category": "RAY", "component": "ray", "event": "human_prompt_end", "group_id": "09f90da50e184ed0a71ac0179111fb8e", "host": "d6b2a058c4be", "pid": 99312, "rank": null, "ts": "2026-10-04 14:43:31"}
[DBG] {"category": "QUEUE", "component": "ray", "event": "BEGIN:human_put_preference", "group_id": "09f90da50e184ed0a71ac0179111fb8e", "host": "d6b2a058c4be", "pid": 99312, "rank": null, "ts": "2026-10-04 14:43:31"}
[DBG] {"category": "QUEUE", "component": "ray", "event": "watchdog_armed", "host": "d6b2a058c4be", "pid": 99312, "rank": null, "stage": "human_put_preference", "timeout_sec": 30.0, "ts": "2026-10-04 14:43:31"}
[DBG] {"category": "QUEUE", "component": "ray", "elapsed_sec": 0.031883, "event": "END:human_put_preference", "host": "d6b2a058c4be", "pid": 99312, "rank": null, "ts": "2026-10-04 14:43:31"}
[DBG] {"category": "QUEUE", "component": "ray", "event": "preference_selected", "group_id": "09f90da50e184ed0a71ac0179111fb8e", "host": "d6b2a058c4be", "pid": 99312, "preference_pending": 4, "rank": null, "selected": 4, "ts": "2026-10-04 14:43:31"}
[DBG] {"axis/human_groups": 4, "category": "QUEUE", "component": "ray", "data/candidate_all": 4, "data/candidate_lgbm_agree": 0, "data/candidate_lgbm_only": 0, "data/candidate_neural_agree": 0, "data/candidate_neural_only": 0, "data/candidate_triple_agree": 0, "data/selected_pairs": 4, "data/selection_rate": 1.0, "event": "pipeline_metrics", "host": "d6b2a058c4be", "pid": 99312, "queue/preference": 4, "queue/rollout": 8, "rank": null, "ts": "2026-10-04 14:43:31"}
[DBG] {"category": "QUEUE", "component": "ray", "event": "BEGIN:human_pop_rollout", "host": "d6b2a058c4be", "pid": 99312, "rank": null, "ts": "2026-10-04 14:43:31"}
[DBG] {"category": "QUEUE", "component": "ray", "event": "watchdog_armed", "host": "d6b2a058c4be", "pid": 99312, "rank": null, "stage": "human_pop_rollout", "timeout_sec": 30.0, "ts": "2026-10-04 14:43:31"}
[DBG] {"category": "QUEUE", "component": "ray", "elapsed_sec": 0.045979, "event": "END:human_pop_rollout", "host": "d6b2a058c4be", "pid": 99312, "rank": null, "ts": "2026-10-04 14:43:31"}
[DBG] {"category": "QUEUE", "component": "ray", "event": "human_group_received", "group_id": "0e6571400b994c0087cfeb6fd850c05a", "host": "d6b2a058c4be", "pid": 99312, "rank": null, "ts": "2026-10-04 14:43:31"}
[DBG] {"category": "RAY", "component": "ray", "event": "human_prompt_begin", "group_id": "0e6571400b994c0087cfeb6fd850c05a", "host": "d6b2a058c4be", "pid": 99312, "rank": null, "ts": "2026-10-04 14:43:31"}
[DBG] {"category": "RAY", "component": "ray", "event": "human_prompt_end", "group_id": "0e6571400b994c0087cfeb6fd850c05a", "host": "d6b2a058c4be", "pid": 99312, "rank": null, "ts": "2026-10-04 14:43:32"}
[DBG] {"category": "QUEUE", "component": "ray", "event": "BEGIN:human_put_preference", "group_id": "0e6571400b994c0087cfeb6fd850c05a", "host": "d6b2a058c4be", "pid": 99312, "rank": null, "ts": "2026-10-04 14:43:32"}
[DBG] {"category": "QUEUE", "component": "ray", "event": "watchdog_armed", "host": "d6b2a058c4be", "pid": 99312, "rank": null, "stage": "human_put_preference", "timeout_sec": 30.0, "ts": "2026-10-04 14:43:32"}
[DBG] {"category": "QUEUE", "component": "ray", "elapsed_sec": 0.030552, "event": "END:human_put_preference", "host": "d6b2a058c4be", "pid": 99312, "rank": null, "ts": "2026-10-04 14:43:32"}
[DBG] {"category": "QUEUE", "component": "ray", "event": "preference_selected", "group_id": "0e6571400b994c0087cfeb6fd850c05a", "host": "d6b2a058c4be", "pid": 99312, "preference_pending": 5, "rank": null, "selected": 5, "ts": "2026-10-04 14:43:32"}
[DBG] {"axis/human_groups": 5, "category": "QUEUE", "component": "ray", "data/candidate_all": 5, "data/candidate_lgbm_agree": 0, "data/candidate_lgbm_only": 0, "data/candidate_neural_agree": 0, "data/candidate_neural_only": 0, "data/candidate_triple_agree": 0, "data/selected_pairs": 5, "data/selection_rate": 1.0, "event": "pipeline_metrics", "host": "d6b2a058c4be", "pid": 99312, "queue/preference": 5, "queue/rollout": 9, "rank": null, "ts": "2026-10-04 14:43:32"}
[DBG] {"category": "QUEUE", "component": "ray", "event": "BEGIN:human_pop_rollout", "host": "d6b2a058c4be", "pid": 99312, "rank": null, "ts": "2026-10-04 14:43:32"}
[DBG] {"category": "QUEUE", "component": "ray", "event": "watchdog_armed", "host": "d6b2a058c4be", "pid": 99312, "rank": null, "stage": "human_pop_rollout", "timeout_sec": 30.0, "ts": "2026-10-04 14:43:32"}
[DBG] {"category": "QUEUE", "component": "ray", "elapsed_sec": 0.04569, "event": "END:human_pop_rollout", "host": "d6b2a058c4be", "pid": 99312, "rank": null, "ts": "2026-10-04 14:43:32"}
[DBG] {"category": "QUEUE", "component": "ray", "event": "human_group_received", "group_id": "c7862ed22388417da0226752aea180ed", "host": "d6b2a058c4be", "pid": 99312, "rank": null, "ts": "2026-10-04 14:43:32"}
[DBG] {"category": "RAY", "component": "ray", "event": "human_prompt_begin", "group_id": "c7862ed22388417da0226752aea180ed", "host": "d6b2a058c4be", "pid": 99312, "rank": null, "ts": "2026-10-04 14:43:32"}
[DBG] {"category": "RAY", "component": "ray", "event": "human_prompt_end", "group_id": "c7862ed22388417da0226752aea180ed", "host": "d6b2a058c4be", "pid": 99312, "rank": null, "ts": "2026-10-04 14:43:33"}
[DBG] {"category": "QUEUE", "component": "ray", "event": "BEGIN:human_put_preference", "group_id": "c7862ed22388417da0226752aea180ed", "host": "d6b2a058c4be", "pid": 99312, "rank": null, "ts": "2026-10-04 14:43:33"}
[DBG] {"category": "QUEUE", "component": "ray", "event": "watchdog_armed", "host": "d6b2a058c4be", "pid": 99312, "rank": null, "stage": "human_put_preference", "timeout_sec": 30.0, "ts": "2026-10-04 14:43:33"}
[DBG] {"category": "QUEUE", "component": "ray", "elapsed_sec": 0.031543, "event": "END:human_put_preference", "host": "d6b2a058c4be", "pid": 99312, "rank": null, "ts": "2026-10-04 14:43:33"}
[DBG] {"category": "QUEUE", "component": "ray", "event": "preference_selected", "group_id": "c7862ed22388417da0226752aea180ed", "host": "d6b2a058c4be", "pid": 99312, "preference_pending": 6, "rank": null, "selected": 6, "ts": "2026-10-04 14:43:33"}
[DBG] {"axis/human_groups": 6, "category": "QUEUE", "component": "ray", "data/candidate_all": 6, "data/candidate_lgbm_agree": 0, "data/candidate_lgbm_only": 0, "data/candidate_neural_agree": 0, "data/candidate_neural_only": 0, "data/candidate_triple_agree": 0, "data/selected_pairs": 6, "data/selection_rate": 1.0, "event": "pipeline_metrics", "host": "d6b2a058c4be", "pid": 99312, "queue/preference": 6, "queue/rollout": 8, "rank": null, "ts": "2026-10-04 14:43:33"}
[DBG] {"category": "QUEUE", "component": "ray", "event": "BEGIN:human_pop_rollout", "host": "d6b2a058c4be", "pid": 99312, "rank": null, "ts": "2026-10-04 14:43:33"}
[DBG] {"category": "QUEUE", "component": "ray", "event": "watchdog_armed", "host": "d6b2a058c4be", "pid": 99312, "rank": null, "stage": "human_pop_rollout", "timeout_sec": 30.0, "ts": "2026-10-04 14:43:33"}
[DBG] {"category": "QUEUE", "component": "ray", "elapsed_sec": 0.048569, "event": "END:human_pop_rollout", "host": "d6b2a058c4be", "pid": 99312, "rank": null, "ts": "2026-10-04 14:43:33"}
[DBG] {"category": "QUEUE", "component": "ray", "event": "human_group_received", "group_id": "861f923d02e34ef3a6bb5eb2f41421b6", "host": "d6b2a058c4be", "pid": 99312, "rank": null, "ts": "2026-10-04 14:43:33"}
[DBG] {"category": "RAY", "component": "ray", "event": "human_prompt_begin", "group_id": "861f923d02e34ef3a6bb5eb2f41421b6", "host": "d6b2a058c4be", "pid": 99312, "rank": null, "ts": "2026-10-04 14:43:33"}
[DBG] {"category": "RAY", "component": "ray", "event": "human_prompt_end", "group_id": "861f923d02e34ef3a6bb5eb2f41421b6", "host": "d6b2a058c4be", "pid": 99312, "rank": null, "ts": "2026-10-04 14:43:33"}
[DBG] {"category": "QUEUE", "component": "ray", "event": "BEGIN:human_put_preference", "group_id": "861f923d02e34ef3a6bb5eb2f41421b6", "host": "d6b2a058c4be", "pid": 99312, "rank": null, "ts": "2026-10-04 14:43:33"}
[DBG] {"category": "QUEUE", "component": "ray", "event": "watchdog_armed", "host": "d6b2a058c4be", "pid": 99312, "rank": null, "stage": "human_put_preference", "timeout_sec": 30.0, "ts": "2026-10-04 14:43:33"}
[DBG] {"category": "QUEUE", "component": "ray", "elapsed_sec": 0.031875, "event": "END:human_put_preference", "host": "d6b2a058c4be", "pid": 99312, "rank": null, "ts": "2026-10-04 14:43:33"}
[DBG] {"category": "QUEUE", "component": "ray", "event": "preference_selected", "group_id": "861f923d02e34ef3a6bb5eb2f41421b6", "host": "d6b2a058c4be", "pid": 99312, "preference_pending": 7, "rank": null, "selected": 7, "ts": "2026-10-04 14:43:33"}
[DBG] {"axis/human_groups": 7, "category": "QUEUE", "component": "ray", "data/candidate_all": 7, "data/candidate_lgbm_agree": 0, "data/candidate_lgbm_only": 0, "data/candidate_neural_agree": 0, "data/candidate_neural_only": 0, "data/candidate_triple_agree": 0, "data/selected_pairs": 7, "data/selection_rate": 1.0, "event": "pipeline_metrics", "host": "d6b2a058c4be", "pid": 99312, "queue/preference": 7, "queue/rollout": 9, "rank": null, "ts": "2026-10-04 14:43:33"}
[DBG] {"category": "QUEUE", "component": "ray", "event": "BEGIN:human_pop_rollout", "host": "d6b2a058c4be", "pid": 99312, "rank": null, "ts": "2026-10-04 14:43:33"}
[DBG] {"category": "QUEUE", "component": "ray", "event": "watchdog_armed", "host": "d6b2a058c4be", "pid": 99312, "rank": null, "stage": "human_pop_rollout", "timeout_sec": 30.0, "ts": "2026-10-04 14:43:33"}
[DBG] {"category": "QUEUE", "component": "ray", "elapsed_sec": 0.047228, "event": "END:human_pop_rollout", "host": "d6b2a058c4be", "pid": 99312, "rank": null, "ts": "2026-10-04 14:43:33"}
[DBG] {"category": "QUEUE", "component": "ray", "event": "human_group_received", "group_id": "012667032a43473ebe9b041ecc23005a", "host": "d6b2a058c4be", "pid": 99312, "rank": null, "ts": "2026-10-04 14:43:33"}
[DBG] {"category": "RAY", "component": "ray", "event": "human_prompt_begin", "group_id": "012667032a43473ebe9b041ecc23005a", "host": "d6b2a058c4be", "pid": 99312, "rank": null, "ts": "2026-10-04 14:43:33"}
[DBG] {"category": "RAY", "component": "ray", "event": "human_prompt_end", "group_id": "012667032a43473ebe9b041ecc23005a", "host": "d6b2a058c4be", "pid": 99312, "rank": null, "ts": "2026-10-04 14:43:34"}
[DBG] {"category": "QUEUE", "component": "ray", "event": "BEGIN:human_put_preference", "group_id": "012667032a43473ebe9b041ecc23005a", "host": "d6b2a058c4be", "pid": 99312, "rank": null, "ts": "2026-10-04 14:43:34"}
[DBG] {"category": "QUEUE", "component": "ray", "event": "watchdog_armed", "host": "d6b2a058c4be", "pid": 99312, "rank": null, "stage": "human_put_preference", "timeout_sec": 30.0, "ts": "2026-10-04 14:43:34"}
[DBG] {"category": "QUEUE", "component": "ray", "elapsed_sec": 0.033169, "event": "END:human_put_preference", "host": "d6b2a058c4be", "pid": 99312, "rank": null, "ts": "2026-10-04 14:43:34"}
[DBG] {"category": "QUEUE", "component": "ray", "event": "preference_selected", "group_id": "012667032a43473ebe9b041ecc23005a", "host": "d6b2a058c4be", "pid": 99312, "preference_pending": 8, "rank": null, "selected": 8, "ts": "2026-10-04 14:43:34"}
[DBG] {"axis/human_groups": 8, "category": "QUEUE", "component": "ray", "data/candidate_all": 8, "data/candidate_lgbm_agree": 0, "data/candidate_lgbm_only": 0, "data/candidate_neural_agree": 0, "data/candidate_neural_only": 0, "data/candidate_triple_agree": 0, "data/selected_pairs": 8, "data/selection_rate": 1.0, "event": "pipeline_metrics", "host": "d6b2a058c4be", "pid": 99312, "queue/preference": 8, "queue/rollout": 8, "rank": null, "ts": "2026-10-04 14:43:34"}
[DBG] {"category": "QUEUE", "component": "ray", "event": "BEGIN:human_pop_rollout", "host": "d6b2a058c4be", "pid": 99312, "rank": null, "ts": "2026-10-04 14:43:34"}
[DBG] {"category": "QUEUE", "component": "ray", "event": "watchdog_armed", "host": "d6b2a058c4be", "pid": 99312, "rank": null, "stage": "human_pop_rollout", "timeout_sec": 30.0, "ts": "2026-10-04 14:43:34"}
[DBG] {"category": "QUEUE", "component": "ray", "elapsed_sec": 0.047878, "event": "END:human_pop_rollout", "host": "d6b2a058c4be", "pid": 99312, "rank": null, "ts": "2026-10-04 14:43:34"}
[DBG] {"category": "QUEUE", "component": "ray", "event": "human_group_received", "group_id": "77c9de90418843b2bb6cdedc7a345082", "host": "d6b2a058c4be", "pid": 99312, "rank": null, "ts": "2026-10-04 14:43:34"}
[DBG] {"category": "RAY", "component": "ray", "event": "human_prompt_begin", "group_id": "77c9de90418843b2bb6cdedc7a345082", "host": "d6b2a058c4be", "pid": 99312, "rank": null, "ts": "2026-10-04 14:43:34"}
[DBG] {"category": "RAY", "component": "ray", "event": "human_prompt_end", "group_id": "77c9de90418843b2bb6cdedc7a345082", "host": "d6b2a058c4be", "pid": 99312, "rank": null, "ts": "2026-10-04 14:43:35"}
[DBG] {"category": "QUEUE", "component": "ray", "event": "BEGIN:human_put_preference", "group_id": "77c9de90418843b2bb6cdedc7a345082", "host": "d6b2a058c4be", "pid": 99312, "rank": null, "ts": "2026-10-04 14:43:35"}
[DBG] {"category": "QUEUE", "component": "ray", "event": "watchdog_armed", "host": "d6b2a058c4be", "pid": 99312, "rank": null, "stage": "human_put_preference", "timeout_sec": 30.0, "ts": "2026-10-04 14:43:35"}
[DBG] {"category": "QUEUE", "component": "ray", "elapsed_sec": 0.030733, "event": "END:human_put_preference", "host": "d6b2a058c4be", "pid": 99312, "rank": null, "ts": "2026-10-04 14:43:35"}
[DBG] {"category": "QUEUE", "component": "ray", "event": "preference_selected", "group_id": "77c9de90418843b2bb6cdedc7a345082", "host": "d6b2a058c4be", "pid": 99312, "preference_pending": 9, "rank": null, "selected": 9, "ts": "2026-10-04 14:43:35"}
[DBG] {"axis/human_groups": 9, "category": "QUEUE", "component": "ray", "data/candidate_all": 9, "data/candidate_lgbm_agree": 0, "data/candidate_lgbm_only": 0, "data/candidate_neural_agree": 0, "data/candidate_neural_only": 0, "data/candidate_triple_agree": 0, "data/selected_pairs": 9, "data/selection_rate": 1.0, "event": "pipeline_metrics", "host": "d6b2a058c4be", "pid": 99312, "queue/preference": 9, "queue/rollout": 9, "rank": null, "ts": "2026-10-04 14:43:35"}
[DBG] {"category": "QUEUE", "component": "ray", "event": "BEGIN:human_pop_rollout", "host": "d6b2a058c4be", "pid": 99312, "rank": null, "ts": "2026-10-04 14:43:35"}
[DBG] {"category": "QUEUE", "component": "ray", "event": "watchdog_armed", "host": "d6b2a058c4be", "pid": 99312, "rank": null, "stage": "human_pop_rollout", "timeout_sec": 30.0, "ts": "2026-10-04 14:43:35"}
[DBG] {"category": "QUEUE", "component": "ray", "elapsed_sec": 0.045142, "event": "END:human_pop_rollout", "host": "d6b2a058c4be", "pid": 99312, "rank": null, "ts": "2026-10-04 14:43:35"}
[DBG] {"category": "QUEUE", "component": "ray", "event": "human_group_received", "group_id": "a0c24ee247a44c1abd5929829aaeaa1e", "host": "d6b2a058c4be", "pid": 99312, "rank": null, "ts": "2026-10-04 14:43:35"}
[DBG] {"category": "RAY", "component": "ray", "event": "human_prompt_begin", "group_id": "a0c24ee247a44c1abd5929829aaeaa1e", "host": "d6b2a058c4be", "pid": 99312, "rank": null, "ts": "2026-10-04 14:43:35"}
[DBG] {"category": "RAY", "component": "ray", "event": "human_prompt_end", "group_id": "a0c24ee247a44c1abd5929829aaeaa1e", "host": "d6b2a058c4be", "pid": 99312, "rank": null, "ts": "2026-10-04 14:43:35"}
[DBG] {"category": "QUEUE", "component": "ray", "event": "BEGIN:human_put_preference", "group_id": "a0c24ee247a44c1abd5929829aaeaa1e", "host": "d6b2a058c4be", "pid": 99312, "rank": null, "ts": "2026-10-04 14:43:35"}
[DBG] {"category": "QUEUE", "component": "ray", "event": "watchdog_armed", "host": "d6b2a058c4be", "pid": 99312, "rank": null, "stage": "human_put_preference", "timeout_sec": 30.0, "ts": "2026-10-04 14:43:35"}
[DBG] {"category": "QUEUE", "component": "ray", "elapsed_sec": 0.029836, "event": "END:human_put_preference", "host": "d6b2a058c4be", "pid": 99312, "rank": null, "ts": "2026-10-04 14:43:35"}
[DBG] {"category": "QUEUE", "component": "ray", "event": "preference_selected", "group_id": "a0c24ee247a44c1abd5929829aaeaa1e", "host": "d6b2a058c4be", "pid": 99312, "preference_pending": 10, "rank": null, "selected": 10, "ts": "2026-10-04 14:43:35"}
[DBG] {"axis/human_groups": 10, "category": "QUEUE", "component": "ray", "data/candidate_all": 10, "data/candidate_lgbm_agree": 0, "data/candidate_lgbm_only": 0, "data/candidate_neural_agree": 0, "data/candidate_neural_only": 0, "data/candidate_triple_agree": 0, "data/selected_pairs": 10, "data/selection_rate": 1.0, "event": "pipeline_metrics", "host": "d6b2a058c4be", "pid": 99312, "queue/preference": 10, "queue/rollout": 8, "rank": null, "ts": "2026-10-04 14:43:35"}
[DBG] {"category": "QUEUE", "component": "ray", "event": "BEGIN:human_pop_rollout", "host": "d6b2a058c4be", "pid": 99312, "rank": null, "ts": "2026-10-04 14:43:35"}
[DBG] {"category": "QUEUE", "component": "ray", "event": "watchdog_armed", "host": "d6b2a058c4be", "pid": 99312, "rank": null, "stage": "human_pop_rollout", "timeout_sec": 30.0, "ts": "2026-10-04 14:43:35"}
[DBG] {"category": "QUEUE", "component": "ray", "elapsed_sec": 0.044585, "event": "END:human_pop_rollout", "host": "d6b2a058c4be", "pid": 99312, "rank": null, "ts": "2026-10-04 14:43:35"}
[DBG] {"category": "QUEUE", "component": "ray", "event": "human_group_received", "group_id": "5cf3448b1d99401aafac21cb60d3c1fb", "host": "d6b2a058c4be", "pid": 99312, "rank": null, "ts": "2026-10-04 14:43:35"}
[DBG] {"category": "RAY", "component": "ray", "event": "human_prompt_begin", "group_id": "5cf3448b1d99401aafac21cb60d3c1fb", "host": "d6b2a058c4be", "pid": 99312, "rank": null, "ts": "2026-10-04 14:43:35"}
[DBG] {"category": "RAY", "component": "ray", "event": "human_prompt_end", "group_id": "5cf3448b1d99401aafac21cb60d3c1fb", "host": "d6b2a058c4be", "pid": 99312, "rank": null, "ts": "2026-10-04 14:43:36"}
[DBG] {"category": "QUEUE", "component": "ray", "event": "BEGIN:human_put_preference", "group_id": "5cf3448b1d99401aafac21cb60d3c1fb", "host": "d6b2a058c4be", "pid": 99312, "rank": null, "ts": "2026-10-04 14:43:36"}
[DBG] {"category": "QUEUE", "component": "ray", "event": "watchdog_armed", "host": "d6b2a058c4be", "pid": 99312, "rank": null, "stage": "human_put_preference", "timeout_sec": 30.0, "ts": "2026-10-04 14:43:36"}
[DBG] {"category": "QUEUE", "component": "ray", "elapsed_sec": 0.030808, "event": "END:human_put_preference", "host": "d6b2a058c4be", "pid": 99312, "rank": null, "ts": "2026-10-04 14:43:36"}
[DBG] {"category": "QUEUE", "component": "ray", "event": "preference_selected", "group_id": "5cf3448b1d99401aafac21cb60d3c1fb", "host": "d6b2a058c4be", "pid": 99312, "preference_pending": 11, "rank": null, "selected": 11, "ts": "2026-10-04 14:43:36"}
[DBG] {"axis/human_groups": 11, "category": "QUEUE", "component": "ray", "data/candidate_all": 11, "data/candidate_lgbm_agree": 0, "data/candidate_lgbm_only": 0, "data/candidate_neural_agree": 0, "data/candidate_neural_only": 0, "data/candidate_triple_agree": 0, "data/selected_pairs": 11, "data/selection_rate": 1.0, "event": "pipeline_metrics", "host": "d6b2a058c4be", "pid": 99312, "queue/preference": 11, "queue/rollout": 9, "rank": null, "ts": "2026-10-04 14:43:36"}
[DBG] {"category": "QUEUE", "component": "ray", "event": "BEGIN:human_pop_rollout", "host": "d6b2a058c4be", "pid": 99312, "rank": null, "ts": "2026-10-04 14:43:36"}
[DBG] {"category": "QUEUE", "component": "ray", "event": "watchdog_armed", "host": "d6b2a058c4be", "pid": 99312, "rank": null, "stage": "human_pop_rollout", "timeout_sec": 30.0, "ts": "2026-10-04 14:43:36"}
[DBG] {"category": "QUEUE", "component": "ray", "elapsed_sec": 0.044484, "event": "END:human_pop_rollout", "host": "d6b2a058c4be", "pid": 99312, "rank": null, "ts": "2026-10-04 14:43:36"}
[DBG] {"category": "QUEUE", "component": "ray", "event": "human_group_received", "group_id": "a551b37298bd48f6840b59572ca69d15", "host": "d6b2a058c4be", "pid": 99312, "rank": null, "ts": "2026-10-04 14:43:36"}
[DBG] {"category": "RAY", "component": "ray", "event": "human_prompt_begin", "group_id": "a551b37298bd48f6840b59572ca69d15", "host": "d6b2a058c4be", "pid": 99312, "rank": null, "ts": "2026-10-04 14:43:36"}
[DBG] {"category": "RAY", "component": "ray", "event": "human_prompt_end", "group_id": "a551b37298bd48f6840b59572ca69d15", "host": "d6b2a058c4be", "pid": 99312, "rank": null, "ts": "2026-10-04 14:43:37"}
[DBG] {"category": "QUEUE", "component": "ray", "event": "BEGIN:human_put_preference", "group_id": "a551b37298bd48f6840b59572ca69d15", "host": "d6b2a058c4be", "pid": 99312, "rank": null, "ts": "2026-10-04 14:43:37"}
[DBG] {"category": "QUEUE", "component": "ray", "event": "watchdog_armed", "host": "d6b2a058c4be", "pid": 99312, "rank": null, "stage": "human_put_preference", "timeout_sec": 30.0, "ts": "2026-10-04 14:43:37"}
[DBG] {"category": "QUEUE", "component": "ray", "elapsed_sec": 0.030574, "event": "END:human_put_preference", "host": "d6b2a058c4be", "pid": 99312, "rank": null, "ts": "2026-10-04 14:43:37"}
[DBG] {"category": "QUEUE", "component": "ray", "event": "preference_selected", "group_id": "a551b37298bd48f6840b59572ca69d15", "host": "d6b2a058c4be", "pid": 99312, "preference_pending": 12, "rank": null, "selected": 12, "ts": "2026-10-04 14:43:37"}
[DBG] {"axis/human_groups": 12, "category": "QUEUE", "component": "ray", "data/candidate_all": 12, "data/candidate_lgbm_agree": 0, "data/candidate_lgbm_only": 0, "data/candidate_neural_agree": 0, "data/candidate_neural_only": 0, "data/candidate_triple_agree": 0, "data/selected_pairs": 12, "data/selection_rate": 1.0, "event": "pipeline_metrics", "host": "d6b2a058c4be", "pid": 99312, "queue/preference": 12, "queue/rollout": 8, "rank": null, "ts": "2026-10-04 14:43:37"}
[DBG] {"category": "QUEUE", "component": "ray", "event": "BEGIN:human_pop_rollout", "host": "d6b2a058c4be", "pid": 99312, "rank": null, "ts": "2026-10-04 14:43:37"}
[DBG] {"category": "QUEUE", "component": "ray", "event": "watchdog_armed", "host": "d6b2a058c4be", "pid": 99312, "rank": null, "stage": "human_pop_rollout", "timeout_sec": 30.0, "ts": "2026-10-04 14:43:37"}
[DBG] {"category": "QUEUE", "component": "ray", "elapsed_sec": 0.045088, "event": "END:human_pop_rollout", "host": "d6b2a058c4be", "pid": 99312, "rank": null, "ts": "2026-10-04 14:43:37"}
[DBG] {"category": "QUEUE", "component": "ray", "event": "human_group_received", "group_id": "fcee697449df4517a51d1d3e55cb95ec", "host": "d6b2a058c4be", "pid": 99312, "rank": null, "ts": "2026-10-04 14:43:37"}
[DBG] {"category": "RAY", "component": "ray", "event": "human_prompt_begin", "group_id": "fcee697449df4517a51d1d3e55cb95ec", "host": "d6b2a058c4be", "pid": 99312, "rank": null, "ts": "2026-10-04 14:43:37"}
[DBG] {"category": "RAY", "component": "ray", "event": "human_prompt_end", "group_id": "fcee697449df4517a51d1d3e55cb95ec", "host": "d6b2a058c4be", "pid": 99312, "rank": null, "ts": "2026-10-04 14:43:38"}
[DBG] {"category": "QUEUE", "component": "ray", "event": "BEGIN:human_put_preference", "group_id": "fcee697449df4517a51d1d3e55cb95ec", "host": "d6b2a058c4be", "pid": 99312, "rank": null, "ts": "2026-10-04 14:43:38"}
[DBG] {"category": "QUEUE", "component": "ray", "event": "watchdog_armed", "host": "d6b2a058c4be", "pid": 99312, "rank": null, "stage": "human_put_preference", "timeout_sec": 30.0, "ts": "2026-10-04 14:43:38"}
[DBG] {"category": "QUEUE", "component": "ray", "elapsed_sec": 0.032478, "event": "END:human_put_preference", "host": "d6b2a058c4be", "pid": 99312, "rank": null, "ts": "2026-10-04 14:43:38"}
[DBG] {"category": "QUEUE", "component": "ray", "event": "preference_selected", "group_id": "fcee697449df4517a51d1d3e55cb95ec", "host": "d6b2a058c4be", "pid": 99312, "preference_pending": 13, "rank": null, "selected": 13, "ts": "2026-10-04 14:43:38"}
[DBG] {"axis/human_groups": 13, "category": "QUEUE", "component": "ray", "data/candidate_all": 13, "data/candidate_lgbm_agree": 0, "data/candidate_lgbm_only": 0, "data/candidate_neural_agree": 0, "data/candidate_neural_only": 0, "data/candidate_triple_agree": 0, "data/selected_pairs": 13, "data/selection_rate": 1.0, "event": "pipeline_metrics", "host": "d6b2a058c4be", "pid": 99312, "queue/preference": 13, "queue/rollout": 9, "rank": null, "ts": "2026-10-04 14:43:38"}
[DBG] {"category": "QUEUE", "component": "ray", "event": "BEGIN:human_pop_rollout", "host": "d6b2a058c4be", "pid": 99312, "rank": null, "ts": "2026-10-04 14:43:38"}
[DBG] {"category": "QUEUE", "component": "ray", "event": "watchdog_armed", "host": "d6b2a058c4be", "pid": 99312, "rank": null, "stage": "human_pop_rollout", "timeout_sec": 30.0, "ts": "2026-10-04 14:43:38"}
[DBG] {"category": "QUEUE", "component": "ray", "elapsed_sec": 0.036752, "event": "END:human_pop_rollout", "host": "d6b2a058c4be", "pid": 99312, "rank": null, "ts": "2026-10-04 14:43:38"}
[DBG] {"category": "QUEUE", "component": "ray", "event": "human_group_received", "group_id": "ec3f18afb1c14d35892bed219f37654b", "host": "d6b2a058c4be", "pid": 99312, "rank": null, "ts": "2026-10-04 14:43:38"}
[DBG] {"category": "RAY", "component": "ray", "event": "human_prompt_begin", "group_id": "ec3f18afb1c14d35892bed219f37654b", "host": "d6b2a058c4be", "pid": 99312, "rank": null, "ts": "2026-10-04 14:43:38"}
[DBG] {"category": "RAY", "component": "ray", "event": "human_prompt_end", "group_id": "ec3f18afb1c14d35892bed219f37654b", "host": "d6b2a058c4be", "pid": 99312, "rank": null, "ts": "2026-10-04 14:43:38"}
[DBG] {"category": "QUEUE", "component": "ray", "event": "BEGIN:human_put_preference", "group_id": "ec3f18afb1c14d35892bed219f37654b", "host": "d6b2a058c4be", "pid": 99312, "rank": null, "ts": "2026-10-04 14:43:38"}
[DBG] {"category": "QUEUE", "component": "ray", "event": "watchdog_armed", "host": "d6b2a058c4be", "pid": 99312, "rank": null, "stage": "human_put_preference", "timeout_sec": 30.0, "ts": "2026-10-04 14:43:38"}
[DBG] {"category": "QUEUE", "component": "ray", "elapsed_sec": 0.032864, "event": "END:human_put_preference", "host": "d6b2a058c4be", "pid": 99312, "rank": null, "ts": "2026-10-04 14:43:39"}
[DBG] {"category": "QUEUE", "component": "ray", "event": "preference_selected", "group_id": "ec3f18afb1c14d35892bed219f37654b", "host": "d6b2a058c4be", "pid": 99312, "preference_pending": 14, "rank": null, "selected": 14, "ts": "2026-10-04 14:43:39"}
[DBG] {"axis/human_groups": 14, "category": "QUEUE", "component": "ray", "data/candidate_all": 14, "data/candidate_lgbm_agree": 0, "data/candidate_lgbm_only": 0, "data/candidate_neural_agree": 0, "data/candidate_neural_only": 0, "data/candidate_triple_agree": 0, "data/selected_pairs": 14, "data/selection_rate": 1.0, "event": "pipeline_metrics", "host": "d6b2a058c4be", "pid": 99312, "queue/preference": 14, "queue/rollout": 8, "rank": null, "ts": "2026-10-04 14:43:39"}
[DBG] {"category": "QUEUE", "component": "ray", "event": "BEGIN:human_pop_rollout", "host": "d6b2a058c4be", "pid": 99312, "rank": null, "ts": "2026-10-04 14:43:39"}
[DBG] {"category": "QUEUE", "component": "ray", "event": "watchdog_armed", "host": "d6b2a058c4be", "pid": 99312, "rank": null, "stage": "human_pop_rollout", "timeout_sec": 30.0, "ts": "2026-10-04 14:43:39"}
[DBG] {"category": "QUEUE", "component": "ray", "elapsed_sec": 0.052643, "event": "END:human_pop_rollout", "host": "d6b2a058c4be", "pid": 99312, "rank": null, "ts": "2026-10-04 14:43:39"}
[DBG] {"category": "QUEUE", "component": "ray", "event": "human_group_received", "group_id": "dbb5b882f5c749a9b4c32942941a8b73", "host": "d6b2a058c4be", "pid": 99312, "rank": null, "ts": "2026-10-04 14:43:39"}
[DBG] {"category": "RAY", "component": "ray", "event": "human_prompt_begin", "group_id": "dbb5b882f5c749a9b4c32942941a8b73", "host": "d6b2a058c4be", "pid": 99312, "rank": null, "ts": "2026-10-04 14:43:39"}
[DBG] {"category": "RAY", "component": "ray", "event": "human_prompt_end", "group_id": "dbb5b882f5c749a9b4c32942941a8b73", "host": "d6b2a058c4be", "pid": 99312, "rank": null, "ts": "2026-10-04 14:43:39"}
[DBG] {"category": "QUEUE", "component": "ray", "event": "BEGIN:human_put_preference", "group_id": "dbb5b882f5c749a9b4c32942941a8b73", "host": "d6b2a058c4be", "pid": 99312, "rank": null, "ts": "2026-10-04 14:43:39"}
[DBG] {"category": "QUEUE", "component": "ray", "event": "watchdog_armed", "host": "d6b2a058c4be", "pid": 99312, "rank": null, "stage": "human_put_preference", "timeout_sec": 30.0, "ts": "2026-10-04 14:43:39"}
[DBG] {"category": "QUEUE", "component": "ray", "elapsed_sec": 0.031222, "event": "END:human_put_preference", "host": "d6b2a058c4be", "pid": 99312, "rank": null, "ts": "2026-10-04 14:43:39"}
[DBG] {"category": "QUEUE", "component": "ray", "event": "preference_selected", "group_id": "dbb5b882f5c749a9b4c32942941a8b73", "host": "d6b2a058c4be", "pid": 99312, "preference_pending": 15, "rank": null, "selected": 15, "ts": "2026-10-04 14:43:39"}
[DBG] {"axis/human_groups": 15, "category": "QUEUE", "component": "ray", "data/candidate_all": 15, "data/candidate_lgbm_agree": 0, "data/candidate_lgbm_only": 0, "data/candidate_neural_agree": 0, "data/candidate_neural_only": 0, "data/candidate_triple_agree": 0, "data/selected_pairs": 15, "data/selection_rate": 1.0, "event": "pipeline_metrics", "host": "d6b2a058c4be", "pid": 99312, "queue/preference": 15, "queue/rollout": 9, "rank": null, "ts": "2026-10-04 14:43:39"}
[DBG] {"category": "QUEUE", "component": "ray", "event": "BEGIN:human_pop_rollout", "host": "d6b2a058c4be", "pid": 99312, "rank": null, "ts": "2026-10-04 14:43:39"}
[DBG] {"category": "QUEUE", "component": "ray", "event": "watchdog_armed", "host": "d6b2a058c4be", "pid": 99312, "rank": null, "stage": "human_pop_rollout", "timeout_sec": 30.0, "ts": "2026-10-04 14:43:39"}
[DBG] {"category": "QUEUE", "component": "ray", "elapsed_sec": 0.047822, "event": "END:human_pop_rollout", "host": "d6b2a058c4be", "pid": 99312, "rank": null, "ts": "2026-10-04 14:43:39"}
[DBG] {"category": "QUEUE", "component": "ray", "event": "human_group_received", "group_id": "874ab1b5dac14e5a955087597d2c2e71", "host": "d6b2a058c4be", "pid": 99312, "rank": null, "ts": "2026-10-04 14:43:39"}
[DBG] {"category": "RAY", "component": "ray", "event": "human_prompt_begin", "group_id": "874ab1b5dac14e5a955087597d2c2e71", "host": "d6b2a058c4be", "pid": 99312, "rank": null, "ts": "2026-10-04 14:43:39"}
[DBG] {"category": "RAY", "component": "ray", "event": "human_prompt_end", "group_id": "874ab1b5dac14e5a955087597d2c2e71", "host": "d6b2a058c4be", "pid": 99312, "rank": null, "ts": "2026-10-04 14:43:40"}
[DBG] {"category": "QUEUE", "component": "ray", "event": "BEGIN:human_put_preference", "group_id": "874ab1b5dac14e5a955087597d2c2e71", "host": "d6b2a058c4be", "pid": 99312, "rank": null, "ts": "2026-10-04 14:43:40"}
[DBG] {"category": "QUEUE", "component": "ray", "event": "watchdog_armed", "host": "d6b2a058c4be", "pid": 99312, "rank": null, "stage": "human_put_preference", "timeout_sec": 30.0, "ts": "2026-10-04 14:43:40"}
[DBG] {"category": "QUEUE", "component": "ray", "elapsed_sec": 0.032728, "event": "END:human_put_preference", "host": "d6b2a058c4be", "pid": 99312, "rank": null, "ts": "2026-10-04 14:43:40"}
[DBG] {"category": "QUEUE", "component": "ray", "event": "preference_selected", "group_id": "874ab1b5dac14e5a955087597d2c2e71", "host": "d6b2a058c4be", "pid": 99312, "preference_pending": 16, "rank": null, "selected": 16, "ts": "2026-10-04 14:43:40"}
[DBG] {"axis/human_groups": 16, "category": "QUEUE", "component": "ray", "data/candidate_all": 16, "data/candidate_lgbm_agree": 0, "data/candidate_lgbm_only": 0, "data/candidate_neural_agree": 0, "data/candidate_neural_only": 0, "data/candidate_triple_agree": 0, "data/selected_pairs": 16, "data/selection_rate": 1.0, "event": "pipeline_metrics", "host": "d6b2a058c4be", "pid": 99312, "queue/preference": 16, "queue/rollout": 8, "rank": null, "ts": "2026-10-04 14:43:40"}
[DBG] {"category": "QUEUE", "component": "ray", "event": "BEGIN:human_pop_rollout", "host": "d6b2a058c4be", "pid": 99312, "rank": null, "ts": "2026-10-04 14:43:40"}
[DBG] {"category": "QUEUE", "component": "ray", "event": "watchdog_armed", "host": "d6b2a058c4be", "pid": 99312, "rank": null, "stage": "human_pop_rollout", "timeout_sec": 30.0, "ts": "2026-10-04 14:43:40"}
[DBG] {"category": "QUEUE", "component": "ray", "elapsed_sec": 0.047722, "event": "END:human_pop_rollout", "host": "d6b2a058c4be", "pid": 99312, "rank": null, "ts": "2026-10-04 14:43:40"}
[DBG] {"category": "QUEUE", "component": "ray", "event": "human_group_received", "group_id": "2dba76210ff64b44a0c1311d03f59e1a", "host": "d6b2a058c4be", "pid": 99312, "rank": null, "ts": "2026-10-04 14:43:40"}
[DBG] {"category": "RAY", "component": "ray", "event": "human_prompt_begin", "group_id": "2dba76210ff64b44a0c1311d03f59e1a", "host": "d6b2a058c4be", "pid": 99312, "rank": null, "ts": "2026-10-04 14:43:40"}
[DBG] {"category": "RAY", "component": "ray", "event": "human_prompt_end", "group_id": "2dba76210ff64b44a0c1311d03f59e1a", "host": "d6b2a058c4be", "pid": 99312, "rank": null, "ts": "2026-10-04 14:43:41"}
[DBG] {"category": "QUEUE", "component": "ray", "event": "BEGIN:human_put_preference", "group_id": "2dba76210ff64b44a0c1311d03f59e1a", "host": "d6b2a058c4be", "pid": 99312, "rank": null, "ts": "2026-10-04 14:43:41"}
[DBG] {"category": "QUEUE", "component": "ray", "event": "watchdog_armed", "host": "d6b2a058c4be", "pid": 99312, "rank": null, "stage": "human_put_preference", "timeout_sec": 30.0, "ts": "2026-10-04 14:43:41"}
[DBG] {"category": "QUEUE", "component": "ray", "elapsed_sec": 0.032498, "event": "END:human_put_preference", "host": "d6b2a058c4be", "pid": 99312, "rank": null, "ts": "2026-10-04 14:43:41"}
[DBG] {"category": "QUEUE", "component": "ray", "event": "preference_selected", "group_id": "2dba76210ff64b44a0c1311d03f59e1a", "host": "d6b2a058c4be", "pid": 99312, "preference_pending": 17, "rank": null, "selected": 17, "ts": "2026-10-04 14:43:41"}
[DBG] {"axis/human_groups": 17, "category": "QUEUE", "component": "ray", "data/candidate_all": 17, "data/candidate_lgbm_agree": 0, "data/candidate_lgbm_only": 0, "data/candidate_neural_agree": 0, "data/candidate_neural_only": 0, "data/candidate_triple_agree": 0, "data/selected_pairs": 17, "data/selection_rate": 1.0, "event": "pipeline_metrics", "host": "d6b2a058c4be", "pid": 99312, "queue/preference": 17, "queue/rollout": 9, "rank": null, "ts": "2026-10-04 14:43:41"}
[DBG] {"category": "QUEUE", "component": "ray", "event": "BEGIN:human_pop_rollout", "host": "d6b2a058c4be", "pid": 99312, "rank": null, "ts": "2026-10-04 14:43:41"}
[DBG] {"category": "QUEUE", "component": "ray", "event": "watchdog_armed", "host": "d6b2a058c4be", "pid": 99312, "rank": null, "stage": "human_pop_rollout", "timeout_sec": 30.0, "ts": "2026-10-04 14:43:41"}
[DBG] {"category": "QUEUE", "component": "ray", "elapsed_sec": 0.045856, "event": "END:human_pop_rollout", "host": "d6b2a058c4be", "pid": 99312, "rank": null, "ts": "2026-10-04 14:43:41"}
[DBG] {"category": "QUEUE", "component": "ray", "event": "human_group_received", "group_id": "b9d1c4bf3f634f42834544546d111558", "host": "d6b2a058c4be", "pid": 99312, "rank": null, "ts": "2026-10-04 14:43:41"}
[DBG] {"category": "RAY", "component": "ray", "event": "human_prompt_begin", "group_id": "b9d1c4bf3f634f42834544546d111558", "host": "d6b2a058c4be", "pid": 99312, "rank": null, "ts": "2026-10-04 14:43:41"}
[DBG] {"category": "RAY", "component": "ray", "event": "shutdown_begin", "host": "d6b2a058c4be", "pid": 99312, "rank": null, "ts": "2026-10-04 14:45:31"}
[DBG] {"category": "RAY", "component": "ray", "event": "BEGIN:join_trainer", "host": "d6b2a058c4be", "pid": 99312, "rank": null, "ts": "2026-10-04 14:45:31"}
[DBG] {"category": "RAY", "component": "ray", "event": "watchdog_armed", "host": "d6b2a058c4be", "pid": 99312, "rank": null, "stage": "join_trainer", "timeout_sec": 30.0, "ts": "2026-10-04 14:45:31"}
[DBG] {"category": "RAY", "component": "ray", "error": "", "error_type": "KeyboardInterrupt", "event": "ERROR:join_trainer", "host": "d6b2a058c4be", "pid": 99312, "rank": null, "traceback": "Traceback (most recent call last):\n  File \"/root/Recursive_RLHF_training_for_LLM/orchestrator.py\", line 163, in run\n    self._human_loop()\n  File \"/root/Recursive_RLHF_training_for_LLM/orchestrator.py\", line 367, in _human_loop\n    human = ui.score(group)\n            ^^^^^^^^^^^^^^^\n  File \"/root/Recursive_RLHF_training_for_LLM/reward.py\", line 157, in score\n    raw = input(f\"scores ({len(group['responses'])} numbers, q=quit): \").strip()\n          ^^^^^^^^^^^^^^^^^^^^^^^^^^^^^^^^^^^^^^^^^^^^^^^^^^^^^^^^^^^^^^\nKeyboardInterrupt\n\nDuring handling of the above exception, another exception occurred:\n\nTraceback (most recent call last):\n  File \"/root/Recursive_RLHF_training_for_LLM/debug.py\", line 154, in stage\n    yield\n  File \"/root/Recursive_RLHF_training_for_LLM/orchestrator.py\", line 179, in run\n    ray.get(ref, timeout=30)\n  File \"/usr/local/lib/python3.11/dist-packages/ray/_private/auto_init_hook.py\", line 22, in auto_init_wrapper\n    return fn(*args, **kwargs)\n           ^^^^^^^^^^^^^^^^^^^\n  File \"/usr/local/lib/python3.11/dist-packages/ray/_private/client_mode_hook.py\", line 135, in wrapper\n    return func(*args, **kwargs)\n           ^^^^^^^^^^^^^^^^^^^^^\n  File \"/usr/local/lib/python3.11/dist-packages/ray/_private/worker.py\", line 3004, in get\n    values, debugger_breakpoint = worker.get_objects(\n                                  ^^^^^^^^^^^^^^^^^^^\n  File \"/usr/local/lib/python3.11/dist-packages/ray/_private/worker.py\", line 1007, in get_objects\n    ] = self.core_worker.get_objects(\n        ^^^^^^^^^^^^^^^^^^^^^^^^^^^^^\n  File \"python/ray/_raylet.pyx\", line 3473, in ray._raylet.CoreWorker.get_objects\n  File \"python/ray/includes/common.pxi\", line 105, in ray._raylet.check_status\nKeyboardInterrupt\n", "ts": "2026-10-04 14:45:32"}
[DBG] {"category": "RAY", "component": "ray", "elapsed_sec": 1.003709, "event": "END:join_trainer", "host": "d6b2a058c4be", "pid": 99312, "rank": null, "ts": "2026-10-04 14:45:32"}
