[DBG] {"category": "RAY", "component": "ray", "debug_all": false, "debug_data": false, "debug_fsdp": true, "debug_inference": false, "debug_queue": true, "debug_ray": true, "debug_reward": false, "debug_train": true, "event": "application_start", "host": "d6b2a058c4be", "pid": 69611, "rank": null, "ts": "2026-10-04 13:29:17"}
[DBG] {"address": "auto", "category": "RAY", "component": "ray", "event": "BEGIN:ray_init", "host": "d6b2a058c4be", "log_to_driver": false, "pid": 69611, "rank": null, "ts": "2026-10-04 13:29:17"}
[DBG] {"category": "RAY", "component": "ray", "event": "watchdog_armed", "host": "d6b2a058c4be", "pid": 69611, "rank": null, "stage": "ray_init", "timeout_sec": 30.0, "ts": "2026-10-04 13:29:17"}
[DBG] {"category": "RAY", "component": "ray", "elapsed_sec": 0.660798, "event": "END:ray_init", "host": "d6b2a058c4be", "pid": 69611, "rank": null, "ts": "2026-10-04 13:29:18"}
[DBG] {"category": "RAY", "component": "ray", "event": "cluster_resources", "host": "d6b2a058c4be", "pid": 69611, "rank": null, "resources": {"CPU": 27.0, "GPU": 3.0, "accelerator_type:RTX-A6000": 1.0, "memory": 115635664077.0, "node:172.20.0.2": 1.0, "node:__internal_head__": 1.0, "object_store_memory": 49558141747.0}, "ts": "2026-10-04 13:29:18"}
[DBG] {"category": "RAY", "component": "ray", "event": "resource_check", "gpu_available": 3, "gpu_needed": 3, "host": "d6b2a058c4be", "pid": 69611, "rank": null, "ts": "2026-10-04 13:29:18"}
[DBG] {"category": "RAY", "component": "ray", "event": "run_id", "host": "d6b2a058c4be", "pid": 69611, "rank": null, "run_id": "smoke01", "ts": "2026-10-04 13:29:18"}
[DBG] {"category": "RAY", "component": "ray", "event": "BEGIN:create_queue_actor", "host": "d6b2a058c4be", "pid": 69611, "rank": null, "ts": "2026-10-04 13:29:18"}
[DBG] {"category": "RAY", "component": "ray", "event": "watchdog_armed", "host": "d6b2a058c4be", "pid": 69611, "rank": null, "stage": "create_queue_actor", "timeout_sec": 30.0, "ts": "2026-10-04 13:29:18"}
[DBG] {"category": "RAY", "component": "ray", "elapsed_sec": 0.0343, "event": "END:create_queue_actor", "host": "d6b2a058c4be", "pid": 69611, "rank": null, "ts": "2026-10-04 13:29:18"}
[DBG] {"category": "QUEUE", "component": "ray", "event": "BEGIN:queue_describe", "host": "d6b2a058c4be", "pid": 69611, "rank": null, "ts": "2026-10-04 13:29:18"}
[DBG] {"category": "QUEUE", "component": "ray", "event": "watchdog_armed", "host": "d6b2a058c4be", "pid": 69611, "rank": null, "stage": "queue_describe", "timeout_sec": 30.0, "ts": "2026-10-04 13:29:18"}
[DBG] {"category": "QUEUE", "component": "ray", "elapsed_sec": 9.157861, "event": "END:queue_describe", "host": "d6b2a058c4be", "pid": 69611, "rank": null, "ts": "2026-10-04 13:29:27"}
[DBG] {"category": "RAY", "component": "ray", "event": "BEGIN:create_control_actor", "host": "d6b2a058c4be", "pid": 69611, "rank": null, "ts": "2026-10-04 13:29:27"}
[DBG] {"category": "RAY", "component": "ray", "event": "watchdog_armed", "host": "d6b2a058c4be", "pid": 69611, "rank": null, "stage": "create_control_actor", "timeout_sec": 30.0, "ts": "2026-10-04 13:29:27"}
[DBG] {"category": "RAY", "component": "ray", "elapsed_sec": 0.034458, "event": "END:create_control_actor", "host": "d6b2a058c4be", "pid": 69611, "rank": null, "ts": "2026-10-04 13:29:27"}
[DBG] {"category": "RAY", "component": "ray", "event": "BEGIN:create_tracker_actor", "host": "d6b2a058c4be", "pid": 69611, "rank": null, "ts": "2026-10-04 13:29:27"}
[DBG] {"category": "RAY", "component": "ray", "event": "watchdog_armed", "host": "d6b2a058c4be", "pid": 69611, "rank": null, "stage": "create_tracker_actor", "timeout_sec": 30.0, "ts": "2026-10-04 13:29:27"}
[DBG] {"category": "RAY", "component": "ray", "elapsed_sec": 0.028693, "event": "END:create_tracker_actor", "host": "d6b2a058c4be", "pid": 69611, "rank": null, "ts": "2026-10-04 13:29:27"}
[DBG] {"category": "RAY", "component": "ray", "event": "BEGIN:create_inference_actor", "gpus": 1, "host": "d6b2a058c4be", "pid": 69611, "rank": null, "ts": "2026-10-04 13:29:27"}
[DBG] {"category": "RAY", "component": "ray", "event": "watchdog_armed", "host": "d6b2a058c4be", "pid": 69611, "rank": null, "stage": "create_inference_actor", "timeout_sec": 30.0, "ts": "2026-10-04 13:29:27"}
[DBG] {"category": "RAY", "component": "ray", "elapsed_sec": 0.032498, "event": "END:create_inference_actor", "host": "d6b2a058c4be", "pid": 69611, "rank": null, "ts": "2026-10-04 13:29:27"}
[DBG] {"category": "RAY", "component": "ray", "event": "BEGIN:create_reward_actor", "gpus": 0, "host": "d6b2a058c4be", "pid": 69611, "rank": null, "ts": "2026-10-04 13:29:27"}
[DBG] {"category": "RAY", "component": "ray", "event": "watchdog_armed", "host": "d6b2a058c4be", "pid": 69611, "rank": null, "stage": "create_reward_actor", "timeout_sec": 30.0, "ts": "2026-10-04 13:29:27"}
[DBG] {"category": "RAY", "component": "ray", "elapsed_sec": 0.033911, "event": "END:create_reward_actor", "host": "d6b2a058c4be", "pid": 69611, "rank": null, "ts": "2026-10-04 13:29:27"}
[DBG] {"category": "RAY", "component": "ray", "event": "BEGIN:create_rollout_actor", "host": "d6b2a058c4be", "pid": 69611, "rank": null, "ts": "2026-10-04 13:29:27"}
[DBG] {"category": "RAY", "component": "ray", "event": "watchdog_armed", "host": "d6b2a058c4be", "pid": 69611, "rank": null, "stage": "create_rollout_actor", "timeout_sec": 30.0, "ts": "2026-10-04 13:29:27"}
[DBG] {"category": "RAY", "component": "ray", "elapsed_sec": 0.014232, "event": "END:create_rollout_actor", "host": "d6b2a058c4be", "pid": 69611, "rank": null, "ts": "2026-10-04 13:29:27"}
[DBG] {"category": "RAY", "component": "ray", "event": "BEGIN:create_trainer_actor", "host": "d6b2a058c4be", "pid": 69611, "rank": null, "ts": "2026-10-04 13:29:27"}
[DBG] {"category": "RAY", "component": "ray", "event": "watchdog_armed", "host": "d6b2a058c4be", "pid": 69611, "rank": null, "stage": "create_trainer_actor", "timeout_sec": 30.0, "ts": "2026-10-04 13:29:27"}
[DBG] {"category": "RAY", "component": "ray", "elapsed_sec": 0.01796, "event": "END:create_trainer_actor", "host": "d6b2a058c4be", "pid": 69611, "rank": null, "ts": "2026-10-04 13:29:27"}
[DBG] {"category": "RAY", "component": "ray", "event": "BEGIN:launch_trainer_actor", "host": "d6b2a058c4be", "pid": 69611, "rank": null, "ts": "2026-10-04 13:30:06"}
[DBG] {"category": "RAY", "component": "ray", "event": "watchdog_armed", "host": "d6b2a058c4be", "pid": 69611, "rank": null, "stage": "launch_trainer_actor", "timeout_sec": 30.0, "ts": "2026-10-04 13:30:06"}
[DBG] {"category": "RAY", "component": "ray", "elapsed_sec": 0.002714, "event": "END:launch_trainer_actor", "host": "d6b2a058c4be", "pid": 69611, "rank": null, "ts": "2026-10-04 13:30:06"}
[DBG] {"category": "RAY", "component": "ray", "event": "BEGIN:launch_rollout_producer", "host": "d6b2a058c4be", "pid": 69611, "rank": null, "ts": "2026-10-04 13:30:06"}
[DBG] {"category": "RAY", "component": "ray", "event": "watchdog_armed", "host": "d6b2a058c4be", "pid": 69611, "rank": null, "stage": "launch_rollout_producer", "timeout_sec": 30.0, "ts": "2026-10-04 13:30:06"}
[DBG] {"category": "RAY", "component": "ray", "elapsed_sec": 0.001584, "event": "END:launch_rollout_producer", "host": "d6b2a058c4be", "pid": 69611, "rank": null, "ts": "2026-10-04 13:30:06"}
[DBG] {"category": "RAY", "component": "ray", "event": "human_loop_start", "host": "d6b2a058c4be", "pid": 69611, "rank": null, "ts": "2026-10-04 13:30:06"}
[DBG] {"category": "QUEUE", "component": "ray", "event": "BEGIN:human_pop_rollout", "host": "d6b2a058c4be", "pid": 69611, "rank": null, "ts": "2026-10-04 13:30:06"}
[DBG] {"category": "QUEUE", "component": "ray", "event": "watchdog_armed", "host": "d6b2a058c4be", "pid": 69611, "rank": null, "stage": "human_pop_rollout", "timeout_sec": 30.0, "ts": "2026-10-04 13:30:06"}
[DBG] {"category": "QUEUE", "component": "ray", "elapsed_sec": 0.027929, "event": "END:human_pop_rollout", "host": "d6b2a058c4be", "pid": 69611, "rank": null, "ts": "2026-10-04 13:30:06"}
[DBG] {"category": "QUEUE", "component": "ray", "event": "BEGIN:human_pop_rollout", "host": "d6b2a058c4be", "pid": 69611, "rank": null, "ts": "2026-10-04 13:30:07"}
[DBG] {"category": "QUEUE", "component": "ray", "event": "watchdog_armed", "host": "d6b2a058c4be", "pid": 69611, "rank": null, "stage": "human_pop_rollout", "timeout_sec": 30.0, "ts": "2026-10-04 13:30:07"}
[DBG] {"category": "QUEUE", "component": "ray", "elapsed_sec": 0.005871, "event": "END:human_pop_rollout", "host": "d6b2a058c4be", "pid": 69611, "rank": null, "ts": "2026-10-04 13:30:07"}
[DBG] {"category": "QUEUE", "component": "ray", "event": "BEGIN:human_pop_rollout", "host": "d6b2a058c4be", "pid": 69611, "rank": null, "ts": "2026-10-04 13:30:07"}
[DBG] {"category": "QUEUE", "component": "ray", "event": "watchdog_armed", "host": "d6b2a058c4be", "pid": 69611, "rank": null, "stage": "human_pop_rollout", "timeout_sec": 30.0, "ts": "2026-10-04 13:30:07"}
[DBG] {"category": "QUEUE", "component": "ray", "elapsed_sec": 0.007466, "event": "END:human_pop_rollout", "host": "d6b2a058c4be", "pid": 69611, "rank": null, "ts": "2026-10-04 13:30:07"}
[DBG] {"category": "QUEUE", "component": "ray", "event": "BEGIN:human_pop_rollout", "host": "d6b2a058c4be", "pid": 69611, "rank": null, "ts": "2026-10-04 13:30:07"}
[DBG] {"category": "QUEUE", "component": "ray", "event": "watchdog_armed", "host": "d6b2a058c4be", "pid": 69611, "rank": null, "stage": "human_pop_rollout", "timeout_sec": 30.0, "ts": "2026-10-04 13:30:07"}
[DBG] {"category": "QUEUE", "component": "ray", "elapsed_sec": 0.006724, "event": "END:human_pop_rollout", "host": "d6b2a058c4be", "pid": 69611, "rank": null, "ts": "2026-10-04 13:30:07"}
[DBG] {"category": "QUEUE", "component": "ray", "event": "BEGIN:human_pop_rollout", "host": "d6b2a058c4be", "pid": 69611, "rank": null, "ts": "2026-10-04 13:30:07"}
[DBG] {"category": "QUEUE", "component": "ray", "event": "watchdog_armed", "host": "d6b2a058c4be", "pid": 69611, "rank": null, "stage": "human_pop_rollout", "timeout_sec": 30.0, "ts": "2026-10-04 13:30:07"}
[DBG] {"category": "QUEUE", "component": "ray", "elapsed_sec": 0.007805, "event": "END:human_pop_rollout", "host": "d6b2a058c4be", "pid": 69611, "rank": null, "ts": "2026-10-04 13:30:07"}
[DBG] {"category": "QUEUE", "component": "ray", "event": "BEGIN:human_pop_rollout", "host": "d6b2a058c4be", "pid": 69611, "rank": null, "ts": "2026-10-04 13:30:08"}
[DBG] {"category": "QUEUE", "component": "ray", "event": "watchdog_armed", "host": "d6b2a058c4be", "pid": 69611, "rank": null, "stage": "human_pop_rollout", "timeout_sec": 30.0, "ts": "2026-10-04 13:30:08"}
[DBG] {"category": "QUEUE", "component": "ray", "elapsed_sec": 0.007819, "event": "END:human_pop_rollout", "host": "d6b2a058c4be", "pid": 69611, "rank": null, "ts": "2026-10-04 13:30:08"}
[DBG] {"category": "QUEUE", "component": "ray", "event": "BEGIN:human_pop_rollout", "host": "d6b2a058c4be", "pid": 69611, "rank": null, "ts": "2026-10-04 13:30:08"}
[DBG] {"category": "QUEUE", "component": "ray", "event": "watchdog_armed", "host": "d6b2a058c4be", "pid": 69611, "rank": null, "stage": "human_pop_rollout", "timeout_sec": 30.0, "ts": "2026-10-04 13:30:08"}
[DBG] {"category": "QUEUE", "component": "ray", "elapsed_sec": 0.007457, "event": "END:human_pop_rollout", "host": "d6b2a058c4be", "pid": 69611, "rank": null, "ts": "2026-10-04 13:30:08"}
[DBG] {"category": "QUEUE", "component": "ray", "event": "BEGIN:human_pop_rollout", "host": "d6b2a058c4be", "pid": 69611, "rank": null, "ts": "2026-10-04 13:30:08"}
[DBG] {"category": "QUEUE", "component": "ray", "event": "watchdog_armed", "host": "d6b2a058c4be", "pid": 69611, "rank": null, "stage": "human_pop_rollout", "timeout_sec": 30.0, "ts": "2026-10-04 13:30:08"}
[DBG] {"category": "QUEUE", "component": "ray", "elapsed_sec": 0.006527, "event": "END:human_pop_rollout", "host": "d6b2a058c4be", "pid": 69611, "rank": null, "ts": "2026-10-04 13:30:08"}
[DBG] {"category": "QUEUE", "component": "ray", "event": "BEGIN:human_pop_rollout", "host": "d6b2a058c4be", "pid": 69611, "rank": null, "ts": "2026-10-04 13:30:08"}
[DBG] {"category": "QUEUE", "component": "ray", "event": "watchdog_armed", "host": "d6b2a058c4be", "pid": 69611, "rank": null, "stage": "human_pop_rollout", "timeout_sec": 30.0, "ts": "2026-10-04 13:30:08"}
[DBG] {"category": "QUEUE", "component": "ray", "elapsed_sec": 0.005358, "event": "END:human_pop_rollout", "host": "d6b2a058c4be", "pid": 69611, "rank": null, "ts": "2026-10-04 13:30:08"}
[DBG] {"category": "QUEUE", "component": "ray", "event": "BEGIN:human_pop_rollout", "host": "d6b2a058c4be", "pid": 69611, "rank": null, "ts": "2026-10-04 13:30:08"}
[DBG] {"category": "QUEUE", "component": "ray", "event": "watchdog_armed", "host": "d6b2a058c4be", "pid": 69611, "rank": null, "stage": "human_pop_rollout", "timeout_sec": 30.0, "ts": "2026-10-04 13:30:08"}
[DBG] {"category": "QUEUE", "component": "ray", "elapsed_sec": 0.005499, "event": "END:human_pop_rollout", "host": "d6b2a058c4be", "pid": 69611, "rank": null, "ts": "2026-10-04 13:30:08"}
[DBG] {"category": "QUEUE", "component": "ray", "event": "BEGIN:human_pop_rollout", "host": "d6b2a058c4be", "pid": 69611, "rank": null, "ts": "2026-10-04 13:30:09"}
[DBG] {"category": "QUEUE", "component": "ray", "event": "watchdog_armed", "host": "d6b2a058c4be", "pid": 69611, "rank": null, "stage": "human_pop_rollout", "timeout_sec": 30.0, "ts": "2026-10-04 13:30:09"}
[DBG] {"category": "QUEUE", "component": "ray", "elapsed_sec": 0.010475, "event": "END:human_pop_rollout", "host": "d6b2a058c4be", "pid": 69611, "rank": null, "ts": "2026-10-04 13:30:09"}
[DBG] {"category": "QUEUE", "component": "ray", "event": "BEGIN:human_pop_rollout", "host": "d6b2a058c4be", "pid": 69611, "rank": null, "ts": "2026-10-04 13:30:09"}
[DBG] {"category": "QUEUE", "component": "ray", "event": "watchdog_armed", "host": "d6b2a058c4be", "pid": 69611, "rank": null, "stage": "human_pop_rollout", "timeout_sec": 30.0, "ts": "2026-10-04 13:30:09"}
[DBG] {"category": "QUEUE", "component": "ray", "elapsed_sec": 0.005848, "event": "END:human_pop_rollout", "host": "d6b2a058c4be", "pid": 69611, "rank": null, "ts": "2026-10-04 13:30:09"}
[DBG] {"category": "QUEUE", "component": "ray", "event": "BEGIN:human_pop_rollout", "host": "d6b2a058c4be", "pid": 69611, "rank": null, "ts": "2026-10-04 13:30:09"}
[DBG] {"category": "QUEUE", "component": "ray", "event": "watchdog_armed", "host": "d6b2a058c4be", "pid": 69611, "rank": null, "stage": "human_pop_rollout", "timeout_sec": 30.0, "ts": "2026-10-04 13:30:09"}
[DBG] {"category": "QUEUE", "component": "ray", "elapsed_sec": 0.006468, "event": "END:human_pop_rollout", "host": "d6b2a058c4be", "pid": 69611, "rank": null, "ts": "2026-10-04 13:30:09"}
[DBG] {"category": "QUEUE", "component": "ray", "event": "BEGIN:human_pop_rollout", "host": "d6b2a058c4be", "pid": 69611, "rank": null, "ts": "2026-10-04 13:30:09"}
[DBG] {"category": "QUEUE", "component": "ray", "event": "watchdog_armed", "host": "d6b2a058c4be", "pid": 69611, "rank": null, "stage": "human_pop_rollout", "timeout_sec": 30.0, "ts": "2026-10-04 13:30:09"}
[DBG] {"category": "QUEUE", "component": "ray", "elapsed_sec": 0.067976, "event": "END:human_pop_rollout", "host": "d6b2a058c4be", "pid": 69611, "rank": null, "ts": "2026-10-04 13:30:09"}
[DBG] {"category": "QUEUE", "component": "ray", "event": "human_group_received", "group_id": "8a478910b38c4466bab6c143540269bb", "host": "d6b2a058c4be", "pid": 69611, "rank": null, "ts": "2026-10-04 13:30:09"}
[DBG] {"category": "RAY", "component": "ray", "event": "human_prompt_begin", "group_id": "8a478910b38c4466bab6c143540269bb", "host": "d6b2a058c4be", "pid": 69611, "rank": null, "ts": "2026-10-04 13:30:09"}
[DBG] {"category": "RAY", "component": "ray", "event": "human_prompt_end", "group_id": "8a478910b38c4466bab6c143540269bb", "host": "d6b2a058c4be", "pid": 69611, "rank": null, "ts": "2026-10-04 13:30:39"}
[DBG] {"category": "QUEUE", "component": "ray", "event": "BEGIN:human_put_preference", "group_id": "8a478910b38c4466bab6c143540269bb", "host": "d6b2a058c4be", "pid": 69611, "rank": null, "ts": "2026-10-04 13:30:39"}
[DBG] {"category": "QUEUE", "component": "ray", "event": "watchdog_armed", "host": "d6b2a058c4be", "pid": 69611, "rank": null, "stage": "human_put_preference", "timeout_sec": 30.0, "ts": "2026-10-04 13:30:39"}
[DBG] {"category": "QUEUE", "component": "ray", "elapsed_sec": 0.036743, "event": "END:human_put_preference", "host": "d6b2a058c4be", "pid": 69611, "rank": null, "ts": "2026-10-04 13:30:39"}
[DBG] {"category": "QUEUE", "component": "ray", "event": "preference_selected", "group_id": "8a478910b38c4466bab6c143540269bb", "host": "d6b2a058c4be", "pid": 69611, "preference_pending": 1, "rank": null, "selected": 1, "ts": "2026-10-04 13:30:39"}
[DBG] {"axis/human_groups": 1, "category": "QUEUE", "component": "ray", "data/candidate_all": 1, "data/candidate_lgbm_agree": 0, "data/candidate_lgbm_only": 0, "data/candidate_neural_agree": 0, "data/candidate_neural_only": 0, "data/candidate_triple_agree": 0, "data/selected_pairs": 1, "data/selection_rate": 1.0, "event": "pipeline_metrics", "host": "d6b2a058c4be", "pid": 69611, "queue/preference": 1, "queue/rollout": 9, "rank": null, "ts": "2026-10-04 13:30:39"}
[DBG] {"category": "QUEUE", "component": "ray", "event": "BEGIN:human_pop_rollout", "host": "d6b2a058c4be", "pid": 69611, "rank": null, "ts": "2026-10-04 13:30:39"}
[DBG] {"category": "QUEUE", "component": "ray", "event": "watchdog_armed", "host": "d6b2a058c4be", "pid": 69611, "rank": null, "stage": "human_pop_rollout", "timeout_sec": 30.0, "ts": "2026-10-04 13:30:39"}
[DBG] {"category": "QUEUE", "component": "ray", "elapsed_sec": 0.048827, "event": "END:human_pop_rollout", "host": "d6b2a058c4be", "pid": 69611, "rank": null, "ts": "2026-10-04 13:30:39"}
[DBG] {"category": "QUEUE", "component": "ray", "event": "human_group_received", "group_id": "6f834de7bff14e619df5c9668deaa62f", "host": "d6b2a058c4be", "pid": 69611, "rank": null, "ts": "2026-10-04 13:30:39"}
[DBG] {"category": "RAY", "component": "ray", "event": "human_prompt_begin", "group_id": "6f834de7bff14e619df5c9668deaa62f", "host": "d6b2a058c4be", "pid": 69611, "rank": null, "ts": "2026-10-04 13:30:39"}
[DBG] {"category": "RAY", "component": "ray", "event": "human_prompt_end", "group_id": "6f834de7bff14e619df5c9668deaa62f", "host": "d6b2a058c4be", "pid": 69611, "rank": null, "ts": "2026-10-04 13:30:41"}
[DBG] {"category": "QUEUE", "component": "ray", "event": "BEGIN:human_put_preference", "group_id": "6f834de7bff14e619df5c9668deaa62f", "host": "d6b2a058c4be", "pid": 69611, "rank": null, "ts": "2026-10-04 13:30:41"}
[DBG] {"category": "QUEUE", "component": "ray", "event": "watchdog_armed", "host": "d6b2a058c4be", "pid": 69611, "rank": null, "stage": "human_put_preference", "timeout_sec": 30.0, "ts": "2026-10-04 13:30:41"}
[DBG] {"category": "QUEUE", "component": "ray", "elapsed_sec": 0.035228, "event": "END:human_put_preference", "host": "d6b2a058c4be", "pid": 69611, "rank": null, "ts": "2026-10-04 13:30:41"}
[DBG] {"category": "QUEUE", "component": "ray", "event": "preference_selected", "group_id": "6f834de7bff14e619df5c9668deaa62f", "host": "d6b2a058c4be", "pid": 69611, "preference_pending": 2, "rank": null, "selected": 2, "ts": "2026-10-04 13:30:41"}
[DBG] {"axis/human_groups": 2, "category": "QUEUE", "component": "ray", "data/candidate_all": 2, "data/candidate_lgbm_agree": 0, "data/candidate_lgbm_only": 0, "data/candidate_neural_agree": 0, "data/candidate_neural_only": 0, "data/candidate_triple_agree": 0, "data/selected_pairs": 2, "data/selection_rate": 1.0, "event": "pipeline_metrics", "host": "d6b2a058c4be", "pid": 69611, "queue/preference": 2, "queue/rollout": 8, "rank": null, "ts": "2026-10-04 13:30:41"}
[DBG] {"category": "QUEUE", "component": "ray", "event": "BEGIN:human_pop_rollout", "host": "d6b2a058c4be", "pid": 69611, "rank": null, "ts": "2026-10-04 13:30:41"}
[DBG] {"category": "QUEUE", "component": "ray", "event": "watchdog_armed", "host": "d6b2a058c4be", "pid": 69611, "rank": null, "stage": "human_pop_rollout", "timeout_sec": 30.0, "ts": "2026-10-04 13:30:41"}
[DBG] {"category": "QUEUE", "component": "ray", "elapsed_sec": 0.049812, "event": "END:human_pop_rollout", "host": "d6b2a058c4be", "pid": 69611, "rank": null, "ts": "2026-10-04 13:30:41"}
[DBG] {"category": "QUEUE", "component": "ray", "event": "human_group_received", "group_id": "f949ffc9abe049968a5ba765a9b3e724", "host": "d6b2a058c4be", "pid": 69611, "rank": null, "ts": "2026-10-04 13:30:41"}
[DBG] {"category": "RAY", "component": "ray", "event": "human_prompt_begin", "group_id": "f949ffc9abe049968a5ba765a9b3e724", "host": "d6b2a058c4be", "pid": 69611, "rank": null, "ts": "2026-10-04 13:30:41"}
[DBG] {"category": "RAY", "component": "ray", "event": "human_prompt_end", "group_id": "f949ffc9abe049968a5ba765a9b3e724", "host": "d6b2a058c4be", "pid": 69611, "rank": null, "ts": "2026-10-04 13:30:42"}
[DBG] {"category": "QUEUE", "component": "ray", "event": "BEGIN:human_put_preference", "group_id": "f949ffc9abe049968a5ba765a9b3e724", "host": "d6b2a058c4be", "pid": 69611, "rank": null, "ts": "2026-10-04 13:30:42"}
[DBG] {"category": "QUEUE", "component": "ray", "event": "watchdog_armed", "host": "d6b2a058c4be", "pid": 69611, "rank": null, "stage": "human_put_preference", "timeout_sec": 30.0, "ts": "2026-10-04 13:30:42"}
[DBG] {"category": "QUEUE", "component": "ray", "elapsed_sec": 0.033666, "event": "END:human_put_preference", "host": "d6b2a058c4be", "pid": 69611, "rank": null, "ts": "2026-10-04 13:30:42"}
[DBG] {"category": "QUEUE", "component": "ray", "event": "preference_selected", "group_id": "f949ffc9abe049968a5ba765a9b3e724", "host": "d6b2a058c4be", "pid": 69611, "preference_pending": 3, "rank": null, "selected": 3, "ts": "2026-10-04 13:30:42"}
[DBG] {"axis/human_groups": 3, "category": "QUEUE", "component": "ray", "data/candidate_all": 3, "data/candidate_lgbm_agree": 0, "data/candidate_lgbm_only": 0, "data/candidate_neural_agree": 0, "data/candidate_neural_only": 0, "data/candidate_triple_agree": 0, "data/selected_pairs": 3, "data/selection_rate": 1.0, "event": "pipeline_metrics", "host": "d6b2a058c4be", "pid": 69611, "queue/preference": 3, "queue/rollout": 9, "rank": null, "ts": "2026-10-04 13:30:42"}
[DBG] {"category": "QUEUE", "component": "ray", "event": "BEGIN:human_pop_rollout", "host": "d6b2a058c4be", "pid": 69611, "rank": null, "ts": "2026-10-04 13:30:42"}
[DBG] {"category": "QUEUE", "component": "ray", "event": "watchdog_armed", "host": "d6b2a058c4be", "pid": 69611, "rank": null, "stage": "human_pop_rollout", "timeout_sec": 30.0, "ts": "2026-10-04 13:30:42"}
[DBG] {"category": "QUEUE", "component": "ray", "elapsed_sec": 0.049228, "event": "END:human_pop_rollout", "host": "d6b2a058c4be", "pid": 69611, "rank": null, "ts": "2026-10-04 13:30:42"}
[DBG] {"category": "QUEUE", "component": "ray", "event": "human_group_received", "group_id": "82dd36926d8648ecb18b5eb44f7cd4bc", "host": "d6b2a058c4be", "pid": 69611, "rank": null, "ts": "2026-10-04 13:30:42"}
[DBG] {"category": "RAY", "component": "ray", "event": "human_prompt_begin", "group_id": "82dd36926d8648ecb18b5eb44f7cd4bc", "host": "d6b2a058c4be", "pid": 69611, "rank": null, "ts": "2026-10-04 13:30:42"}
[DBG] {"category": "RAY", "component": "ray", "event": "human_prompt_end", "group_id": "82dd36926d8648ecb18b5eb44f7cd4bc", "host": "d6b2a058c4be", "pid": 69611, "rank": null, "ts": "2026-10-04 13:30:43"}
[DBG] {"category": "QUEUE", "component": "ray", "event": "BEGIN:human_put_preference", "group_id": "82dd36926d8648ecb18b5eb44f7cd4bc", "host": "d6b2a058c4be", "pid": 69611, "rank": null, "ts": "2026-10-04 13:30:43"}
[DBG] {"category": "QUEUE", "component": "ray", "event": "watchdog_armed", "host": "d6b2a058c4be", "pid": 69611, "rank": null, "stage": "human_put_preference", "timeout_sec": 30.0, "ts": "2026-10-04 13:30:43"}
[DBG] {"category": "QUEUE", "component": "ray", "elapsed_sec": 0.03377, "event": "END:human_put_preference", "host": "d6b2a058c4be", "pid": 69611, "rank": null, "ts": "2026-10-04 13:30:43"}
[DBG] {"category": "QUEUE", "component": "ray", "event": "preference_selected", "group_id": "82dd36926d8648ecb18b5eb44f7cd4bc", "host": "d6b2a058c4be", "pid": 69611, "preference_pending": 4, "rank": null, "selected": 4, "ts": "2026-10-04 13:30:43"}
[DBG] {"axis/human_groups": 4, "category": "QUEUE", "component": "ray", "data/candidate_all": 4, "data/candidate_lgbm_agree": 0, "data/candidate_lgbm_only": 0, "data/candidate_neural_agree": 0, "data/candidate_neural_only": 0, "data/candidate_triple_agree": 0, "data/selected_pairs": 4, "data/selection_rate": 1.0, "event": "pipeline_metrics", "host": "d6b2a058c4be", "pid": 69611, "queue/preference": 4, "queue/rollout": 8, "rank": null, "ts": "2026-10-04 13:30:43"}
[DBG] {"category": "QUEUE", "component": "ray", "event": "BEGIN:human_pop_rollout", "host": "d6b2a058c4be", "pid": 69611, "rank": null, "ts": "2026-10-04 13:30:43"}
[DBG] {"category": "QUEUE", "component": "ray", "event": "watchdog_armed", "host": "d6b2a058c4be", "pid": 69611, "rank": null, "stage": "human_pop_rollout", "timeout_sec": 30.0, "ts": "2026-10-04 13:30:43"}
[DBG] {"category": "QUEUE", "component": "ray", "elapsed_sec": 0.049267, "event": "END:human_pop_rollout", "host": "d6b2a058c4be", "pid": 69611, "rank": null, "ts": "2026-10-04 13:30:43"}
[DBG] {"category": "QUEUE", "component": "ray", "event": "human_group_received", "group_id": "901884849c524a7e91fe6beb33cfc02e", "host": "d6b2a058c4be", "pid": 69611, "rank": null, "ts": "2026-10-04 13:30:43"}
[DBG] {"category": "RAY", "component": "ray", "event": "human_prompt_begin", "group_id": "901884849c524a7e91fe6beb33cfc02e", "host": "d6b2a058c4be", "pid": 69611, "rank": null, "ts": "2026-10-04 13:30:43"}
[DBG] {"category": "RAY", "component": "ray", "event": "human_prompt_end", "group_id": "901884849c524a7e91fe6beb33cfc02e", "host": "d6b2a058c4be", "pid": 69611, "rank": null, "ts": "2026-10-04 13:30:44"}
[DBG] {"category": "QUEUE", "component": "ray", "event": "BEGIN:human_put_preference", "group_id": "901884849c524a7e91fe6beb33cfc02e", "host": "d6b2a058c4be", "pid": 69611, "rank": null, "ts": "2026-10-04 13:30:44"}
[DBG] {"category": "QUEUE", "component": "ray", "event": "watchdog_armed", "host": "d6b2a058c4be", "pid": 69611, "rank": null, "stage": "human_put_preference", "timeout_sec": 30.0, "ts": "2026-10-04 13:30:44"}
[DBG] {"category": "QUEUE", "component": "ray", "elapsed_sec": 0.031755, "event": "END:human_put_preference", "host": "d6b2a058c4be", "pid": 69611, "rank": null, "ts": "2026-10-04 13:30:44"}
[DBG] {"category": "QUEUE", "component": "ray", "event": "preference_selected", "group_id": "901884849c524a7e91fe6beb33cfc02e", "host": "d6b2a058c4be", "pid": 69611, "preference_pending": 5, "rank": null, "selected": 5, "ts": "2026-10-04 13:30:44"}
[DBG] {"axis/human_groups": 5, "category": "QUEUE", "component": "ray", "data/candidate_all": 5, "data/candidate_lgbm_agree": 0, "data/candidate_lgbm_only": 0, "data/candidate_neural_agree": 0, "data/candidate_neural_only": 0, "data/candidate_triple_agree": 0, "data/selected_pairs": 5, "data/selection_rate": 1.0, "event": "pipeline_metrics", "host": "d6b2a058c4be", "pid": 69611, "queue/preference": 5, "queue/rollout": 9, "rank": null, "ts": "2026-10-04 13:30:44"}
[DBG] {"category": "QUEUE", "component": "ray", "event": "BEGIN:human_pop_rollout", "host": "d6b2a058c4be", "pid": 69611, "rank": null, "ts": "2026-10-04 13:30:44"}
[DBG] {"category": "QUEUE", "component": "ray", "event": "watchdog_armed", "host": "d6b2a058c4be", "pid": 69611, "rank": null, "stage": "human_pop_rollout", "timeout_sec": 30.0, "ts": "2026-10-04 13:30:44"}
[DBG] {"category": "QUEUE", "component": "ray", "elapsed_sec": 0.045811, "event": "END:human_pop_rollout", "host": "d6b2a058c4be", "pid": 69611, "rank": null, "ts": "2026-10-04 13:30:44"}
[DBG] {"category": "QUEUE", "component": "ray", "event": "human_group_received", "group_id": "d25994699968432b9753a3a11e1233d6", "host": "d6b2a058c4be", "pid": 69611, "rank": null, "ts": "2026-10-04 13:30:44"}
[DBG] {"category": "RAY", "component": "ray", "event": "human_prompt_begin", "group_id": "d25994699968432b9753a3a11e1233d6", "host": "d6b2a058c4be", "pid": 69611, "rank": null, "ts": "2026-10-04 13:30:44"}
[DBG] {"category": "RAY", "component": "ray", "event": "human_prompt_end", "group_id": "d25994699968432b9753a3a11e1233d6", "host": "d6b2a058c4be", "pid": 69611, "rank": null, "ts": "2026-10-04 13:30:44"}
[DBG] {"category": "QUEUE", "component": "ray", "event": "BEGIN:human_put_preference", "group_id": "d25994699968432b9753a3a11e1233d6", "host": "d6b2a058c4be", "pid": 69611, "rank": null, "ts": "2026-10-04 13:30:44"}
[DBG] {"category": "QUEUE", "component": "ray", "event": "watchdog_armed", "host": "d6b2a058c4be", "pid": 69611, "rank": null, "stage": "human_put_preference", "timeout_sec": 30.0, "ts": "2026-10-04 13:30:44"}
[DBG] {"category": "QUEUE", "component": "ray", "elapsed_sec": 0.029995, "event": "END:human_put_preference", "host": "d6b2a058c4be", "pid": 69611, "rank": null, "ts": "2026-10-04 13:30:44"}
[DBG] {"category": "QUEUE", "component": "ray", "event": "preference_selected", "group_id": "d25994699968432b9753a3a11e1233d6", "host": "d6b2a058c4be", "pid": 69611, "preference_pending": 6, "rank": null, "selected": 6, "ts": "2026-10-04 13:30:44"}
[DBG] {"axis/human_groups": 6, "category": "QUEUE", "component": "ray", "data/candidate_all": 6, "data/candidate_lgbm_agree": 0, "data/candidate_lgbm_only": 0, "data/candidate_neural_agree": 0, "data/candidate_neural_only": 0, "data/candidate_triple_agree": 0, "data/selected_pairs": 6, "data/selection_rate": 1.0, "event": "pipeline_metrics", "host": "d6b2a058c4be", "pid": 69611, "queue/preference": 6, "queue/rollout": 8, "rank": null, "ts": "2026-10-04 13:30:44"}
[DBG] {"category": "QUEUE", "component": "ray", "event": "BEGIN:human_pop_rollout", "host": "d6b2a058c4be", "pid": 69611, "rank": null, "ts": "2026-10-04 13:30:44"}
[DBG] {"category": "QUEUE", "component": "ray", "event": "watchdog_armed", "host": "d6b2a058c4be", "pid": 69611, "rank": null, "stage": "human_pop_rollout", "timeout_sec": 30.0, "ts": "2026-10-04 13:30:44"}
[DBG] {"category": "QUEUE", "component": "ray", "elapsed_sec": 0.046983, "event": "END:human_pop_rollout", "host": "d6b2a058c4be", "pid": 69611, "rank": null, "ts": "2026-10-04 13:30:44"}
[DBG] {"category": "QUEUE", "component": "ray", "event": "human_group_received", "group_id": "6faf34857fa4493aa57774fa6a1f85fe", "host": "d6b2a058c4be", "pid": 69611, "rank": null, "ts": "2026-10-04 13:30:44"}
[DBG] {"category": "RAY", "component": "ray", "event": "human_prompt_begin", "group_id": "6faf34857fa4493aa57774fa6a1f85fe", "host": "d6b2a058c4be", "pid": 69611, "rank": null, "ts": "2026-10-04 13:30:44"}
[DBG] {"category": "RAY", "component": "ray", "event": "human_prompt_end", "group_id": "6faf34857fa4493aa57774fa6a1f85fe", "host": "d6b2a058c4be", "pid": 69611, "rank": null, "ts": "2026-10-04 13:30:45"}
[DBG] {"category": "QUEUE", "component": "ray", "event": "BEGIN:human_put_preference", "group_id": "6faf34857fa4493aa57774fa6a1f85fe", "host": "d6b2a058c4be", "pid": 69611, "rank": null, "ts": "2026-10-04 13:30:45"}
[DBG] {"category": "QUEUE", "component": "ray", "event": "watchdog_armed", "host": "d6b2a058c4be", "pid": 69611, "rank": null, "stage": "human_put_preference", "timeout_sec": 30.0, "ts": "2026-10-04 13:30:45"}
[DBG] {"category": "QUEUE", "component": "ray", "elapsed_sec": 0.030796, "event": "END:human_put_preference", "host": "d6b2a058c4be", "pid": 69611, "rank": null, "ts": "2026-10-04 13:30:45"}
[DBG] {"category": "QUEUE", "component": "ray", "event": "preference_selected", "group_id": "6faf34857fa4493aa57774fa6a1f85fe", "host": "d6b2a058c4be", "pid": 69611, "preference_pending": 7, "rank": null, "selected": 7, "ts": "2026-10-04 13:30:45"}
[DBG] {"axis/human_groups": 7, "category": "QUEUE", "component": "ray", "data/candidate_all": 7, "data/candidate_lgbm_agree": 0, "data/candidate_lgbm_only": 0, "data/candidate_neural_agree": 0, "data/candidate_neural_only": 0, "data/candidate_triple_agree": 0, "data/selected_pairs": 7, "data/selection_rate": 1.0, "event": "pipeline_metrics", "host": "d6b2a058c4be", "pid": 69611, "queue/preference": 7, "queue/rollout": 9, "rank": null, "ts": "2026-10-04 13:30:45"}
[DBG] {"category": "QUEUE", "component": "ray", "event": "BEGIN:human_pop_rollout", "host": "d6b2a058c4be", "pid": 69611, "rank": null, "ts": "2026-10-04 13:30:45"}
[DBG] {"category": "QUEUE", "component": "ray", "event": "watchdog_armed", "host": "d6b2a058c4be", "pid": 69611, "rank": null, "stage": "human_pop_rollout", "timeout_sec": 30.0, "ts": "2026-10-04 13:30:45"}
[DBG] {"category": "QUEUE", "component": "ray", "elapsed_sec": 0.046597, "event": "END:human_pop_rollout", "host": "d6b2a058c4be", "pid": 69611, "rank": null, "ts": "2026-10-04 13:30:45"}
[DBG] {"category": "QUEUE", "component": "ray", "event": "human_group_received", "group_id": "ce3631dac8f84bc294a601a57011da0d", "host": "d6b2a058c4be", "pid": 69611, "rank": null, "ts": "2026-10-04 13:30:45"}
[DBG] {"category": "RAY", "component": "ray", "event": "human_prompt_begin", "group_id": "ce3631dac8f84bc294a601a57011da0d", "host": "d6b2a058c4be", "pid": 69611, "rank": null, "ts": "2026-10-04 13:30:45"}
[DBG] {"category": "RAY", "component": "ray", "event": "human_prompt_end", "group_id": "ce3631dac8f84bc294a601a57011da0d", "host": "d6b2a058c4be", "pid": 69611, "rank": null, "ts": "2026-10-04 13:30:46"}
[DBG] {"category": "QUEUE", "component": "ray", "event": "BEGIN:human_put_preference", "group_id": "ce3631dac8f84bc294a601a57011da0d", "host": "d6b2a058c4be", "pid": 69611, "rank": null, "ts": "2026-10-04 13:30:46"}
[DBG] {"category": "QUEUE", "component": "ray", "event": "watchdog_armed", "host": "d6b2a058c4be", "pid": 69611, "rank": null, "stage": "human_put_preference", "timeout_sec": 30.0, "ts": "2026-10-04 13:30:46"}
[DBG] {"category": "QUEUE", "component": "ray", "elapsed_sec": 0.031266, "event": "END:human_put_preference", "host": "d6b2a058c4be", "pid": 69611, "rank": null, "ts": "2026-10-04 13:30:46"}
[DBG] {"category": "QUEUE", "component": "ray", "event": "preference_selected", "group_id": "ce3631dac8f84bc294a601a57011da0d", "host": "d6b2a058c4be", "pid": 69611, "preference_pending": 8, "rank": null, "selected": 8, "ts": "2026-10-04 13:30:46"}
[DBG] {"axis/human_groups": 8, "category": "QUEUE", "component": "ray", "data/candidate_all": 8, "data/candidate_lgbm_agree": 0, "data/candidate_lgbm_only": 0, "data/candidate_neural_agree": 0, "data/candidate_neural_only": 0, "data/candidate_triple_agree": 0, "data/selected_pairs": 8, "data/selection_rate": 1.0, "event": "pipeline_metrics", "host": "d6b2a058c4be", "pid": 69611, "queue/preference": 8, "queue/rollout": 8, "rank": null, "ts": "2026-10-04 13:30:46"}
[DBG] {"category": "QUEUE", "component": "ray", "event": "BEGIN:human_pop_rollout", "host": "d6b2a058c4be", "pid": 69611, "rank": null, "ts": "2026-10-04 13:30:46"}
[DBG] {"category": "QUEUE", "component": "ray", "event": "watchdog_armed", "host": "d6b2a058c4be", "pid": 69611, "rank": null, "stage": "human_pop_rollout", "timeout_sec": 30.0, "ts": "2026-10-04 13:30:46"}
[DBG] {"category": "QUEUE", "component": "ray", "elapsed_sec": 0.048413, "event": "END:human_pop_rollout", "host": "d6b2a058c4be", "pid": 69611, "rank": null, "ts": "2026-10-04 13:30:46"}
[DBG] {"category": "QUEUE", "component": "ray", "event": "human_group_received", "group_id": "16d511f212a54d33a0892056a18f3ba7", "host": "d6b2a058c4be", "pid": 69611, "rank": null, "ts": "2026-10-04 13:30:46"}
[DBG] {"category": "RAY", "component": "ray", "event": "human_prompt_begin", "group_id": "16d511f212a54d33a0892056a18f3ba7", "host": "d6b2a058c4be", "pid": 69611, "rank": null, "ts": "2026-10-04 13:30:46"}
[DBG] {"category": "RAY", "component": "ray", "event": "human_prompt_end", "group_id": "16d511f212a54d33a0892056a18f3ba7", "host": "d6b2a058c4be", "pid": 69611, "rank": null, "ts": "2026-10-04 13:30:47"}
[DBG] {"category": "QUEUE", "component": "ray", "event": "BEGIN:human_put_preference", "group_id": "16d511f212a54d33a0892056a18f3ba7", "host": "d6b2a058c4be", "pid": 69611, "rank": null, "ts": "2026-10-04 13:30:47"}
[DBG] {"category": "QUEUE", "component": "ray", "event": "watchdog_armed", "host": "d6b2a058c4be", "pid": 69611, "rank": null, "stage": "human_put_preference", "timeout_sec": 30.0, "ts": "2026-10-04 13:30:47"}
[DBG] {"category": "QUEUE", "component": "ray", "elapsed_sec": 0.031122, "event": "END:human_put_preference", "host": "d6b2a058c4be", "pid": 69611, "rank": null, "ts": "2026-10-04 13:30:47"}
[DBG] {"category": "QUEUE", "component": "ray", "event": "preference_selected", "group_id": "16d511f212a54d33a0892056a18f3ba7", "host": "d6b2a058c4be", "pid": 69611, "preference_pending": 9, "rank": null, "selected": 9, "ts": "2026-10-04 13:30:47"}
[DBG] {"axis/human_groups": 9, "category": "QUEUE", "component": "ray", "data/candidate_all": 9, "data/candidate_lgbm_agree": 0, "data/candidate_lgbm_only": 0, "data/candidate_neural_agree": 0, "data/candidate_neural_only": 0, "data/candidate_triple_agree": 0, "data/selected_pairs": 9, "data/selection_rate": 1.0, "event": "pipeline_metrics", "host": "d6b2a058c4be", "pid": 69611, "queue/preference": 9, "queue/rollout": 9, "rank": null, "ts": "2026-10-04 13:30:47"}
[DBG] {"category": "QUEUE", "component": "ray", "event": "BEGIN:human_pop_rollout", "host": "d6b2a058c4be", "pid": 69611, "rank": null, "ts": "2026-10-04 13:30:47"}
[DBG] {"category": "QUEUE", "component": "ray", "event": "watchdog_armed", "host": "d6b2a058c4be", "pid": 69611, "rank": null, "stage": "human_pop_rollout", "timeout_sec": 30.0, "ts": "2026-10-04 13:30:47"}
[DBG] {"category": "QUEUE", "component": "ray", "elapsed_sec": 0.0487, "event": "END:human_pop_rollout", "host": "d6b2a058c4be", "pid": 69611, "rank": null, "ts": "2026-10-04 13:30:47"}
[DBG] {"category": "QUEUE", "component": "ray", "event": "human_group_received", "group_id": "0044eb6aaa304f699b2e512c1d2be13d", "host": "d6b2a058c4be", "pid": 69611, "rank": null, "ts": "2026-10-04 13:30:47"}
[DBG] {"category": "RAY", "component": "ray", "event": "human_prompt_begin", "group_id": "0044eb6aaa304f699b2e512c1d2be13d", "host": "d6b2a058c4be", "pid": 69611, "rank": null, "ts": "2026-10-04 13:30:47"}
[DBG] {"category": "RAY", "component": "ray", "event": "human_prompt_end", "group_id": "0044eb6aaa304f699b2e512c1d2be13d", "host": "d6b2a058c4be", "pid": 69611, "rank": null, "ts": "2026-10-04 13:30:48"}
[DBG] {"category": "QUEUE", "component": "ray", "event": "BEGIN:human_put_preference", "group_id": "0044eb6aaa304f699b2e512c1d2be13d", "host": "d6b2a058c4be", "pid": 69611, "rank": null, "ts": "2026-10-04 13:30:48"}
[DBG] {"category": "QUEUE", "component": "ray", "event": "watchdog_armed", "host": "d6b2a058c4be", "pid": 69611, "rank": null, "stage": "human_put_preference", "timeout_sec": 30.0, "ts": "2026-10-04 13:30:48"}
[DBG] {"category": "QUEUE", "component": "ray", "elapsed_sec": 0.032231, "event": "END:human_put_preference", "host": "d6b2a058c4be", "pid": 69611, "rank": null, "ts": "2026-10-04 13:30:48"}
[DBG] {"category": "QUEUE", "component": "ray", "event": "preference_selected", "group_id": "0044eb6aaa304f699b2e512c1d2be13d", "host": "d6b2a058c4be", "pid": 69611, "preference_pending": 10, "rank": null, "selected": 10, "ts": "2026-10-04 13:30:48"}
[DBG] {"axis/human_groups": 10, "category": "QUEUE", "component": "ray", "data/candidate_all": 10, "data/candidate_lgbm_agree": 0, "data/candidate_lgbm_only": 0, "data/candidate_neural_agree": 0, "data/candidate_neural_only": 0, "data/candidate_triple_agree": 0, "data/selected_pairs": 10, "data/selection_rate": 1.0, "event": "pipeline_metrics", "host": "d6b2a058c4be", "pid": 69611, "queue/preference": 10, "queue/rollout": 8, "rank": null, "ts": "2026-10-04 13:30:48"}
[DBG] {"category": "QUEUE", "component": "ray", "event": "BEGIN:human_pop_rollout", "host": "d6b2a058c4be", "pid": 69611, "rank": null, "ts": "2026-10-04 13:30:48"}
[DBG] {"category": "QUEUE", "component": "ray", "event": "watchdog_armed", "host": "d6b2a058c4be", "pid": 69611, "rank": null, "stage": "human_pop_rollout", "timeout_sec": 30.0, "ts": "2026-10-04 13:30:48"}
[DBG] {"category": "QUEUE", "component": "ray", "elapsed_sec": 0.047928, "event": "END:human_pop_rollout", "host": "d6b2a058c4be", "pid": 69611, "rank": null, "ts": "2026-10-04 13:30:48"}
[DBG] {"category": "QUEUE", "component": "ray", "event": "human_group_received", "group_id": "fa282ebd87e64dc3aa7e302d43eedc9b", "host": "d6b2a058c4be", "pid": 69611, "rank": null, "ts": "2026-10-04 13:30:48"}
[DBG] {"category": "RAY", "component": "ray", "event": "human_prompt_begin", "group_id": "fa282ebd87e64dc3aa7e302d43eedc9b", "host": "d6b2a058c4be", "pid": 69611, "rank": null, "ts": "2026-10-04 13:30:48"}
[DBG] {"category": "RAY", "component": "ray", "event": "human_prompt_end", "group_id": "fa282ebd87e64dc3aa7e302d43eedc9b", "host": "d6b2a058c4be", "pid": 69611, "rank": null, "ts": "2026-10-04 13:30:48"}
[DBG] {"category": "QUEUE", "component": "ray", "event": "BEGIN:human_put_preference", "group_id": "fa282ebd87e64dc3aa7e302d43eedc9b", "host": "d6b2a058c4be", "pid": 69611, "rank": null, "ts": "2026-10-04 13:30:48"}
[DBG] {"category": "QUEUE", "component": "ray", "event": "watchdog_armed", "host": "d6b2a058c4be", "pid": 69611, "rank": null, "stage": "human_put_preference", "timeout_sec": 30.0, "ts": "2026-10-04 13:30:48"}
[DBG] {"category": "QUEUE", "component": "ray", "elapsed_sec": 0.032384, "event": "END:human_put_preference", "host": "d6b2a058c4be", "pid": 69611, "rank": null, "ts": "2026-10-04 13:30:49"}
[DBG] {"category": "QUEUE", "component": "ray", "event": "preference_selected", "group_id": "fa282ebd87e64dc3aa7e302d43eedc9b", "host": "d6b2a058c4be", "pid": 69611, "preference_pending": 11, "rank": null, "selected": 11, "ts": "2026-10-04 13:30:49"}
[DBG] {"axis/human_groups": 11, "category": "QUEUE", "component": "ray", "data/candidate_all": 11, "data/candidate_lgbm_agree": 0, "data/candidate_lgbm_only": 0, "data/candidate_neural_agree": 0, "data/candidate_neural_only": 0, "data/candidate_triple_agree": 0, "data/selected_pairs": 11, "data/selection_rate": 1.0, "event": "pipeline_metrics", "host": "d6b2a058c4be", "pid": 69611, "queue/preference": 11, "queue/rollout": 9, "rank": null, "ts": "2026-10-04 13:30:49"}
[DBG] {"category": "QUEUE", "component": "ray", "event": "BEGIN:human_pop_rollout", "host": "d6b2a058c4be", "pid": 69611, "rank": null, "ts": "2026-10-04 13:30:49"}
[DBG] {"category": "QUEUE", "component": "ray", "event": "watchdog_armed", "host": "d6b2a058c4be", "pid": 69611, "rank": null, "stage": "human_pop_rollout", "timeout_sec": 30.0, "ts": "2026-10-04 13:30:49"}
[DBG] {"category": "QUEUE", "component": "ray", "elapsed_sec": 0.04922, "event": "END:human_pop_rollout", "host": "d6b2a058c4be", "pid": 69611, "rank": null, "ts": "2026-10-04 13:30:49"}
[DBG] {"category": "QUEUE", "component": "ray", "event": "human_group_received", "group_id": "d0a5d1d780e74fa5be3b5fcc8cc435e1", "host": "d6b2a058c4be", "pid": 69611, "rank": null, "ts": "2026-10-04 13:30:49"}
[DBG] {"category": "RAY", "component": "ray", "event": "human_prompt_begin", "group_id": "d0a5d1d780e74fa5be3b5fcc8cc435e1", "host": "d6b2a058c4be", "pid": 69611, "rank": null, "ts": "2026-10-04 13:30:49"}
[DBG] {"category": "RAY", "component": "ray", "event": "human_prompt_end", "group_id": "d0a5d1d780e74fa5be3b5fcc8cc435e1", "host": "d6b2a058c4be", "pid": 69611, "rank": null, "ts": "2026-10-04 13:30:50"}
[DBG] {"category": "QUEUE", "component": "ray", "event": "BEGIN:human_put_preference", "group_id": "d0a5d1d780e74fa5be3b5fcc8cc435e1", "host": "d6b2a058c4be", "pid": 69611, "rank": null, "ts": "2026-10-04 13:30:50"}
[DBG] {"category": "QUEUE", "component": "ray", "event": "watchdog_armed", "host": "d6b2a058c4be", "pid": 69611, "rank": null, "stage": "human_put_preference", "timeout_sec": 30.0, "ts": "2026-10-04 13:30:50"}
[DBG] {"category": "QUEUE", "component": "ray", "elapsed_sec": 0.032201, "event": "END:human_put_preference", "host": "d6b2a058c4be", "pid": 69611, "rank": null, "ts": "2026-10-04 13:30:50"}
[DBG] {"category": "QUEUE", "component": "ray", "event": "preference_selected", "group_id": "d0a5d1d780e74fa5be3b5fcc8cc435e1", "host": "d6b2a058c4be", "pid": 69611, "preference_pending": 12, "rank": null, "selected": 12, "ts": "2026-10-04 13:30:50"}
[DBG] {"axis/human_groups": 12, "category": "QUEUE", "component": "ray", "data/candidate_all": 12, "data/candidate_lgbm_agree": 0, "data/candidate_lgbm_only": 0, "data/candidate_neural_agree": 0, "data/candidate_neural_only": 0, "data/candidate_triple_agree": 0, "data/selected_pairs": 12, "data/selection_rate": 1.0, "event": "pipeline_metrics", "host": "d6b2a058c4be", "pid": 69611, "queue/preference": 12, "queue/rollout": 8, "rank": null, "ts": "2026-10-04 13:30:50"}
[DBG] {"category": "QUEUE", "component": "ray", "event": "BEGIN:human_pop_rollout", "host": "d6b2a058c4be", "pid": 69611, "rank": null, "ts": "2026-10-04 13:30:50"}
[DBG] {"category": "QUEUE", "component": "ray", "event": "watchdog_armed", "host": "d6b2a058c4be", "pid": 69611, "rank": null, "stage": "human_pop_rollout", "timeout_sec": 30.0, "ts": "2026-10-04 13:30:50"}
[DBG] {"category": "QUEUE", "component": "ray", "elapsed_sec": 0.048215, "event": "END:human_pop_rollout", "host": "d6b2a058c4be", "pid": 69611, "rank": null, "ts": "2026-10-04 13:30:50"}
[DBG] {"category": "QUEUE", "component": "ray", "event": "human_group_received", "group_id": "38393ae3331f49bea4ef1963e6552ea7", "host": "d6b2a058c4be", "pid": 69611, "rank": null, "ts": "2026-10-04 13:30:50"}
[DBG] {"category": "RAY", "component": "ray", "event": "human_prompt_begin", "group_id": "38393ae3331f49bea4ef1963e6552ea7", "host": "d6b2a058c4be", "pid": 69611, "rank": null, "ts": "2026-10-04 13:30:50"}
[DBG] {"category": "RAY", "component": "ray", "event": "human_prompt_end", "group_id": "38393ae3331f49bea4ef1963e6552ea7", "host": "d6b2a058c4be", "pid": 69611, "rank": null, "ts": "2026-10-04 13:30:51"}
[DBG] {"category": "QUEUE", "component": "ray", "event": "BEGIN:human_put_preference", "group_id": "38393ae3331f49bea4ef1963e6552ea7", "host": "d6b2a058c4be", "pid": 69611, "rank": null, "ts": "2026-10-04 13:30:51"}
[DBG] {"category": "QUEUE", "component": "ray", "event": "watchdog_armed", "host": "d6b2a058c4be", "pid": 69611, "rank": null, "stage": "human_put_preference", "timeout_sec": 30.0, "ts": "2026-10-04 13:30:51"}
[DBG] {"category": "QUEUE", "component": "ray", "elapsed_sec": 0.034254, "event": "END:human_put_preference", "host": "d6b2a058c4be", "pid": 69611, "rank": null, "ts": "2026-10-04 13:30:51"}
[DBG] {"category": "QUEUE", "component": "ray", "event": "preference_selected", "group_id": "38393ae3331f49bea4ef1963e6552ea7", "host": "d6b2a058c4be", "pid": 69611, "preference_pending": 13, "rank": null, "selected": 13, "ts": "2026-10-04 13:30:51"}
[DBG] {"axis/human_groups": 13, "category": "QUEUE", "component": "ray", "data/candidate_all": 13, "data/candidate_lgbm_agree": 0, "data/candidate_lgbm_only": 0, "data/candidate_neural_agree": 0, "data/candidate_neural_only": 0, "data/candidate_triple_agree": 0, "data/selected_pairs": 13, "data/selection_rate": 1.0, "event": "pipeline_metrics", "host": "d6b2a058c4be", "pid": 69611, "queue/preference": 13, "queue/rollout": 9, "rank": null, "ts": "2026-10-04 13:30:51"}
[DBG] {"category": "QUEUE", "component": "ray", "event": "BEGIN:human_pop_rollout", "host": "d6b2a058c4be", "pid": 69611, "rank": null, "ts": "2026-10-04 13:30:51"}
[DBG] {"category": "QUEUE", "component": "ray", "event": "watchdog_armed", "host": "d6b2a058c4be", "pid": 69611, "rank": null, "stage": "human_pop_rollout", "timeout_sec": 30.0, "ts": "2026-10-04 13:30:51"}
[DBG] {"category": "QUEUE", "component": "ray", "elapsed_sec": 0.051848, "event": "END:human_pop_rollout", "host": "d6b2a058c4be", "pid": 69611, "rank": null, "ts": "2026-10-04 13:30:51"}
[DBG] {"category": "QUEUE", "component": "ray", "event": "human_group_received", "group_id": "7ceae41fad8a4a328b644a2bdaa347d5", "host": "d6b2a058c4be", "pid": 69611, "rank": null, "ts": "2026-10-04 13:30:51"}
[DBG] {"category": "RAY", "component": "ray", "event": "human_prompt_begin", "group_id": "7ceae41fad8a4a328b644a2bdaa347d5", "host": "d6b2a058c4be", "pid": 69611, "rank": null, "ts": "2026-10-04 13:30:51"}
[DBG] {"category": "RAY", "component": "ray", "event": "human_prompt_end", "group_id": "7ceae41fad8a4a328b644a2bdaa347d5", "host": "d6b2a058c4be", "pid": 69611, "rank": null, "ts": "2026-10-04 13:30:52"}
[DBG] {"category": "QUEUE", "component": "ray", "event": "BEGIN:human_put_preference", "group_id": "7ceae41fad8a4a328b644a2bdaa347d5", "host": "d6b2a058c4be", "pid": 69611, "rank": null, "ts": "2026-10-04 13:30:52"}
[DBG] {"category": "QUEUE", "component": "ray", "event": "watchdog_armed", "host": "d6b2a058c4be", "pid": 69611, "rank": null, "stage": "human_put_preference", "timeout_sec": 30.0, "ts": "2026-10-04 13:30:52"}
[DBG] {"category": "QUEUE", "component": "ray", "elapsed_sec": 0.033605, "event": "END:human_put_preference", "host": "d6b2a058c4be", "pid": 69611, "rank": null, "ts": "2026-10-04 13:30:52"}
[DBG] {"category": "QUEUE", "component": "ray", "event": "preference_selected", "group_id": "7ceae41fad8a4a328b644a2bdaa347d5", "host": "d6b2a058c4be", "pid": 69611, "preference_pending": 14, "rank": null, "selected": 14, "ts": "2026-10-04 13:30:52"}
[DBG] {"axis/human_groups": 14, "category": "QUEUE", "component": "ray", "data/candidate_all": 14, "data/candidate_lgbm_agree": 0, "data/candidate_lgbm_only": 0, "data/candidate_neural_agree": 0, "data/candidate_neural_only": 0, "data/candidate_triple_agree": 0, "data/selected_pairs": 14, "data/selection_rate": 1.0, "event": "pipeline_metrics", "host": "d6b2a058c4be", "pid": 69611, "queue/preference": 14, "queue/rollout": 8, "rank": null, "ts": "2026-10-04 13:30:52"}
[DBG] {"category": "QUEUE", "component": "ray", "event": "BEGIN:human_pop_rollout", "host": "d6b2a058c4be", "pid": 69611, "rank": null, "ts": "2026-10-04 13:30:52"}
[DBG] {"category": "QUEUE", "component": "ray", "event": "watchdog_armed", "host": "d6b2a058c4be", "pid": 69611, "rank": null, "stage": "human_pop_rollout", "timeout_sec": 30.0, "ts": "2026-10-04 13:30:52"}
[DBG] {"category": "QUEUE", "component": "ray", "elapsed_sec": 0.050422, "event": "END:human_pop_rollout", "host": "d6b2a058c4be", "pid": 69611, "rank": null, "ts": "2026-10-04 13:30:52"}
[DBG] {"category": "QUEUE", "component": "ray", "event": "human_group_received", "group_id": "614043d2a017463d986cf4e70353e926", "host": "d6b2a058c4be", "pid": 69611, "rank": null, "ts": "2026-10-04 13:30:52"}
[DBG] {"category": "RAY", "component": "ray", "event": "human_prompt_begin", "group_id": "614043d2a017463d986cf4e70353e926", "host": "d6b2a058c4be", "pid": 69611, "rank": null, "ts": "2026-10-04 13:30:52"}
[DBG] {"category": "RAY", "component": "ray", "event": "human_prompt_end", "group_id": "614043d2a017463d986cf4e70353e926", "host": "d6b2a058c4be", "pid": 69611, "rank": null, "ts": "2026-10-04 13:30:52"}
[DBG] {"category": "QUEUE", "component": "ray", "event": "BEGIN:human_put_preference", "group_id": "614043d2a017463d986cf4e70353e926", "host": "d6b2a058c4be", "pid": 69611, "rank": null, "ts": "2026-10-04 13:30:52"}
[DBG] {"category": "QUEUE", "component": "ray", "event": "watchdog_armed", "host": "d6b2a058c4be", "pid": 69611, "rank": null, "stage": "human_put_preference", "timeout_sec": 30.0, "ts": "2026-10-04 13:30:52"}
[DBG] {"category": "QUEUE", "component": "ray", "elapsed_sec": 0.035331, "event": "END:human_put_preference", "host": "d6b2a058c4be", "pid": 69611, "rank": null, "ts": "2026-10-04 13:30:52"}
[DBG] {"category": "QUEUE", "component": "ray", "event": "preference_selected", "group_id": "614043d2a017463d986cf4e70353e926", "host": "d6b2a058c4be", "pid": 69611, "preference_pending": 15, "rank": null, "selected": 15, "ts": "2026-10-04 13:30:52"}
[DBG] {"axis/human_groups": 15, "category": "QUEUE", "component": "ray", "data/candidate_all": 15, "data/candidate_lgbm_agree": 0, "data/candidate_lgbm_only": 0, "data/candidate_neural_agree": 0, "data/candidate_neural_only": 0, "data/candidate_triple_agree": 0, "data/selected_pairs": 15, "data/selection_rate": 1.0, "event": "pipeline_metrics", "host": "d6b2a058c4be", "pid": 69611, "queue/preference": 15, "queue/rollout": 9, "rank": null, "ts": "2026-10-04 13:30:52"}
[DBG] {"category": "QUEUE", "component": "ray", "event": "BEGIN:human_pop_rollout", "host": "d6b2a058c4be", "pid": 69611, "rank": null, "ts": "2026-10-04 13:30:52"}
[DBG] {"category": "QUEUE", "component": "ray", "event": "watchdog_armed", "host": "d6b2a058c4be", "pid": 69611, "rank": null, "stage": "human_pop_rollout", "timeout_sec": 30.0, "ts": "2026-10-04 13:30:52"}
[DBG] {"category": "QUEUE", "component": "ray", "elapsed_sec": 0.04856, "event": "END:human_pop_rollout", "host": "d6b2a058c4be", "pid": 69611, "rank": null, "ts": "2026-10-04 13:30:53"}
[DBG] {"category": "QUEUE", "component": "ray", "event": "human_group_received", "group_id": "6e0ddbbfb0a54031a61c4c8f9c7ab4bf", "host": "d6b2a058c4be", "pid": 69611, "rank": null, "ts": "2026-10-04 13:30:53"}
[DBG] {"category": "RAY", "component": "ray", "event": "human_prompt_begin", "group_id": "6e0ddbbfb0a54031a61c4c8f9c7ab4bf", "host": "d6b2a058c4be", "pid": 69611, "rank": null, "ts": "2026-10-04 13:30:53"}
[DBG] {"category": "RAY", "component": "ray", "event": "human_prompt_end", "group_id": "6e0ddbbfb0a54031a61c4c8f9c7ab4bf", "host": "d6b2a058c4be", "pid": 69611, "rank": null, "ts": "2026-10-04 13:30:53"}
[DBG] {"category": "QUEUE", "component": "ray", "event": "BEGIN:human_put_preference", "group_id": "6e0ddbbfb0a54031a61c4c8f9c7ab4bf", "host": "d6b2a058c4be", "pid": 69611, "rank": null, "ts": "2026-10-04 13:30:53"}
[DBG] {"category": "QUEUE", "component": "ray", "event": "watchdog_armed", "host": "d6b2a058c4be", "pid": 69611, "rank": null, "stage": "human_put_preference", "timeout_sec": 30.0, "ts": "2026-10-04 13:30:53"}
[DBG] {"category": "QUEUE", "component": "ray", "elapsed_sec": 0.032479, "event": "END:human_put_preference", "host": "d6b2a058c4be", "pid": 69611, "rank": null, "ts": "2026-10-04 13:30:53"}
[DBG] {"category": "QUEUE", "component": "ray", "event": "preference_selected", "group_id": "6e0ddbbfb0a54031a61c4c8f9c7ab4bf", "host": "d6b2a058c4be", "pid": 69611, "preference_pending": 16, "rank": null, "selected": 16, "ts": "2026-10-04 13:30:53"}
[DBG] {"axis/human_groups": 16, "category": "QUEUE", "component": "ray", "data/candidate_all": 16, "data/candidate_lgbm_agree": 0, "data/candidate_lgbm_only": 0, "data/candidate_neural_agree": 0, "data/candidate_neural_only": 0, "data/candidate_triple_agree": 0, "data/selected_pairs": 16, "data/selection_rate": 1.0, "event": "pipeline_metrics", "host": "d6b2a058c4be", "pid": 69611, "queue/preference": 16, "queue/rollout": 8, "rank": null, "ts": "2026-10-04 13:30:53"}
[DBG] {"category": "QUEUE", "component": "ray", "event": "BEGIN:human_pop_rollout", "host": "d6b2a058c4be", "pid": 69611, "rank": null, "ts": "2026-10-04 13:30:53"}
[DBG] {"category": "QUEUE", "component": "ray", "event": "watchdog_armed", "host": "d6b2a058c4be", "pid": 69611, "rank": null, "stage": "human_pop_rollout", "timeout_sec": 30.0, "ts": "2026-10-04 13:30:53"}
[DBG] {"category": "QUEUE", "component": "ray", "elapsed_sec": 0.047796, "event": "END:human_pop_rollout", "host": "d6b2a058c4be", "pid": 69611, "rank": null, "ts": "2026-10-04 13:30:53"}
[DBG] {"category": "QUEUE", "component": "ray", "event": "human_group_received", "group_id": "f9496a746e234f4d9cb520576874050b", "host": "d6b2a058c4be", "pid": 69611, "rank": null, "ts": "2026-10-04 13:30:53"}
[DBG] {"category": "RAY", "component": "ray", "event": "human_prompt_begin", "group_id": "f9496a746e234f4d9cb520576874050b", "host": "d6b2a058c4be", "pid": 69611, "rank": null, "ts": "2026-10-04 13:30:53"}
[DBG] {"category": "RAY", "component": "ray", "event": "human_prompt_end", "group_id": "f9496a746e234f4d9cb520576874050b", "host": "d6b2a058c4be", "pid": 69611, "rank": null, "ts": "2026-10-04 13:30:54"}
[DBG] {"category": "QUEUE", "component": "ray", "event": "BEGIN:human_put_preference", "group_id": "f9496a746e234f4d9cb520576874050b", "host": "d6b2a058c4be", "pid": 69611, "rank": null, "ts": "2026-10-04 13:30:54"}
[DBG] {"category": "QUEUE", "component": "ray", "event": "watchdog_armed", "host": "d6b2a058c4be", "pid": 69611, "rank": null, "stage": "human_put_preference", "timeout_sec": 30.0, "ts": "2026-10-04 13:30:54"}
[DBG] {"category": "QUEUE", "component": "ray", "elapsed_sec": 0.033631, "event": "END:human_put_preference", "host": "d6b2a058c4be", "pid": 69611, "rank": null, "ts": "2026-10-04 13:30:54"}
[DBG] {"category": "QUEUE", "component": "ray", "event": "preference_selected", "group_id": "f9496a746e234f4d9cb520576874050b", "host": "d6b2a058c4be", "pid": 69611, "preference_pending": 17, "rank": null, "selected": 17, "ts": "2026-10-04 13:30:54"}
[DBG] {"axis/human_groups": 17, "category": "QUEUE", "component": "ray", "data/candidate_all": 17, "data/candidate_lgbm_agree": 0, "data/candidate_lgbm_only": 0, "data/candidate_neural_agree": 0, "data/candidate_neural_only": 0, "data/candidate_triple_agree": 0, "data/selected_pairs": 17, "data/selection_rate": 1.0, "event": "pipeline_metrics", "host": "d6b2a058c4be", "pid": 69611, "queue/preference": 17, "queue/rollout": 9, "rank": null, "ts": "2026-10-04 13:30:54"}
[DBG] {"category": "QUEUE", "component": "ray", "event": "BEGIN:human_pop_rollout", "host": "d6b2a058c4be", "pid": 69611, "rank": null, "ts": "2026-10-04 13:30:54"}
[DBG] {"category": "QUEUE", "component": "ray", "event": "watchdog_armed", "host": "d6b2a058c4be", "pid": 69611, "rank": null, "stage": "human_pop_rollout", "timeout_sec": 30.0, "ts": "2026-10-04 13:30:54"}
[DBG] {"category": "QUEUE", "component": "ray", "elapsed_sec": 0.049977, "event": "END:human_pop_rollout", "host": "d6b2a058c4be", "pid": 69611, "rank": null, "ts": "2026-10-04 13:30:54"}
[DBG] {"category": "QUEUE", "component": "ray", "event": "human_group_received", "group_id": "0be14d71413348a58798efe219fc1d54", "host": "d6b2a058c4be", "pid": 69611, "rank": null, "ts": "2026-10-04 13:30:54"}
[DBG] {"category": "RAY", "component": "ray", "event": "human_prompt_begin", "group_id": "0be14d71413348a58798efe219fc1d54", "host": "d6b2a058c4be", "pid": 69611, "rank": null, "ts": "2026-10-04 13:30:54"}
[DBG] {"category": "RAY", "component": "ray", "event": "shutdown_begin", "host": "d6b2a058c4be", "pid": 69611, "rank": null, "ts": "2026-10-04 13:31:11"}
[DBG] {"category": "RAY", "component": "ray", "event": "BEGIN:join_trainer", "host": "d6b2a058c4be", "pid": 69611, "rank": null, "ts": "2026-10-04 13:31:11"}
[DBG] {"category": "RAY", "component": "ray", "event": "watchdog_armed", "host": "d6b2a058c4be", "pid": 69611, "rank": null, "stage": "join_trainer", "timeout_sec": 30.0, "ts": "2026-10-04 13:31:11"}
[DBG] {"category": "RAY", "component": "ray", "error": "", "error_type": "KeyboardInterrupt", "event": "ERROR:join_trainer", "host": "d6b2a058c4be", "pid": 69611, "rank": null, "traceback": "Traceback (most recent call last):\n  File \"/root/Recursive_RLHF_training_for_LLM/orchestrator.py\", line 163, in run\n    self._human_loop()\n  File \"/root/Recursive_RLHF_training_for_LLM/orchestrator.py\", line 367, in _human_loop\n    human = ui.score(group)\n            ^^^^^^^^^^^^^^^\n  File \"/root/Recursive_RLHF_training_for_LLM/reward.py\", line 157, in score\n    raw = input(f\"scores ({len(group['responses'])} numbers, q=quit): \").strip()\n          ^^^^^^^^^^^^^^^^^^^^^^^^^^^^^^^^^^^^^^^^^^^^^^^^^^^^^^^^^^^^^^\nKeyboardInterrupt\n\nDuring handling of the above exception, another exception occurred:\n\nTraceback (most recent call last):\n  File \"/root/Recursive_RLHF_training_for_LLM/debug.py\", line 154, in stage\n    yield\n  File \"/root/Recursive_RLHF_training_for_LLM/orchestrator.py\", line 179, in run\n    ray.get(ref, timeout=30)\n  File \"/usr/local/lib/python3.11/dist-packages/ray/_private/auto_init_hook.py\", line 22, in auto_init_wrapper\n    return fn(*args, **kwargs)\n           ^^^^^^^^^^^^^^^^^^^\n  File \"/usr/local/lib/python3.11/dist-packages/ray/_private/client_mode_hook.py\", line 135, in wrapper\n    return func(*args, **kwargs)\n           ^^^^^^^^^^^^^^^^^^^^^\n  File \"/usr/local/lib/python3.11/dist-packages/ray/_private/worker.py\", line 3004, in get\n    values, debugger_breakpoint = worker.get_objects(\n                                  ^^^^^^^^^^^^^^^^^^^\n  File \"/usr/local/lib/python3.11/dist-packages/ray/_private/worker.py\", line 1007, in get_objects\n    ] = self.core_worker.get_objects(\n        ^^^^^^^^^^^^^^^^^^^^^^^^^^^^^\n  File \"python/ray/_raylet.pyx\", line 3473, in ray._raylet.CoreWorker.get_objects\n  File \"python/ray/includes/common.pxi\", line 105, in ray._raylet.check_status\nKeyboardInterrupt\n", "ts": "2026-10-04 13:31:12"}
[DBG] {"category": "RAY", "component": "ray", "elapsed_sec": 1.006697, "event": "END:join_trainer", "host": "d6b2a058c4be", "pid": 69611, "rank": null, "ts": "2026-10-04 13:31:12"}
