[DBG] {"category": "RAY", "component": "ray", "debug_all": false, "debug_data": false, "debug_fsdp": true, "debug_inference": false, "debug_queue": true, "debug_ray": true, "debug_reward": false, "debug_train": true, "event": "application_start", "host": "d6b2a058c4be", "pid": 182089, "rank": null, "ts": "2026-10-04 16:00:34"}
[DBG] {"category": "RAY", "component": "ray", "env": {"NCCL_DEBUG": "INFO", "NCCL_DEBUG_SUBSYS": "INIT,COLL,GRAPH", "TORCH_DISTRIBUTED_DEBUG": "DETAIL", "TORCH_NCCL_ASYNC_ERROR_HANDLING": "1", "TORCH_NCCL_DESYNC_DEBUG": "1", "TORCH_NCCL_DUMP_ON_TIMEOUT": "1", "TORCH_NCCL_TRACE_BUFFER_SIZE": "20000", "TORCH_SHOW_CPP_STACKTRACES": "1"}, "event": "distributed_debug_env", "host": "d6b2a058c4be", "pid": 182089, "rank": null, "ts": "2026-10-04 16:00:34"}
[DBG] {"address": "auto", "category": "RAY", "component": "ray", "event": "BEGIN:ray_init", "host": "d6b2a058c4be", "log_to_driver": false, "pid": 182089, "rank": null, "ts": "2026-10-04 16:00:34"}
[DBG] {"category": "RAY", "component": "ray", "event": "watchdog_armed", "host": "d6b2a058c4be", "pid": 182089, "rank": null, "stage": "ray_init", "timeout_sec": 30.0, "ts": "2026-10-04 16:00:34"}
[DBG] {"category": "RAY", "component": "ray", "elapsed_sec": 0.596202, "event": "END:ray_init", "host": "d6b2a058c4be", "pid": 182089, "rank": null, "ts": "2026-10-04 16:00:35"}
[DBG] {"category": "RAY", "component": "ray", "event": "cluster_resources", "host": "d6b2a058c4be", "pid": 182089, "rank": null, "resources": {"CPU": 27.0, "GPU": 3.0, "accelerator_type:RTX-A6000": 1.0, "memory": 115840385024.0, "node:172.20.0.2": 1.0, "node:__internal_head__": 1.0, "object_store_memory": 49645879296.0}, "ts": "2026-10-04 16:00:35"}
[DBG] {"category": "RAY", "component": "ray", "event": "resource_check", "gpu_available": 3, "gpu_needed": 3, "host": "d6b2a058c4be", "pid": 182089, "rank": null, "ts": "2026-10-04 16:00:35"}
[DBG] {"category": "RAY", "component": "ray", "event": "run_id", "host": "d6b2a058c4be", "pid": 182089, "rank": null, "run_id": "smoke01", "ts": "2026-10-04 16:00:35"}
[DBG] {"category": "RAY", "component": "ray", "event": "BEGIN:create_queue_actor", "host": "d6b2a058c4be", "pid": 182089, "rank": null, "ts": "2026-10-04 16:00:35"}
[DBG] {"category": "RAY", "component": "ray", "event": "watchdog_armed", "host": "d6b2a058c4be", "pid": 182089, "rank": null, "stage": "create_queue_actor", "timeout_sec": 30.0, "ts": "2026-10-04 16:00:35"}
[DBG] {"category": "RAY", "component": "ray", "elapsed_sec": 0.038391, "event": "END:create_queue_actor", "host": "d6b2a058c4be", "pid": 182089, "rank": null, "ts": "2026-10-04 16:00:35"}
[DBG] {"category": "QUEUE", "component": "ray", "event": "BEGIN:queue_describe", "host": "d6b2a058c4be", "pid": 182089, "rank": null, "ts": "2026-10-04 16:00:35"}
[DBG] {"category": "QUEUE", "component": "ray", "event": "watchdog_armed", "host": "d6b2a058c4be", "pid": 182089, "rank": null, "stage": "queue_describe", "timeout_sec": 30.0, "ts": "2026-10-04 16:00:35"}
[DBG] {"category": "QUEUE", "component": "ray", "elapsed_sec": 12.05423, "event": "END:queue_describe", "host": "d6b2a058c4be", "pid": 182089, "rank": null, "ts": "2026-10-04 16:00:47"}
[DBG] {"category": "RAY", "component": "ray", "event": "BEGIN:create_control_actor", "host": "d6b2a058c4be", "pid": 182089, "rank": null, "ts": "2026-10-04 16:00:47"}
[DBG] {"category": "RAY", "component": "ray", "event": "watchdog_armed", "host": "d6b2a058c4be", "pid": 182089, "rank": null, "stage": "create_control_actor", "timeout_sec": 30.0, "ts": "2026-10-04 16:00:47"}
[DBG] {"category": "RAY", "component": "ray", "elapsed_sec": 0.029402, "event": "END:create_control_actor", "host": "d6b2a058c4be", "pid": 182089, "rank": null, "ts": "2026-10-04 16:00:47"}
[DBG] {"category": "RAY", "component": "ray", "event": "BEGIN:create_tracker_actor", "host": "d6b2a058c4be", "pid": 182089, "rank": null, "ts": "2026-10-04 16:00:47"}
[DBG] {"category": "RAY", "component": "ray", "event": "watchdog_armed", "host": "d6b2a058c4be", "pid": 182089, "rank": null, "stage": "create_tracker_actor", "timeout_sec": 30.0, "ts": "2026-10-04 16:00:47"}
[DBG] {"category": "RAY", "component": "ray", "elapsed_sec": 0.033234, "event": "END:create_tracker_actor", "host": "d6b2a058c4be", "pid": 182089, "rank": null, "ts": "2026-10-04 16:00:47"}
[DBG] {"category": "RAY", "component": "ray", "event": "BEGIN:create_inference_actor", "gpus": 1, "host": "d6b2a058c4be", "pid": 182089, "rank": null, "ts": "2026-10-04 16:00:47"}
[DBG] {"category": "RAY", "component": "ray", "event": "watchdog_armed", "host": "d6b2a058c4be", "pid": 182089, "rank": null, "stage": "create_inference_actor", "timeout_sec": 30.0, "ts": "2026-10-04 16:00:47"}
[DBG] {"category": "RAY", "component": "ray", "elapsed_sec": 0.034183, "event": "END:create_inference_actor", "host": "d6b2a058c4be", "pid": 182089, "rank": null, "ts": "2026-10-04 16:00:47"}
[DBG] {"category": "RAY", "component": "ray", "event": "BEGIN:create_reward_actor", "gpus": 0, "host": "d6b2a058c4be", "pid": 182089, "rank": null, "ts": "2026-10-04 16:00:47"}
[DBG] {"category": "RAY", "component": "ray", "event": "watchdog_armed", "host": "d6b2a058c4be", "pid": 182089, "rank": null, "stage": "create_reward_actor", "timeout_sec": 30.0, "ts": "2026-10-04 16:00:47"}
[DBG] {"category": "RAY", "component": "ray", "elapsed_sec": 0.037923, "event": "END:create_reward_actor", "host": "d6b2a058c4be", "pid": 182089, "rank": null, "ts": "2026-10-04 16:00:47"}
[DBG] {"category": "RAY", "component": "ray", "event": "BEGIN:create_rollout_actor", "host": "d6b2a058c4be", "pid": 182089, "rank": null, "ts": "2026-10-04 16:00:47"}
[DBG] {"category": "RAY", "component": "ray", "event": "watchdog_armed", "host": "d6b2a058c4be", "pid": 182089, "rank": null, "stage": "create_rollout_actor", "timeout_sec": 30.0, "ts": "2026-10-04 16:00:47"}
[DBG] {"category": "RAY", "component": "ray", "elapsed_sec": 0.019715, "event": "END:create_rollout_actor", "host": "d6b2a058c4be", "pid": 182089, "rank": null, "ts": "2026-10-04 16:00:47"}
[DBG] {"category": "RAY", "component": "ray", "event": "BEGIN:create_trainer_actor", "host": "d6b2a058c4be", "pid": 182089, "rank": null, "ts": "2026-10-04 16:00:47"}
[DBG] {"category": "RAY", "component": "ray", "event": "watchdog_armed", "host": "d6b2a058c4be", "pid": 182089, "rank": null, "stage": "create_trainer_actor", "timeout_sec": 30.0, "ts": "2026-10-04 16:00:47"}
[DBG] {"category": "RAY", "component": "ray", "elapsed_sec": 0.017083, "event": "END:create_trainer_actor", "host": "d6b2a058c4be", "pid": 182089, "rank": null, "ts": "2026-10-04 16:00:47"}
[DBG] {"category": "RAY", "component": "ray", "event": "BEGIN:launch_trainer_actor", "host": "d6b2a058c4be", "pid": 182089, "rank": null, "ts": "2026-10-04 16:01:27"}
[DBG] {"category": "RAY", "component": "ray", "event": "watchdog_armed", "host": "d6b2a058c4be", "pid": 182089, "rank": null, "stage": "launch_trainer_actor", "timeout_sec": 30.0, "ts": "2026-10-04 16:01:27"}
[DBG] {"category": "RAY", "component": "ray", "elapsed_sec": 0.002928, "event": "END:launch_trainer_actor", "host": "d6b2a058c4be", "pid": 182089, "rank": null, "ts": "2026-10-04 16:01:27"}
[DBG] {"category": "RAY", "component": "ray", "event": "BEGIN:launch_rollout_producer", "host": "d6b2a058c4be", "pid": 182089, "rank": null, "ts": "2026-10-04 16:01:27"}
[DBG] {"category": "RAY", "component": "ray", "event": "watchdog_armed", "host": "d6b2a058c4be", "pid": 182089, "rank": null, "stage": "launch_rollout_producer", "timeout_sec": 30.0, "ts": "2026-10-04 16:01:27"}
[DBG] {"category": "RAY", "component": "ray", "elapsed_sec": 0.00097, "event": "END:launch_rollout_producer", "host": "d6b2a058c4be", "pid": 182089, "rank": null, "ts": "2026-10-04 16:01:27"}
[DBG] {"category": "RAY", "component": "ray", "event": "human_loop_start", "host": "d6b2a058c4be", "pid": 182089, "rank": null, "ts": "2026-10-04 16:01:27"}
[DBG] {"category": "QUEUE", "component": "ray", "event": "BEGIN:human_pop_rollout", "host": "d6b2a058c4be", "pid": 182089, "rank": null, "ts": "2026-10-04 16:01:28"}
[DBG] {"category": "QUEUE", "component": "ray", "event": "watchdog_armed", "host": "d6b2a058c4be", "pid": 182089, "rank": null, "stage": "human_pop_rollout", "timeout_sec": 30.0, "ts": "2026-10-04 16:01:28"}
[DBG] {"category": "QUEUE", "component": "ray", "elapsed_sec": 0.009652, "event": "END:human_pop_rollout", "host": "d6b2a058c4be", "pid": 182089, "rank": null, "ts": "2026-10-04 16:01:28"}
[DBG] {"category": "QUEUE", "component": "ray", "event": "BEGIN:human_pop_rollout", "host": "d6b2a058c4be", "pid": 182089, "rank": null, "ts": "2026-10-04 16:01:28"}
[DBG] {"category": "QUEUE", "component": "ray", "event": "watchdog_armed", "host": "d6b2a058c4be", "pid": 182089, "rank": null, "stage": "human_pop_rollout", "timeout_sec": 30.0, "ts": "2026-10-04 16:01:28"}
[DBG] {"category": "QUEUE", "component": "ray", "elapsed_sec": 0.007185, "event": "END:human_pop_rollout", "host": "d6b2a058c4be", "pid": 182089, "rank": null, "ts": "2026-10-04 16:01:28"}
[DBG] {"category": "QUEUE", "component": "ray", "event": "BEGIN:human_pop_rollout", "host": "d6b2a058c4be", "pid": 182089, "rank": null, "ts": "2026-10-04 16:01:28"}
[DBG] {"category": "QUEUE", "component": "ray", "event": "watchdog_armed", "host": "d6b2a058c4be", "pid": 182089, "rank": null, "stage": "human_pop_rollout", "timeout_sec": 30.0, "ts": "2026-10-04 16:01:28"}
[DBG] {"category": "QUEUE", "component": "ray", "elapsed_sec": 0.006677, "event": "END:human_pop_rollout", "host": "d6b2a058c4be", "pid": 182089, "rank": null, "ts": "2026-10-04 16:01:28"}
[DBG] {"category": "QUEUE", "component": "ray", "event": "BEGIN:human_pop_rollout", "host": "d6b2a058c4be", "pid": 182089, "rank": null, "ts": "2026-10-04 16:01:28"}
[DBG] {"category": "QUEUE", "component": "ray", "event": "watchdog_armed", "host": "d6b2a058c4be", "pid": 182089, "rank": null, "stage": "human_pop_rollout", "timeout_sec": 30.0, "ts": "2026-10-04 16:01:28"}
[DBG] {"category": "QUEUE", "component": "ray", "elapsed_sec": 0.006366, "event": "END:human_pop_rollout", "host": "d6b2a058c4be", "pid": 182089, "rank": null, "ts": "2026-10-04 16:01:28"}
[DBG] {"category": "QUEUE", "component": "ray", "event": "BEGIN:human_pop_rollout", "host": "d6b2a058c4be", "pid": 182089, "rank": null, "ts": "2026-10-04 16:01:28"}
[DBG] {"category": "QUEUE", "component": "ray", "event": "watchdog_armed", "host": "d6b2a058c4be", "pid": 182089, "rank": null, "stage": "human_pop_rollout", "timeout_sec": 30.0, "ts": "2026-10-04 16:01:28"}
[DBG] {"category": "QUEUE", "component": "ray", "elapsed_sec": 0.005665, "event": "END:human_pop_rollout", "host": "d6b2a058c4be", "pid": 182089, "rank": null, "ts": "2026-10-04 16:01:28"}
[DBG] {"category": "QUEUE", "component": "ray", "event": "BEGIN:human_pop_rollout", "host": "d6b2a058c4be", "pid": 182089, "rank": null, "ts": "2026-10-04 16:01:29"}
[DBG] {"category": "QUEUE", "component": "ray", "event": "watchdog_armed", "host": "d6b2a058c4be", "pid": 182089, "rank": null, "stage": "human_pop_rollout", "timeout_sec": 30.0, "ts": "2026-10-04 16:01:29"}
[DBG] {"category": "QUEUE", "component": "ray", "elapsed_sec": 0.003879, "event": "END:human_pop_rollout", "host": "d6b2a058c4be", "pid": 182089, "rank": null, "ts": "2026-10-04 16:01:29"}
[DBG] {"category": "QUEUE", "component": "ray", "event": "BEGIN:human_pop_rollout", "host": "d6b2a058c4be", "pid": 182089, "rank": null, "ts": "2026-10-04 16:01:29"}
[DBG] {"category": "QUEUE", "component": "ray", "event": "watchdog_armed", "host": "d6b2a058c4be", "pid": 182089, "rank": null, "stage": "human_pop_rollout", "timeout_sec": 30.0, "ts": "2026-10-04 16:01:29"}
[DBG] {"category": "QUEUE", "component": "ray", "elapsed_sec": 0.006166, "event": "END:human_pop_rollout", "host": "d6b2a058c4be", "pid": 182089, "rank": null, "ts": "2026-10-04 16:01:29"}
[DBG] {"category": "QUEUE", "component": "ray", "event": "BEGIN:human_pop_rollout", "host": "d6b2a058c4be", "pid": 182089, "rank": null, "ts": "2026-10-04 16:01:29"}
[DBG] {"category": "QUEUE", "component": "ray", "event": "watchdog_armed", "host": "d6b2a058c4be", "pid": 182089, "rank": null, "stage": "human_pop_rollout", "timeout_sec": 30.0, "ts": "2026-10-04 16:01:29"}
[DBG] {"category": "QUEUE", "component": "ray", "elapsed_sec": 0.007902, "event": "END:human_pop_rollout", "host": "d6b2a058c4be", "pid": 182089, "rank": null, "ts": "2026-10-04 16:01:29"}
[DBG] {"category": "QUEUE", "component": "ray", "event": "BEGIN:human_pop_rollout", "host": "d6b2a058c4be", "pid": 182089, "rank": null, "ts": "2026-10-04 16:01:29"}
[DBG] {"category": "QUEUE", "component": "ray", "event": "watchdog_armed", "host": "d6b2a058c4be", "pid": 182089, "rank": null, "stage": "human_pop_rollout", "timeout_sec": 30.0, "ts": "2026-10-04 16:01:29"}
[DBG] {"category": "QUEUE", "component": "ray", "elapsed_sec": 0.007464, "event": "END:human_pop_rollout", "host": "d6b2a058c4be", "pid": 182089, "rank": null, "ts": "2026-10-04 16:01:29"}
[DBG] {"category": "QUEUE", "component": "ray", "event": "BEGIN:human_pop_rollout", "host": "d6b2a058c4be", "pid": 182089, "rank": null, "ts": "2026-10-04 16:01:29"}
[DBG] {"category": "QUEUE", "component": "ray", "event": "watchdog_armed", "host": "d6b2a058c4be", "pid": 182089, "rank": null, "stage": "human_pop_rollout", "timeout_sec": 30.0, "ts": "2026-10-04 16:01:29"}
[DBG] {"category": "QUEUE", "component": "ray", "elapsed_sec": 0.006176, "event": "END:human_pop_rollout", "host": "d6b2a058c4be", "pid": 182089, "rank": null, "ts": "2026-10-04 16:01:29"}
[DBG] {"category": "QUEUE", "component": "ray", "event": "BEGIN:human_pop_rollout", "host": "d6b2a058c4be", "pid": 182089, "rank": null, "ts": "2026-10-04 16:01:30"}
[DBG] {"category": "QUEUE", "component": "ray", "event": "watchdog_armed", "host": "d6b2a058c4be", "pid": 182089, "rank": null, "stage": "human_pop_rollout", "timeout_sec": 30.0, "ts": "2026-10-04 16:01:30"}
[DBG] {"category": "QUEUE", "component": "ray", "elapsed_sec": 0.007474, "event": "END:human_pop_rollout", "host": "d6b2a058c4be", "pid": 182089, "rank": null, "ts": "2026-10-04 16:01:30"}
[DBG] {"category": "QUEUE", "component": "ray", "event": "BEGIN:human_pop_rollout", "host": "d6b2a058c4be", "pid": 182089, "rank": null, "ts": "2026-10-04 16:01:30"}
[DBG] {"category": "QUEUE", "component": "ray", "event": "watchdog_armed", "host": "d6b2a058c4be", "pid": 182089, "rank": null, "stage": "human_pop_rollout", "timeout_sec": 30.0, "ts": "2026-10-04 16:01:30"}
[DBG] {"category": "QUEUE", "component": "ray", "elapsed_sec": 0.041352, "event": "END:human_pop_rollout", "host": "d6b2a058c4be", "pid": 182089, "rank": null, "ts": "2026-10-04 16:01:30"}
[DBG] {"category": "QUEUE", "component": "ray", "event": "human_group_received", "group_id": "133d1baed9da44bebb1ac99487621d21", "host": "d6b2a058c4be", "pid": 182089, "rank": null, "ts": "2026-10-04 16:01:30"}
[DBG] {"category": "RAY", "component": "ray", "event": "human_prompt_begin", "group_id": "133d1baed9da44bebb1ac99487621d21", "host": "d6b2a058c4be", "pid": 182089, "rank": null, "ts": "2026-10-04 16:01:30"}
[DBG] {"category": "RAY", "component": "ray", "event": "human_prompt_end", "group_id": "133d1baed9da44bebb1ac99487621d21", "host": "d6b2a058c4be", "human_scores": [1.0, 2.0, 3.0, 4.0], "pid": 182089, "policy_version": 0, "rank": null, "ts": "2026-10-04 16:02:46"}
[DBG] {"category": "RAY", "component": "ray", "event": "post_input_pipeline_begin", "group_id": "133d1baed9da44bebb1ac99487621d21", "host": "d6b2a058c4be", "pid": 182089, "rank": null, "ts": "2026-10-04 16:02:46"}
[DBG] {"category": "QUEUE", "chosen_index": 3, "component": "ray", "event": "preference_sample_built", "group_id": "133d1baed9da44bebb1ac99487621d21", "host": "d6b2a058c4be", "pid": 182089, "policy_version": 0, "rank": null, "rejected_index": 0, "ts": "2026-10-04 16:02:46"}
[DBG] {"category": "QUEUE", "component": "ray", "event": "BEGIN:human_put_preference", "group_id": "133d1baed9da44bebb1ac99487621d21", "host": "d6b2a058c4be", "pid": 182089, "rank": null, "ts": "2026-10-04 16:02:46"}
[DBG] {"category": "QUEUE", "component": "ray", "event": "watchdog_armed", "host": "d6b2a058c4be", "pid": 182089, "rank": null, "stage": "human_put_preference", "timeout_sec": 30.0, "ts": "2026-10-04 16:02:46"}
[DBG] {"category": "QUEUE", "component": "ray", "elapsed_sec": 0.036117, "event": "END:human_put_preference", "host": "d6b2a058c4be", "pid": 182089, "rank": null, "ts": "2026-10-04 16:02:46"}
[DBG] {"category": "QUEUE", "component": "ray", "event": "preference_put_trace", "group_id": "133d1baed9da44bebb1ac99487621d21", "host": "d6b2a058c4be", "pid": 182089, "queue_key": "smoke01:preference:133d1baed9da44bebb1ac99487621d21", "rank": null, "size_after": 1, "size_before": 0, "ts": "2026-10-04 16:02:46"}
[DBG] {"category": "QUEUE", "component": "ray", "event": "preference_selected", "group_id": "133d1baed9da44bebb1ac99487621d21", "host": "d6b2a058c4be", "pid": 182089, "preference_pending": 1, "rank": null, "selected": 1, "ts": "2026-10-04 16:02:46"}
[DBG] {"category": "RAY", "component": "ray", "event": "post_input_pipeline_end", "group_id": "133d1baed9da44bebb1ac99487621d21", "host": "d6b2a058c4be", "pid": 182089, "rank": null, "selected": true, "ts": "2026-10-04 16:02:46"}
[DBG] {"axis/human_groups": 1, "category": "QUEUE", "component": "ray", "data/candidate_all": 1, "data/candidate_lgbm_agree": 0, "data/candidate_lgbm_only": 0, "data/candidate_neural_agree": 0, "data/candidate_neural_only": 0, "data/candidate_triple_agree": 0, "data/selected_pairs": 1, "data/selection_rate": 1.0, "event": "pipeline_metrics", "host": "d6b2a058c4be", "pid": 182089, "queue/preference": 1, "queue/rollout": 9, "rank": null, "ts": "2026-10-04 16:02:46"}
[DBG] {"category": "QUEUE", "component": "ray", "event": "BEGIN:human_pop_rollout", "host": "d6b2a058c4be", "pid": 182089, "rank": null, "ts": "2026-10-04 16:02:47"}
[DBG] {"category": "QUEUE", "component": "ray", "event": "watchdog_armed", "host": "d6b2a058c4be", "pid": 182089, "rank": null, "stage": "human_pop_rollout", "timeout_sec": 30.0, "ts": "2026-10-04 16:02:47"}
[DBG] {"category": "QUEUE", "component": "ray", "elapsed_sec": 0.062411, "event": "END:human_pop_rollout", "host": "d6b2a058c4be", "pid": 182089, "rank": null, "ts": "2026-10-04 16:02:47"}
[DBG] {"category": "QUEUE", "component": "ray", "event": "human_group_received", "group_id": "08f81cb53b1a4d38bff82eceaf2f054a", "host": "d6b2a058c4be", "pid": 182089, "rank": null, "ts": "2026-10-04 16:02:47"}
[DBG] {"category": "RAY", "component": "ray", "event": "human_prompt_begin", "group_id": "08f81cb53b1a4d38bff82eceaf2f054a", "host": "d6b2a058c4be", "pid": 182089, "rank": null, "ts": "2026-10-04 16:02:47"}
[DBG] {"category": "RAY", "component": "ray", "event": "human_prompt_end", "group_id": "08f81cb53b1a4d38bff82eceaf2f054a", "host": "d6b2a058c4be", "human_scores": [1.0, 2.0, 3.0, 4.0], "pid": 182089, "policy_version": 0, "rank": null, "ts": "2026-10-04 16:02:49"}
[DBG] {"category": "RAY", "component": "ray", "event": "post_input_pipeline_begin", "group_id": "08f81cb53b1a4d38bff82eceaf2f054a", "host": "d6b2a058c4be", "pid": 182089, "rank": null, "ts": "2026-10-04 16:02:49"}
[DBG] {"category": "QUEUE", "chosen_index": 3, "component": "ray", "event": "preference_sample_built", "group_id": "08f81cb53b1a4d38bff82eceaf2f054a", "host": "d6b2a058c4be", "pid": 182089, "policy_version": 0, "rank": null, "rejected_index": 0, "ts": "2026-10-04 16:02:49"}
[DBG] {"category": "QUEUE", "component": "ray", "event": "BEGIN:human_put_preference", "group_id": "08f81cb53b1a4d38bff82eceaf2f054a", "host": "d6b2a058c4be", "pid": 182089, "rank": null, "ts": "2026-10-04 16:02:49"}
[DBG] {"category": "QUEUE", "component": "ray", "event": "watchdog_armed", "host": "d6b2a058c4be", "pid": 182089, "rank": null, "stage": "human_put_preference", "timeout_sec": 30.0, "ts": "2026-10-04 16:02:49"}
[DBG] {"category": "QUEUE", "component": "ray", "elapsed_sec": 0.035349, "event": "END:human_put_preference", "host": "d6b2a058c4be", "pid": 182089, "rank": null, "ts": "2026-10-04 16:02:49"}
[DBG] {"category": "QUEUE", "component": "ray", "event": "preference_put_trace", "group_id": "08f81cb53b1a4d38bff82eceaf2f054a", "host": "d6b2a058c4be", "pid": 182089, "queue_key": "smoke01:preference:08f81cb53b1a4d38bff82eceaf2f054a", "rank": null, "size_after": 2, "size_before": 1, "ts": "2026-10-04 16:02:49"}
[DBG] {"category": "QUEUE", "component": "ray", "event": "preference_selected", "group_id": "08f81cb53b1a4d38bff82eceaf2f054a", "host": "d6b2a058c4be", "pid": 182089, "preference_pending": 2, "rank": null, "selected": 2, "ts": "2026-10-04 16:02:49"}
[DBG] {"category": "RAY", "component": "ray", "event": "post_input_pipeline_end", "group_id": "08f81cb53b1a4d38bff82eceaf2f054a", "host": "d6b2a058c4be", "pid": 182089, "rank": null, "selected": true, "ts": "2026-10-04 16:02:49"}
[DBG] {"axis/human_groups": 2, "category": "QUEUE", "component": "ray", "data/candidate_all": 2, "data/candidate_lgbm_agree": 0, "data/candidate_lgbm_only": 0, "data/candidate_neural_agree": 0, "data/candidate_neural_only": 0, "data/candidate_triple_agree": 0, "data/selected_pairs": 2, "data/selection_rate": 1.0, "event": "pipeline_metrics", "host": "d6b2a058c4be", "pid": 182089, "queue/preference": 2, "queue/rollout": 8, "rank": null, "ts": "2026-10-04 16:02:49"}
[DBG] {"category": "QUEUE", "component": "ray", "event": "BEGIN:human_pop_rollout", "host": "d6b2a058c4be", "pid": 182089, "rank": null, "ts": "2026-10-04 16:02:50"}
[DBG] {"category": "QUEUE", "component": "ray", "event": "watchdog_armed", "host": "d6b2a058c4be", "pid": 182089, "rank": null, "stage": "human_pop_rollout", "timeout_sec": 30.0, "ts": "2026-10-04 16:02:50"}
[DBG] {"category": "QUEUE", "component": "ray", "elapsed_sec": 0.057318, "event": "END:human_pop_rollout", "host": "d6b2a058c4be", "pid": 182089, "rank": null, "ts": "2026-10-04 16:02:50"}
[DBG] {"category": "QUEUE", "component": "ray", "event": "human_group_received", "group_id": "6fea28f27dc943a3b1a35a8d246c963d", "host": "d6b2a058c4be", "pid": 182089, "rank": null, "ts": "2026-10-04 16:02:50"}
[DBG] {"category": "RAY", "component": "ray", "event": "human_prompt_begin", "group_id": "6fea28f27dc943a3b1a35a8d246c963d", "host": "d6b2a058c4be", "pid": 182089, "rank": null, "ts": "2026-10-04 16:02:50"}
[DBG] {"category": "RAY", "component": "ray", "event": "human_prompt_end", "group_id": "6fea28f27dc943a3b1a35a8d246c963d", "host": "d6b2a058c4be", "human_scores": [1.0, 2.0, 3.0, 4.0], "pid": 182089, "policy_version": 0, "rank": null, "ts": "2026-10-04 16:02:52"}
[DBG] {"category": "RAY", "component": "ray", "event": "post_input_pipeline_begin", "group_id": "6fea28f27dc943a3b1a35a8d246c963d", "host": "d6b2a058c4be", "pid": 182089, "rank": null, "ts": "2026-10-04 16:02:52"}
[DBG] {"category": "QUEUE", "chosen_index": 3, "component": "ray", "event": "preference_sample_built", "group_id": "6fea28f27dc943a3b1a35a8d246c963d", "host": "d6b2a058c4be", "pid": 182089, "policy_version": 0, "rank": null, "rejected_index": 0, "ts": "2026-10-04 16:02:52"}
[DBG] {"category": "QUEUE", "component": "ray", "event": "BEGIN:human_put_preference", "group_id": "6fea28f27dc943a3b1a35a8d246c963d", "host": "d6b2a058c4be", "pid": 182089, "rank": null, "ts": "2026-10-04 16:02:52"}
[DBG] {"category": "QUEUE", "component": "ray", "event": "watchdog_armed", "host": "d6b2a058c4be", "pid": 182089, "rank": null, "stage": "human_put_preference", "timeout_sec": 30.0, "ts": "2026-10-04 16:02:52"}
[DBG] {"category": "QUEUE", "component": "ray", "elapsed_sec": 0.03661, "event": "END:human_put_preference", "host": "d6b2a058c4be", "pid": 182089, "rank": null, "ts": "2026-10-04 16:02:52"}
[DBG] {"category": "QUEUE", "component": "ray", "event": "preference_put_trace", "group_id": "6fea28f27dc943a3b1a35a8d246c963d", "host": "d6b2a058c4be", "pid": 182089, "queue_key": "smoke01:preference:6fea28f27dc943a3b1a35a8d246c963d", "rank": null, "size_after": 3, "size_before": 2, "ts": "2026-10-04 16:02:52"}
[DBG] {"category": "QUEUE", "component": "ray", "event": "preference_selected", "group_id": "6fea28f27dc943a3b1a35a8d246c963d", "host": "d6b2a058c4be", "pid": 182089, "preference_pending": 3, "rank": null, "selected": 3, "ts": "2026-10-04 16:02:52"}
[DBG] {"category": "RAY", "component": "ray", "event": "post_input_pipeline_end", "group_id": "6fea28f27dc943a3b1a35a8d246c963d", "host": "d6b2a058c4be", "pid": 182089, "rank": null, "selected": true, "ts": "2026-10-04 16:02:52"}
[DBG] {"axis/human_groups": 3, "category": "QUEUE", "component": "ray", "data/candidate_all": 3, "data/candidate_lgbm_agree": 0, "data/candidate_lgbm_only": 0, "data/candidate_neural_agree": 0, "data/candidate_neural_only": 0, "data/candidate_triple_agree": 0, "data/selected_pairs": 3, "data/selection_rate": 1.0, "event": "pipeline_metrics", "host": "d6b2a058c4be", "pid": 182089, "queue/preference": 3, "queue/rollout": 9, "rank": null, "ts": "2026-10-04 16:02:52"}
[DBG] {"category": "QUEUE", "component": "ray", "event": "BEGIN:human_pop_rollout", "host": "d6b2a058c4be", "pid": 182089, "rank": null, "ts": "2026-10-04 16:02:53"}
[DBG] {"category": "QUEUE", "component": "ray", "event": "watchdog_armed", "host": "d6b2a058c4be", "pid": 182089, "rank": null, "stage": "human_pop_rollout", "timeout_sec": 30.0, "ts": "2026-10-04 16:02:53"}
[DBG] {"category": "QUEUE", "component": "ray", "elapsed_sec": 0.061152, "event": "END:human_pop_rollout", "host": "d6b2a058c4be", "pid": 182089, "rank": null, "ts": "2026-10-04 16:02:53"}
[DBG] {"category": "QUEUE", "component": "ray", "event": "human_group_received", "group_id": "d2935eaa9e134a45a11109593f06921a", "host": "d6b2a058c4be", "pid": 182089, "rank": null, "ts": "2026-10-04 16:02:53"}
[DBG] {"category": "RAY", "component": "ray", "event": "human_prompt_begin", "group_id": "d2935eaa9e134a45a11109593f06921a", "host": "d6b2a058c4be", "pid": 182089, "rank": null, "ts": "2026-10-04 16:02:53"}
[DBG] {"category": "RAY", "component": "ray", "event": "human_prompt_end", "group_id": "d2935eaa9e134a45a11109593f06921a", "host": "d6b2a058c4be", "human_scores": [1.0, 2.0, 3.0, 4.0], "pid": 182089, "policy_version": 0, "rank": null, "ts": "2026-10-04 16:02:54"}
[DBG] {"category": "RAY", "component": "ray", "event": "post_input_pipeline_begin", "group_id": "d2935eaa9e134a45a11109593f06921a", "host": "d6b2a058c4be", "pid": 182089, "rank": null, "ts": "2026-10-04 16:02:54"}
[DBG] {"category": "QUEUE", "chosen_index": 3, "component": "ray", "event": "preference_sample_built", "group_id": "d2935eaa9e134a45a11109593f06921a", "host": "d6b2a058c4be", "pid": 182089, "policy_version": 0, "rank": null, "rejected_index": 0, "ts": "2026-10-04 16:02:54"}
[DBG] {"category": "QUEUE", "component": "ray", "event": "BEGIN:human_put_preference", "group_id": "d2935eaa9e134a45a11109593f06921a", "host": "d6b2a058c4be", "pid": 182089, "rank": null, "ts": "2026-10-04 16:02:54"}
[DBG] {"category": "QUEUE", "component": "ray", "event": "watchdog_armed", "host": "d6b2a058c4be", "pid": 182089, "rank": null, "stage": "human_put_preference", "timeout_sec": 30.0, "ts": "2026-10-04 16:02:54"}
[DBG] {"category": "QUEUE", "component": "ray", "elapsed_sec": 0.035067, "event": "END:human_put_preference", "host": "d6b2a058c4be", "pid": 182089, "rank": null, "ts": "2026-10-04 16:02:54"}
[DBG] {"category": "QUEUE", "component": "ray", "event": "preference_put_trace", "group_id": "d2935eaa9e134a45a11109593f06921a", "host": "d6b2a058c4be", "pid": 182089, "queue_key": "smoke01:preference:d2935eaa9e134a45a11109593f06921a", "rank": null, "size_after": 4, "size_before": 3, "ts": "2026-10-04 16:02:54"}
[DBG] {"category": "QUEUE", "component": "ray", "event": "preference_selected", "group_id": "d2935eaa9e134a45a11109593f06921a", "host": "d6b2a058c4be", "pid": 182089, "preference_pending": 4, "rank": null, "selected": 4, "ts": "2026-10-04 16:02:54"}
[DBG] {"category": "RAY", "component": "ray", "event": "post_input_pipeline_end", "group_id": "d2935eaa9e134a45a11109593f06921a", "host": "d6b2a058c4be", "pid": 182089, "rank": null, "selected": true, "ts": "2026-10-04 16:02:54"}
[DBG] {"axis/human_groups": 4, "category": "QUEUE", "component": "ray", "data/candidate_all": 4, "data/candidate_lgbm_agree": 0, "data/candidate_lgbm_only": 0, "data/candidate_neural_agree": 0, "data/candidate_neural_only": 0, "data/candidate_triple_agree": 0, "data/selected_pairs": 4, "data/selection_rate": 1.0, "event": "pipeline_metrics", "host": "d6b2a058c4be", "pid": 182089, "queue/preference": 4, "queue/rollout": 8, "rank": null, "ts": "2026-10-04 16:02:54"}
[DBG] {"category": "QUEUE", "component": "ray", "event": "BEGIN:human_pop_rollout", "host": "d6b2a058c4be", "pid": 182089, "rank": null, "ts": "2026-10-04 16:03:32"}
[DBG] {"category": "QUEUE", "component": "ray", "event": "watchdog_armed", "host": "d6b2a058c4be", "pid": 182089, "rank": null, "stage": "human_pop_rollout", "timeout_sec": 30.0, "ts": "2026-10-04 16:03:32"}
[DBG] {"category": "QUEUE", "component": "ray", "elapsed_sec": 0.029696, "event": "END:human_pop_rollout", "host": "d6b2a058c4be", "pid": 182089, "rank": null, "ts": "2026-10-04 16:03:32"}
[DBG] {"category": "QUEUE", "component": "ray", "event": "human_group_received", "group_id": "f7cac799908a4b0f89366c85ca19d45a", "host": "d6b2a058c4be", "pid": 182089, "rank": null, "ts": "2026-10-04 16:03:32"}
[DBG] {"category": "RAY", "component": "ray", "event": "human_prompt_begin", "group_id": "f7cac799908a4b0f89366c85ca19d45a", "host": "d6b2a058c4be", "pid": 182089, "rank": null, "ts": "2026-10-04 16:03:32"}
[DBG] {"category": "RAY", "component": "ray", "event": "human_prompt_end", "group_id": "f7cac799908a4b0f89366c85ca19d45a", "host": "d6b2a058c4be", "human_scores": [1.0, 2.0, 3.0, 4.0], "pid": 182089, "policy_version": 0, "rank": null, "ts": "2026-10-04 16:05:27"}
[DBG] {"category": "RAY", "component": "ray", "event": "post_input_pipeline_begin", "group_id": "f7cac799908a4b0f89366c85ca19d45a", "host": "d6b2a058c4be", "pid": 182089, "rank": null, "ts": "2026-10-04 16:05:27"}
[DBG] {"category": "QUEUE", "chosen_index": 3, "component": "ray", "event": "preference_sample_built", "group_id": "f7cac799908a4b0f89366c85ca19d45a", "host": "d6b2a058c4be", "pid": 182089, "policy_version": 0, "rank": null, "rejected_index": 0, "ts": "2026-10-04 16:05:27"}
[DBG] {"category": "QUEUE", "component": "ray", "event": "BEGIN:human_put_preference", "group_id": "f7cac799908a4b0f89366c85ca19d45a", "host": "d6b2a058c4be", "pid": 182089, "rank": null, "ts": "2026-10-04 16:05:27"}
[DBG] {"category": "QUEUE", "component": "ray", "event": "watchdog_armed", "host": "d6b2a058c4be", "pid": 182089, "rank": null, "stage": "human_put_preference", "timeout_sec": 30.0, "ts": "2026-10-04 16:05:27"}
[DBG] {"category": "QUEUE", "component": "ray", "elapsed_sec": 0.033381, "event": "END:human_put_preference", "host": "d6b2a058c4be", "pid": 182089, "rank": null, "ts": "2026-10-04 16:05:27"}
[DBG] {"category": "QUEUE", "component": "ray", "event": "preference_put_trace", "group_id": "f7cac799908a4b0f89366c85ca19d45a", "host": "d6b2a058c4be", "pid": 182089, "queue_key": "smoke01:preference:f7cac799908a4b0f89366c85ca19d45a", "rank": null, "size_after": 1, "size_before": 0, "ts": "2026-10-04 16:05:27"}
[DBG] {"category": "QUEUE", "component": "ray", "event": "preference_selected", "group_id": "f7cac799908a4b0f89366c85ca19d45a", "host": "d6b2a058c4be", "pid": 182089, "preference_pending": 1, "rank": null, "selected": 5, "ts": "2026-10-04 16:05:27"}
[DBG] {"category": "RAY", "component": "ray", "event": "post_input_pipeline_end", "group_id": "f7cac799908a4b0f89366c85ca19d45a", "host": "d6b2a058c4be", "pid": 182089, "rank": null, "selected": true, "ts": "2026-10-04 16:05:27"}
[DBG] {"axis/human_groups": 5, "category": "QUEUE", "component": "ray", "data/candidate_all": 5, "data/candidate_lgbm_agree": 0, "data/candidate_lgbm_only": 0, "data/candidate_neural_agree": 0, "data/candidate_neural_only": 0, "data/candidate_triple_agree": 0, "data/selected_pairs": 5, "data/selection_rate": 1.0, "event": "pipeline_metrics", "host": "d6b2a058c4be", "pid": 182089, "queue/preference": 1, "queue/rollout": 9, "rank": null, "ts": "2026-10-04 16:05:27"}
[DBG] {"category": "QUEUE", "component": "ray", "event": "BEGIN:human_pop_rollout", "host": "d6b2a058c4be", "pid": 182089, "rank": null, "ts": "2026-10-04 16:05:28"}
[DBG] {"category": "QUEUE", "component": "ray", "event": "watchdog_armed", "host": "d6b2a058c4be", "pid": 182089, "rank": null, "stage": "human_pop_rollout", "timeout_sec": 30.0, "ts": "2026-10-04 16:05:28"}
[DBG] {"category": "QUEUE", "component": "ray", "elapsed_sec": 0.052384, "event": "END:human_pop_rollout", "host": "d6b2a058c4be", "pid": 182089, "rank": null, "ts": "2026-10-04 16:05:28"}
[DBG] {"category": "QUEUE", "component": "ray", "event": "human_group_received", "group_id": "528ff09cf18f454fa7b26dee8ba7c41f", "host": "d6b2a058c4be", "pid": 182089, "rank": null, "ts": "2026-10-04 16:05:28"}
[DBG] {"category": "RAY", "component": "ray", "event": "human_prompt_begin", "group_id": "528ff09cf18f454fa7b26dee8ba7c41f", "host": "d6b2a058c4be", "pid": 182089, "rank": null, "ts": "2026-10-04 16:05:28"}
[DBG] {"category": "RAY", "component": "ray", "event": "shutdown_begin", "host": "d6b2a058c4be", "pid": 182089, "rank": null, "ts": "2026-10-04 16:08:58"}
[DBG] {"category": "RAY", "component": "ray", "event": "BEGIN:join_trainer", "host": "d6b2a058c4be", "pid": 182089, "rank": null, "ts": "2026-10-04 16:08:58"}
[DBG] {"category": "RAY", "component": "ray", "event": "watchdog_armed", "host": "d6b2a058c4be", "pid": 182089, "rank": null, "stage": "join_trainer", "timeout_sec": 30.0, "ts": "2026-10-04 16:08:58"}
[DBG] {"category": "RAY", "component": "ray", "error": "", "error_type": "KeyboardInterrupt", "event": "ERROR:join_trainer", "host": "d6b2a058c4be", "pid": 182089, "rank": null, "traceback": "Traceback (most recent call last):\n  File \"/root/Recursive_RLHF_training_for_LLM/orchestrator.py\", line 170, in run\n    self._human_loop()\n  File \"/root/Recursive_RLHF_training_for_LLM/orchestrator.py\", line 626, in _human_loop\n    human = ui.score(group)\n            ^^^^^^^^^^^^^^^\n  File \"/root/Recursive_RLHF_training_for_LLM/reward.py\", line 157, in score\n    raw = input(f\"scores ({len(group['responses'])} numbers, q=quit): \").strip()\n          ^^^^^^^^^^^^^^^^^^^^^^^^^^^^^^^^^^^^^^^^^^^^^^^^^^^^^^^^^^^^^^\nKeyboardInterrupt\n\nDuring handling of the above exception, another exception occurred:\n\nTraceback (most recent call last):\n  File \"/root/Recursive_RLHF_training_for_LLM/debug.py\", line 154, in stage\n    yield\n  File \"/root/Recursive_RLHF_training_for_LLM/orchestrator.py\", line 186, in run\n    ray.get(ref, timeout=30)\n  File \"/usr/local/lib/python3.11/dist-packages/ray/_private/auto_init_hook.py\", line 22, in auto_init_wrapper\n    return fn(*args, **kwargs)\n           ^^^^^^^^^^^^^^^^^^^\n  File \"/usr/local/lib/python3.11/dist-packages/ray/_private/client_mode_hook.py\", line 135, in wrapper\n    return func(*args, **kwargs)\n           ^^^^^^^^^^^^^^^^^^^^^\n  File \"/usr/local/lib/python3.11/dist-packages/ray/_private/worker.py\", line 3004, in get\n    values, debugger_breakpoint = worker.get_objects(\n                                  ^^^^^^^^^^^^^^^^^^^\n  File \"/usr/local/lib/python3.11/dist-packages/ray/_private/worker.py\", line 1007, in get_objects\n    ] = self.core_worker.get_objects(\n        ^^^^^^^^^^^^^^^^^^^^^^^^^^^^^\n  File \"python/ray/_raylet.pyx\", line 3473, in ray._raylet.CoreWorker.get_objects\n  File \"python/ray/includes/common.pxi\", line 105, in ray._raylet.check_status\nKeyboardInterrupt\n", "ts": "2026-10-04 16:08:59"}
[DBG] {"category": "RAY", "component": "ray", "elapsed_sec": 1.007771, "event": "END:join_trainer", "host": "d6b2a058c4be", "pid": 182089, "rank": null, "ts": "2026-10-04 16:08:59"}
