[DBG] {"category": "RAY", "component": "ray", "debug_all": false, "debug_data": false, "debug_fsdp": true, "debug_inference": false, "debug_queue": true, "debug_ray": true, "debug_reward": false, "debug_train": true, "event": "application_start", "host": "d6b2a058c4be", "pid": 191311, "rank": null, "ts": "2026-10-04 16:13:44"}
[DBG] {"category": "RAY", "component": "ray", "env": {"NCCL_DEBUG": "INFO", "NCCL_DEBUG_SUBSYS": "INIT,COLL,GRAPH", "TORCH_DISTRIBUTED_DEBUG": "DETAIL", "TORCH_NCCL_ASYNC_ERROR_HANDLING": "1", "TORCH_NCCL_DESYNC_DEBUG": "1", "TORCH_NCCL_DUMP_ON_TIMEOUT": "1", "TORCH_NCCL_TRACE_BUFFER_SIZE": "20000", "TORCH_SHOW_CPP_STACKTRACES": "1"}, "event": "distributed_debug_env", "host": "d6b2a058c4be", "pid": 191311, "rank": null, "ts": "2026-10-04 16:13:44"}
[DBG] {"address": "auto", "category": "RAY", "component": "ray", "event": "BEGIN:ray_init", "host": "d6b2a058c4be", "log_to_driver": false, "pid": 191311, "rank": null, "ts": "2026-10-04 16:13:44"}
[DBG] {"category": "RAY", "component": "ray", "event": "watchdog_armed", "host": "d6b2a058c4be", "pid": 191311, "rank": null, "stage": "ray_init", "timeout_sec": 30.0, "ts": "2026-10-04 16:13:44"}
[DBG] {"category": "RAY", "component": "ray", "elapsed_sec": 0.584733, "event": "END:ray_init", "host": "d6b2a058c4be", "pid": 191311, "rank": null, "ts": "2026-10-04 16:13:44"}
[DBG] {"category": "RAY", "component": "ray", "event": "cluster_resources", "host": "d6b2a058c4be", "pid": 191311, "rank": null, "resources": {"CPU": 27.0, "GPU": 3.0, "accelerator_type:RTX-A6000": 1.0, "memory": 115839877530.0, "node:172.20.0.2": 1.0, "node:__internal_head__": 1.0, "object_store_memory": 49645661798.0}, "ts": "2026-10-04 16:13:44"}
[DBG] {"category": "RAY", "component": "ray", "event": "resource_check", "gpu_available": 3, "gpu_needed": 3, "host": "d6b2a058c4be", "pid": 191311, "rank": null, "ts": "2026-10-04 16:13:44"}
[DBG] {"category": "RAY", "component": "ray", "event": "run_id", "host": "d6b2a058c4be", "pid": 191311, "rank": null, "run_id": "smoke01", "ts": "2026-10-04 16:13:44"}
[DBG] {"category": "RAY", "component": "ray", "event": "BEGIN:create_queue_actor", "host": "d6b2a058c4be", "pid": 191311, "rank": null, "ts": "2026-10-04 16:13:44"}
[DBG] {"category": "RAY", "component": "ray", "event": "watchdog_armed", "host": "d6b2a058c4be", "pid": 191311, "rank": null, "stage": "create_queue_actor", "timeout_sec": 30.0, "ts": "2026-10-04 16:13:44"}
[DBG] {"category": "RAY", "component": "ray", "elapsed_sec": 0.05909, "event": "END:create_queue_actor", "host": "d6b2a058c4be", "pid": 191311, "rank": null, "ts": "2026-10-04 16:13:45"}
[DBG] {"category": "QUEUE", "component": "ray", "event": "BEGIN:queue_describe", "host": "d6b2a058c4be", "pid": 191311, "rank": null, "ts": "2026-10-04 16:13:45"}
[DBG] {"category": "QUEUE", "component": "ray", "event": "watchdog_armed", "host": "d6b2a058c4be", "pid": 191311, "rank": null, "stage": "queue_describe", "timeout_sec": 30.0, "ts": "2026-10-04 16:13:45"}
[DBG] {"category": "QUEUE", "component": "ray", "elapsed_sec": 11.0308, "event": "END:queue_describe", "host": "d6b2a058c4be", "pid": 191311, "rank": null, "ts": "2026-10-04 16:13:56"}
[DBG] {"category": "RAY", "component": "ray", "event": "BEGIN:create_control_actor", "host": "d6b2a058c4be", "pid": 191311, "rank": null, "ts": "2026-10-04 16:13:56"}
[DBG] {"category": "RAY", "component": "ray", "event": "watchdog_armed", "host": "d6b2a058c4be", "pid": 191311, "rank": null, "stage": "create_control_actor", "timeout_sec": 30.0, "ts": "2026-10-04 16:13:56"}
[DBG] {"category": "RAY", "component": "ray", "elapsed_sec": 0.027846, "event": "END:create_control_actor", "host": "d6b2a058c4be", "pid": 191311, "rank": null, "ts": "2026-10-04 16:13:56"}
[DBG] {"category": "RAY", "component": "ray", "event": "BEGIN:create_tracker_actor", "host": "d6b2a058c4be", "pid": 191311, "rank": null, "ts": "2026-10-04 16:13:56"}
[DBG] {"category": "RAY", "component": "ray", "event": "watchdog_armed", "host": "d6b2a058c4be", "pid": 191311, "rank": null, "stage": "create_tracker_actor", "timeout_sec": 30.0, "ts": "2026-10-04 16:13:56"}
[DBG] {"category": "RAY", "component": "ray", "elapsed_sec": 0.015916, "event": "END:create_tracker_actor", "host": "d6b2a058c4be", "pid": 191311, "rank": null, "ts": "2026-10-04 16:13:56"}
[DBG] {"category": "RAY", "component": "ray", "event": "BEGIN:create_inference_actor", "gpus": 1, "host": "d6b2a058c4be", "pid": 191311, "rank": null, "ts": "2026-10-04 16:13:56"}
[DBG] {"category": "RAY", "component": "ray", "event": "watchdog_armed", "host": "d6b2a058c4be", "pid": 191311, "rank": null, "stage": "create_inference_actor", "timeout_sec": 30.0, "ts": "2026-10-04 16:13:56"}
[DBG] {"category": "RAY", "component": "ray", "elapsed_sec": 0.017363, "event": "END:create_inference_actor", "host": "d6b2a058c4be", "pid": 191311, "rank": null, "ts": "2026-10-04 16:13:56"}
[DBG] {"category": "RAY", "component": "ray", "event": "BEGIN:create_reward_actor", "gpus": 0, "host": "d6b2a058c4be", "pid": 191311, "rank": null, "ts": "2026-10-04 16:13:56"}
[DBG] {"category": "RAY", "component": "ray", "event": "watchdog_armed", "host": "d6b2a058c4be", "pid": 191311, "rank": null, "stage": "create_reward_actor", "timeout_sec": 30.0, "ts": "2026-10-04 16:13:56"}
[DBG] {"category": "RAY", "component": "ray", "elapsed_sec": 0.023126, "event": "END:create_reward_actor", "host": "d6b2a058c4be", "pid": 191311, "rank": null, "ts": "2026-10-04 16:13:56"}
[DBG] {"category": "RAY", "component": "ray", "event": "BEGIN:create_rollout_actor", "host": "d6b2a058c4be", "pid": 191311, "rank": null, "ts": "2026-10-04 16:13:56"}
[DBG] {"category": "RAY", "component": "ray", "event": "watchdog_armed", "host": "d6b2a058c4be", "pid": 191311, "rank": null, "stage": "create_rollout_actor", "timeout_sec": 30.0, "ts": "2026-10-04 16:13:56"}
[DBG] {"category": "RAY", "component": "ray", "elapsed_sec": 0.011677, "event": "END:create_rollout_actor", "host": "d6b2a058c4be", "pid": 191311, "rank": null, "ts": "2026-10-04 16:13:56"}
[DBG] {"category": "RAY", "component": "ray", "event": "BEGIN:create_trainer_actor", "host": "d6b2a058c4be", "pid": 191311, "rank": null, "ts": "2026-10-04 16:13:56"}
[DBG] {"category": "RAY", "component": "ray", "event": "watchdog_armed", "host": "d6b2a058c4be", "pid": 191311, "rank": null, "stage": "create_trainer_actor", "timeout_sec": 30.0, "ts": "2026-10-04 16:13:56"}
[DBG] {"category": "RAY", "component": "ray", "elapsed_sec": 0.009753, "event": "END:create_trainer_actor", "host": "d6b2a058c4be", "pid": 191311, "rank": null, "ts": "2026-10-04 16:13:56"}
[DBG] {"category": "RAY", "component": "ray", "event": "BEGIN:launch_trainer_actor", "host": "d6b2a058c4be", "pid": 191311, "rank": null, "ts": "2026-10-04 16:14:34"}
[DBG] {"category": "RAY", "component": "ray", "event": "watchdog_armed", "host": "d6b2a058c4be", "pid": 191311, "rank": null, "stage": "launch_trainer_actor", "timeout_sec": 30.0, "ts": "2026-10-04 16:14:34"}
[DBG] {"category": "RAY", "component": "ray", "elapsed_sec": 0.002364, "event": "END:launch_trainer_actor", "host": "d6b2a058c4be", "pid": 191311, "rank": null, "ts": "2026-10-04 16:14:34"}
[DBG] {"category": "RAY", "component": "ray", "event": "BEGIN:launch_rollout_producer", "host": "d6b2a058c4be", "pid": 191311, "rank": null, "ts": "2026-10-04 16:14:34"}
[DBG] {"category": "RAY", "component": "ray", "event": "watchdog_armed", "host": "d6b2a058c4be", "pid": 191311, "rank": null, "stage": "launch_rollout_producer", "timeout_sec": 30.0, "ts": "2026-10-04 16:14:34"}
[DBG] {"category": "RAY", "component": "ray", "elapsed_sec": 0.001539, "event": "END:launch_rollout_producer", "host": "d6b2a058c4be", "pid": 191311, "rank": null, "ts": "2026-10-04 16:14:34"}
[DBG] {"category": "RAY", "component": "ray", "event": "human_loop_start", "host": "d6b2a058c4be", "pid": 191311, "rank": null, "ts": "2026-10-04 16:14:34"}
[DBG] {"category": "QUEUE", "component": "ray", "event": "BEGIN:human_pop_rollout", "host": "d6b2a058c4be", "pid": 191311, "rank": null, "ts": "2026-10-04 16:14:34"}
[DBG] {"category": "QUEUE", "component": "ray", "event": "watchdog_armed", "host": "d6b2a058c4be", "pid": 191311, "rank": null, "stage": "human_pop_rollout", "timeout_sec": 30.0, "ts": "2026-10-04 16:14:34"}
[DBG] {"category": "QUEUE", "component": "ray", "elapsed_sec": 0.01017, "event": "END:human_pop_rollout", "host": "d6b2a058c4be", "pid": 191311, "rank": null, "ts": "2026-10-04 16:14:34"}
[DBG] {"category": "QUEUE", "component": "ray", "event": "BEGIN:human_pop_rollout", "host": "d6b2a058c4be", "pid": 191311, "rank": null, "ts": "2026-10-04 16:14:34"}
[DBG] {"category": "QUEUE", "component": "ray", "event": "watchdog_armed", "host": "d6b2a058c4be", "pid": 191311, "rank": null, "stage": "human_pop_rollout", "timeout_sec": 30.0, "ts": "2026-10-04 16:14:34"}
[DBG] {"category": "QUEUE", "component": "ray", "elapsed_sec": 0.006851, "event": "END:human_pop_rollout", "host": "d6b2a058c4be", "pid": 191311, "rank": null, "ts": "2026-10-04 16:14:34"}
[DBG] {"category": "QUEUE", "component": "ray", "event": "BEGIN:human_pop_rollout", "host": "d6b2a058c4be", "pid": 191311, "rank": null, "ts": "2026-10-04 16:14:34"}
[DBG] {"category": "QUEUE", "component": "ray", "event": "watchdog_armed", "host": "d6b2a058c4be", "pid": 191311, "rank": null, "stage": "human_pop_rollout", "timeout_sec": 30.0, "ts": "2026-10-04 16:14:34"}
[DBG] {"category": "QUEUE", "component": "ray", "elapsed_sec": 0.007788, "event": "END:human_pop_rollout", "host": "d6b2a058c4be", "pid": 191311, "rank": null, "ts": "2026-10-04 16:14:34"}
[DBG] {"category": "QUEUE", "component": "ray", "event": "BEGIN:human_pop_rollout", "host": "d6b2a058c4be", "pid": 191311, "rank": null, "ts": "2026-10-04 16:14:34"}
[DBG] {"category": "QUEUE", "component": "ray", "event": "watchdog_armed", "host": "d6b2a058c4be", "pid": 191311, "rank": null, "stage": "human_pop_rollout", "timeout_sec": 30.0, "ts": "2026-10-04 16:14:34"}
[DBG] {"category": "QUEUE", "component": "ray", "elapsed_sec": 0.006516, "event": "END:human_pop_rollout", "host": "d6b2a058c4be", "pid": 191311, "rank": null, "ts": "2026-10-04 16:14:34"}
[DBG] {"category": "QUEUE", "component": "ray", "event": "BEGIN:human_pop_rollout", "host": "d6b2a058c4be", "pid": 191311, "rank": null, "ts": "2026-10-04 16:14:35"}
[DBG] {"category": "QUEUE", "component": "ray", "event": "watchdog_armed", "host": "d6b2a058c4be", "pid": 191311, "rank": null, "stage": "human_pop_rollout", "timeout_sec": 30.0, "ts": "2026-10-04 16:14:35"}
[DBG] {"category": "QUEUE", "component": "ray", "elapsed_sec": 0.007627, "event": "END:human_pop_rollout", "host": "d6b2a058c4be", "pid": 191311, "rank": null, "ts": "2026-10-04 16:14:35"}
[DBG] {"category": "QUEUE", "component": "ray", "event": "BEGIN:human_pop_rollout", "host": "d6b2a058c4be", "pid": 191311, "rank": null, "ts": "2026-10-04 16:14:35"}
[DBG] {"category": "QUEUE", "component": "ray", "event": "watchdog_armed", "host": "d6b2a058c4be", "pid": 191311, "rank": null, "stage": "human_pop_rollout", "timeout_sec": 30.0, "ts": "2026-10-04 16:14:35"}
[DBG] {"category": "QUEUE", "component": "ray", "elapsed_sec": 0.007953, "event": "END:human_pop_rollout", "host": "d6b2a058c4be", "pid": 191311, "rank": null, "ts": "2026-10-04 16:14:35"}
[DBG] {"category": "QUEUE", "component": "ray", "event": "BEGIN:human_pop_rollout", "host": "d6b2a058c4be", "pid": 191311, "rank": null, "ts": "2026-10-04 16:14:35"}
[DBG] {"category": "QUEUE", "component": "ray", "event": "watchdog_armed", "host": "d6b2a058c4be", "pid": 191311, "rank": null, "stage": "human_pop_rollout", "timeout_sec": 30.0, "ts": "2026-10-04 16:14:35"}
[DBG] {"category": "QUEUE", "component": "ray", "elapsed_sec": 0.007779, "event": "END:human_pop_rollout", "host": "d6b2a058c4be", "pid": 191311, "rank": null, "ts": "2026-10-04 16:14:35"}
[DBG] {"category": "QUEUE", "component": "ray", "event": "BEGIN:human_pop_rollout", "host": "d6b2a058c4be", "pid": 191311, "rank": null, "ts": "2026-10-04 16:14:35"}
[DBG] {"category": "QUEUE", "component": "ray", "event": "watchdog_armed", "host": "d6b2a058c4be", "pid": 191311, "rank": null, "stage": "human_pop_rollout", "timeout_sec": 30.0, "ts": "2026-10-04 16:14:35"}
[DBG] {"category": "QUEUE", "component": "ray", "elapsed_sec": 0.007617, "event": "END:human_pop_rollout", "host": "d6b2a058c4be", "pid": 191311, "rank": null, "ts": "2026-10-04 16:14:35"}
[DBG] {"category": "QUEUE", "component": "ray", "event": "BEGIN:human_pop_rollout", "host": "d6b2a058c4be", "pid": 191311, "rank": null, "ts": "2026-10-04 16:14:35"}
[DBG] {"category": "QUEUE", "component": "ray", "event": "watchdog_armed", "host": "d6b2a058c4be", "pid": 191311, "rank": null, "stage": "human_pop_rollout", "timeout_sec": 30.0, "ts": "2026-10-04 16:14:35"}
[DBG] {"category": "QUEUE", "component": "ray", "elapsed_sec": 0.007853, "event": "END:human_pop_rollout", "host": "d6b2a058c4be", "pid": 191311, "rank": null, "ts": "2026-10-04 16:14:35"}
[DBG] {"category": "QUEUE", "component": "ray", "event": "BEGIN:human_pop_rollout", "host": "d6b2a058c4be", "pid": 191311, "rank": null, "ts": "2026-10-04 16:14:36"}
[DBG] {"category": "QUEUE", "component": "ray", "event": "watchdog_armed", "host": "d6b2a058c4be", "pid": 191311, "rank": null, "stage": "human_pop_rollout", "timeout_sec": 30.0, "ts": "2026-10-04 16:14:36"}
[DBG] {"category": "QUEUE", "component": "ray", "elapsed_sec": 0.007682, "event": "END:human_pop_rollout", "host": "d6b2a058c4be", "pid": 191311, "rank": null, "ts": "2026-10-04 16:14:36"}
[DBG] {"category": "QUEUE", "component": "ray", "event": "BEGIN:human_pop_rollout", "host": "d6b2a058c4be", "pid": 191311, "rank": null, "ts": "2026-10-04 16:14:36"}
[DBG] {"category": "QUEUE", "component": "ray", "event": "watchdog_armed", "host": "d6b2a058c4be", "pid": 191311, "rank": null, "stage": "human_pop_rollout", "timeout_sec": 30.0, "ts": "2026-10-04 16:14:36"}
[DBG] {"category": "QUEUE", "component": "ray", "elapsed_sec": 0.00764, "event": "END:human_pop_rollout", "host": "d6b2a058c4be", "pid": 191311, "rank": null, "ts": "2026-10-04 16:14:36"}
[DBG] {"category": "QUEUE", "component": "ray", "event": "BEGIN:human_pop_rollout", "host": "d6b2a058c4be", "pid": 191311, "rank": null, "ts": "2026-10-04 16:14:36"}
[DBG] {"category": "QUEUE", "component": "ray", "event": "watchdog_armed", "host": "d6b2a058c4be", "pid": 191311, "rank": null, "stage": "human_pop_rollout", "timeout_sec": 30.0, "ts": "2026-10-04 16:14:36"}
[DBG] {"category": "QUEUE", "component": "ray", "elapsed_sec": 0.006821, "event": "END:human_pop_rollout", "host": "d6b2a058c4be", "pid": 191311, "rank": null, "ts": "2026-10-04 16:14:36"}
[DBG] {"category": "QUEUE", "component": "ray", "event": "BEGIN:human_pop_rollout", "host": "d6b2a058c4be", "pid": 191311, "rank": null, "ts": "2026-10-04 16:14:36"}
[DBG] {"category": "QUEUE", "component": "ray", "event": "watchdog_armed", "host": "d6b2a058c4be", "pid": 191311, "rank": null, "stage": "human_pop_rollout", "timeout_sec": 30.0, "ts": "2026-10-04 16:14:36"}
[DBG] {"category": "QUEUE", "component": "ray", "elapsed_sec": 0.06688, "event": "END:human_pop_rollout", "host": "d6b2a058c4be", "pid": 191311, "rank": null, "ts": "2026-10-04 16:14:36"}
[DBG] {"category": "QUEUE", "component": "ray", "event": "human_group_received", "group_id": "f56e5ede261545cba533d67a9f606dde", "host": "d6b2a058c4be", "pid": 191311, "rank": null, "ts": "2026-10-04 16:14:36"}
[DBG] {"category": "RAY", "component": "ray", "event": "human_prompt_begin", "group_id": "f56e5ede261545cba533d67a9f606dde", "host": "d6b2a058c4be", "pid": 191311, "rank": null, "ts": "2026-10-04 16:14:36"}
[DBG] {"category": "RAY", "component": "ray", "event": "human_prompt_end", "group_id": "f56e5ede261545cba533d67a9f606dde", "host": "d6b2a058c4be", "human_scores": [1.0, 2.0, 3.0, 4.0], "pid": 191311, "policy_version": 0, "rank": null, "ts": "2026-10-04 16:16:55"}
[DBG] {"category": "RAY", "component": "ray", "event": "post_input_pipeline_begin", "group_id": "f56e5ede261545cba533d67a9f606dde", "host": "d6b2a058c4be", "pid": 191311, "rank": null, "ts": "2026-10-04 16:16:55"}
[DBG] {"category": "QUEUE", "chosen_index": 3, "component": "ray", "event": "preference_sample_built", "group_id": "f56e5ede261545cba533d67a9f606dde", "host": "d6b2a058c4be", "pid": 191311, "policy_version": 0, "rank": null, "rejected_index": 0, "ts": "2026-10-04 16:16:55"}
[DBG] {"category": "QUEUE", "component": "ray", "event": "BEGIN:human_put_preference", "group_id": "f56e5ede261545cba533d67a9f606dde", "host": "d6b2a058c4be", "pid": 191311, "rank": null, "ts": "2026-10-04 16:16:55"}
[DBG] {"category": "QUEUE", "component": "ray", "event": "watchdog_armed", "host": "d6b2a058c4be", "pid": 191311, "rank": null, "stage": "human_put_preference", "timeout_sec": 30.0, "ts": "2026-10-04 16:16:55"}
[DBG] {"category": "QUEUE", "component": "ray", "elapsed_sec": 0.040037, "event": "END:human_put_preference", "host": "d6b2a058c4be", "pid": 191311, "rank": null, "ts": "2026-10-04 16:16:56"}
[DBG] {"category": "QUEUE", "component": "ray", "event": "preference_put_trace", "group_id": "f56e5ede261545cba533d67a9f606dde", "host": "d6b2a058c4be", "pid": 191311, "queue_key": "smoke01:preference:f56e5ede261545cba533d67a9f606dde", "rank": null, "size_after": 1, "size_before": 0, "ts": "2026-10-04 16:16:56"}
[DBG] {"category": "QUEUE", "component": "ray", "event": "preference_selected", "group_id": "f56e5ede261545cba533d67a9f606dde", "host": "d6b2a058c4be", "pid": 191311, "preference_pending": 1, "rank": null, "selected": 1, "ts": "2026-10-04 16:16:56"}
[DBG] {"category": "RAY", "component": "ray", "event": "post_input_pipeline_end", "group_id": "f56e5ede261545cba533d67a9f606dde", "host": "d6b2a058c4be", "pid": 191311, "rank": null, "selected": true, "ts": "2026-10-04 16:16:56"}
[DBG] {"axis/human_groups": 1, "category": "QUEUE", "component": "ray", "data/candidate_all": 1, "data/candidate_lgbm_agree": 0, "data/candidate_lgbm_only": 0, "data/candidate_neural_agree": 0, "data/candidate_neural_only": 0, "data/candidate_triple_agree": 0, "data/selected_pairs": 1, "data/selection_rate": 1.0, "event": "pipeline_metrics", "host": "d6b2a058c4be", "pid": 191311, "queue/preference": 1, "queue/rollout": 9, "rank": null, "ts": "2026-10-04 16:16:56"}
[DBG] {"category": "QUEUE", "component": "ray", "event": "BEGIN:human_pop_rollout", "host": "d6b2a058c4be", "pid": 191311, "rank": null, "ts": "2026-10-04 16:16:57"}
[DBG] {"category": "QUEUE", "component": "ray", "event": "watchdog_armed", "host": "d6b2a058c4be", "pid": 191311, "rank": null, "stage": "human_pop_rollout", "timeout_sec": 30.0, "ts": "2026-10-04 16:16:57"}
[DBG] {"category": "QUEUE", "component": "ray", "elapsed_sec": 0.060921, "event": "END:human_pop_rollout", "host": "d6b2a058c4be", "pid": 191311, "rank": null, "ts": "2026-10-04 16:16:57"}
[DBG] {"category": "QUEUE", "component": "ray", "event": "human_group_received", "group_id": "7afd1b594bba496faba0e6ce09bbd17c", "host": "d6b2a058c4be", "pid": 191311, "rank": null, "ts": "2026-10-04 16:16:57"}
[DBG] {"category": "RAY", "component": "ray", "event": "human_prompt_begin", "group_id": "7afd1b594bba496faba0e6ce09bbd17c", "host": "d6b2a058c4be", "pid": 191311, "rank": null, "ts": "2026-10-04 16:16:57"}
[DBG] {"category": "RAY", "component": "ray", "event": "human_prompt_end", "group_id": "7afd1b594bba496faba0e6ce09bbd17c", "host": "d6b2a058c4be", "human_scores": [1.0, 2.0, 3.0, 4.0], "pid": 191311, "policy_version": 0, "rank": null, "ts": "2026-10-04 16:16:58"}
[DBG] {"category": "RAY", "component": "ray", "event": "post_input_pipeline_begin", "group_id": "7afd1b594bba496faba0e6ce09bbd17c", "host": "d6b2a058c4be", "pid": 191311, "rank": null, "ts": "2026-10-04 16:16:58"}
[DBG] {"category": "QUEUE", "chosen_index": 3, "component": "ray", "event": "preference_sample_built", "group_id": "7afd1b594bba496faba0e6ce09bbd17c", "host": "d6b2a058c4be", "pid": 191311, "policy_version": 0, "rank": null, "rejected_index": 0, "ts": "2026-10-04 16:16:58"}
[DBG] {"category": "QUEUE", "component": "ray", "event": "BEGIN:human_put_preference", "group_id": "7afd1b594bba496faba0e6ce09bbd17c", "host": "d6b2a058c4be", "pid": 191311, "rank": null, "ts": "2026-10-04 16:16:58"}
[DBG] {"category": "QUEUE", "component": "ray", "event": "watchdog_armed", "host": "d6b2a058c4be", "pid": 191311, "rank": null, "stage": "human_put_preference", "timeout_sec": 30.0, "ts": "2026-10-04 16:16:58"}
[DBG] {"category": "QUEUE", "component": "ray", "elapsed_sec": 0.036626, "event": "END:human_put_preference", "host": "d6b2a058c4be", "pid": 191311, "rank": null, "ts": "2026-10-04 16:16:58"}
[DBG] {"category": "QUEUE", "component": "ray", "event": "preference_put_trace", "group_id": "7afd1b594bba496faba0e6ce09bbd17c", "host": "d6b2a058c4be", "pid": 191311, "queue_key": "smoke01:preference:7afd1b594bba496faba0e6ce09bbd17c", "rank": null, "size_after": 2, "size_before": 1, "ts": "2026-10-04 16:16:58"}
[DBG] {"category": "QUEUE", "component": "ray", "event": "preference_selected", "group_id": "7afd1b594bba496faba0e6ce09bbd17c", "host": "d6b2a058c4be", "pid": 191311, "preference_pending": 2, "rank": null, "selected": 2, "ts": "2026-10-04 16:16:58"}
[DBG] {"category": "RAY", "component": "ray", "event": "post_input_pipeline_end", "group_id": "7afd1b594bba496faba0e6ce09bbd17c", "host": "d6b2a058c4be", "pid": 191311, "rank": null, "selected": true, "ts": "2026-10-04 16:16:58"}
[DBG] {"axis/human_groups": 2, "category": "QUEUE", "component": "ray", "data/candidate_all": 2, "data/candidate_lgbm_agree": 0, "data/candidate_lgbm_only": 0, "data/candidate_neural_agree": 0, "data/candidate_neural_only": 0, "data/candidate_triple_agree": 0, "data/selected_pairs": 2, "data/selection_rate": 1.0, "event": "pipeline_metrics", "host": "d6b2a058c4be", "pid": 191311, "queue/preference": 2, "queue/rollout": 8, "rank": null, "ts": "2026-10-04 16:16:58"}
[DBG] {"category": "QUEUE", "component": "ray", "event": "BEGIN:human_pop_rollout", "host": "d6b2a058c4be", "pid": 191311, "rank": null, "ts": "2026-10-04 16:16:59"}
[DBG] {"category": "QUEUE", "component": "ray", "event": "watchdog_armed", "host": "d6b2a058c4be", "pid": 191311, "rank": null, "stage": "human_pop_rollout", "timeout_sec": 30.0, "ts": "2026-10-04 16:16:59"}
[DBG] {"category": "QUEUE", "component": "ray", "elapsed_sec": 0.050971, "event": "END:human_pop_rollout", "host": "d6b2a058c4be", "pid": 191311, "rank": null, "ts": "2026-10-04 16:16:59"}
[DBG] {"category": "QUEUE", "component": "ray", "event": "human_group_received", "group_id": "880110bd97fe464aab72a0f49dbf4b70", "host": "d6b2a058c4be", "pid": 191311, "rank": null, "ts": "2026-10-04 16:16:59"}
[DBG] {"category": "RAY", "component": "ray", "event": "human_prompt_begin", "group_id": "880110bd97fe464aab72a0f49dbf4b70", "host": "d6b2a058c4be", "pid": 191311, "rank": null, "ts": "2026-10-04 16:16:59"}
[DBG] {"category": "RAY", "component": "ray", "event": "human_prompt_end", "group_id": "880110bd97fe464aab72a0f49dbf4b70", "host": "d6b2a058c4be", "human_scores": [1.0, 2.0, 3.0, 4.0], "pid": 191311, "policy_version": 0, "rank": null, "ts": "2026-10-04 16:17:00"}
[DBG] {"category": "RAY", "component": "ray", "event": "post_input_pipeline_begin", "group_id": "880110bd97fe464aab72a0f49dbf4b70", "host": "d6b2a058c4be", "pid": 191311, "rank": null, "ts": "2026-10-04 16:17:00"}
[DBG] {"category": "QUEUE", "chosen_index": 3, "component": "ray", "event": "preference_sample_built", "group_id": "880110bd97fe464aab72a0f49dbf4b70", "host": "d6b2a058c4be", "pid": 191311, "policy_version": 0, "rank": null, "rejected_index": 0, "ts": "2026-10-04 16:17:00"}
[DBG] {"category": "QUEUE", "component": "ray", "event": "BEGIN:human_put_preference", "group_id": "880110bd97fe464aab72a0f49dbf4b70", "host": "d6b2a058c4be", "pid": 191311, "rank": null, "ts": "2026-10-04 16:17:00"}
[DBG] {"category": "QUEUE", "component": "ray", "event": "watchdog_armed", "host": "d6b2a058c4be", "pid": 191311, "rank": null, "stage": "human_put_preference", "timeout_sec": 30.0, "ts": "2026-10-04 16:17:00"}
[DBG] {"category": "QUEUE", "component": "ray", "elapsed_sec": 0.030161, "event": "END:human_put_preference", "host": "d6b2a058c4be", "pid": 191311, "rank": null, "ts": "2026-10-04 16:17:00"}
[DBG] {"category": "QUEUE", "component": "ray", "event": "preference_put_trace", "group_id": "880110bd97fe464aab72a0f49dbf4b70", "host": "d6b2a058c4be", "pid": 191311, "queue_key": "smoke01:preference:880110bd97fe464aab72a0f49dbf4b70", "rank": null, "size_after": 3, "size_before": 2, "ts": "2026-10-04 16:17:00"}
[DBG] {"category": "QUEUE", "component": "ray", "event": "preference_selected", "group_id": "880110bd97fe464aab72a0f49dbf4b70", "host": "d6b2a058c4be", "pid": 191311, "preference_pending": 3, "rank": null, "selected": 3, "ts": "2026-10-04 16:17:00"}
[DBG] {"category": "RAY", "component": "ray", "event": "post_input_pipeline_end", "group_id": "880110bd97fe464aab72a0f49dbf4b70", "host": "d6b2a058c4be", "pid": 191311, "rank": null, "selected": true, "ts": "2026-10-04 16:17:00"}
[DBG] {"axis/human_groups": 3, "category": "QUEUE", "component": "ray", "data/candidate_all": 3, "data/candidate_lgbm_agree": 0, "data/candidate_lgbm_only": 0, "data/candidate_neural_agree": 0, "data/candidate_neural_only": 0, "data/candidate_triple_agree": 0, "data/selected_pairs": 3, "data/selection_rate": 1.0, "event": "pipeline_metrics", "host": "d6b2a058c4be", "pid": 191311, "queue/preference": 3, "queue/rollout": 9, "rank": null, "ts": "2026-10-04 16:17:00"}
[DBG] {"category": "QUEUE", "component": "ray", "event": "BEGIN:human_pop_rollout", "host": "d6b2a058c4be", "pid": 191311, "rank": null, "ts": "2026-10-04 16:17:01"}
[DBG] {"category": "QUEUE", "component": "ray", "event": "watchdog_armed", "host": "d6b2a058c4be", "pid": 191311, "rank": null, "stage": "human_pop_rollout", "timeout_sec": 30.0, "ts": "2026-10-04 16:17:01"}
[DBG] {"category": "QUEUE", "component": "ray", "elapsed_sec": 0.05234, "event": "END:human_pop_rollout", "host": "d6b2a058c4be", "pid": 191311, "rank": null, "ts": "2026-10-04 16:17:01"}
[DBG] {"category": "QUEUE", "component": "ray", "event": "human_group_received", "group_id": "ccc153f174e542fd91a7e9888794520f", "host": "d6b2a058c4be", "pid": 191311, "rank": null, "ts": "2026-10-04 16:17:01"}
[DBG] {"category": "RAY", "component": "ray", "event": "human_prompt_begin", "group_id": "ccc153f174e542fd91a7e9888794520f", "host": "d6b2a058c4be", "pid": 191311, "rank": null, "ts": "2026-10-04 16:17:01"}
[DBG] {"category": "RAY", "component": "ray", "event": "human_prompt_end", "group_id": "ccc153f174e542fd91a7e9888794520f", "host": "d6b2a058c4be", "human_scores": [1.0, 2.0, 3.0, 4.0], "pid": 191311, "policy_version": 0, "rank": null, "ts": "2026-10-04 16:17:03"}
[DBG] {"category": "RAY", "component": "ray", "event": "post_input_pipeline_begin", "group_id": "ccc153f174e542fd91a7e9888794520f", "host": "d6b2a058c4be", "pid": 191311, "rank": null, "ts": "2026-10-04 16:17:03"}
[DBG] {"category": "QUEUE", "chosen_index": 3, "component": "ray", "event": "preference_sample_built", "group_id": "ccc153f174e542fd91a7e9888794520f", "host": "d6b2a058c4be", "pid": 191311, "policy_version": 0, "rank": null, "rejected_index": 0, "ts": "2026-10-04 16:17:03"}
[DBG] {"category": "QUEUE", "component": "ray", "event": "BEGIN:human_put_preference", "group_id": "ccc153f174e542fd91a7e9888794520f", "host": "d6b2a058c4be", "pid": 191311, "rank": null, "ts": "2026-10-04 16:17:03"}
[DBG] {"category": "QUEUE", "component": "ray", "event": "watchdog_armed", "host": "d6b2a058c4be", "pid": 191311, "rank": null, "stage": "human_put_preference", "timeout_sec": 30.0, "ts": "2026-10-04 16:17:03"}
[DBG] {"category": "QUEUE", "component": "ray", "elapsed_sec": 0.034556, "event": "END:human_put_preference", "host": "d6b2a058c4be", "pid": 191311, "rank": null, "ts": "2026-10-04 16:17:03"}
[DBG] {"category": "QUEUE", "component": "ray", "event": "preference_put_trace", "group_id": "ccc153f174e542fd91a7e9888794520f", "host": "d6b2a058c4be", "pid": 191311, "queue_key": "smoke01:preference:ccc153f174e542fd91a7e9888794520f", "rank": null, "size_after": 4, "size_before": 3, "ts": "2026-10-04 16:17:03"}
[DBG] {"category": "QUEUE", "component": "ray", "event": "preference_selected", "group_id": "ccc153f174e542fd91a7e9888794520f", "host": "d6b2a058c4be", "pid": 191311, "preference_pending": 4, "rank": null, "selected": 4, "ts": "2026-10-04 16:17:03"}
[DBG] {"category": "RAY", "component": "ray", "event": "post_input_pipeline_end", "group_id": "ccc153f174e542fd91a7e9888794520f", "host": "d6b2a058c4be", "pid": 191311, "rank": null, "selected": true, "ts": "2026-10-04 16:17:03"}
[DBG] {"axis/human_groups": 4, "category": "QUEUE", "component": "ray", "data/candidate_all": 4, "data/candidate_lgbm_agree": 0, "data/candidate_lgbm_only": 0, "data/candidate_neural_agree": 0, "data/candidate_neural_only": 0, "data/candidate_triple_agree": 0, "data/selected_pairs": 4, "data/selection_rate": 1.0, "event": "pipeline_metrics", "host": "d6b2a058c4be", "pid": 191311, "queue/preference": 4, "queue/rollout": 8, "rank": null, "ts": "2026-10-04 16:17:03"}
[DBG] {"category": "QUEUE", "component": "ray", "event": "BEGIN:human_pop_rollout", "host": "d6b2a058c4be", "pid": 191311, "rank": null, "ts": "2026-10-04 16:17:03"}
[DBG] {"category": "QUEUE", "component": "ray", "event": "watchdog_armed", "host": "d6b2a058c4be", "pid": 191311, "rank": null, "stage": "human_pop_rollout", "timeout_sec": 30.0, "ts": "2026-10-04 16:17:03"}
[DBG] {"category": "QUEUE", "component": "ray", "elapsed_sec": 0.054369, "event": "END:human_pop_rollout", "host": "d6b2a058c4be", "pid": 191311, "rank": null, "ts": "2026-10-04 16:17:03"}
[DBG] {"category": "QUEUE", "component": "ray", "event": "human_group_received", "group_id": "eac06b5c92574636ba957ec42faaf59b", "host": "d6b2a058c4be", "pid": 191311, "rank": null, "ts": "2026-10-04 16:17:03"}
[DBG] {"category": "RAY", "component": "ray", "event": "human_prompt_begin", "group_id": "eac06b5c92574636ba957ec42faaf59b", "host": "d6b2a058c4be", "pid": 191311, "rank": null, "ts": "2026-10-04 16:17:03"}
[DBG] {"category": "RAY", "component": "ray", "event": "human_prompt_end", "group_id": "eac06b5c92574636ba957ec42faaf59b", "host": "d6b2a058c4be", "human_scores": [1.0, 2.0, 3.0, 4.0], "pid": 191311, "policy_version": 0, "rank": null, "ts": "2026-10-04 16:17:05"}
[DBG] {"category": "RAY", "component": "ray", "event": "post_input_pipeline_begin", "group_id": "eac06b5c92574636ba957ec42faaf59b", "host": "d6b2a058c4be", "pid": 191311, "rank": null, "ts": "2026-10-04 16:17:05"}
[DBG] {"category": "QUEUE", "chosen_index": 3, "component": "ray", "event": "preference_sample_built", "group_id": "eac06b5c92574636ba957ec42faaf59b", "host": "d6b2a058c4be", "pid": 191311, "policy_version": 0, "rank": null, "rejected_index": 0, "ts": "2026-10-04 16:17:05"}
[DBG] {"category": "QUEUE", "component": "ray", "event": "BEGIN:human_put_preference", "group_id": "eac06b5c92574636ba957ec42faaf59b", "host": "d6b2a058c4be", "pid": 191311, "rank": null, "ts": "2026-10-04 16:17:05"}
[DBG] {"category": "QUEUE", "component": "ray", "event": "watchdog_armed", "host": "d6b2a058c4be", "pid": 191311, "rank": null, "stage": "human_put_preference", "timeout_sec": 30.0, "ts": "2026-10-04 16:17:05"}
[DBG] {"category": "QUEUE", "component": "ray", "elapsed_sec": 0.030946, "event": "END:human_put_preference", "host": "d6b2a058c4be", "pid": 191311, "rank": null, "ts": "2026-10-04 16:17:05"}
[DBG] {"category": "QUEUE", "component": "ray", "event": "preference_put_trace", "group_id": "eac06b5c92574636ba957ec42faaf59b", "host": "d6b2a058c4be", "pid": 191311, "queue_key": "smoke01:preference:eac06b5c92574636ba957ec42faaf59b", "rank": null, "size_after": 1, "size_before": 0, "ts": "2026-10-04 16:17:05"}
[DBG] {"category": "QUEUE", "component": "ray", "event": "preference_selected", "group_id": "eac06b5c92574636ba957ec42faaf59b", "host": "d6b2a058c4be", "pid": 191311, "preference_pending": 1, "rank": null, "selected": 5, "ts": "2026-10-04 16:17:05"}
[DBG] {"category": "RAY", "component": "ray", "event": "post_input_pipeline_end", "group_id": "eac06b5c92574636ba957ec42faaf59b", "host": "d6b2a058c4be", "pid": 191311, "rank": null, "selected": true, "ts": "2026-10-04 16:17:05"}
[DBG] {"axis/human_groups": 5, "category": "QUEUE", "component": "ray", "data/candidate_all": 5, "data/candidate_lgbm_agree": 0, "data/candidate_lgbm_only": 0, "data/candidate_neural_agree": 0, "data/candidate_neural_only": 0, "data/candidate_triple_agree": 0, "data/selected_pairs": 5, "data/selection_rate": 1.0, "event": "pipeline_metrics", "host": "d6b2a058c4be", "pid": 191311, "queue/preference": 1, "queue/rollout": 9, "rank": null, "ts": "2026-10-04 16:17:05"}
[DBG] {"category": "RAY", "component": "ray", "event": "trainer_ref_ready", "host": "d6b2a058c4be", "pid": 191311, "rank": null, "ts": "2026-10-04 16:17:06"}
[DBG] {"category": "RAY", "component": "ray", "event": "shutdown_begin", "host": "d6b2a058c4be", "pid": 191311, "rank": null, "ts": "2026-10-04 16:17:06"}
[DBG] {"category": "RAY", "component": "ray", "event": "BEGIN:join_trainer", "host": "d6b2a058c4be", "pid": 191311, "rank": null, "ts": "2026-10-04 16:17:06"}
[DBG] {"category": "RAY", "component": "ray", "event": "watchdog_armed", "host": "d6b2a058c4be", "pid": 191311, "rank": null, "stage": "join_trainer", "timeout_sec": 30.0, "ts": "2026-10-04 16:17:06"}
[DBG] {"category": "RAY", "component": "ray", "error": "\u001b[36mray::TrainerJob.run()\u001b[39m (pid=193495, ip=172.20.0.2, actor_id=43f6afd6d5fbb8c17d04a9fa01000000, repr=<orchestrator.TrainerJob object at 0x72558a820a10>)\n           ^^^^^^^^^^^^^^^^^^^^^^^^^^^^^^^^^^^^\n           ^^^^^^^^^^^^^^^^^^^^^^^^^^^^^^^\n  File \"/root/Recursive_RLHF_training_for_LLM/orchestrator.py\", line 119, in run\n    result = trainer.fit()\n             ^^^^^^^^^^^^^\n  File \"/usr/local/lib/python3.11/dist-packages/ray/train/v2/api/data_parallel_trainer.py\", line 193, in fit\n    raise result.error\nray.train.WorkerGroupError: Training failed due to worker errors:\n[Rank 0,1 Error Snippet]:\n\u001b[36mray::TrainerJob.run()\u001b[39m (pid=193495, ip=172.20.0.2, actor_id=43f6afd6d5fbb8c17d04a9fa01000000, repr=<orchestrator.TrainerJob object at 0x72558a820a10>)\n  File \"/root/Recursive_RLHF_training_for_LLM/train/train.py\", line 36, in __call__\n    FSDPDPOTrainer(loop_config, dbg).run()\n  File \"/root/Recursive_RLHF_training_for_LLM/train/train.py\", line 112, in run\n    loss = self._step(microbatches)\n           ^^^^^^^^^^^^^^^^^^^^^^^^\n  File \"/root/Recursive_RLHF_training_for_LLM/train/train.py\", line 1177, in _step\n    out = self.model(\n          ^^^^^^^^^^^\n  File \"/usr/local/lib/python3.11/dist-packages/torch/nn/mo...\n... (Output truncated. See individual worker logs for full details) ...\nain.py\", line 672, in _dbg_wait_stream\n    result = _orig_wait_stream(stream, other_stream)\n             ^^^^^^^^^^^^^^^^^^^^^^^^^^^^^^^^^^^^^^^\n  File \"/usr/local/lib/python3.11/dist-packages/torch/cuda/streams.py\", line 77, in wait_stream\n    self.wait_event(stream.record_event())\n                    ^^^^^^^^^^^^^^^^^^^^^\n  File \"/root/Recursive_RLHF_training_for_LLM/train/train.py\", line 686, in _dbg_record_event\n    dbg.log(\nTypeError: Debugger.log() got multiple values for argument 'event'", "error_type": "RayTaskError(WorkerGroupError)", "event": "ERROR:join_trainer", "host": "d6b2a058c4be", "pid": 191311, "rank": null, "traceback": "Traceback (most recent call last):\n  File \"/root/Recursive_RLHF_training_for_LLM/orchestrator.py\", line 170, in run\n    self._human_loop()\n  File \"/root/Recursive_RLHF_training_for_LLM/orchestrator.py\", line 605, in _human_loop\n    if self._check_trainer():\n       ^^^^^^^^^^^^^^^^^^^^^\n  File \"/root/Recursive_RLHF_training_for_LLM/orchestrator.py\", line 596, in _check_trainer\n    result = ray.get(ready[0])\n             ^^^^^^^^^^^^^^^^^\n  File \"/usr/local/lib/python3.11/dist-packages/ray/_private/auto_init_hook.py\", line 22, in auto_init_wrapper\n    return fn(*args, **kwargs)\n           ^^^^^^^^^^^^^^^^^^^\n  File \"/usr/local/lib/python3.11/dist-packages/ray/_private/client_mode_hook.py\", line 135, in wrapper\n    return func(*args, **kwargs)\n           ^^^^^^^^^^^^^^^^^^^^^\n  File \"/usr/local/lib/python3.11/dist-packages/ray/_private/worker.py\", line 3004, in get\n    values, debugger_breakpoint = worker.get_objects(\n                                  ^^^^^^^^^^^^^^^^^^^\n  File \"/usr/local/lib/python3.11/dist-packages/ray/_private/worker.py\", line 1053, in get_objects\n    raise value.as_instanceof_cause()\nray.exceptions.RayTaskError(WorkerGroupError): \u001b[36mray::TrainerJob.run()\u001b[39m (pid=193495, ip=172.20.0.2, actor_id=43f6afd6d5fbb8c17d04a9fa01000000, repr=<orchestrator.TrainerJob object at 0x72558a820a10>)\n           ^^^^^^^^^^^^^^^^^^^^^^^^^^^^^^^^^^^^\n           ^^^^^^^^^^^^^^^^^^^^^^^^^^^^^^^\n  File \"/root/Recursive_RLHF_training_for_LLM/orchestrator.py\", line 119, in run\n    result = trainer.fit()\n             ^^^^^^^^^^^^^\n  File \"/usr/local/lib/python3.11/dist-packages/ray/train/v2/api/data_parallel_trainer.py\", line 193, in fit\n    raise result.error\nray.train.WorkerGroupError: Training failed due to worker errors:\n[Rank 0,1 Error Snippet]:\n\u001b[36mray::TrainerJob.run()\u001b[39m (pid=193495, ip=172.20.0.2, actor_id=43f6afd6d5fbb8c17d04a9fa01000000, repr=<orchestrator.TrainerJob object at 0x72558a820a10>)\n  File \"/root/Recursive_RLHF_training_for_LLM/train/train.py\", line 36, in __call__\n    FSDPDPOTrainer(loop_config, dbg).run()\n  File \"/root/Recursive_RLHF_training_for_LLM/train/train.py\", line 112, in run\n    loss = self._step(microbatches)\n           ^^^^^^^^^^^^^^^^^^^^^^^^\n  File \"/root/Recursive_RLHF_training_for_LLM/train/train.py\", line 1177, in _step\n    out = self.model(\n          ^^^^^^^^^^^\n  File \"/usr/local/lib/python3.11/dist-packages/torch/nn/mo...\n... (Output truncated. See individual worker logs for full details) ...\nain.py\", line 672, in _dbg_wait_stream\n    result = _orig_wait_stream(stream, other_stream)\n             ^^^^^^^^^^^^^^^^^^^^^^^^^^^^^^^^^^^^^^^\n  File \"/usr/local/lib/python3.11/dist-packages/torch/cuda/streams.py\", line 77, in wait_stream\n    self.wait_event(stream.record_event())\n                    ^^^^^^^^^^^^^^^^^^^^^\n  File \"/root/Recursive_RLHF_training_for_LLM/train/train.py\", line 686, in _dbg_record_event\n    dbg.log(\nTypeError: Debugger.log() got multiple values for argument 'event'\n\nDuring handling of the above exception, another exception occurred:\n\nTraceback (most recent call last):\n  File \"/root/Recursive_RLHF_training_for_LLM/debug.py\", line 154, in stage\n    yield\n  File \"/root/Recursive_RLHF_training_for_LLM/orchestrator.py\", line 186, in run\n    ray.get(ref, timeout=30)\n  File \"/usr/local/lib/python3.11/dist-packages/ray/_private/auto_init_hook.py\", line 22, in auto_init_wrapper\n    return fn(*args, **kwargs)\n           ^^^^^^^^^^^^^^^^^^^\n  File \"/usr/local/lib/python3.11/dist-packages/ray/_private/client_mode_hook.py\", line 135, in wrapper\n    return func(*args, **kwargs)\n           ^^^^^^^^^^^^^^^^^^^^^\n  File \"/usr/local/lib/python3.11/dist-packages/ray/_private/worker.py\", line 3004, in get\n    values, debugger_breakpoint = worker.get_objects(\n                                  ^^^^^^^^^^^^^^^^^^^\n  File \"/usr/local/lib/python3.11/dist-packages/ray/_private/worker.py\", line 1053, in get_objects\n    raise value.as_instanceof_cause()\nray.exceptions.RayTaskError(WorkerGroupError): \u001b[36mray::TrainerJob.run()\u001b[39m (pid=193495, ip=172.20.0.2, actor_id=43f6afd6d5fbb8c17d04a9fa01000000, repr=<orchestrator.TrainerJob object at 0x72558a820a10>)\n           ^^^^^^^^^^^^^^^^^^^^^^^^^^^^^^^^^^^^\n           ^^^^^^^^^^^^^^^^^^^^^^^^^^^^^^^\n  File \"/root/Recursive_RLHF_training_for_LLM/orchestrator.py\", line 119, in run\n    result = trainer.fit()\n             ^^^^^^^^^^^^^\n  File \"/usr/local/lib/python3.11/dist-packages/ray/train/v2/api/data_parallel_trainer.py\", line 193, in fit\n    raise result.error\nray.train.WorkerGroupError: Training failed due to worker errors:\n[Rank 0,1 Error Snippet]:\n\u001b[36mray::TrainerJob.run()\u001b[39m (pid=193495, ip=172.20.0.2, actor_id=43f6afd6d5fbb8c17d04a9fa01000000, repr=<orchestrator.TrainerJob object at 0x72558a820a10>)\n  File \"/root/Recursive_RLHF_training_for_LLM/train/train.py\", line 36, in __call__\n    FSDPDPOTrainer(loop_config, dbg).run()\n  File \"/root/Recursive_RLHF_training_for_LLM/train/train.py\", line 112, in run\n    loss = self._step(microbatches)\n           ^^^^^^^^^^^^^^^^^^^^^^^^\n  File \"/root/Recursive_RLHF_training_for_LLM/train/train.py\", line 1177, in _step\n    out = self.model(\n          ^^^^^^^^^^^\n  File \"/usr/local/lib/python3.11/dist-packages/torch/nn/mo...\n... (Output truncated. See individual worker logs for full details) ...\nain.py\", line 672, in _dbg_wait_stream\n    result = _orig_wait_stream(stream, other_stream)\n             ^^^^^^^^^^^^^^^^^^^^^^^^^^^^^^^^^^^^^^^\n  File \"/usr/local/lib/python3.11/dist-packages/torch/cuda/streams.py\", line 77, in wait_stream\n    self.wait_event(stream.record_event())\n                    ^^^^^^^^^^^^^^^^^^^^^\n  File \"/root/Recursive_RLHF_training_for_LLM/train/train.py\", line 686, in _dbg_record_event\n    dbg.log(\nTypeError: Debugger.log() got multiple values for argument 'event'\n", "ts": "2026-10-04 16:17:06"}
[DBG] {"category": "RAY", "component": "ray", "elapsed_sec": 0.007275, "event": "END:join_trainer", "host": "d6b2a058c4be", "pid": 191311, "rank": null, "ts": "2026-10-04 16:17:06"}
[DBG] {"category": "RAY", "component": "ray", "error": "\u001b[36mray::TrainerJob.run()\u001b[39m (pid=193495, ip=172.20.0.2, actor_id=43f6afd6d5fbb8c17d04a9fa01000000, repr=<orchestrator.TrainerJob object at 0x72558a820a10>)\n           ^^^^^^^^^^^^^^^^^^^^^^^^^^^^^^^^^^^^\n           ^^^^^^^^^^^^^^^^^^^^^^^^^^^^^^^\n  File \"/root/Recursive_RLHF_training_for_LLM/orchestrator.py\", line 119, in run\n    result = trainer.fit()\n             ^^^^^^^^^^^^^\n  File \"/usr/local/lib/python3.11/dist-packages/ray/train/v2/api/data_parallel_trainer.py\", line 193, in fit\n    raise result.error\nray.train.WorkerGroupError: Training failed due to worker errors:\n[Rank 0,1 Error Snippet]:\n\u001b[36mray::TrainerJob.run()\u001b[39m (pid=193495, ip=172.20.0.2, actor_id=43f6afd6d5fbb8c17d04a9fa01000000, repr=<orchestrator.TrainerJob object at 0x72558a820a10>)\n  File \"/root/Recursive_RLHF_training_for_LLM/train/train.py\", line 36, in __call__\n    FSDPDPOTrainer(loop_config, dbg).run()\n  File \"/root/Recursive_RLHF_training_for_LLM/train/train.py\", line 112, in run\n    loss = self._step(microbatches)\n           ^^^^^^^^^^^^^^^^^^^^^^^^\n  File \"/root/Recursive_RLHF_training_for_LLM/train/train.py\", line 1177, in _step\n    out = self.model(\n          ^^^^^^^^^^^\n  File \"/usr/local/lib/python3.11/dist-packages/torch/nn/mo...\n... (Output truncated. See individual worker logs for full details) ...\nain.py\", line 672, in _dbg_wait_stream\n    result = _orig_wait_stream(stream, other_stream)\n             ^^^^^^^^^^^^^^^^^^^^^^^^^^^^^^^^^^^^^^^\n  File \"/usr/local/lib/python3.11/dist-packages/torch/cuda/streams.py\", line 77, in wait_stream\n    self.wait_event(stream.record_event())\n                    ^^^^^^^^^^^^^^^^^^^^^\n  File \"/root/Recursive_RLHF_training_for_LLM/train/train.py\", line 686, in _dbg_record_event\n    dbg.log(\nTypeError: Debugger.log() got multiple values for argument 'event'", "error_type": "RayTaskError(WorkerGroupError)", "event": "join_trainer_failed", "host": "d6b2a058c4be", "pid": 191311, "rank": null, "traceback": "Traceback (most recent call last):\n  File \"/root/Recursive_RLHF_training_for_LLM/orchestrator.py\", line 170, in run\n    self._human_loop()\n  File \"/root/Recursive_RLHF_training_for_LLM/orchestrator.py\", line 605, in _human_loop\n    if self._check_trainer():\n       ^^^^^^^^^^^^^^^^^^^^^\n  File \"/root/Recursive_RLHF_training_for_LLM/orchestrator.py\", line 596, in _check_trainer\n    result = ray.get(ready[0])\n             ^^^^^^^^^^^^^^^^^\n  File \"/usr/local/lib/python3.11/dist-packages/ray/_private/auto_init_hook.py\", line 22, in auto_init_wrapper\n    return fn(*args, **kwargs)\n           ^^^^^^^^^^^^^^^^^^^\n  File \"/usr/local/lib/python3.11/dist-packages/ray/_private/client_mode_hook.py\", line 135, in wrapper\n    return func(*args, **kwargs)\n           ^^^^^^^^^^^^^^^^^^^^^\n  File \"/usr/local/lib/python3.11/dist-packages/ray/_private/worker.py\", line 3004, in get\n    values, debugger_breakpoint = worker.get_objects(\n                                  ^^^^^^^^^^^^^^^^^^^\n  File \"/usr/local/lib/python3.11/dist-packages/ray/_private/worker.py\", line 1053, in get_objects\n    raise value.as_instanceof_cause()\nray.exceptions.RayTaskError(WorkerGroupError): \u001b[36mray::TrainerJob.run()\u001b[39m (pid=193495, ip=172.20.0.2, actor_id=43f6afd6d5fbb8c17d04a9fa01000000, repr=<orchestrator.TrainerJob object at 0x72558a820a10>)\n           ^^^^^^^^^^^^^^^^^^^^^^^^^^^^^^^^^^^^\n           ^^^^^^^^^^^^^^^^^^^^^^^^^^^^^^^\n  File \"/root/Recursive_RLHF_training_for_LLM/orchestrator.py\", line 119, in run\n    result = trainer.fit()\n             ^^^^^^^^^^^^^\n  File \"/usr/local/lib/python3.11/dist-packages/ray/train/v2/api/data_parallel_trainer.py\", line 193, in fit\n    raise result.error\nray.train.WorkerGroupError: Training failed due to worker errors:\n[Rank 0,1 Error Snippet]:\n\u001b[36mray::TrainerJob.run()\u001b[39m (pid=193495, ip=172.20.0.2, actor_id=43f6afd6d5fbb8c17d04a9fa01000000, repr=<orchestrator.TrainerJob object at 0x72558a820a10>)\n  File \"/root/Recursive_RLHF_training_for_LLM/train/train.py\", line 36, in __call__\n    FSDPDPOTrainer(loop_config, dbg).run()\n  File \"/root/Recursive_RLHF_training_for_LLM/train/train.py\", line 112, in run\n    loss = self._step(microbatches)\n           ^^^^^^^^^^^^^^^^^^^^^^^^\n  File \"/root/Recursive_RLHF_training_for_LLM/train/train.py\", line 1177, in _step\n    out = self.model(\n          ^^^^^^^^^^^\n  File \"/usr/local/lib/python3.11/dist-packages/torch/nn/mo...\n... (Output truncated. See individual worker logs for full details) ...\nain.py\", line 672, in _dbg_wait_stream\n    result = _orig_wait_stream(stream, other_stream)\n             ^^^^^^^^^^^^^^^^^^^^^^^^^^^^^^^^^^^^^^^\n  File \"/usr/local/lib/python3.11/dist-packages/torch/cuda/streams.py\", line 77, in wait_stream\n    self.wait_event(stream.record_event())\n                    ^^^^^^^^^^^^^^^^^^^^^\n  File \"/root/Recursive_RLHF_training_for_LLM/train/train.py\", line 686, in _dbg_record_event\n    dbg.log(\nTypeError: Debugger.log() got multiple values for argument 'event'\n\nDuring handling of the above exception, another exception occurred:\n\nTraceback (most recent call last):\n  File \"/root/Recursive_RLHF_training_for_LLM/orchestrator.py\", line 186, in run\n    ray.get(ref, timeout=30)\n  File \"/usr/local/lib/python3.11/dist-packages/ray/_private/auto_init_hook.py\", line 22, in auto_init_wrapper\n    return fn(*args, **kwargs)\n           ^^^^^^^^^^^^^^^^^^^\n  File \"/usr/local/lib/python3.11/dist-packages/ray/_private/client_mode_hook.py\", line 135, in wrapper\n    return func(*args, **kwargs)\n           ^^^^^^^^^^^^^^^^^^^^^\n  File \"/usr/local/lib/python3.11/dist-packages/ray/_private/worker.py\", line 3004, in get\n    values, debugger_breakpoint = worker.get_objects(\n                                  ^^^^^^^^^^^^^^^^^^^\n  File \"/usr/local/lib/python3.11/dist-packages/ray/_private/worker.py\", line 1053, in get_objects\n    raise value.as_instanceof_cause()\nray.exceptions.RayTaskError(WorkerGroupError): \u001b[36mray::TrainerJob.run()\u001b[39m (pid=193495, ip=172.20.0.2, actor_id=43f6afd6d5fbb8c17d04a9fa01000000, repr=<orchestrator.TrainerJob object at 0x72558a820a10>)\n           ^^^^^^^^^^^^^^^^^^^^^^^^^^^^^^^^^^^^\n           ^^^^^^^^^^^^^^^^^^^^^^^^^^^^^^^\n  File \"/root/Recursive_RLHF_training_for_LLM/orchestrator.py\", line 119, in run\n    result = trainer.fit()\n             ^^^^^^^^^^^^^\n  File \"/usr/local/lib/python3.11/dist-packages/ray/train/v2/api/data_parallel_trainer.py\", line 193, in fit\n    raise result.error\nray.train.WorkerGroupError: Training failed due to worker errors:\n[Rank 0,1 Error Snippet]:\n\u001b[36mray::TrainerJob.run()\u001b[39m (pid=193495, ip=172.20.0.2, actor_id=43f6afd6d5fbb8c17d04a9fa01000000, repr=<orchestrator.TrainerJob object at 0x72558a820a10>)\n  File \"/root/Recursive_RLHF_training_for_LLM/train/train.py\", line 36, in __call__\n    FSDPDPOTrainer(loop_config, dbg).run()\n  File \"/root/Recursive_RLHF_training_for_LLM/train/train.py\", line 112, in run\n    loss = self._step(microbatches)\n           ^^^^^^^^^^^^^^^^^^^^^^^^\n  File \"/root/Recursive_RLHF_training_for_LLM/train/train.py\", line 1177, in _step\n    out = self.model(\n          ^^^^^^^^^^^\n  File \"/usr/local/lib/python3.11/dist-packages/torch/nn/mo...\n... (Output truncated. See individual worker logs for full details) ...\nain.py\", line 672, in _dbg_wait_stream\n    result = _orig_wait_stream(stream, other_stream)\n             ^^^^^^^^^^^^^^^^^^^^^^^^^^^^^^^^^^^^^^^\n  File \"/usr/local/lib/python3.11/dist-packages/torch/cuda/streams.py\", line 77, in wait_stream\n    self.wait_event(stream.record_event())\n                    ^^^^^^^^^^^^^^^^^^^^^\n  File \"/root/Recursive_RLHF_training_for_LLM/train/train.py\", line 686, in _dbg_record_event\n    dbg.log(\nTypeError: Debugger.log() got multiple values for argument 'event'\n", "ts": "2026-10-04 16:17:06"}
[DBG] {"category": "RAY", "component": "ray", "event": "BEGIN:join_producer", "host": "d6b2a058c4be", "pid": 191311, "rank": null, "ts": "2026-10-04 16:17:06"}
[DBG] {"category": "RAY", "component": "ray", "event": "watchdog_armed", "host": "d6b2a058c4be", "pid": 191311, "rank": null, "stage": "join_producer", "timeout_sec": 30.0, "ts": "2026-10-04 16:17:06"}
[DBG] {"category": "RAY", "component": "ray", "elapsed_sec": 0.041066, "event": "END:join_producer", "host": "d6b2a058c4be", "pid": 191311, "rank": null, "ts": "2026-10-04 16:17:06"}
[DBG] {"category": "RAY", "component": "ray", "event": "shutdown_end", "host": "d6b2a058c4be", "pid": 191311, "rank": null, "ts": "2026-10-04 16:17:07"}
