[DBG] {"category": "RAY", "component": "ray", "debug_all": false, "debug_data": false, "debug_fsdp": true, "debug_inference": false, "debug_queue": true, "debug_ray": true, "debug_reward": false, "debug_train": true, "event": "application_start", "host": "d6b2a058c4be", "pid": 80933, "rank": null, "ts": "2026-10-04 13:44:32"}
[DBG] {"address": "auto", "category": "RAY", "component": "ray", "event": "BEGIN:ray_init", "host": "d6b2a058c4be", "log_to_driver": false, "pid": 80933, "rank": null, "ts": "2026-10-04 13:44:32"}
[DBG] {"category": "RAY", "component": "ray", "event": "watchdog_armed", "host": "d6b2a058c4be", "pid": 80933, "rank": null, "stage": "ray_init", "timeout_sec": 30.0, "ts": "2026-10-04 13:44:32"}
[DBG] {"category": "RAY", "component": "ray", "elapsed_sec": 0.59085, "event": "END:ray_init", "host": "d6b2a058c4be", "pid": 80933, "rank": null, "ts": "2026-10-04 13:44:33"}
[DBG] {"category": "RAY", "component": "ray", "event": "cluster_resources", "host": "d6b2a058c4be", "pid": 80933, "rank": null, "resources": {"CPU": 27.0, "GPU": 3.0, "accelerator_type:RTX-A6000": 1.0, "memory": 115490795930.0, "node:172.20.0.2": 1.0, "node:__internal_head__": 1.0, "object_store_memory": 49496055398.0}, "ts": "2026-10-04 13:44:33"}
[DBG] {"category": "RAY", "component": "ray", "event": "resource_check", "gpu_available": 3, "gpu_needed": 3, "host": "d6b2a058c4be", "pid": 80933, "rank": null, "ts": "2026-10-04 13:44:33"}
[DBG] {"category": "RAY", "component": "ray", "event": "run_id", "host": "d6b2a058c4be", "pid": 80933, "rank": null, "run_id": "smoke01", "ts": "2026-10-04 13:44:33"}
[DBG] {"category": "RAY", "component": "ray", "event": "BEGIN:create_queue_actor", "host": "d6b2a058c4be", "pid": 80933, "rank": null, "ts": "2026-10-04 13:44:33"}
[DBG] {"category": "RAY", "component": "ray", "event": "watchdog_armed", "host": "d6b2a058c4be", "pid": 80933, "rank": null, "stage": "create_queue_actor", "timeout_sec": 30.0, "ts": "2026-10-04 13:44:33"}
[DBG] {"category": "RAY", "component": "ray", "elapsed_sec": 0.036082, "event": "END:create_queue_actor", "host": "d6b2a058c4be", "pid": 80933, "rank": null, "ts": "2026-10-04 13:44:33"}
[DBG] {"category": "QUEUE", "component": "ray", "event": "BEGIN:queue_describe", "host": "d6b2a058c4be", "pid": 80933, "rank": null, "ts": "2026-10-04 13:44:33"}
[DBG] {"category": "QUEUE", "component": "ray", "event": "watchdog_armed", "host": "d6b2a058c4be", "pid": 80933, "rank": null, "stage": "queue_describe", "timeout_sec": 30.0, "ts": "2026-10-04 13:44:33"}
[DBG] {"category": "QUEUE", "component": "ray", "elapsed_sec": 9.625102, "event": "END:queue_describe", "host": "d6b2a058c4be", "pid": 80933, "rank": null, "ts": "2026-10-04 13:44:43"}
[DBG] {"category": "RAY", "component": "ray", "event": "BEGIN:create_control_actor", "host": "d6b2a058c4be", "pid": 80933, "rank": null, "ts": "2026-10-04 13:44:43"}
[DBG] {"category": "RAY", "component": "ray", "event": "watchdog_armed", "host": "d6b2a058c4be", "pid": 80933, "rank": null, "stage": "create_control_actor", "timeout_sec": 30.0, "ts": "2026-10-04 13:44:43"}
[DBG] {"category": "RAY", "component": "ray", "elapsed_sec": 0.037924, "event": "END:create_control_actor", "host": "d6b2a058c4be", "pid": 80933, "rank": null, "ts": "2026-10-04 13:44:43"}
[DBG] {"category": "RAY", "component": "ray", "event": "BEGIN:create_tracker_actor", "host": "d6b2a058c4be", "pid": 80933, "rank": null, "ts": "2026-10-04 13:44:43"}
[DBG] {"category": "RAY", "component": "ray", "event": "watchdog_armed", "host": "d6b2a058c4be", "pid": 80933, "rank": null, "stage": "create_tracker_actor", "timeout_sec": 30.0, "ts": "2026-10-04 13:44:43"}
[DBG] {"category": "RAY", "component": "ray", "elapsed_sec": 0.028925, "event": "END:create_tracker_actor", "host": "d6b2a058c4be", "pid": 80933, "rank": null, "ts": "2026-10-04 13:44:43"}
[DBG] {"category": "RAY", "component": "ray", "event": "BEGIN:create_inference_actor", "gpus": 1, "host": "d6b2a058c4be", "pid": 80933, "rank": null, "ts": "2026-10-04 13:44:43"}
[DBG] {"category": "RAY", "component": "ray", "event": "watchdog_armed", "host": "d6b2a058c4be", "pid": 80933, "rank": null, "stage": "create_inference_actor", "timeout_sec": 30.0, "ts": "2026-10-04 13:44:43"}
[DBG] {"category": "RAY", "component": "ray", "elapsed_sec": 0.027891, "event": "END:create_inference_actor", "host": "d6b2a058c4be", "pid": 80933, "rank": null, "ts": "2026-10-04 13:44:43"}
[DBG] {"category": "RAY", "component": "ray", "event": "BEGIN:create_reward_actor", "gpus": 0, "host": "d6b2a058c4be", "pid": 80933, "rank": null, "ts": "2026-10-04 13:44:43"}
[DBG] {"category": "RAY", "component": "ray", "event": "watchdog_armed", "host": "d6b2a058c4be", "pid": 80933, "rank": null, "stage": "create_reward_actor", "timeout_sec": 30.0, "ts": "2026-10-04 13:44:43"}
[DBG] {"category": "RAY", "component": "ray", "elapsed_sec": 0.032952, "event": "END:create_reward_actor", "host": "d6b2a058c4be", "pid": 80933, "rank": null, "ts": "2026-10-04 13:44:43"}
[DBG] {"category": "RAY", "component": "ray", "event": "BEGIN:create_rollout_actor", "host": "d6b2a058c4be", "pid": 80933, "rank": null, "ts": "2026-10-04 13:44:43"}
[DBG] {"category": "RAY", "component": "ray", "event": "watchdog_armed", "host": "d6b2a058c4be", "pid": 80933, "rank": null, "stage": "create_rollout_actor", "timeout_sec": 30.0, "ts": "2026-10-04 13:44:43"}
[DBG] {"category": "RAY", "component": "ray", "elapsed_sec": 0.01442, "event": "END:create_rollout_actor", "host": "d6b2a058c4be", "pid": 80933, "rank": null, "ts": "2026-10-04 13:44:43"}
[DBG] {"category": "RAY", "component": "ray", "event": "BEGIN:create_trainer_actor", "host": "d6b2a058c4be", "pid": 80933, "rank": null, "ts": "2026-10-04 13:44:43"}
[DBG] {"category": "RAY", "component": "ray", "event": "watchdog_armed", "host": "d6b2a058c4be", "pid": 80933, "rank": null, "stage": "create_trainer_actor", "timeout_sec": 30.0, "ts": "2026-10-04 13:44:43"}
[DBG] {"category": "RAY", "component": "ray", "elapsed_sec": 0.013033, "event": "END:create_trainer_actor", "host": "d6b2a058c4be", "pid": 80933, "rank": null, "ts": "2026-10-04 13:44:43"}
[DBG] {"category": "RAY", "component": "ray", "event": "BEGIN:launch_trainer_actor", "host": "d6b2a058c4be", "pid": 80933, "rank": null, "ts": "2026-10-04 13:45:23"}
[DBG] {"category": "RAY", "component": "ray", "event": "watchdog_armed", "host": "d6b2a058c4be", "pid": 80933, "rank": null, "stage": "launch_trainer_actor", "timeout_sec": 30.0, "ts": "2026-10-04 13:45:23"}
[DBG] {"category": "RAY", "component": "ray", "elapsed_sec": 0.00245, "event": "END:launch_trainer_actor", "host": "d6b2a058c4be", "pid": 80933, "rank": null, "ts": "2026-10-04 13:45:23"}
[DBG] {"category": "RAY", "component": "ray", "event": "BEGIN:launch_rollout_producer", "host": "d6b2a058c4be", "pid": 80933, "rank": null, "ts": "2026-10-04 13:45:23"}
[DBG] {"category": "RAY", "component": "ray", "event": "watchdog_armed", "host": "d6b2a058c4be", "pid": 80933, "rank": null, "stage": "launch_rollout_producer", "timeout_sec": 30.0, "ts": "2026-10-04 13:45:23"}
[DBG] {"category": "RAY", "component": "ray", "elapsed_sec": 0.000587, "event": "END:launch_rollout_producer", "host": "d6b2a058c4be", "pid": 80933, "rank": null, "ts": "2026-10-04 13:45:23"}
[DBG] {"category": "RAY", "component": "ray", "event": "human_loop_start", "host": "d6b2a058c4be", "pid": 80933, "rank": null, "ts": "2026-10-04 13:45:23"}
[DBG] {"category": "QUEUE", "component": "ray", "event": "BEGIN:human_pop_rollout", "host": "d6b2a058c4be", "pid": 80933, "rank": null, "ts": "2026-10-04 13:45:23"}
[DBG] {"category": "QUEUE", "component": "ray", "event": "watchdog_armed", "host": "d6b2a058c4be", "pid": 80933, "rank": null, "stage": "human_pop_rollout", "timeout_sec": 30.0, "ts": "2026-10-04 13:45:23"}
[DBG] {"category": "QUEUE", "component": "ray", "elapsed_sec": 0.022875, "event": "END:human_pop_rollout", "host": "d6b2a058c4be", "pid": 80933, "rank": null, "ts": "2026-10-04 13:45:23"}
[DBG] {"category": "QUEUE", "component": "ray", "event": "BEGIN:human_pop_rollout", "host": "d6b2a058c4be", "pid": 80933, "rank": null, "ts": "2026-10-04 13:45:23"}
[DBG] {"category": "QUEUE", "component": "ray", "event": "watchdog_armed", "host": "d6b2a058c4be", "pid": 80933, "rank": null, "stage": "human_pop_rollout", "timeout_sec": 30.0, "ts": "2026-10-04 13:45:23"}
[DBG] {"category": "QUEUE", "component": "ray", "elapsed_sec": 0.004569, "event": "END:human_pop_rollout", "host": "d6b2a058c4be", "pid": 80933, "rank": null, "ts": "2026-10-04 13:45:23"}
[DBG] {"category": "QUEUE", "component": "ray", "event": "BEGIN:human_pop_rollout", "host": "d6b2a058c4be", "pid": 80933, "rank": null, "ts": "2026-10-04 13:45:23"}
[DBG] {"category": "QUEUE", "component": "ray", "event": "watchdog_armed", "host": "d6b2a058c4be", "pid": 80933, "rank": null, "stage": "human_pop_rollout", "timeout_sec": 30.0, "ts": "2026-10-04 13:45:23"}
[DBG] {"category": "QUEUE", "component": "ray", "elapsed_sec": 0.006984, "event": "END:human_pop_rollout", "host": "d6b2a058c4be", "pid": 80933, "rank": null, "ts": "2026-10-04 13:45:23"}
[DBG] {"category": "QUEUE", "component": "ray", "event": "BEGIN:human_pop_rollout", "host": "d6b2a058c4be", "pid": 80933, "rank": null, "ts": "2026-10-04 13:45:24"}
[DBG] {"category": "QUEUE", "component": "ray", "event": "watchdog_armed", "host": "d6b2a058c4be", "pid": 80933, "rank": null, "stage": "human_pop_rollout", "timeout_sec": 30.0, "ts": "2026-10-04 13:45:24"}
[DBG] {"category": "QUEUE", "component": "ray", "elapsed_sec": 0.006741, "event": "END:human_pop_rollout", "host": "d6b2a058c4be", "pid": 80933, "rank": null, "ts": "2026-10-04 13:45:24"}
[DBG] {"category": "QUEUE", "component": "ray", "event": "BEGIN:human_pop_rollout", "host": "d6b2a058c4be", "pid": 80933, "rank": null, "ts": "2026-10-04 13:45:24"}
[DBG] {"category": "QUEUE", "component": "ray", "event": "watchdog_armed", "host": "d6b2a058c4be", "pid": 80933, "rank": null, "stage": "human_pop_rollout", "timeout_sec": 30.0, "ts": "2026-10-04 13:45:24"}
[DBG] {"category": "QUEUE", "component": "ray", "elapsed_sec": 0.006117, "event": "END:human_pop_rollout", "host": "d6b2a058c4be", "pid": 80933, "rank": null, "ts": "2026-10-04 13:45:24"}
[DBG] {"category": "QUEUE", "component": "ray", "event": "BEGIN:human_pop_rollout", "host": "d6b2a058c4be", "pid": 80933, "rank": null, "ts": "2026-10-04 13:45:24"}
[DBG] {"category": "QUEUE", "component": "ray", "event": "watchdog_armed", "host": "d6b2a058c4be", "pid": 80933, "rank": null, "stage": "human_pop_rollout", "timeout_sec": 30.0, "ts": "2026-10-04 13:45:24"}
[DBG] {"category": "QUEUE", "component": "ray", "elapsed_sec": 0.005633, "event": "END:human_pop_rollout", "host": "d6b2a058c4be", "pid": 80933, "rank": null, "ts": "2026-10-04 13:45:24"}
[DBG] {"category": "QUEUE", "component": "ray", "event": "BEGIN:human_pop_rollout", "host": "d6b2a058c4be", "pid": 80933, "rank": null, "ts": "2026-10-04 13:45:24"}
[DBG] {"category": "QUEUE", "component": "ray", "event": "watchdog_armed", "host": "d6b2a058c4be", "pid": 80933, "rank": null, "stage": "human_pop_rollout", "timeout_sec": 30.0, "ts": "2026-10-04 13:45:24"}
[DBG] {"category": "QUEUE", "component": "ray", "elapsed_sec": 0.006343, "event": "END:human_pop_rollout", "host": "d6b2a058c4be", "pid": 80933, "rank": null, "ts": "2026-10-04 13:45:24"}
[DBG] {"category": "QUEUE", "component": "ray", "event": "BEGIN:human_pop_rollout", "host": "d6b2a058c4be", "pid": 80933, "rank": null, "ts": "2026-10-04 13:45:24"}
[DBG] {"category": "QUEUE", "component": "ray", "event": "watchdog_armed", "host": "d6b2a058c4be", "pid": 80933, "rank": null, "stage": "human_pop_rollout", "timeout_sec": 30.0, "ts": "2026-10-04 13:45:24"}
[DBG] {"category": "QUEUE", "component": "ray", "elapsed_sec": 0.006316, "event": "END:human_pop_rollout", "host": "d6b2a058c4be", "pid": 80933, "rank": null, "ts": "2026-10-04 13:45:24"}
[DBG] {"category": "QUEUE", "component": "ray", "event": "BEGIN:human_pop_rollout", "host": "d6b2a058c4be", "pid": 80933, "rank": null, "ts": "2026-10-04 13:45:25"}
[DBG] {"category": "QUEUE", "component": "ray", "event": "watchdog_armed", "host": "d6b2a058c4be", "pid": 80933, "rank": null, "stage": "human_pop_rollout", "timeout_sec": 30.0, "ts": "2026-10-04 13:45:25"}
[DBG] {"category": "QUEUE", "component": "ray", "elapsed_sec": 0.00701, "event": "END:human_pop_rollout", "host": "d6b2a058c4be", "pid": 80933, "rank": null, "ts": "2026-10-04 13:45:25"}
[DBG] {"category": "QUEUE", "component": "ray", "event": "BEGIN:human_pop_rollout", "host": "d6b2a058c4be", "pid": 80933, "rank": null, "ts": "2026-10-04 13:45:25"}
[DBG] {"category": "QUEUE", "component": "ray", "event": "watchdog_armed", "host": "d6b2a058c4be", "pid": 80933, "rank": null, "stage": "human_pop_rollout", "timeout_sec": 30.0, "ts": "2026-10-04 13:45:25"}
[DBG] {"category": "QUEUE", "component": "ray", "elapsed_sec": 0.006847, "event": "END:human_pop_rollout", "host": "d6b2a058c4be", "pid": 80933, "rank": null, "ts": "2026-10-04 13:45:25"}
[DBG] {"category": "QUEUE", "component": "ray", "event": "BEGIN:human_pop_rollout", "host": "d6b2a058c4be", "pid": 80933, "rank": null, "ts": "2026-10-04 13:45:25"}
[DBG] {"category": "QUEUE", "component": "ray", "event": "watchdog_armed", "host": "d6b2a058c4be", "pid": 80933, "rank": null, "stage": "human_pop_rollout", "timeout_sec": 30.0, "ts": "2026-10-04 13:45:25"}
[DBG] {"category": "QUEUE", "component": "ray", "elapsed_sec": 0.004739, "event": "END:human_pop_rollout", "host": "d6b2a058c4be", "pid": 80933, "rank": null, "ts": "2026-10-04 13:45:25"}
[DBG] {"category": "QUEUE", "component": "ray", "event": "BEGIN:human_pop_rollout", "host": "d6b2a058c4be", "pid": 80933, "rank": null, "ts": "2026-10-04 13:45:25"}
[DBG] {"category": "QUEUE", "component": "ray", "event": "watchdog_armed", "host": "d6b2a058c4be", "pid": 80933, "rank": null, "stage": "human_pop_rollout", "timeout_sec": 30.0, "ts": "2026-10-04 13:45:25"}
[DBG] {"category": "QUEUE", "component": "ray", "elapsed_sec": 0.005018, "event": "END:human_pop_rollout", "host": "d6b2a058c4be", "pid": 80933, "rank": null, "ts": "2026-10-04 13:45:25"}
[DBG] {"category": "QUEUE", "component": "ray", "event": "BEGIN:human_pop_rollout", "host": "d6b2a058c4be", "pid": 80933, "rank": null, "ts": "2026-10-04 13:45:25"}
[DBG] {"category": "QUEUE", "component": "ray", "event": "watchdog_armed", "host": "d6b2a058c4be", "pid": 80933, "rank": null, "stage": "human_pop_rollout", "timeout_sec": 30.0, "ts": "2026-10-04 13:45:25"}
[DBG] {"category": "QUEUE", "component": "ray", "elapsed_sec": 0.071506, "event": "END:human_pop_rollout", "host": "d6b2a058c4be", "pid": 80933, "rank": null, "ts": "2026-10-04 13:45:25"}
[DBG] {"category": "QUEUE", "component": "ray", "event": "human_group_received", "group_id": "6135f80f2c6942268b0cb479abc08199", "host": "d6b2a058c4be", "pid": 80933, "rank": null, "ts": "2026-10-04 13:45:25"}
[DBG] {"category": "RAY", "component": "ray", "event": "human_prompt_begin", "group_id": "6135f80f2c6942268b0cb479abc08199", "host": "d6b2a058c4be", "pid": 80933, "rank": null, "ts": "2026-10-04 13:45:25"}
[DBG] {"category": "RAY", "component": "ray", "event": "human_prompt_end", "group_id": "6135f80f2c6942268b0cb479abc08199", "host": "d6b2a058c4be", "pid": 80933, "rank": null, "ts": "2026-10-04 13:45:51"}
[DBG] {"category": "QUEUE", "component": "ray", "event": "BEGIN:human_put_preference", "group_id": "6135f80f2c6942268b0cb479abc08199", "host": "d6b2a058c4be", "pid": 80933, "rank": null, "ts": "2026-10-04 13:45:51"}
[DBG] {"category": "QUEUE", "component": "ray", "event": "watchdog_armed", "host": "d6b2a058c4be", "pid": 80933, "rank": null, "stage": "human_put_preference", "timeout_sec": 30.0, "ts": "2026-10-04 13:45:51"}
[DBG] {"category": "QUEUE", "component": "ray", "elapsed_sec": 0.015882, "event": "END:human_put_preference", "host": "d6b2a058c4be", "pid": 80933, "rank": null, "ts": "2026-10-04 13:45:51"}
[DBG] {"category": "QUEUE", "component": "ray", "event": "preference_selected", "group_id": "6135f80f2c6942268b0cb479abc08199", "host": "d6b2a058c4be", "pid": 80933, "preference_pending": 1, "rank": null, "selected": 1, "ts": "2026-10-04 13:45:51"}
[DBG] {"axis/human_groups": 1, "category": "QUEUE", "component": "ray", "data/candidate_all": 1, "data/candidate_lgbm_agree": 0, "data/candidate_lgbm_only": 0, "data/candidate_neural_agree": 0, "data/candidate_neural_only": 0, "data/candidate_triple_agree": 0, "data/selected_pairs": 1, "data/selection_rate": 1.0, "event": "pipeline_metrics", "host": "d6b2a058c4be", "pid": 80933, "queue/preference": 1, "queue/rollout": 9, "rank": null, "ts": "2026-10-04 13:45:51"}
[DBG] {"category": "QUEUE", "component": "ray", "event": "BEGIN:human_pop_rollout", "host": "d6b2a058c4be", "pid": 80933, "rank": null, "ts": "2026-10-04 13:45:51"}
[DBG] {"category": "QUEUE", "component": "ray", "event": "watchdog_armed", "host": "d6b2a058c4be", "pid": 80933, "rank": null, "stage": "human_pop_rollout", "timeout_sec": 30.0, "ts": "2026-10-04 13:45:51"}
[DBG] {"category": "QUEUE", "component": "ray", "elapsed_sec": 0.022041, "event": "END:human_pop_rollout", "host": "d6b2a058c4be", "pid": 80933, "rank": null, "ts": "2026-10-04 13:45:51"}
[DBG] {"category": "QUEUE", "component": "ray", "event": "human_group_received", "group_id": "f67de03dd2fb46339605790e2bacd96b", "host": "d6b2a058c4be", "pid": 80933, "rank": null, "ts": "2026-10-04 13:45:51"}
[DBG] {"category": "RAY", "component": "ray", "event": "human_prompt_begin", "group_id": "f67de03dd2fb46339605790e2bacd96b", "host": "d6b2a058c4be", "pid": 80933, "rank": null, "ts": "2026-10-04 13:45:51"}
[DBG] {"category": "RAY", "component": "ray", "event": "human_prompt_end", "group_id": "f67de03dd2fb46339605790e2bacd96b", "host": "d6b2a058c4be", "pid": 80933, "rank": null, "ts": "2026-10-04 13:45:52"}
[DBG] {"category": "QUEUE", "component": "ray", "event": "BEGIN:human_put_preference", "group_id": "f67de03dd2fb46339605790e2bacd96b", "host": "d6b2a058c4be", "pid": 80933, "rank": null, "ts": "2026-10-04 13:45:52"}
[DBG] {"category": "QUEUE", "component": "ray", "event": "watchdog_armed", "host": "d6b2a058c4be", "pid": 80933, "rank": null, "stage": "human_put_preference", "timeout_sec": 30.0, "ts": "2026-10-04 13:45:52"}
[DBG] {"category": "QUEUE", "component": "ray", "elapsed_sec": 0.026227, "event": "END:human_put_preference", "host": "d6b2a058c4be", "pid": 80933, "rank": null, "ts": "2026-10-04 13:45:52"}
[DBG] {"category": "QUEUE", "component": "ray", "event": "preference_selected", "group_id": "f67de03dd2fb46339605790e2bacd96b", "host": "d6b2a058c4be", "pid": 80933, "preference_pending": 2, "rank": null, "selected": 2, "ts": "2026-10-04 13:45:52"}
[DBG] {"axis/human_groups": 2, "category": "QUEUE", "component": "ray", "data/candidate_all": 2, "data/candidate_lgbm_agree": 0, "data/candidate_lgbm_only": 0, "data/candidate_neural_agree": 0, "data/candidate_neural_only": 0, "data/candidate_triple_agree": 0, "data/selected_pairs": 2, "data/selection_rate": 1.0, "event": "pipeline_metrics", "host": "d6b2a058c4be", "pid": 80933, "queue/preference": 2, "queue/rollout": 8, "rank": null, "ts": "2026-10-04 13:45:52"}
[DBG] {"category": "QUEUE", "component": "ray", "event": "BEGIN:human_pop_rollout", "host": "d6b2a058c4be", "pid": 80933, "rank": null, "ts": "2026-10-04 13:45:52"}
[DBG] {"category": "QUEUE", "component": "ray", "event": "watchdog_armed", "host": "d6b2a058c4be", "pid": 80933, "rank": null, "stage": "human_pop_rollout", "timeout_sec": 30.0, "ts": "2026-10-04 13:45:52"}
[DBG] {"category": "QUEUE", "component": "ray", "elapsed_sec": 0.043348, "event": "END:human_pop_rollout", "host": "d6b2a058c4be", "pid": 80933, "rank": null, "ts": "2026-10-04 13:45:52"}
[DBG] {"category": "QUEUE", "component": "ray", "event": "human_group_received", "group_id": "ed87083db7a146e8b1b0f4edc8435615", "host": "d6b2a058c4be", "pid": 80933, "rank": null, "ts": "2026-10-04 13:45:52"}
[DBG] {"category": "RAY", "component": "ray", "event": "human_prompt_begin", "group_id": "ed87083db7a146e8b1b0f4edc8435615", "host": "d6b2a058c4be", "pid": 80933, "rank": null, "ts": "2026-10-04 13:45:52"}
[DBG] {"category": "RAY", "component": "ray", "event": "human_prompt_end", "group_id": "ed87083db7a146e8b1b0f4edc8435615", "host": "d6b2a058c4be", "pid": 80933, "rank": null, "ts": "2026-10-04 13:45:53"}
[DBG] {"category": "QUEUE", "component": "ray", "event": "BEGIN:human_put_preference", "group_id": "ed87083db7a146e8b1b0f4edc8435615", "host": "d6b2a058c4be", "pid": 80933, "rank": null, "ts": "2026-10-04 13:45:53"}
[DBG] {"category": "QUEUE", "component": "ray", "event": "watchdog_armed", "host": "d6b2a058c4be", "pid": 80933, "rank": null, "stage": "human_put_preference", "timeout_sec": 30.0, "ts": "2026-10-04 13:45:53"}
[DBG] {"category": "QUEUE", "component": "ray", "elapsed_sec": 0.029258, "event": "END:human_put_preference", "host": "d6b2a058c4be", "pid": 80933, "rank": null, "ts": "2026-10-04 13:45:53"}
[DBG] {"category": "QUEUE", "component": "ray", "event": "preference_selected", "group_id": "ed87083db7a146e8b1b0f4edc8435615", "host": "d6b2a058c4be", "pid": 80933, "preference_pending": 3, "rank": null, "selected": 3, "ts": "2026-10-04 13:45:53"}
[DBG] {"axis/human_groups": 3, "category": "QUEUE", "component": "ray", "data/candidate_all": 3, "data/candidate_lgbm_agree": 0, "data/candidate_lgbm_only": 0, "data/candidate_neural_agree": 0, "data/candidate_neural_only": 0, "data/candidate_triple_agree": 0, "data/selected_pairs": 3, "data/selection_rate": 1.0, "event": "pipeline_metrics", "host": "d6b2a058c4be", "pid": 80933, "queue/preference": 3, "queue/rollout": 9, "rank": null, "ts": "2026-10-04 13:45:53"}
[DBG] {"category": "QUEUE", "component": "ray", "event": "BEGIN:human_pop_rollout", "host": "d6b2a058c4be", "pid": 80933, "rank": null, "ts": "2026-10-04 13:45:53"}
[DBG] {"category": "QUEUE", "component": "ray", "event": "watchdog_armed", "host": "d6b2a058c4be", "pid": 80933, "rank": null, "stage": "human_pop_rollout", "timeout_sec": 30.0, "ts": "2026-10-04 13:45:53"}
[DBG] {"category": "QUEUE", "component": "ray", "elapsed_sec": 0.037062, "event": "END:human_pop_rollout", "host": "d6b2a058c4be", "pid": 80933, "rank": null, "ts": "2026-10-04 13:45:53"}
[DBG] {"category": "QUEUE", "component": "ray", "event": "human_group_received", "group_id": "53c9b4737c6b4f2bb7aadb34f6c26169", "host": "d6b2a058c4be", "pid": 80933, "rank": null, "ts": "2026-10-04 13:45:53"}
[DBG] {"category": "RAY", "component": "ray", "event": "human_prompt_begin", "group_id": "53c9b4737c6b4f2bb7aadb34f6c26169", "host": "d6b2a058c4be", "pid": 80933, "rank": null, "ts": "2026-10-04 13:45:53"}
[DBG] {"category": "RAY", "component": "ray", "event": "human_prompt_end", "group_id": "53c9b4737c6b4f2bb7aadb34f6c26169", "host": "d6b2a058c4be", "pid": 80933, "rank": null, "ts": "2026-10-04 13:45:54"}
[DBG] {"category": "QUEUE", "component": "ray", "event": "BEGIN:human_put_preference", "group_id": "53c9b4737c6b4f2bb7aadb34f6c26169", "host": "d6b2a058c4be", "pid": 80933, "rank": null, "ts": "2026-10-04 13:45:54"}
[DBG] {"category": "QUEUE", "component": "ray", "event": "watchdog_armed", "host": "d6b2a058c4be", "pid": 80933, "rank": null, "stage": "human_put_preference", "timeout_sec": 30.0, "ts": "2026-10-04 13:45:54"}
[DBG] {"category": "QUEUE", "component": "ray", "elapsed_sec": 0.026513, "event": "END:human_put_preference", "host": "d6b2a058c4be", "pid": 80933, "rank": null, "ts": "2026-10-04 13:45:54"}
[DBG] {"category": "QUEUE", "component": "ray", "event": "preference_selected", "group_id": "53c9b4737c6b4f2bb7aadb34f6c26169", "host": "d6b2a058c4be", "pid": 80933, "preference_pending": 4, "rank": null, "selected": 4, "ts": "2026-10-04 13:45:54"}
[DBG] {"axis/human_groups": 4, "category": "QUEUE", "component": "ray", "data/candidate_all": 4, "data/candidate_lgbm_agree": 0, "data/candidate_lgbm_only": 0, "data/candidate_neural_agree": 0, "data/candidate_neural_only": 0, "data/candidate_triple_agree": 0, "data/selected_pairs": 4, "data/selection_rate": 1.0, "event": "pipeline_metrics", "host": "d6b2a058c4be", "pid": 80933, "queue/preference": 4, "queue/rollout": 8, "rank": null, "ts": "2026-10-04 13:45:54"}
[DBG] {"category": "QUEUE", "component": "ray", "event": "BEGIN:human_pop_rollout", "host": "d6b2a058c4be", "pid": 80933, "rank": null, "ts": "2026-10-04 13:45:54"}
[DBG] {"category": "QUEUE", "component": "ray", "event": "watchdog_armed", "host": "d6b2a058c4be", "pid": 80933, "rank": null, "stage": "human_pop_rollout", "timeout_sec": 30.0, "ts": "2026-10-04 13:45:54"}
[DBG] {"category": "QUEUE", "component": "ray", "elapsed_sec": 0.041808, "event": "END:human_pop_rollout", "host": "d6b2a058c4be", "pid": 80933, "rank": null, "ts": "2026-10-04 13:45:54"}
[DBG] {"category": "QUEUE", "component": "ray", "event": "human_group_received", "group_id": "4a3e01011a244c9d878852b18032f012", "host": "d6b2a058c4be", "pid": 80933, "rank": null, "ts": "2026-10-04 13:45:54"}
[DBG] {"category": "RAY", "component": "ray", "event": "human_prompt_begin", "group_id": "4a3e01011a244c9d878852b18032f012", "host": "d6b2a058c4be", "pid": 80933, "rank": null, "ts": "2026-10-04 13:45:54"}
[DBG] {"category": "RAY", "component": "ray", "event": "human_prompt_end", "group_id": "4a3e01011a244c9d878852b18032f012", "host": "d6b2a058c4be", "pid": 80933, "rank": null, "ts": "2026-10-04 13:45:54"}
[DBG] {"category": "QUEUE", "component": "ray", "event": "BEGIN:human_put_preference", "group_id": "4a3e01011a244c9d878852b18032f012", "host": "d6b2a058c4be", "pid": 80933, "rank": null, "ts": "2026-10-04 13:45:54"}
[DBG] {"category": "QUEUE", "component": "ray", "event": "watchdog_armed", "host": "d6b2a058c4be", "pid": 80933, "rank": null, "stage": "human_put_preference", "timeout_sec": 30.0, "ts": "2026-10-04 13:45:54"}
[DBG] {"category": "QUEUE", "component": "ray", "elapsed_sec": 0.030536, "event": "END:human_put_preference", "host": "d6b2a058c4be", "pid": 80933, "rank": null, "ts": "2026-10-04 13:45:55"}
[DBG] {"category": "QUEUE", "component": "ray", "event": "preference_selected", "group_id": "4a3e01011a244c9d878852b18032f012", "host": "d6b2a058c4be", "pid": 80933, "preference_pending": 5, "rank": null, "selected": 5, "ts": "2026-10-04 13:45:55"}
[DBG] {"axis/human_groups": 5, "category": "QUEUE", "component": "ray", "data/candidate_all": 5, "data/candidate_lgbm_agree": 0, "data/candidate_lgbm_only": 0, "data/candidate_neural_agree": 0, "data/candidate_neural_only": 0, "data/candidate_triple_agree": 0, "data/selected_pairs": 5, "data/selection_rate": 1.0, "event": "pipeline_metrics", "host": "d6b2a058c4be", "pid": 80933, "queue/preference": 5, "queue/rollout": 9, "rank": null, "ts": "2026-10-04 13:45:55"}
[DBG] {"category": "QUEUE", "component": "ray", "event": "BEGIN:human_pop_rollout", "host": "d6b2a058c4be", "pid": 80933, "rank": null, "ts": "2026-10-04 13:45:55"}
[DBG] {"category": "QUEUE", "component": "ray", "event": "watchdog_armed", "host": "d6b2a058c4be", "pid": 80933, "rank": null, "stage": "human_pop_rollout", "timeout_sec": 30.0, "ts": "2026-10-04 13:45:55"}
[DBG] {"category": "QUEUE", "component": "ray", "elapsed_sec": 0.034321, "event": "END:human_pop_rollout", "host": "d6b2a058c4be", "pid": 80933, "rank": null, "ts": "2026-10-04 13:45:55"}
[DBG] {"category": "QUEUE", "component": "ray", "event": "human_group_received", "group_id": "6ed41f20c1de4755aaf55e8485066a26", "host": "d6b2a058c4be", "pid": 80933, "rank": null, "ts": "2026-10-04 13:45:55"}
[DBG] {"category": "RAY", "component": "ray", "event": "human_prompt_begin", "group_id": "6ed41f20c1de4755aaf55e8485066a26", "host": "d6b2a058c4be", "pid": 80933, "rank": null, "ts": "2026-10-04 13:45:55"}
[DBG] {"category": "RAY", "component": "ray", "event": "human_prompt_end", "group_id": "6ed41f20c1de4755aaf55e8485066a26", "host": "d6b2a058c4be", "pid": 80933, "rank": null, "ts": "2026-10-04 13:45:55"}
[DBG] {"category": "QUEUE", "component": "ray", "event": "BEGIN:human_put_preference", "group_id": "6ed41f20c1de4755aaf55e8485066a26", "host": "d6b2a058c4be", "pid": 80933, "rank": null, "ts": "2026-10-04 13:45:55"}
[DBG] {"category": "QUEUE", "component": "ray", "event": "watchdog_armed", "host": "d6b2a058c4be", "pid": 80933, "rank": null, "stage": "human_put_preference", "timeout_sec": 30.0, "ts": "2026-10-04 13:45:55"}
[DBG] {"category": "QUEUE", "component": "ray", "elapsed_sec": 0.032902, "event": "END:human_put_preference", "host": "d6b2a058c4be", "pid": 80933, "rank": null, "ts": "2026-10-04 13:45:55"}
[DBG] {"category": "QUEUE", "component": "ray", "event": "preference_selected", "group_id": "6ed41f20c1de4755aaf55e8485066a26", "host": "d6b2a058c4be", "pid": 80933, "preference_pending": 6, "rank": null, "selected": 6, "ts": "2026-10-04 13:45:55"}
[DBG] {"axis/human_groups": 6, "category": "QUEUE", "component": "ray", "data/candidate_all": 6, "data/candidate_lgbm_agree": 0, "data/candidate_lgbm_only": 0, "data/candidate_neural_agree": 0, "data/candidate_neural_only": 0, "data/candidate_triple_agree": 0, "data/selected_pairs": 6, "data/selection_rate": 1.0, "event": "pipeline_metrics", "host": "d6b2a058c4be", "pid": 80933, "queue/preference": 6, "queue/rollout": 8, "rank": null, "ts": "2026-10-04 13:45:56"}
[DBG] {"category": "QUEUE", "component": "ray", "event": "BEGIN:human_pop_rollout", "host": "d6b2a058c4be", "pid": 80933, "rank": null, "ts": "2026-10-04 13:45:56"}
[DBG] {"category": "QUEUE", "component": "ray", "event": "watchdog_armed", "host": "d6b2a058c4be", "pid": 80933, "rank": null, "stage": "human_pop_rollout", "timeout_sec": 30.0, "ts": "2026-10-04 13:45:56"}
[DBG] {"category": "QUEUE", "component": "ray", "elapsed_sec": 0.042025, "event": "END:human_pop_rollout", "host": "d6b2a058c4be", "pid": 80933, "rank": null, "ts": "2026-10-04 13:45:56"}
[DBG] {"category": "QUEUE", "component": "ray", "event": "human_group_received", "group_id": "0096b43cfbba413a9cf14585b4f37b4b", "host": "d6b2a058c4be", "pid": 80933, "rank": null, "ts": "2026-10-04 13:45:56"}
[DBG] {"category": "RAY", "component": "ray", "event": "human_prompt_begin", "group_id": "0096b43cfbba413a9cf14585b4f37b4b", "host": "d6b2a058c4be", "pid": 80933, "rank": null, "ts": "2026-10-04 13:45:56"}
[DBG] {"category": "RAY", "component": "ray", "event": "human_prompt_end", "group_id": "0096b43cfbba413a9cf14585b4f37b4b", "host": "d6b2a058c4be", "pid": 80933, "rank": null, "ts": "2026-10-04 13:45:56"}
[DBG] {"category": "QUEUE", "component": "ray", "event": "BEGIN:human_put_preference", "group_id": "0096b43cfbba413a9cf14585b4f37b4b", "host": "d6b2a058c4be", "pid": 80933, "rank": null, "ts": "2026-10-04 13:45:56"}
[DBG] {"category": "QUEUE", "component": "ray", "event": "watchdog_armed", "host": "d6b2a058c4be", "pid": 80933, "rank": null, "stage": "human_put_preference", "timeout_sec": 30.0, "ts": "2026-10-04 13:45:56"}
[DBG] {"category": "QUEUE", "component": "ray", "elapsed_sec": 0.016756, "event": "END:human_put_preference", "host": "d6b2a058c4be", "pid": 80933, "rank": null, "ts": "2026-10-04 13:45:56"}
[DBG] {"category": "QUEUE", "component": "ray", "event": "preference_selected", "group_id": "0096b43cfbba413a9cf14585b4f37b4b", "host": "d6b2a058c4be", "pid": 80933, "preference_pending": 7, "rank": null, "selected": 7, "ts": "2026-10-04 13:45:56"}
[DBG] {"axis/human_groups": 7, "category": "QUEUE", "component": "ray", "data/candidate_all": 7, "data/candidate_lgbm_agree": 0, "data/candidate_lgbm_only": 0, "data/candidate_neural_agree": 0, "data/candidate_neural_only": 0, "data/candidate_triple_agree": 0, "data/selected_pairs": 7, "data/selection_rate": 1.0, "event": "pipeline_metrics", "host": "d6b2a058c4be", "pid": 80933, "queue/preference": 7, "queue/rollout": 9, "rank": null, "ts": "2026-10-04 13:45:56"}
[DBG] {"category": "QUEUE", "component": "ray", "event": "BEGIN:human_pop_rollout", "host": "d6b2a058c4be", "pid": 80933, "rank": null, "ts": "2026-10-04 13:45:56"}
[DBG] {"category": "QUEUE", "component": "ray", "event": "watchdog_armed", "host": "d6b2a058c4be", "pid": 80933, "rank": null, "stage": "human_pop_rollout", "timeout_sec": 30.0, "ts": "2026-10-04 13:45:56"}
[DBG] {"category": "QUEUE", "component": "ray", "elapsed_sec": 0.044675, "event": "END:human_pop_rollout", "host": "d6b2a058c4be", "pid": 80933, "rank": null, "ts": "2026-10-04 13:45:56"}
[DBG] {"category": "QUEUE", "component": "ray", "event": "human_group_received", "group_id": "8859fb8591bd4b8a9e1eb7bacb7df43b", "host": "d6b2a058c4be", "pid": 80933, "rank": null, "ts": "2026-10-04 13:45:56"}
[DBG] {"category": "RAY", "component": "ray", "event": "human_prompt_begin", "group_id": "8859fb8591bd4b8a9e1eb7bacb7df43b", "host": "d6b2a058c4be", "pid": 80933, "rank": null, "ts": "2026-10-04 13:45:56"}
[DBG] {"category": "RAY", "component": "ray", "event": "human_prompt_end", "group_id": "8859fb8591bd4b8a9e1eb7bacb7df43b", "host": "d6b2a058c4be", "pid": 80933, "rank": null, "ts": "2026-10-04 13:45:57"}
[DBG] {"category": "QUEUE", "component": "ray", "event": "BEGIN:human_put_preference", "group_id": "8859fb8591bd4b8a9e1eb7bacb7df43b", "host": "d6b2a058c4be", "pid": 80933, "rank": null, "ts": "2026-10-04 13:45:57"}
[DBG] {"category": "QUEUE", "component": "ray", "event": "watchdog_armed", "host": "d6b2a058c4be", "pid": 80933, "rank": null, "stage": "human_put_preference", "timeout_sec": 30.0, "ts": "2026-10-04 13:45:57"}
[DBG] {"category": "QUEUE", "component": "ray", "elapsed_sec": 0.024222, "event": "END:human_put_preference", "host": "d6b2a058c4be", "pid": 80933, "rank": null, "ts": "2026-10-04 13:45:57"}
[DBG] {"category": "QUEUE", "component": "ray", "event": "preference_selected", "group_id": "8859fb8591bd4b8a9e1eb7bacb7df43b", "host": "d6b2a058c4be", "pid": 80933, "preference_pending": 8, "rank": null, "selected": 8, "ts": "2026-10-04 13:45:57"}
[DBG] {"axis/human_groups": 8, "category": "QUEUE", "component": "ray", "data/candidate_all": 8, "data/candidate_lgbm_agree": 0, "data/candidate_lgbm_only": 0, "data/candidate_neural_agree": 0, "data/candidate_neural_only": 0, "data/candidate_triple_agree": 0, "data/selected_pairs": 8, "data/selection_rate": 1.0, "event": "pipeline_metrics", "host": "d6b2a058c4be", "pid": 80933, "queue/preference": 8, "queue/rollout": 8, "rank": null, "ts": "2026-10-04 13:45:57"}
[DBG] {"category": "QUEUE", "component": "ray", "event": "BEGIN:human_pop_rollout", "host": "d6b2a058c4be", "pid": 80933, "rank": null, "ts": "2026-10-04 13:45:57"}
[DBG] {"category": "QUEUE", "component": "ray", "event": "watchdog_armed", "host": "d6b2a058c4be", "pid": 80933, "rank": null, "stage": "human_pop_rollout", "timeout_sec": 30.0, "ts": "2026-10-04 13:45:57"}
[DBG] {"category": "QUEUE", "component": "ray", "elapsed_sec": 0.041873, "event": "END:human_pop_rollout", "host": "d6b2a058c4be", "pid": 80933, "rank": null, "ts": "2026-10-04 13:45:57"}
[DBG] {"category": "QUEUE", "component": "ray", "event": "human_group_received", "group_id": "5bedf01cefa745c79d033dbe6c14bd69", "host": "d6b2a058c4be", "pid": 80933, "rank": null, "ts": "2026-10-04 13:45:57"}
[DBG] {"category": "RAY", "component": "ray", "event": "human_prompt_begin", "group_id": "5bedf01cefa745c79d033dbe6c14bd69", "host": "d6b2a058c4be", "pid": 80933, "rank": null, "ts": "2026-10-04 13:45:57"}
[DBG] {"category": "RAY", "component": "ray", "event": "human_prompt_end", "group_id": "5bedf01cefa745c79d033dbe6c14bd69", "host": "d6b2a058c4be", "pid": 80933, "rank": null, "ts": "2026-10-04 13:45:58"}
[DBG] {"category": "QUEUE", "component": "ray", "event": "BEGIN:human_put_preference", "group_id": "5bedf01cefa745c79d033dbe6c14bd69", "host": "d6b2a058c4be", "pid": 80933, "rank": null, "ts": "2026-10-04 13:45:58"}
[DBG] {"category": "QUEUE", "component": "ray", "event": "watchdog_armed", "host": "d6b2a058c4be", "pid": 80933, "rank": null, "stage": "human_put_preference", "timeout_sec": 30.0, "ts": "2026-10-04 13:45:58"}
[DBG] {"category": "QUEUE", "component": "ray", "elapsed_sec": 0.029214, "event": "END:human_put_preference", "host": "d6b2a058c4be", "pid": 80933, "rank": null, "ts": "2026-10-04 13:45:58"}
[DBG] {"category": "QUEUE", "component": "ray", "event": "preference_selected", "group_id": "5bedf01cefa745c79d033dbe6c14bd69", "host": "d6b2a058c4be", "pid": 80933, "preference_pending": 9, "rank": null, "selected": 9, "ts": "2026-10-04 13:45:58"}
[DBG] {"axis/human_groups": 9, "category": "QUEUE", "component": "ray", "data/candidate_all": 9, "data/candidate_lgbm_agree": 0, "data/candidate_lgbm_only": 0, "data/candidate_neural_agree": 0, "data/candidate_neural_only": 0, "data/candidate_triple_agree": 0, "data/selected_pairs": 9, "data/selection_rate": 1.0, "event": "pipeline_metrics", "host": "d6b2a058c4be", "pid": 80933, "queue/preference": 9, "queue/rollout": 9, "rank": null, "ts": "2026-10-04 13:45:58"}
[DBG] {"category": "QUEUE", "component": "ray", "event": "BEGIN:human_pop_rollout", "host": "d6b2a058c4be", "pid": 80933, "rank": null, "ts": "2026-10-04 13:45:58"}
[DBG] {"category": "QUEUE", "component": "ray", "event": "watchdog_armed", "host": "d6b2a058c4be", "pid": 80933, "rank": null, "stage": "human_pop_rollout", "timeout_sec": 30.0, "ts": "2026-10-04 13:45:58"}
[DBG] {"category": "QUEUE", "component": "ray", "elapsed_sec": 0.039809, "event": "END:human_pop_rollout", "host": "d6b2a058c4be", "pid": 80933, "rank": null, "ts": "2026-10-04 13:45:58"}
[DBG] {"category": "QUEUE", "component": "ray", "event": "human_group_received", "group_id": "5f5c9e270bb040c69cedbe7acf33c8b4", "host": "d6b2a058c4be", "pid": 80933, "rank": null, "ts": "2026-10-04 13:45:58"}
[DBG] {"category": "RAY", "component": "ray", "event": "human_prompt_begin", "group_id": "5f5c9e270bb040c69cedbe7acf33c8b4", "host": "d6b2a058c4be", "pid": 80933, "rank": null, "ts": "2026-10-04 13:45:58"}
[DBG] {"category": "RAY", "component": "ray", "event": "human_prompt_end", "group_id": "5f5c9e270bb040c69cedbe7acf33c8b4", "host": "d6b2a058c4be", "pid": 80933, "rank": null, "ts": "2026-10-04 13:45:59"}
[DBG] {"category": "QUEUE", "component": "ray", "event": "BEGIN:human_put_preference", "group_id": "5f5c9e270bb040c69cedbe7acf33c8b4", "host": "d6b2a058c4be", "pid": 80933, "rank": null, "ts": "2026-10-04 13:45:59"}
[DBG] {"category": "QUEUE", "component": "ray", "event": "watchdog_armed", "host": "d6b2a058c4be", "pid": 80933, "rank": null, "stage": "human_put_preference", "timeout_sec": 30.0, "ts": "2026-10-04 13:45:59"}
[DBG] {"category": "QUEUE", "component": "ray", "elapsed_sec": 0.022285, "event": "END:human_put_preference", "host": "d6b2a058c4be", "pid": 80933, "rank": null, "ts": "2026-10-04 13:45:59"}
[DBG] {"category": "QUEUE", "component": "ray", "event": "preference_selected", "group_id": "5f5c9e270bb040c69cedbe7acf33c8b4", "host": "d6b2a058c4be", "pid": 80933, "preference_pending": 10, "rank": null, "selected": 10, "ts": "2026-10-04 13:45:59"}
[DBG] {"axis/human_groups": 10, "category": "QUEUE", "component": "ray", "data/candidate_all": 10, "data/candidate_lgbm_agree": 0, "data/candidate_lgbm_only": 0, "data/candidate_neural_agree": 0, "data/candidate_neural_only": 0, "data/candidate_triple_agree": 0, "data/selected_pairs": 10, "data/selection_rate": 1.0, "event": "pipeline_metrics", "host": "d6b2a058c4be", "pid": 80933, "queue/preference": 10, "queue/rollout": 8, "rank": null, "ts": "2026-10-04 13:45:59"}
[DBG] {"category": "QUEUE", "component": "ray", "event": "BEGIN:human_pop_rollout", "host": "d6b2a058c4be", "pid": 80933, "rank": null, "ts": "2026-10-04 13:45:59"}
[DBG] {"category": "QUEUE", "component": "ray", "event": "watchdog_armed", "host": "d6b2a058c4be", "pid": 80933, "rank": null, "stage": "human_pop_rollout", "timeout_sec": 30.0, "ts": "2026-10-04 13:45:59"}
[DBG] {"category": "QUEUE", "component": "ray", "elapsed_sec": 0.033875, "event": "END:human_pop_rollout", "host": "d6b2a058c4be", "pid": 80933, "rank": null, "ts": "2026-10-04 13:45:59"}
[DBG] {"category": "QUEUE", "component": "ray", "event": "human_group_received", "group_id": "5cb2c803ed1545be849ebb4f8e86a00f", "host": "d6b2a058c4be", "pid": 80933, "rank": null, "ts": "2026-10-04 13:45:59"}
[DBG] {"category": "RAY", "component": "ray", "event": "human_prompt_begin", "group_id": "5cb2c803ed1545be849ebb4f8e86a00f", "host": "d6b2a058c4be", "pid": 80933, "rank": null, "ts": "2026-10-04 13:45:59"}
[DBG] {"category": "RAY", "component": "ray", "event": "human_prompt_end", "group_id": "5cb2c803ed1545be849ebb4f8e86a00f", "host": "d6b2a058c4be", "pid": 80933, "rank": null, "ts": "2026-10-04 13:46:00"}
[DBG] {"category": "QUEUE", "component": "ray", "event": "BEGIN:human_put_preference", "group_id": "5cb2c803ed1545be849ebb4f8e86a00f", "host": "d6b2a058c4be", "pid": 80933, "rank": null, "ts": "2026-10-04 13:46:00"}
[DBG] {"category": "QUEUE", "component": "ray", "event": "watchdog_armed", "host": "d6b2a058c4be", "pid": 80933, "rank": null, "stage": "human_put_preference", "timeout_sec": 30.0, "ts": "2026-10-04 13:46:00"}
[DBG] {"category": "QUEUE", "component": "ray", "elapsed_sec": 0.033011, "event": "END:human_put_preference", "host": "d6b2a058c4be", "pid": 80933, "rank": null, "ts": "2026-10-04 13:46:00"}
[DBG] {"category": "QUEUE", "component": "ray", "event": "preference_selected", "group_id": "5cb2c803ed1545be849ebb4f8e86a00f", "host": "d6b2a058c4be", "pid": 80933, "preference_pending": 11, "rank": null, "selected": 11, "ts": "2026-10-04 13:46:00"}
[DBG] {"axis/human_groups": 11, "category": "QUEUE", "component": "ray", "data/candidate_all": 11, "data/candidate_lgbm_agree": 0, "data/candidate_lgbm_only": 0, "data/candidate_neural_agree": 0, "data/candidate_neural_only": 0, "data/candidate_triple_agree": 0, "data/selected_pairs": 11, "data/selection_rate": 1.0, "event": "pipeline_metrics", "host": "d6b2a058c4be", "pid": 80933, "queue/preference": 11, "queue/rollout": 9, "rank": null, "ts": "2026-10-04 13:46:00"}
[DBG] {"category": "QUEUE", "component": "ray", "event": "BEGIN:human_pop_rollout", "host": "d6b2a058c4be", "pid": 80933, "rank": null, "ts": "2026-10-04 13:46:00"}
[DBG] {"category": "QUEUE", "component": "ray", "event": "watchdog_armed", "host": "d6b2a058c4be", "pid": 80933, "rank": null, "stage": "human_pop_rollout", "timeout_sec": 30.0, "ts": "2026-10-04 13:46:00"}
[DBG] {"category": "QUEUE", "component": "ray", "elapsed_sec": 0.030696, "event": "END:human_pop_rollout", "host": "d6b2a058c4be", "pid": 80933, "rank": null, "ts": "2026-10-04 13:46:00"}
[DBG] {"category": "QUEUE", "component": "ray", "event": "human_group_received", "group_id": "58e72268fd5941ad9b832f5b82fa482d", "host": "d6b2a058c4be", "pid": 80933, "rank": null, "ts": "2026-10-04 13:46:00"}
[DBG] {"category": "RAY", "component": "ray", "event": "human_prompt_begin", "group_id": "58e72268fd5941ad9b832f5b82fa482d", "host": "d6b2a058c4be", "pid": 80933, "rank": null, "ts": "2026-10-04 13:46:00"}
[DBG] {"category": "RAY", "component": "ray", "event": "human_prompt_end", "group_id": "58e72268fd5941ad9b832f5b82fa482d", "host": "d6b2a058c4be", "pid": 80933, "rank": null, "ts": "2026-10-04 13:46:00"}
[DBG] {"category": "QUEUE", "component": "ray", "event": "BEGIN:human_put_preference", "group_id": "58e72268fd5941ad9b832f5b82fa482d", "host": "d6b2a058c4be", "pid": 80933, "rank": null, "ts": "2026-10-04 13:46:00"}
[DBG] {"category": "QUEUE", "component": "ray", "event": "watchdog_armed", "host": "d6b2a058c4be", "pid": 80933, "rank": null, "stage": "human_put_preference", "timeout_sec": 30.0, "ts": "2026-10-04 13:46:00"}
[DBG] {"category": "QUEUE", "component": "ray", "elapsed_sec": 0.015441, "event": "END:human_put_preference", "host": "d6b2a058c4be", "pid": 80933, "rank": null, "ts": "2026-10-04 13:46:00"}
[DBG] {"category": "QUEUE", "component": "ray", "event": "preference_selected", "group_id": "58e72268fd5941ad9b832f5b82fa482d", "host": "d6b2a058c4be", "pid": 80933, "preference_pending": 12, "rank": null, "selected": 12, "ts": "2026-10-04 13:46:00"}
[DBG] {"axis/human_groups": 12, "category": "QUEUE", "component": "ray", "data/candidate_all": 12, "data/candidate_lgbm_agree": 0, "data/candidate_lgbm_only": 0, "data/candidate_neural_agree": 0, "data/candidate_neural_only": 0, "data/candidate_triple_agree": 0, "data/selected_pairs": 12, "data/selection_rate": 1.0, "event": "pipeline_metrics", "host": "d6b2a058c4be", "pid": 80933, "queue/preference": 12, "queue/rollout": 8, "rank": null, "ts": "2026-10-04 13:46:00"}
[DBG] {"category": "QUEUE", "component": "ray", "event": "BEGIN:human_pop_rollout", "host": "d6b2a058c4be", "pid": 80933, "rank": null, "ts": "2026-10-04 13:46:00"}
[DBG] {"category": "QUEUE", "component": "ray", "event": "watchdog_armed", "host": "d6b2a058c4be", "pid": 80933, "rank": null, "stage": "human_pop_rollout", "timeout_sec": 30.0, "ts": "2026-10-04 13:46:00"}
[DBG] {"category": "QUEUE", "component": "ray", "elapsed_sec": 0.043952, "event": "END:human_pop_rollout", "host": "d6b2a058c4be", "pid": 80933, "rank": null, "ts": "2026-10-04 13:46:00"}
[DBG] {"category": "QUEUE", "component": "ray", "event": "human_group_received", "group_id": "4bbbb593d08e44b78953b334437c20a7", "host": "d6b2a058c4be", "pid": 80933, "rank": null, "ts": "2026-10-04 13:46:00"}
[DBG] {"category": "RAY", "component": "ray", "event": "human_prompt_begin", "group_id": "4bbbb593d08e44b78953b334437c20a7", "host": "d6b2a058c4be", "pid": 80933, "rank": null, "ts": "2026-10-04 13:46:00"}
[DBG] {"category": "RAY", "component": "ray", "event": "human_prompt_end", "group_id": "4bbbb593d08e44b78953b334437c20a7", "host": "d6b2a058c4be", "pid": 80933, "rank": null, "ts": "2026-10-04 13:46:01"}
[DBG] {"category": "QUEUE", "component": "ray", "event": "BEGIN:human_put_preference", "group_id": "4bbbb593d08e44b78953b334437c20a7", "host": "d6b2a058c4be", "pid": 80933, "rank": null, "ts": "2026-10-04 13:46:01"}
[DBG] {"category": "QUEUE", "component": "ray", "event": "watchdog_armed", "host": "d6b2a058c4be", "pid": 80933, "rank": null, "stage": "human_put_preference", "timeout_sec": 30.0, "ts": "2026-10-04 13:46:01"}
[DBG] {"category": "QUEUE", "component": "ray", "elapsed_sec": 0.020098, "event": "END:human_put_preference", "host": "d6b2a058c4be", "pid": 80933, "rank": null, "ts": "2026-10-04 13:46:01"}
[DBG] {"category": "QUEUE", "component": "ray", "event": "preference_selected", "group_id": "4bbbb593d08e44b78953b334437c20a7", "host": "d6b2a058c4be", "pid": 80933, "preference_pending": 13, "rank": null, "selected": 13, "ts": "2026-10-04 13:46:01"}
[DBG] {"axis/human_groups": 13, "category": "QUEUE", "component": "ray", "data/candidate_all": 13, "data/candidate_lgbm_agree": 0, "data/candidate_lgbm_only": 0, "data/candidate_neural_agree": 0, "data/candidate_neural_only": 0, "data/candidate_triple_agree": 0, "data/selected_pairs": 13, "data/selection_rate": 1.0, "event": "pipeline_metrics", "host": "d6b2a058c4be", "pid": 80933, "queue/preference": 13, "queue/rollout": 9, "rank": null, "ts": "2026-10-04 13:46:01"}
[DBG] {"category": "QUEUE", "component": "ray", "event": "BEGIN:human_pop_rollout", "host": "d6b2a058c4be", "pid": 80933, "rank": null, "ts": "2026-10-04 13:46:01"}
[DBG] {"category": "QUEUE", "component": "ray", "event": "watchdog_armed", "host": "d6b2a058c4be", "pid": 80933, "rank": null, "stage": "human_pop_rollout", "timeout_sec": 30.0, "ts": "2026-10-04 13:46:01"}
[DBG] {"category": "QUEUE", "component": "ray", "elapsed_sec": 0.03671, "event": "END:human_pop_rollout", "host": "d6b2a058c4be", "pid": 80933, "rank": null, "ts": "2026-10-04 13:46:01"}
[DBG] {"category": "QUEUE", "component": "ray", "event": "human_group_received", "group_id": "ce905f8b93224d5cbf7b60dcc9f3e80c", "host": "d6b2a058c4be", "pid": 80933, "rank": null, "ts": "2026-10-04 13:46:01"}
[DBG] {"category": "RAY", "component": "ray", "event": "human_prompt_begin", "group_id": "ce905f8b93224d5cbf7b60dcc9f3e80c", "host": "d6b2a058c4be", "pid": 80933, "rank": null, "ts": "2026-10-04 13:46:01"}
[DBG] {"category": "RAY", "component": "ray", "event": "human_prompt_end", "group_id": "ce905f8b93224d5cbf7b60dcc9f3e80c", "host": "d6b2a058c4be", "pid": 80933, "rank": null, "ts": "2026-10-04 13:46:02"}
[DBG] {"category": "QUEUE", "component": "ray", "event": "BEGIN:human_put_preference", "group_id": "ce905f8b93224d5cbf7b60dcc9f3e80c", "host": "d6b2a058c4be", "pid": 80933, "rank": null, "ts": "2026-10-04 13:46:02"}
[DBG] {"category": "QUEUE", "component": "ray", "event": "watchdog_armed", "host": "d6b2a058c4be", "pid": 80933, "rank": null, "stage": "human_put_preference", "timeout_sec": 30.0, "ts": "2026-10-04 13:46:02"}
[DBG] {"category": "QUEUE", "component": "ray", "elapsed_sec": 0.026721, "event": "END:human_put_preference", "host": "d6b2a058c4be", "pid": 80933, "rank": null, "ts": "2026-10-04 13:46:02"}
[DBG] {"category": "QUEUE", "component": "ray", "event": "preference_selected", "group_id": "ce905f8b93224d5cbf7b60dcc9f3e80c", "host": "d6b2a058c4be", "pid": 80933, "preference_pending": 14, "rank": null, "selected": 14, "ts": "2026-10-04 13:46:02"}
[DBG] {"axis/human_groups": 14, "category": "QUEUE", "component": "ray", "data/candidate_all": 14, "data/candidate_lgbm_agree": 0, "data/candidate_lgbm_only": 0, "data/candidate_neural_agree": 0, "data/candidate_neural_only": 0, "data/candidate_triple_agree": 0, "data/selected_pairs": 14, "data/selection_rate": 1.0, "event": "pipeline_metrics", "host": "d6b2a058c4be", "pid": 80933, "queue/preference": 14, "queue/rollout": 8, "rank": null, "ts": "2026-10-04 13:46:02"}
[DBG] {"category": "QUEUE", "component": "ray", "event": "BEGIN:human_pop_rollout", "host": "d6b2a058c4be", "pid": 80933, "rank": null, "ts": "2026-10-04 13:46:02"}
[DBG] {"category": "QUEUE", "component": "ray", "event": "watchdog_armed", "host": "d6b2a058c4be", "pid": 80933, "rank": null, "stage": "human_pop_rollout", "timeout_sec": 30.0, "ts": "2026-10-04 13:46:02"}
[DBG] {"category": "QUEUE", "component": "ray", "elapsed_sec": 0.041794, "event": "END:human_pop_rollout", "host": "d6b2a058c4be", "pid": 80933, "rank": null, "ts": "2026-10-04 13:46:02"}
[DBG] {"category": "QUEUE", "component": "ray", "event": "human_group_received", "group_id": "3a7310c42d8e42fc8bb6f2b97beafaf3", "host": "d6b2a058c4be", "pid": 80933, "rank": null, "ts": "2026-10-04 13:46:02"}
[DBG] {"category": "RAY", "component": "ray", "event": "human_prompt_begin", "group_id": "3a7310c42d8e42fc8bb6f2b97beafaf3", "host": "d6b2a058c4be", "pid": 80933, "rank": null, "ts": "2026-10-04 13:46:02"}
[DBG] {"category": "RAY", "component": "ray", "event": "human_prompt_end", "group_id": "3a7310c42d8e42fc8bb6f2b97beafaf3", "host": "d6b2a058c4be", "pid": 80933, "rank": null, "ts": "2026-10-04 13:46:02"}
[DBG] {"category": "QUEUE", "component": "ray", "event": "BEGIN:human_put_preference", "group_id": "3a7310c42d8e42fc8bb6f2b97beafaf3", "host": "d6b2a058c4be", "pid": 80933, "rank": null, "ts": "2026-10-04 13:46:02"}
[DBG] {"category": "QUEUE", "component": "ray", "event": "watchdog_armed", "host": "d6b2a058c4be", "pid": 80933, "rank": null, "stage": "human_put_preference", "timeout_sec": 30.0, "ts": "2026-10-04 13:46:02"}
[DBG] {"category": "QUEUE", "component": "ray", "elapsed_sec": 0.030979, "event": "END:human_put_preference", "host": "d6b2a058c4be", "pid": 80933, "rank": null, "ts": "2026-10-04 13:46:03"}
[DBG] {"category": "QUEUE", "component": "ray", "event": "preference_selected", "group_id": "3a7310c42d8e42fc8bb6f2b97beafaf3", "host": "d6b2a058c4be", "pid": 80933, "preference_pending": 15, "rank": null, "selected": 15, "ts": "2026-10-04 13:46:03"}
[DBG] {"axis/human_groups": 15, "category": "QUEUE", "component": "ray", "data/candidate_all": 15, "data/candidate_lgbm_agree": 0, "data/candidate_lgbm_only": 0, "data/candidate_neural_agree": 0, "data/candidate_neural_only": 0, "data/candidate_triple_agree": 0, "data/selected_pairs": 15, "data/selection_rate": 1.0, "event": "pipeline_metrics", "host": "d6b2a058c4be", "pid": 80933, "queue/preference": 15, "queue/rollout": 7, "rank": null, "ts": "2026-10-04 13:46:03"}
[DBG] {"category": "QUEUE", "component": "ray", "event": "BEGIN:human_pop_rollout", "host": "d6b2a058c4be", "pid": 80933, "rank": null, "ts": "2026-10-04 13:46:03"}
[DBG] {"category": "QUEUE", "component": "ray", "event": "watchdog_armed", "host": "d6b2a058c4be", "pid": 80933, "rank": null, "stage": "human_pop_rollout", "timeout_sec": 30.0, "ts": "2026-10-04 13:46:03"}
[DBG] {"category": "QUEUE", "component": "ray", "elapsed_sec": 0.038571, "event": "END:human_pop_rollout", "host": "d6b2a058c4be", "pid": 80933, "rank": null, "ts": "2026-10-04 13:46:03"}
[DBG] {"category": "QUEUE", "component": "ray", "event": "human_group_received", "group_id": "308aac8998d445ceb5dde30a8597b745", "host": "d6b2a058c4be", "pid": 80933, "rank": null, "ts": "2026-10-04 13:46:03"}
[DBG] {"category": "RAY", "component": "ray", "event": "human_prompt_begin", "group_id": "308aac8998d445ceb5dde30a8597b745", "host": "d6b2a058c4be", "pid": 80933, "rank": null, "ts": "2026-10-04 13:46:03"}
[DBG] {"category": "RAY", "component": "ray", "event": "human_prompt_end", "group_id": "308aac8998d445ceb5dde30a8597b745", "host": "d6b2a058c4be", "pid": 80933, "rank": null, "ts": "2026-10-04 13:46:03"}
[DBG] {"category": "QUEUE", "component": "ray", "event": "BEGIN:human_put_preference", "group_id": "308aac8998d445ceb5dde30a8597b745", "host": "d6b2a058c4be", "pid": 80933, "rank": null, "ts": "2026-10-04 13:46:03"}
[DBG] {"category": "QUEUE", "component": "ray", "event": "watchdog_armed", "host": "d6b2a058c4be", "pid": 80933, "rank": null, "stage": "human_put_preference", "timeout_sec": 30.0, "ts": "2026-10-04 13:46:03"}
[DBG] {"category": "QUEUE", "component": "ray", "elapsed_sec": 0.031596, "event": "END:human_put_preference", "host": "d6b2a058c4be", "pid": 80933, "rank": null, "ts": "2026-10-04 13:46:03"}
[DBG] {"category": "QUEUE", "component": "ray", "event": "preference_selected", "group_id": "308aac8998d445ceb5dde30a8597b745", "host": "d6b2a058c4be", "pid": 80933, "preference_pending": 16, "rank": null, "selected": 16, "ts": "2026-10-04 13:46:03"}
[DBG] {"axis/human_groups": 16, "category": "QUEUE", "component": "ray", "data/candidate_all": 16, "data/candidate_lgbm_agree": 0, "data/candidate_lgbm_only": 0, "data/candidate_neural_agree": 0, "data/candidate_neural_only": 0, "data/candidate_triple_agree": 0, "data/selected_pairs": 16, "data/selection_rate": 1.0, "event": "pipeline_metrics", "host": "d6b2a058c4be", "pid": 80933, "queue/preference": 16, "queue/rollout": 8, "rank": null, "ts": "2026-10-04 13:46:03"}
[DBG] {"category": "QUEUE", "component": "ray", "event": "BEGIN:human_pop_rollout", "host": "d6b2a058c4be", "pid": 80933, "rank": null, "ts": "2026-10-04 13:46:03"}
[DBG] {"category": "QUEUE", "component": "ray", "event": "watchdog_armed", "host": "d6b2a058c4be", "pid": 80933, "rank": null, "stage": "human_pop_rollout", "timeout_sec": 30.0, "ts": "2026-10-04 13:46:03"}
[DBG] {"category": "QUEUE", "component": "ray", "elapsed_sec": 0.053192, "event": "END:human_pop_rollout", "host": "d6b2a058c4be", "pid": 80933, "rank": null, "ts": "2026-10-04 13:46:03"}
[DBG] {"category": "QUEUE", "component": "ray", "event": "human_group_received", "group_id": "ecbaffb678274991ad525cfdc4495b5e", "host": "d6b2a058c4be", "pid": 80933, "rank": null, "ts": "2026-10-04 13:46:03"}
[DBG] {"category": "RAY", "component": "ray", "event": "human_prompt_begin", "group_id": "ecbaffb678274991ad525cfdc4495b5e", "host": "d6b2a058c4be", "pid": 80933, "rank": null, "ts": "2026-10-04 13:46:03"}
[DBG] {"category": "RAY", "component": "ray", "event": "shutdown_begin", "host": "d6b2a058c4be", "pid": 80933, "rank": null, "ts": "2026-10-04 13:47:20"}
[DBG] {"category": "RAY", "component": "ray", "event": "BEGIN:join_trainer", "host": "d6b2a058c4be", "pid": 80933, "rank": null, "ts": "2026-10-04 13:47:20"}
[DBG] {"category": "RAY", "component": "ray", "event": "watchdog_armed", "host": "d6b2a058c4be", "pid": 80933, "rank": null, "stage": "join_trainer", "timeout_sec": 30.0, "ts": "2026-10-04 13:47:20"}
[DBG] {"category": "RAY", "component": "ray", "error": "", "error_type": "KeyboardInterrupt", "event": "ERROR:join_trainer", "host": "d6b2a058c4be", "pid": 80933, "rank": null, "traceback": "Traceback (most recent call last):\n  File \"/root/Recursive_RLHF_training_for_LLM/orchestrator.py\", line 163, in run\n    self._human_loop()\n  File \"/root/Recursive_RLHF_training_for_LLM/orchestrator.py\", line 367, in _human_loop\n    human = ui.score(group)\n            ^^^^^^^^^^^^^^^\n  File \"/root/Recursive_RLHF_training_for_LLM/reward.py\", line 157, in score\n    raw = input(f\"scores ({len(group['responses'])} numbers, q=quit): \").strip()\n          ^^^^^^^^^^^^^^^^^^^^^^^^^^^^^^^^^^^^^^^^^^^^^^^^^^^^^^^^^^^^^^\nKeyboardInterrupt\n\nDuring handling of the above exception, another exception occurred:\n\nTraceback (most recent call last):\n  File \"/root/Recursive_RLHF_training_for_LLM/debug.py\", line 154, in stage\n    yield\n  File \"/root/Recursive_RLHF_training_for_LLM/orchestrator.py\", line 179, in run\n    ray.get(ref, timeout=30)\n  File \"/usr/local/lib/python3.11/dist-packages/ray/_private/auto_init_hook.py\", line 22, in auto_init_wrapper\n    return fn(*args, **kwargs)\n           ^^^^^^^^^^^^^^^^^^^\n  File \"/usr/local/lib/python3.11/dist-packages/ray/_private/client_mode_hook.py\", line 135, in wrapper\n    return func(*args, **kwargs)\n           ^^^^^^^^^^^^^^^^^^^^^\n  File \"/usr/local/lib/python3.11/dist-packages/ray/_private/worker.py\", line 3004, in get\n    values, debugger_breakpoint = worker.get_objects(\n                                  ^^^^^^^^^^^^^^^^^^^\n  File \"/usr/local/lib/python3.11/dist-packages/ray/_private/worker.py\", line 1007, in get_objects\n    ] = self.core_worker.get_objects(\n        ^^^^^^^^^^^^^^^^^^^^^^^^^^^^^\n  File \"python/ray/_raylet.pyx\", line 3473, in ray._raylet.CoreWorker.get_objects\n  File \"python/ray/includes/common.pxi\", line 105, in ray._raylet.check_status\nKeyboardInterrupt\n", "ts": "2026-10-04 13:47:21"}
[DBG] {"category": "RAY", "component": "ray", "elapsed_sec": 1.005454, "event": "END:join_trainer", "host": "d6b2a058c4be", "pid": 80933, "rank": null, "ts": "2026-10-04 13:47:21"}
