[DBG] {"category": "RAY", "component": "ray", "debug_all": false, "debug_data": false, "debug_fsdp": true, "debug_inference": false, "debug_queue": true, "debug_ray": true, "debug_reward": false, "debug_train": true, "event": "application_start", "host": "d6b2a058c4be", "pid": 174492, "rank": null, "ts": "2026-10-04 15:53:00"}
[DBG] {"category": "RAY", "component": "ray", "env": {"NCCL_DEBUG": "INFO", "NCCL_DEBUG_SUBSYS": "INIT,COLL,GRAPH", "TORCH_DISTRIBUTED_DEBUG": "DETAIL", "TORCH_NCCL_ASYNC_ERROR_HANDLING": "1", "TORCH_NCCL_DESYNC_DEBUG": "1", "TORCH_NCCL_DUMP_ON_TIMEOUT": "1", "TORCH_NCCL_TRACE_BUFFER_SIZE": "20000", "TORCH_SHOW_CPP_STACKTRACES": "1"}, "event": "distributed_debug_env", "host": "d6b2a058c4be", "pid": 174492, "rank": null, "ts": "2026-10-04 15:53:00"}
[DBG] {"address": "auto", "category": "RAY", "component": "ray", "event": "BEGIN:ray_init", "host": "d6b2a058c4be", "log_to_driver": false, "pid": 174492, "rank": null, "ts": "2026-10-04 15:53:00"}
[DBG] {"category": "RAY", "component": "ray", "event": "watchdog_armed", "host": "d6b2a058c4be", "pid": 174492, "rank": null, "stage": "ray_init", "timeout_sec": 30.0, "ts": "2026-10-04 15:53:00"}
[DBG] {"category": "RAY", "component": "ray", "elapsed_sec": 0.613873, "event": "END:ray_init", "host": "d6b2a058c4be", "pid": 174492, "rank": null, "ts": "2026-10-04 15:53:00"}
[DBG] {"category": "RAY", "component": "ray", "event": "cluster_resources", "host": "d6b2a058c4be", "pid": 174492, "rank": null, "resources": {"CPU": 27.0, "GPU": 3.0, "accelerator_type:RTX-A6000": 1.0, "memory": 115841970586.0, "node:172.20.0.2": 1.0, "node:__internal_head__": 1.0, "object_store_memory": 49646558822.0}, "ts": "2026-10-04 15:53:00"}
[DBG] {"category": "RAY", "component": "ray", "event": "resource_check", "gpu_available": 3, "gpu_needed": 3, "host": "d6b2a058c4be", "pid": 174492, "rank": null, "ts": "2026-10-04 15:53:00"}
[DBG] {"category": "RAY", "component": "ray", "event": "run_id", "host": "d6b2a058c4be", "pid": 174492, "rank": null, "run_id": "smoke01", "ts": "2026-10-04 15:53:00"}
[DBG] {"category": "RAY", "component": "ray", "event": "BEGIN:create_queue_actor", "host": "d6b2a058c4be", "pid": 174492, "rank": null, "ts": "2026-10-04 15:53:00"}
[DBG] {"category": "RAY", "component": "ray", "event": "watchdog_armed", "host": "d6b2a058c4be", "pid": 174492, "rank": null, "stage": "create_queue_actor", "timeout_sec": 30.0, "ts": "2026-10-04 15:53:00"}
[DBG] {"category": "RAY", "component": "ray", "elapsed_sec": 0.039521, "event": "END:create_queue_actor", "host": "d6b2a058c4be", "pid": 174492, "rank": null, "ts": "2026-10-04 15:53:00"}
[DBG] {"category": "QUEUE", "component": "ray", "event": "BEGIN:queue_describe", "host": "d6b2a058c4be", "pid": 174492, "rank": null, "ts": "2026-10-04 15:53:00"}
[DBG] {"category": "QUEUE", "component": "ray", "event": "watchdog_armed", "host": "d6b2a058c4be", "pid": 174492, "rank": null, "stage": "queue_describe", "timeout_sec": 30.0, "ts": "2026-10-04 15:53:00"}
[DBG] {"category": "QUEUE", "component": "ray", "elapsed_sec": 11.157537, "event": "END:queue_describe", "host": "d6b2a058c4be", "pid": 174492, "rank": null, "ts": "2026-10-04 15:53:11"}
[DBG] {"category": "RAY", "component": "ray", "event": "BEGIN:create_control_actor", "host": "d6b2a058c4be", "pid": 174492, "rank": null, "ts": "2026-10-04 15:53:11"}
[DBG] {"category": "RAY", "component": "ray", "event": "watchdog_armed", "host": "d6b2a058c4be", "pid": 174492, "rank": null, "stage": "create_control_actor", "timeout_sec": 30.0, "ts": "2026-10-04 15:53:11"}
[DBG] {"category": "RAY", "component": "ray", "elapsed_sec": 0.029056, "event": "END:create_control_actor", "host": "d6b2a058c4be", "pid": 174492, "rank": null, "ts": "2026-10-04 15:53:12"}
[DBG] {"category": "RAY", "component": "ray", "event": "BEGIN:create_tracker_actor", "host": "d6b2a058c4be", "pid": 174492, "rank": null, "ts": "2026-10-04 15:53:12"}
[DBG] {"category": "RAY", "component": "ray", "event": "watchdog_armed", "host": "d6b2a058c4be", "pid": 174492, "rank": null, "stage": "create_tracker_actor", "timeout_sec": 30.0, "ts": "2026-10-04 15:53:12"}
[DBG] {"category": "RAY", "component": "ray", "elapsed_sec": 0.027827, "event": "END:create_tracker_actor", "host": "d6b2a058c4be", "pid": 174492, "rank": null, "ts": "2026-10-04 15:53:12"}
[DBG] {"category": "RAY", "component": "ray", "event": "BEGIN:create_inference_actor", "gpus": 1, "host": "d6b2a058c4be", "pid": 174492, "rank": null, "ts": "2026-10-04 15:53:12"}
[DBG] {"category": "RAY", "component": "ray", "event": "watchdog_armed", "host": "d6b2a058c4be", "pid": 174492, "rank": null, "stage": "create_inference_actor", "timeout_sec": 30.0, "ts": "2026-10-04 15:53:12"}
[DBG] {"category": "RAY", "component": "ray", "elapsed_sec": 0.031183, "event": "END:create_inference_actor", "host": "d6b2a058c4be", "pid": 174492, "rank": null, "ts": "2026-10-04 15:53:12"}
[DBG] {"category": "RAY", "component": "ray", "event": "BEGIN:create_reward_actor", "gpus": 0, "host": "d6b2a058c4be", "pid": 174492, "rank": null, "ts": "2026-10-04 15:53:12"}
[DBG] {"category": "RAY", "component": "ray", "event": "watchdog_armed", "host": "d6b2a058c4be", "pid": 174492, "rank": null, "stage": "create_reward_actor", "timeout_sec": 30.0, "ts": "2026-10-04 15:53:12"}
[DBG] {"category": "RAY", "component": "ray", "elapsed_sec": 0.036328, "event": "END:create_reward_actor", "host": "d6b2a058c4be", "pid": 174492, "rank": null, "ts": "2026-10-04 15:53:12"}
[DBG] {"category": "RAY", "component": "ray", "event": "BEGIN:create_rollout_actor", "host": "d6b2a058c4be", "pid": 174492, "rank": null, "ts": "2026-10-04 15:53:12"}
[DBG] {"category": "RAY", "component": "ray", "event": "watchdog_armed", "host": "d6b2a058c4be", "pid": 174492, "rank": null, "stage": "create_rollout_actor", "timeout_sec": 30.0, "ts": "2026-10-04 15:53:12"}
[DBG] {"category": "RAY", "component": "ray", "elapsed_sec": 0.014581, "event": "END:create_rollout_actor", "host": "d6b2a058c4be", "pid": 174492, "rank": null, "ts": "2026-10-04 15:53:12"}
[DBG] {"category": "RAY", "component": "ray", "event": "BEGIN:create_trainer_actor", "host": "d6b2a058c4be", "pid": 174492, "rank": null, "ts": "2026-10-04 15:53:12"}
[DBG] {"category": "RAY", "component": "ray", "event": "watchdog_armed", "host": "d6b2a058c4be", "pid": 174492, "rank": null, "stage": "create_trainer_actor", "timeout_sec": 30.0, "ts": "2026-10-04 15:53:12"}
[DBG] {"category": "RAY", "component": "ray", "elapsed_sec": 0.014072, "event": "END:create_trainer_actor", "host": "d6b2a058c4be", "pid": 174492, "rank": null, "ts": "2026-10-04 15:53:12"}
[DBG] {"category": "RAY", "component": "ray", "event": "BEGIN:launch_trainer_actor", "host": "d6b2a058c4be", "pid": 174492, "rank": null, "ts": "2026-10-04 15:53:53"}
[DBG] {"category": "RAY", "component": "ray", "event": "watchdog_armed", "host": "d6b2a058c4be", "pid": 174492, "rank": null, "stage": "launch_trainer_actor", "timeout_sec": 30.0, "ts": "2026-10-04 15:53:53"}
[DBG] {"category": "RAY", "component": "ray", "elapsed_sec": 0.002893, "event": "END:launch_trainer_actor", "host": "d6b2a058c4be", "pid": 174492, "rank": null, "ts": "2026-10-04 15:53:53"}
[DBG] {"category": "RAY", "component": "ray", "event": "BEGIN:launch_rollout_producer", "host": "d6b2a058c4be", "pid": 174492, "rank": null, "ts": "2026-10-04 15:53:53"}
[DBG] {"category": "RAY", "component": "ray", "event": "watchdog_armed", "host": "d6b2a058c4be", "pid": 174492, "rank": null, "stage": "launch_rollout_producer", "timeout_sec": 30.0, "ts": "2026-10-04 15:53:53"}
[DBG] {"category": "RAY", "component": "ray", "elapsed_sec": 0.00093, "event": "END:launch_rollout_producer", "host": "d6b2a058c4be", "pid": 174492, "rank": null, "ts": "2026-10-04 15:53:53"}
[DBG] {"category": "RAY", "component": "ray", "event": "human_loop_start", "host": "d6b2a058c4be", "pid": 174492, "rank": null, "ts": "2026-10-04 15:53:53"}
[DBG] {"category": "QUEUE", "component": "ray", "event": "BEGIN:human_pop_rollout", "host": "d6b2a058c4be", "pid": 174492, "rank": null, "ts": "2026-10-04 15:53:53"}
[DBG] {"category": "QUEUE", "component": "ray", "event": "watchdog_armed", "host": "d6b2a058c4be", "pid": 174492, "rank": null, "stage": "human_pop_rollout", "timeout_sec": 30.0, "ts": "2026-10-04 15:53:53"}
[DBG] {"category": "QUEUE", "component": "ray", "elapsed_sec": 0.009536, "event": "END:human_pop_rollout", "host": "d6b2a058c4be", "pid": 174492, "rank": null, "ts": "2026-10-04 15:53:53"}
[DBG] {"category": "QUEUE", "component": "ray", "event": "BEGIN:human_pop_rollout", "host": "d6b2a058c4be", "pid": 174492, "rank": null, "ts": "2026-10-04 15:53:54"}
[DBG] {"category": "QUEUE", "component": "ray", "event": "watchdog_armed", "host": "d6b2a058c4be", "pid": 174492, "rank": null, "stage": "human_pop_rollout", "timeout_sec": 30.0, "ts": "2026-10-04 15:53:54"}
[DBG] {"category": "QUEUE", "component": "ray", "elapsed_sec": 0.007655, "event": "END:human_pop_rollout", "host": "d6b2a058c4be", "pid": 174492, "rank": null, "ts": "2026-10-04 15:53:54"}
[DBG] {"category": "QUEUE", "component": "ray", "event": "BEGIN:human_pop_rollout", "host": "d6b2a058c4be", "pid": 174492, "rank": null, "ts": "2026-10-04 15:53:54"}
[DBG] {"category": "QUEUE", "component": "ray", "event": "watchdog_armed", "host": "d6b2a058c4be", "pid": 174492, "rank": null, "stage": "human_pop_rollout", "timeout_sec": 30.0, "ts": "2026-10-04 15:53:54"}
[DBG] {"category": "QUEUE", "component": "ray", "elapsed_sec": 0.007109, "event": "END:human_pop_rollout", "host": "d6b2a058c4be", "pid": 174492, "rank": null, "ts": "2026-10-04 15:53:54"}
[DBG] {"category": "QUEUE", "component": "ray", "event": "BEGIN:human_pop_rollout", "host": "d6b2a058c4be", "pid": 174492, "rank": null, "ts": "2026-10-04 15:53:54"}
[DBG] {"category": "QUEUE", "component": "ray", "event": "watchdog_armed", "host": "d6b2a058c4be", "pid": 174492, "rank": null, "stage": "human_pop_rollout", "timeout_sec": 30.0, "ts": "2026-10-04 15:53:54"}
[DBG] {"category": "QUEUE", "component": "ray", "elapsed_sec": 0.00788, "event": "END:human_pop_rollout", "host": "d6b2a058c4be", "pid": 174492, "rank": null, "ts": "2026-10-04 15:53:54"}
[DBG] {"category": "QUEUE", "component": "ray", "event": "BEGIN:human_pop_rollout", "host": "d6b2a058c4be", "pid": 174492, "rank": null, "ts": "2026-10-04 15:53:54"}
[DBG] {"category": "QUEUE", "component": "ray", "event": "watchdog_armed", "host": "d6b2a058c4be", "pid": 174492, "rank": null, "stage": "human_pop_rollout", "timeout_sec": 30.0, "ts": "2026-10-04 15:53:54"}
[DBG] {"category": "QUEUE", "component": "ray", "elapsed_sec": 0.007681, "event": "END:human_pop_rollout", "host": "d6b2a058c4be", "pid": 174492, "rank": null, "ts": "2026-10-04 15:53:54"}
[DBG] {"category": "QUEUE", "component": "ray", "event": "BEGIN:human_pop_rollout", "host": "d6b2a058c4be", "pid": 174492, "rank": null, "ts": "2026-10-04 15:53:54"}
[DBG] {"category": "QUEUE", "component": "ray", "event": "watchdog_armed", "host": "d6b2a058c4be", "pid": 174492, "rank": null, "stage": "human_pop_rollout", "timeout_sec": 30.0, "ts": "2026-10-04 15:53:54"}
[DBG] {"category": "QUEUE", "component": "ray", "elapsed_sec": 0.007647, "event": "END:human_pop_rollout", "host": "d6b2a058c4be", "pid": 174492, "rank": null, "ts": "2026-10-04 15:53:54"}
[DBG] {"category": "QUEUE", "component": "ray", "event": "BEGIN:human_pop_rollout", "host": "d6b2a058c4be", "pid": 174492, "rank": null, "ts": "2026-10-04 15:53:55"}
[DBG] {"category": "QUEUE", "component": "ray", "event": "watchdog_armed", "host": "d6b2a058c4be", "pid": 174492, "rank": null, "stage": "human_pop_rollout", "timeout_sec": 30.0, "ts": "2026-10-04 15:53:55"}
[DBG] {"category": "QUEUE", "component": "ray", "elapsed_sec": 0.007697, "event": "END:human_pop_rollout", "host": "d6b2a058c4be", "pid": 174492, "rank": null, "ts": "2026-10-04 15:53:55"}
[DBG] {"category": "QUEUE", "component": "ray", "event": "BEGIN:human_pop_rollout", "host": "d6b2a058c4be", "pid": 174492, "rank": null, "ts": "2026-10-04 15:53:55"}
[DBG] {"category": "QUEUE", "component": "ray", "event": "watchdog_armed", "host": "d6b2a058c4be", "pid": 174492, "rank": null, "stage": "human_pop_rollout", "timeout_sec": 30.0, "ts": "2026-10-04 15:53:55"}
[DBG] {"category": "QUEUE", "component": "ray", "elapsed_sec": 0.007646, "event": "END:human_pop_rollout", "host": "d6b2a058c4be", "pid": 174492, "rank": null, "ts": "2026-10-04 15:53:55"}
[DBG] {"category": "QUEUE", "component": "ray", "event": "BEGIN:human_pop_rollout", "host": "d6b2a058c4be", "pid": 174492, "rank": null, "ts": "2026-10-04 15:53:55"}
[DBG] {"category": "QUEUE", "component": "ray", "event": "watchdog_armed", "host": "d6b2a058c4be", "pid": 174492, "rank": null, "stage": "human_pop_rollout", "timeout_sec": 30.0, "ts": "2026-10-04 15:53:55"}
[DBG] {"category": "QUEUE", "component": "ray", "elapsed_sec": 0.007318, "event": "END:human_pop_rollout", "host": "d6b2a058c4be", "pid": 174492, "rank": null, "ts": "2026-10-04 15:53:55"}
[DBG] {"category": "QUEUE", "component": "ray", "event": "BEGIN:human_pop_rollout", "host": "d6b2a058c4be", "pid": 174492, "rank": null, "ts": "2026-10-04 15:53:55"}
[DBG] {"category": "QUEUE", "component": "ray", "event": "watchdog_armed", "host": "d6b2a058c4be", "pid": 174492, "rank": null, "stage": "human_pop_rollout", "timeout_sec": 30.0, "ts": "2026-10-04 15:53:55"}
[DBG] {"category": "QUEUE", "component": "ray", "elapsed_sec": 0.007272, "event": "END:human_pop_rollout", "host": "d6b2a058c4be", "pid": 174492, "rank": null, "ts": "2026-10-04 15:53:55"}
[DBG] {"category": "QUEUE", "component": "ray", "event": "BEGIN:human_pop_rollout", "host": "d6b2a058c4be", "pid": 174492, "rank": null, "ts": "2026-10-04 15:53:56"}
[DBG] {"category": "QUEUE", "component": "ray", "event": "watchdog_armed", "host": "d6b2a058c4be", "pid": 174492, "rank": null, "stage": "human_pop_rollout", "timeout_sec": 30.0, "ts": "2026-10-04 15:53:56"}
[DBG] {"category": "QUEUE", "component": "ray", "elapsed_sec": 0.008224, "event": "END:human_pop_rollout", "host": "d6b2a058c4be", "pid": 174492, "rank": null, "ts": "2026-10-04 15:53:56"}
[DBG] {"category": "QUEUE", "component": "ray", "event": "BEGIN:human_pop_rollout", "host": "d6b2a058c4be", "pid": 174492, "rank": null, "ts": "2026-10-04 15:53:56"}
[DBG] {"category": "QUEUE", "component": "ray", "event": "watchdog_armed", "host": "d6b2a058c4be", "pid": 174492, "rank": null, "stage": "human_pop_rollout", "timeout_sec": 30.0, "ts": "2026-10-04 15:53:56"}
[DBG] {"category": "QUEUE", "component": "ray", "elapsed_sec": 0.006605, "event": "END:human_pop_rollout", "host": "d6b2a058c4be", "pid": 174492, "rank": null, "ts": "2026-10-04 15:53:56"}
[DBG] {"category": "QUEUE", "component": "ray", "event": "BEGIN:human_pop_rollout", "host": "d6b2a058c4be", "pid": 174492, "rank": null, "ts": "2026-10-04 15:53:56"}
[DBG] {"category": "QUEUE", "component": "ray", "event": "watchdog_armed", "host": "d6b2a058c4be", "pid": 174492, "rank": null, "stage": "human_pop_rollout", "timeout_sec": 30.0, "ts": "2026-10-04 15:53:56"}
[DBG] {"category": "QUEUE", "component": "ray", "elapsed_sec": 0.071948, "event": "END:human_pop_rollout", "host": "d6b2a058c4be", "pid": 174492, "rank": null, "ts": "2026-10-04 15:53:56"}
[DBG] {"category": "QUEUE", "component": "ray", "event": "human_group_received", "group_id": "919d3fb4ebef418ca133827d44d450a8", "host": "d6b2a058c4be", "pid": 174492, "rank": null, "ts": "2026-10-04 15:53:56"}
[DBG] {"category": "RAY", "component": "ray", "event": "human_prompt_begin", "group_id": "919d3fb4ebef418ca133827d44d450a8", "host": "d6b2a058c4be", "pid": 174492, "rank": null, "ts": "2026-10-04 15:53:56"}
[DBG] {"category": "RAY", "component": "ray", "event": "human_prompt_end", "group_id": "919d3fb4ebef418ca133827d44d450a8", "host": "d6b2a058c4be", "human_scores": [1.0, 2.0, 3.0, 4.0], "pid": 174492, "policy_version": 0, "rank": null, "ts": "2026-10-04 15:54:54"}
[DBG] {"category": "RAY", "component": "ray", "event": "post_input_pipeline_begin", "group_id": "919d3fb4ebef418ca133827d44d450a8", "host": "d6b2a058c4be", "pid": 174492, "rank": null, "ts": "2026-10-04 15:54:54"}
[DBG] {"category": "QUEUE", "chosen_index": 3, "component": "ray", "event": "preference_sample_built", "group_id": "919d3fb4ebef418ca133827d44d450a8", "host": "d6b2a058c4be", "pid": 174492, "policy_version": 0, "rank": null, "rejected_index": 0, "ts": "2026-10-04 15:54:54"}
[DBG] {"category": "QUEUE", "component": "ray", "event": "BEGIN:human_put_preference", "group_id": "919d3fb4ebef418ca133827d44d450a8", "host": "d6b2a058c4be", "pid": 174492, "rank": null, "ts": "2026-10-04 15:54:54"}
[DBG] {"category": "QUEUE", "component": "ray", "event": "watchdog_armed", "host": "d6b2a058c4be", "pid": 174492, "rank": null, "stage": "human_put_preference", "timeout_sec": 30.0, "ts": "2026-10-04 15:54:54"}
[DBG] {"category": "QUEUE", "component": "ray", "elapsed_sec": 0.027581, "event": "END:human_put_preference", "host": "d6b2a058c4be", "pid": 174492, "rank": null, "ts": "2026-10-04 15:54:54"}
[DBG] {"category": "QUEUE", "component": "ray", "event": "preference_put_trace", "group_id": "919d3fb4ebef418ca133827d44d450a8", "host": "d6b2a058c4be", "pid": 174492, "queue_key": "smoke01:preference:919d3fb4ebef418ca133827d44d450a8", "rank": null, "size_after": 1, "size_before": 0, "ts": "2026-10-04 15:54:54"}
[DBG] {"category": "QUEUE", "component": "ray", "event": "preference_selected", "group_id": "919d3fb4ebef418ca133827d44d450a8", "host": "d6b2a058c4be", "pid": 174492, "preference_pending": 1, "rank": null, "selected": 1, "ts": "2026-10-04 15:54:54"}
[DBG] {"category": "RAY", "component": "ray", "event": "post_input_pipeline_end", "group_id": "919d3fb4ebef418ca133827d44d450a8", "host": "d6b2a058c4be", "pid": 174492, "rank": null, "selected": true, "ts": "2026-10-04 15:54:54"}
[DBG] {"axis/human_groups": 1, "category": "QUEUE", "component": "ray", "data/candidate_all": 1, "data/candidate_lgbm_agree": 0, "data/candidate_lgbm_only": 0, "data/candidate_neural_agree": 0, "data/candidate_neural_only": 0, "data/candidate_triple_agree": 0, "data/selected_pairs": 1, "data/selection_rate": 1.0, "event": "pipeline_metrics", "host": "d6b2a058c4be", "pid": 174492, "queue/preference": 1, "queue/rollout": 9, "rank": null, "ts": "2026-10-04 15:54:54"}
[DBG] {"category": "QUEUE", "component": "ray", "event": "BEGIN:human_pop_rollout", "host": "d6b2a058c4be", "pid": 174492, "rank": null, "ts": "2026-10-04 15:54:55"}
[DBG] {"category": "QUEUE", "component": "ray", "event": "watchdog_armed", "host": "d6b2a058c4be", "pid": 174492, "rank": null, "stage": "human_pop_rollout", "timeout_sec": 30.0, "ts": "2026-10-04 15:54:55"}
[DBG] {"category": "QUEUE", "component": "ray", "elapsed_sec": 0.047903, "event": "END:human_pop_rollout", "host": "d6b2a058c4be", "pid": 174492, "rank": null, "ts": "2026-10-04 15:54:55"}
[DBG] {"category": "QUEUE", "component": "ray", "event": "human_group_received", "group_id": "0066e30210f140589ccd7573983fcc38", "host": "d6b2a058c4be", "pid": 174492, "rank": null, "ts": "2026-10-04 15:54:55"}
[DBG] {"category": "RAY", "component": "ray", "event": "human_prompt_begin", "group_id": "0066e30210f140589ccd7573983fcc38", "host": "d6b2a058c4be", "pid": 174492, "rank": null, "ts": "2026-10-04 15:54:55"}
[DBG] {"category": "RAY", "component": "ray", "event": "human_prompt_end", "group_id": "0066e30210f140589ccd7573983fcc38", "host": "d6b2a058c4be", "human_scores": [1.0, 2.0, 3.0, 4.0], "pid": 174492, "policy_version": 0, "rank": null, "ts": "2026-10-04 15:54:58"}
[DBG] {"category": "RAY", "component": "ray", "event": "post_input_pipeline_begin", "group_id": "0066e30210f140589ccd7573983fcc38", "host": "d6b2a058c4be", "pid": 174492, "rank": null, "ts": "2026-10-04 15:54:58"}
[DBG] {"category": "QUEUE", "chosen_index": 3, "component": "ray", "event": "preference_sample_built", "group_id": "0066e30210f140589ccd7573983fcc38", "host": "d6b2a058c4be", "pid": 174492, "policy_version": 0, "rank": null, "rejected_index": 0, "ts": "2026-10-04 15:54:58"}
[DBG] {"category": "QUEUE", "component": "ray", "event": "BEGIN:human_put_preference", "group_id": "0066e30210f140589ccd7573983fcc38", "host": "d6b2a058c4be", "pid": 174492, "rank": null, "ts": "2026-10-04 15:54:58"}
[DBG] {"category": "QUEUE", "component": "ray", "event": "watchdog_armed", "host": "d6b2a058c4be", "pid": 174492, "rank": null, "stage": "human_put_preference", "timeout_sec": 30.0, "ts": "2026-10-04 15:54:58"}
[DBG] {"category": "QUEUE", "component": "ray", "elapsed_sec": 0.030833, "event": "END:human_put_preference", "host": "d6b2a058c4be", "pid": 174492, "rank": null, "ts": "2026-10-04 15:54:58"}
[DBG] {"category": "QUEUE", "component": "ray", "event": "preference_put_trace", "group_id": "0066e30210f140589ccd7573983fcc38", "host": "d6b2a058c4be", "pid": 174492, "queue_key": "smoke01:preference:0066e30210f140589ccd7573983fcc38", "rank": null, "size_after": 2, "size_before": 1, "ts": "2026-10-04 15:54:58"}
[DBG] {"category": "QUEUE", "component": "ray", "event": "preference_selected", "group_id": "0066e30210f140589ccd7573983fcc38", "host": "d6b2a058c4be", "pid": 174492, "preference_pending": 2, "rank": null, "selected": 2, "ts": "2026-10-04 15:54:58"}
[DBG] {"category": "RAY", "component": "ray", "event": "post_input_pipeline_end", "group_id": "0066e30210f140589ccd7573983fcc38", "host": "d6b2a058c4be", "pid": 174492, "rank": null, "selected": true, "ts": "2026-10-04 15:54:58"}
[DBG] {"axis/human_groups": 2, "category": "QUEUE", "component": "ray", "data/candidate_all": 2, "data/candidate_lgbm_agree": 0, "data/candidate_lgbm_only": 0, "data/candidate_neural_agree": 0, "data/candidate_neural_only": 0, "data/candidate_triple_agree": 0, "data/selected_pairs": 2, "data/selection_rate": 1.0, "event": "pipeline_metrics", "host": "d6b2a058c4be", "pid": 174492, "queue/preference": 2, "queue/rollout": 8, "rank": null, "ts": "2026-10-04 15:54:58"}
[DBG] {"category": "QUEUE", "component": "ray", "event": "BEGIN:human_pop_rollout", "host": "d6b2a058c4be", "pid": 174492, "rank": null, "ts": "2026-10-04 15:54:59"}
[DBG] {"category": "QUEUE", "component": "ray", "event": "watchdog_armed", "host": "d6b2a058c4be", "pid": 174492, "rank": null, "stage": "human_pop_rollout", "timeout_sec": 30.0, "ts": "2026-10-04 15:54:59"}
[DBG] {"category": "QUEUE", "component": "ray", "elapsed_sec": 0.027675, "event": "END:human_pop_rollout", "host": "d6b2a058c4be", "pid": 174492, "rank": null, "ts": "2026-10-04 15:54:59"}
[DBG] {"category": "QUEUE", "component": "ray", "event": "human_group_received", "group_id": "f0217ef068aa44918618c96bbdc7ebeb", "host": "d6b2a058c4be", "pid": 174492, "rank": null, "ts": "2026-10-04 15:54:59"}
[DBG] {"category": "RAY", "component": "ray", "event": "human_prompt_begin", "group_id": "f0217ef068aa44918618c96bbdc7ebeb", "host": "d6b2a058c4be", "pid": 174492, "rank": null, "ts": "2026-10-04 15:54:59"}
[DBG] {"category": "RAY", "component": "ray", "event": "human_prompt_end", "group_id": "f0217ef068aa44918618c96bbdc7ebeb", "host": "d6b2a058c4be", "human_scores": [1.0, 2.0, 3.0, 4.0], "pid": 174492, "policy_version": 0, "rank": null, "ts": "2026-10-04 15:55:00"}
[DBG] {"category": "RAY", "component": "ray", "event": "post_input_pipeline_begin", "group_id": "f0217ef068aa44918618c96bbdc7ebeb", "host": "d6b2a058c4be", "pid": 174492, "rank": null, "ts": "2026-10-04 15:55:00"}
[DBG] {"category": "QUEUE", "chosen_index": 3, "component": "ray", "event": "preference_sample_built", "group_id": "f0217ef068aa44918618c96bbdc7ebeb", "host": "d6b2a058c4be", "pid": 174492, "policy_version": 0, "rank": null, "rejected_index": 0, "ts": "2026-10-04 15:55:00"}
[DBG] {"category": "QUEUE", "component": "ray", "event": "BEGIN:human_put_preference", "group_id": "f0217ef068aa44918618c96bbdc7ebeb", "host": "d6b2a058c4be", "pid": 174492, "rank": null, "ts": "2026-10-04 15:55:00"}
[DBG] {"category": "QUEUE", "component": "ray", "event": "watchdog_armed", "host": "d6b2a058c4be", "pid": 174492, "rank": null, "stage": "human_put_preference", "timeout_sec": 30.0, "ts": "2026-10-04 15:55:00"}
[DBG] {"category": "QUEUE", "component": "ray", "elapsed_sec": 0.018455, "event": "END:human_put_preference", "host": "d6b2a058c4be", "pid": 174492, "rank": null, "ts": "2026-10-04 15:55:00"}
[DBG] {"category": "QUEUE", "component": "ray", "event": "preference_put_trace", "group_id": "f0217ef068aa44918618c96bbdc7ebeb", "host": "d6b2a058c4be", "pid": 174492, "queue_key": "smoke01:preference:f0217ef068aa44918618c96bbdc7ebeb", "rank": null, "size_after": 3, "size_before": 2, "ts": "2026-10-04 15:55:00"}
[DBG] {"category": "QUEUE", "component": "ray", "event": "preference_selected", "group_id": "f0217ef068aa44918618c96bbdc7ebeb", "host": "d6b2a058c4be", "pid": 174492, "preference_pending": 3, "rank": null, "selected": 3, "ts": "2026-10-04 15:55:00"}
[DBG] {"category": "RAY", "component": "ray", "event": "post_input_pipeline_end", "group_id": "f0217ef068aa44918618c96bbdc7ebeb", "host": "d6b2a058c4be", "pid": 174492, "rank": null, "selected": true, "ts": "2026-10-04 15:55:00"}
[DBG] {"axis/human_groups": 3, "category": "QUEUE", "component": "ray", "data/candidate_all": 3, "data/candidate_lgbm_agree": 0, "data/candidate_lgbm_only": 0, "data/candidate_neural_agree": 0, "data/candidate_neural_only": 0, "data/candidate_triple_agree": 0, "data/selected_pairs": 3, "data/selection_rate": 1.0, "event": "pipeline_metrics", "host": "d6b2a058c4be", "pid": 174492, "queue/preference": 3, "queue/rollout": 9, "rank": null, "ts": "2026-10-04 15:55:00"}
[DBG] {"category": "QUEUE", "component": "ray", "event": "BEGIN:human_pop_rollout", "host": "d6b2a058c4be", "pid": 174492, "rank": null, "ts": "2026-10-04 15:55:01"}
[DBG] {"category": "QUEUE", "component": "ray", "event": "watchdog_armed", "host": "d6b2a058c4be", "pid": 174492, "rank": null, "stage": "human_pop_rollout", "timeout_sec": 30.0, "ts": "2026-10-04 15:55:01"}
[DBG] {"category": "QUEUE", "component": "ray", "elapsed_sec": 0.030694, "event": "END:human_pop_rollout", "host": "d6b2a058c4be", "pid": 174492, "rank": null, "ts": "2026-10-04 15:55:02"}
[DBG] {"category": "QUEUE", "component": "ray", "event": "human_group_received", "group_id": "e5f2ecf24dbd450c83500e472aef586b", "host": "d6b2a058c4be", "pid": 174492, "rank": null, "ts": "2026-10-04 15:55:02"}
[DBG] {"category": "RAY", "component": "ray", "event": "human_prompt_begin", "group_id": "e5f2ecf24dbd450c83500e472aef586b", "host": "d6b2a058c4be", "pid": 174492, "rank": null, "ts": "2026-10-04 15:55:02"}
[DBG] {"category": "RAY", "component": "ray", "event": "human_prompt_end", "group_id": "e5f2ecf24dbd450c83500e472aef586b", "host": "d6b2a058c4be", "human_scores": [1.0, 2.0, 3.0, 4.0], "pid": 174492, "policy_version": 0, "rank": null, "ts": "2026-10-04 15:55:03"}
[DBG] {"category": "RAY", "component": "ray", "event": "post_input_pipeline_begin", "group_id": "e5f2ecf24dbd450c83500e472aef586b", "host": "d6b2a058c4be", "pid": 174492, "rank": null, "ts": "2026-10-04 15:55:03"}
[DBG] {"category": "QUEUE", "chosen_index": 3, "component": "ray", "event": "preference_sample_built", "group_id": "e5f2ecf24dbd450c83500e472aef586b", "host": "d6b2a058c4be", "pid": 174492, "policy_version": 0, "rank": null, "rejected_index": 0, "ts": "2026-10-04 15:55:03"}
[DBG] {"category": "QUEUE", "component": "ray", "event": "BEGIN:human_put_preference", "group_id": "e5f2ecf24dbd450c83500e472aef586b", "host": "d6b2a058c4be", "pid": 174492, "rank": null, "ts": "2026-10-04 15:55:03"}
[DBG] {"category": "QUEUE", "component": "ray", "event": "watchdog_armed", "host": "d6b2a058c4be", "pid": 174492, "rank": null, "stage": "human_put_preference", "timeout_sec": 30.0, "ts": "2026-10-04 15:55:03"}
[DBG] {"category": "QUEUE", "component": "ray", "elapsed_sec": 0.016687, "event": "END:human_put_preference", "host": "d6b2a058c4be", "pid": 174492, "rank": null, "ts": "2026-10-04 15:55:03"}
[DBG] {"category": "QUEUE", "component": "ray", "event": "preference_put_trace", "group_id": "e5f2ecf24dbd450c83500e472aef586b", "host": "d6b2a058c4be", "pid": 174492, "queue_key": "smoke01:preference:e5f2ecf24dbd450c83500e472aef586b", "rank": null, "size_after": 4, "size_before": 3, "ts": "2026-10-04 15:55:03"}
[DBG] {"category": "QUEUE", "component": "ray", "event": "preference_selected", "group_id": "e5f2ecf24dbd450c83500e472aef586b", "host": "d6b2a058c4be", "pid": 174492, "preference_pending": 4, "rank": null, "selected": 4, "ts": "2026-10-04 15:55:03"}
[DBG] {"category": "RAY", "component": "ray", "event": "post_input_pipeline_end", "group_id": "e5f2ecf24dbd450c83500e472aef586b", "host": "d6b2a058c4be", "pid": 174492, "rank": null, "selected": true, "ts": "2026-10-04 15:55:03"}
[DBG] {"axis/human_groups": 4, "category": "QUEUE", "component": "ray", "data/candidate_all": 4, "data/candidate_lgbm_agree": 0, "data/candidate_lgbm_only": 0, "data/candidate_neural_agree": 0, "data/candidate_neural_only": 0, "data/candidate_triple_agree": 0, "data/selected_pairs": 4, "data/selection_rate": 1.0, "event": "pipeline_metrics", "host": "d6b2a058c4be", "pid": 174492, "queue/preference": 4, "queue/rollout": 8, "rank": null, "ts": "2026-10-04 15:55:03"}
[DBG] {"category": "QUEUE", "component": "ray", "event": "BEGIN:human_pop_rollout", "host": "d6b2a058c4be", "pid": 174492, "rank": null, "ts": "2026-10-04 15:55:41"}
[DBG] {"category": "QUEUE", "component": "ray", "event": "watchdog_armed", "host": "d6b2a058c4be", "pid": 174492, "rank": null, "stage": "human_pop_rollout", "timeout_sec": 30.0, "ts": "2026-10-04 15:55:41"}
[DBG] {"category": "QUEUE", "component": "ray", "elapsed_sec": 0.051043, "event": "END:human_pop_rollout", "host": "d6b2a058c4be", "pid": 174492, "rank": null, "ts": "2026-10-04 15:55:41"}
[DBG] {"category": "QUEUE", "component": "ray", "event": "human_group_received", "group_id": "a3b54cb2f36645949f6e319df3a6431e", "host": "d6b2a058c4be", "pid": 174492, "rank": null, "ts": "2026-10-04 15:55:41"}
[DBG] {"category": "RAY", "component": "ray", "event": "human_prompt_begin", "group_id": "a3b54cb2f36645949f6e319df3a6431e", "host": "d6b2a058c4be", "pid": 174492, "rank": null, "ts": "2026-10-04 15:55:41"}
[DBG] {"category": "RAY", "component": "ray", "event": "shutdown_begin", "host": "d6b2a058c4be", "pid": 174492, "rank": null, "ts": "2026-10-04 15:58:48"}
[DBG] {"category": "RAY", "component": "ray", "event": "BEGIN:join_trainer", "host": "d6b2a058c4be", "pid": 174492, "rank": null, "ts": "2026-10-04 15:58:48"}
[DBG] {"category": "RAY", "component": "ray", "event": "watchdog_armed", "host": "d6b2a058c4be", "pid": 174492, "rank": null, "stage": "join_trainer", "timeout_sec": 30.0, "ts": "2026-10-04 15:58:48"}
[DBG] {"category": "RAY", "component": "ray", "error": "", "error_type": "KeyboardInterrupt", "event": "ERROR:join_trainer", "host": "d6b2a058c4be", "pid": 174492, "rank": null, "traceback": "Traceback (most recent call last):\n  File \"/root/Recursive_RLHF_training_for_LLM/orchestrator.py\", line 170, in run\n    self._human_loop()\n  File \"/root/Recursive_RLHF_training_for_LLM/orchestrator.py\", line 626, in _human_loop\n    human = ui.score(group)\n            ^^^^^^^^^^^^^^^\n  File \"/root/Recursive_RLHF_training_for_LLM/reward.py\", line 157, in score\n    raw = input(f\"scores ({len(group['responses'])} numbers, q=quit): \").strip()\n          ^^^^^^^^^^^^^^^^^^^^^^^^^^^^^^^^^^^^^^^^^^^^^^^^^^^^^^^^^^^^^^\nKeyboardInterrupt\n\nDuring handling of the above exception, another exception occurred:\n\nTraceback (most recent call last):\n  File \"/root/Recursive_RLHF_training_for_LLM/debug.py\", line 154, in stage\n    yield\n  File \"/root/Recursive_RLHF_training_for_LLM/orchestrator.py\", line 186, in run\n    ray.get(ref, timeout=30)\n  File \"/usr/local/lib/python3.11/dist-packages/ray/_private/auto_init_hook.py\", line 22, in auto_init_wrapper\n    return fn(*args, **kwargs)\n           ^^^^^^^^^^^^^^^^^^^\n  File \"/usr/local/lib/python3.11/dist-packages/ray/_private/client_mode_hook.py\", line 135, in wrapper\n    return func(*args, **kwargs)\n           ^^^^^^^^^^^^^^^^^^^^^\n  File \"/usr/local/lib/python3.11/dist-packages/ray/_private/worker.py\", line 3004, in get\n    values, debugger_breakpoint = worker.get_objects(\n                                  ^^^^^^^^^^^^^^^^^^^\n  File \"/usr/local/lib/python3.11/dist-packages/ray/_private/worker.py\", line 1007, in get_objects\n    ] = self.core_worker.get_objects(\n        ^^^^^^^^^^^^^^^^^^^^^^^^^^^^^\n  File \"python/ray/_raylet.pyx\", line 3473, in ray._raylet.CoreWorker.get_objects\n  File \"python/ray/includes/common.pxi\", line 105, in ray._raylet.check_status\nKeyboardInterrupt\n", "ts": "2026-10-04 15:58:49"}
[DBG] {"category": "RAY", "component": "ray", "elapsed_sec": 1.002497, "event": "END:join_trainer", "host": "d6b2a058c4be", "pid": 174492, "rank": null, "ts": "2026-10-04 15:58:49"}
