[DBG] {"category": "RAY", "component": "ray", "debug_all": false, "debug_data": false, "debug_fsdp": true, "debug_inference": false, "debug_queue": true, "debug_ray": true, "debug_reward": false, "debug_train": true, "event": "application_start", "host": "d6b2a058c4be", "pid": 156036, "rank": null, "ts": "2026-10-04 15:37:29"}
[DBG] {"category": "RAY", "component": "ray", "env": {"NCCL_DEBUG": "INFO", "NCCL_DEBUG_SUBSYS": "INIT,COLL,GRAPH", "TORCH_DISTRIBUTED_DEBUG": "DETAIL", "TORCH_NCCL_ASYNC_ERROR_HANDLING": "1", "TORCH_NCCL_DESYNC_DEBUG": "1", "TORCH_NCCL_DUMP_ON_TIMEOUT": "1", "TORCH_NCCL_TRACE_BUFFER_SIZE": "20000", "TORCH_SHOW_CPP_STACKTRACES": "1"}, "event": "distributed_debug_env", "host": "d6b2a058c4be", "pid": 156036, "rank": null, "ts": "2026-10-04 15:37:29"}
[DBG] {"address": "auto", "category": "RAY", "component": "ray", "event": "BEGIN:ray_init", "host": "d6b2a058c4be", "log_to_driver": false, "pid": 156036, "rank": null, "ts": "2026-10-04 15:37:29"}
[DBG] {"category": "RAY", "component": "ray", "event": "watchdog_armed", "host": "d6b2a058c4be", "pid": 156036, "rank": null, "stage": "ray_init", "timeout_sec": 30.0, "ts": "2026-10-04 15:37:29"}
[DBG] {"category": "RAY", "component": "ray", "elapsed_sec": 0.580581, "event": "END:ray_init", "host": "d6b2a058c4be", "pid": 156036, "rank": null, "ts": "2026-10-04 15:37:29"}
[DBG] {"category": "RAY", "component": "ray", "event": "cluster_resources", "host": "d6b2a058c4be", "pid": 156036, "rank": null, "resources": {"CPU": 27.0, "GPU": 3.0, "accelerator_type:RTX-A6000": 1.0, "memory": 115846540903.0, "node:172.20.0.2": 1.0, "node:__internal_head__": 1.0, "object_store_memory": 49648517529.0}, "ts": "2026-10-04 15:37:29"}
[DBG] {"category": "RAY", "component": "ray", "event": "resource_check", "gpu_available": 3, "gpu_needed": 3, "host": "d6b2a058c4be", "pid": 156036, "rank": null, "ts": "2026-10-04 15:37:29"}
[DBG] {"category": "RAY", "component": "ray", "event": "run_id", "host": "d6b2a058c4be", "pid": 156036, "rank": null, "run_id": "smoke01", "ts": "2026-10-04 15:37:29"}
[DBG] {"category": "RAY", "component": "ray", "event": "BEGIN:create_queue_actor", "host": "d6b2a058c4be", "pid": 156036, "rank": null, "ts": "2026-10-04 15:37:29"}
[DBG] {"category": "RAY", "component": "ray", "event": "watchdog_armed", "host": "d6b2a058c4be", "pid": 156036, "rank": null, "stage": "create_queue_actor", "timeout_sec": 30.0, "ts": "2026-10-04 15:37:29"}
[DBG] {"category": "RAY", "component": "ray", "elapsed_sec": 0.036897, "event": "END:create_queue_actor", "host": "d6b2a058c4be", "pid": 156036, "rank": null, "ts": "2026-10-04 15:37:29"}
[DBG] {"category": "QUEUE", "component": "ray", "event": "BEGIN:queue_describe", "host": "d6b2a058c4be", "pid": 156036, "rank": null, "ts": "2026-10-04 15:37:29"}
[DBG] {"category": "QUEUE", "component": "ray", "event": "watchdog_armed", "host": "d6b2a058c4be", "pid": 156036, "rank": null, "stage": "queue_describe", "timeout_sec": 30.0, "ts": "2026-10-04 15:37:29"}
[DBG] {"category": "QUEUE", "component": "ray", "elapsed_sec": 12.223069, "event": "END:queue_describe", "host": "d6b2a058c4be", "pid": 156036, "rank": null, "ts": "2026-10-04 15:37:42"}
[DBG] {"category": "RAY", "component": "ray", "event": "BEGIN:create_control_actor", "host": "d6b2a058c4be", "pid": 156036, "rank": null, "ts": "2026-10-04 15:37:42"}
[DBG] {"category": "RAY", "component": "ray", "event": "watchdog_armed", "host": "d6b2a058c4be", "pid": 156036, "rank": null, "stage": "create_control_actor", "timeout_sec": 30.0, "ts": "2026-10-04 15:37:42"}
[DBG] {"category": "RAY", "component": "ray", "elapsed_sec": 0.028224, "event": "END:create_control_actor", "host": "d6b2a058c4be", "pid": 156036, "rank": null, "ts": "2026-10-04 15:37:42"}
[DBG] {"category": "RAY", "component": "ray", "event": "BEGIN:create_tracker_actor", "host": "d6b2a058c4be", "pid": 156036, "rank": null, "ts": "2026-10-04 15:37:42"}
[DBG] {"category": "RAY", "component": "ray", "event": "watchdog_armed", "host": "d6b2a058c4be", "pid": 156036, "rank": null, "stage": "create_tracker_actor", "timeout_sec": 30.0, "ts": "2026-10-04 15:37:42"}
[DBG] {"category": "RAY", "component": "ray", "elapsed_sec": 0.028796, "event": "END:create_tracker_actor", "host": "d6b2a058c4be", "pid": 156036, "rank": null, "ts": "2026-10-04 15:37:42"}
[DBG] {"category": "RAY", "component": "ray", "event": "BEGIN:create_inference_actor", "gpus": 1, "host": "d6b2a058c4be", "pid": 156036, "rank": null, "ts": "2026-10-04 15:37:42"}
[DBG] {"category": "RAY", "component": "ray", "event": "watchdog_armed", "host": "d6b2a058c4be", "pid": 156036, "rank": null, "stage": "create_inference_actor", "timeout_sec": 30.0, "ts": "2026-10-04 15:37:42"}
[DBG] {"category": "RAY", "component": "ray", "elapsed_sec": 0.03074, "event": "END:create_inference_actor", "host": "d6b2a058c4be", "pid": 156036, "rank": null, "ts": "2026-10-04 15:37:42"}
[DBG] {"category": "RAY", "component": "ray", "event": "BEGIN:create_reward_actor", "gpus": 0, "host": "d6b2a058c4be", "pid": 156036, "rank": null, "ts": "2026-10-04 15:37:42"}
[DBG] {"category": "RAY", "component": "ray", "event": "watchdog_armed", "host": "d6b2a058c4be", "pid": 156036, "rank": null, "stage": "create_reward_actor", "timeout_sec": 30.0, "ts": "2026-10-04 15:37:42"}
[DBG] {"category": "RAY", "component": "ray", "elapsed_sec": 0.035554, "event": "END:create_reward_actor", "host": "d6b2a058c4be", "pid": 156036, "rank": null, "ts": "2026-10-04 15:37:42"}
[DBG] {"category": "RAY", "component": "ray", "event": "BEGIN:create_rollout_actor", "host": "d6b2a058c4be", "pid": 156036, "rank": null, "ts": "2026-10-04 15:37:42"}
[DBG] {"category": "RAY", "component": "ray", "event": "watchdog_armed", "host": "d6b2a058c4be", "pid": 156036, "rank": null, "stage": "create_rollout_actor", "timeout_sec": 30.0, "ts": "2026-10-04 15:37:42"}
[DBG] {"category": "RAY", "component": "ray", "elapsed_sec": 0.015348, "event": "END:create_rollout_actor", "host": "d6b2a058c4be", "pid": 156036, "rank": null, "ts": "2026-10-04 15:37:42"}
[DBG] {"category": "RAY", "component": "ray", "event": "BEGIN:create_trainer_actor", "host": "d6b2a058c4be", "pid": 156036, "rank": null, "ts": "2026-10-04 15:37:42"}
[DBG] {"category": "RAY", "component": "ray", "event": "watchdog_armed", "host": "d6b2a058c4be", "pid": 156036, "rank": null, "stage": "create_trainer_actor", "timeout_sec": 30.0, "ts": "2026-10-04 15:37:42"}
[DBG] {"category": "RAY", "component": "ray", "elapsed_sec": 0.007183, "event": "END:create_trainer_actor", "host": "d6b2a058c4be", "pid": 156036, "rank": null, "ts": "2026-10-04 15:37:42"}
[DBG] {"category": "RAY", "component": "ray", "event": "BEGIN:launch_trainer_actor", "host": "d6b2a058c4be", "pid": 156036, "rank": null, "ts": "2026-10-04 15:38:23"}
[DBG] {"category": "RAY", "component": "ray", "event": "watchdog_armed", "host": "d6b2a058c4be", "pid": 156036, "rank": null, "stage": "launch_trainer_actor", "timeout_sec": 30.0, "ts": "2026-10-04 15:38:23"}
[DBG] {"category": "RAY", "component": "ray", "elapsed_sec": 0.001048, "event": "END:launch_trainer_actor", "host": "d6b2a058c4be", "pid": 156036, "rank": null, "ts": "2026-10-04 15:38:23"}
[DBG] {"category": "RAY", "component": "ray", "event": "BEGIN:launch_rollout_producer", "host": "d6b2a058c4be", "pid": 156036, "rank": null, "ts": "2026-10-04 15:38:23"}
[DBG] {"category": "RAY", "component": "ray", "event": "watchdog_armed", "host": "d6b2a058c4be", "pid": 156036, "rank": null, "stage": "launch_rollout_producer", "timeout_sec": 30.0, "ts": "2026-10-04 15:38:23"}
[DBG] {"category": "RAY", "component": "ray", "elapsed_sec": 0.001101, "event": "END:launch_rollout_producer", "host": "d6b2a058c4be", "pid": 156036, "rank": null, "ts": "2026-10-04 15:38:23"}
[DBG] {"category": "RAY", "component": "ray", "event": "human_loop_start", "host": "d6b2a058c4be", "pid": 156036, "rank": null, "ts": "2026-10-04 15:38:23"}
[DBG] {"category": "QUEUE", "component": "ray", "event": "BEGIN:human_pop_rollout", "host": "d6b2a058c4be", "pid": 156036, "rank": null, "ts": "2026-10-04 15:38:23"}
[DBG] {"category": "QUEUE", "component": "ray", "event": "watchdog_armed", "host": "d6b2a058c4be", "pid": 156036, "rank": null, "stage": "human_pop_rollout", "timeout_sec": 30.0, "ts": "2026-10-04 15:38:23"}
[DBG] {"category": "QUEUE", "component": "ray", "elapsed_sec": 0.008376, "event": "END:human_pop_rollout", "host": "d6b2a058c4be", "pid": 156036, "rank": null, "ts": "2026-10-04 15:38:23"}
[DBG] {"category": "QUEUE", "component": "ray", "event": "BEGIN:human_pop_rollout", "host": "d6b2a058c4be", "pid": 156036, "rank": null, "ts": "2026-10-04 15:38:23"}
[DBG] {"category": "QUEUE", "component": "ray", "event": "watchdog_armed", "host": "d6b2a058c4be", "pid": 156036, "rank": null, "stage": "human_pop_rollout", "timeout_sec": 30.0, "ts": "2026-10-04 15:38:23"}
[DBG] {"category": "QUEUE", "component": "ray", "elapsed_sec": 0.004713, "event": "END:human_pop_rollout", "host": "d6b2a058c4be", "pid": 156036, "rank": null, "ts": "2026-10-04 15:38:23"}
[DBG] {"category": "QUEUE", "component": "ray", "event": "BEGIN:human_pop_rollout", "host": "d6b2a058c4be", "pid": 156036, "rank": null, "ts": "2026-10-04 15:38:23"}
[DBG] {"category": "QUEUE", "component": "ray", "event": "watchdog_armed", "host": "d6b2a058c4be", "pid": 156036, "rank": null, "stage": "human_pop_rollout", "timeout_sec": 30.0, "ts": "2026-10-04 15:38:23"}
[DBG] {"category": "QUEUE", "component": "ray", "elapsed_sec": 0.00714, "event": "END:human_pop_rollout", "host": "d6b2a058c4be", "pid": 156036, "rank": null, "ts": "2026-10-04 15:38:23"}
[DBG] {"category": "QUEUE", "component": "ray", "event": "BEGIN:human_pop_rollout", "host": "d6b2a058c4be", "pid": 156036, "rank": null, "ts": "2026-10-04 15:38:23"}
[DBG] {"category": "QUEUE", "component": "ray", "event": "watchdog_armed", "host": "d6b2a058c4be", "pid": 156036, "rank": null, "stage": "human_pop_rollout", "timeout_sec": 30.0, "ts": "2026-10-04 15:38:23"}
[DBG] {"category": "QUEUE", "component": "ray", "elapsed_sec": 0.003847, "event": "END:human_pop_rollout", "host": "d6b2a058c4be", "pid": 156036, "rank": null, "ts": "2026-10-04 15:38:23"}
[DBG] {"category": "QUEUE", "component": "ray", "event": "BEGIN:human_pop_rollout", "host": "d6b2a058c4be", "pid": 156036, "rank": null, "ts": "2026-10-04 15:38:24"}
[DBG] {"category": "QUEUE", "component": "ray", "event": "watchdog_armed", "host": "d6b2a058c4be", "pid": 156036, "rank": null, "stage": "human_pop_rollout", "timeout_sec": 30.0, "ts": "2026-10-04 15:38:24"}
[DBG] {"category": "QUEUE", "component": "ray", "elapsed_sec": 0.007058, "event": "END:human_pop_rollout", "host": "d6b2a058c4be", "pid": 156036, "rank": null, "ts": "2026-10-04 15:38:24"}
[DBG] {"category": "QUEUE", "component": "ray", "event": "BEGIN:human_pop_rollout", "host": "d6b2a058c4be", "pid": 156036, "rank": null, "ts": "2026-10-04 15:38:24"}
[DBG] {"category": "QUEUE", "component": "ray", "event": "watchdog_armed", "host": "d6b2a058c4be", "pid": 156036, "rank": null, "stage": "human_pop_rollout", "timeout_sec": 30.0, "ts": "2026-10-04 15:38:24"}
[DBG] {"category": "QUEUE", "component": "ray", "elapsed_sec": 0.007248, "event": "END:human_pop_rollout", "host": "d6b2a058c4be", "pid": 156036, "rank": null, "ts": "2026-10-04 15:38:24"}
[DBG] {"category": "QUEUE", "component": "ray", "event": "BEGIN:human_pop_rollout", "host": "d6b2a058c4be", "pid": 156036, "rank": null, "ts": "2026-10-04 15:38:24"}
[DBG] {"category": "QUEUE", "component": "ray", "event": "watchdog_armed", "host": "d6b2a058c4be", "pid": 156036, "rank": null, "stage": "human_pop_rollout", "timeout_sec": 30.0, "ts": "2026-10-04 15:38:24"}
[DBG] {"category": "QUEUE", "component": "ray", "elapsed_sec": 0.006692, "event": "END:human_pop_rollout", "host": "d6b2a058c4be", "pid": 156036, "rank": null, "ts": "2026-10-04 15:38:24"}
[DBG] {"category": "QUEUE", "component": "ray", "event": "BEGIN:human_pop_rollout", "host": "d6b2a058c4be", "pid": 156036, "rank": null, "ts": "2026-10-04 15:38:24"}
[DBG] {"category": "QUEUE", "component": "ray", "event": "watchdog_armed", "host": "d6b2a058c4be", "pid": 156036, "rank": null, "stage": "human_pop_rollout", "timeout_sec": 30.0, "ts": "2026-10-04 15:38:24"}
[DBG] {"category": "QUEUE", "component": "ray", "elapsed_sec": 0.00621, "event": "END:human_pop_rollout", "host": "d6b2a058c4be", "pid": 156036, "rank": null, "ts": "2026-10-04 15:38:24"}
[DBG] {"category": "QUEUE", "component": "ray", "event": "BEGIN:human_pop_rollout", "host": "d6b2a058c4be", "pid": 156036, "rank": null, "ts": "2026-10-04 15:38:24"}
[DBG] {"category": "QUEUE", "component": "ray", "event": "watchdog_armed", "host": "d6b2a058c4be", "pid": 156036, "rank": null, "stage": "human_pop_rollout", "timeout_sec": 30.0, "ts": "2026-10-04 15:38:24"}
[DBG] {"category": "QUEUE", "component": "ray", "elapsed_sec": 0.005496, "event": "END:human_pop_rollout", "host": "d6b2a058c4be", "pid": 156036, "rank": null, "ts": "2026-10-04 15:38:24"}
[DBG] {"category": "QUEUE", "component": "ray", "event": "BEGIN:human_pop_rollout", "host": "d6b2a058c4be", "pid": 156036, "rank": null, "ts": "2026-10-04 15:38:25"}
[DBG] {"category": "QUEUE", "component": "ray", "event": "watchdog_armed", "host": "d6b2a058c4be", "pid": 156036, "rank": null, "stage": "human_pop_rollout", "timeout_sec": 30.0, "ts": "2026-10-04 15:38:25"}
[DBG] {"category": "QUEUE", "component": "ray", "elapsed_sec": 0.00698, "event": "END:human_pop_rollout", "host": "d6b2a058c4be", "pid": 156036, "rank": null, "ts": "2026-10-04 15:38:25"}
[DBG] {"category": "QUEUE", "component": "ray", "event": "BEGIN:human_pop_rollout", "host": "d6b2a058c4be", "pid": 156036, "rank": null, "ts": "2026-10-04 15:38:25"}
[DBG] {"category": "QUEUE", "component": "ray", "event": "watchdog_armed", "host": "d6b2a058c4be", "pid": 156036, "rank": null, "stage": "human_pop_rollout", "timeout_sec": 30.0, "ts": "2026-10-04 15:38:25"}
[DBG] {"category": "QUEUE", "component": "ray", "elapsed_sec": 0.00548, "event": "END:human_pop_rollout", "host": "d6b2a058c4be", "pid": 156036, "rank": null, "ts": "2026-10-04 15:38:25"}
[DBG] {"category": "QUEUE", "component": "ray", "event": "BEGIN:human_pop_rollout", "host": "d6b2a058c4be", "pid": 156036, "rank": null, "ts": "2026-10-04 15:38:25"}
[DBG] {"category": "QUEUE", "component": "ray", "event": "watchdog_armed", "host": "d6b2a058c4be", "pid": 156036, "rank": null, "stage": "human_pop_rollout", "timeout_sec": 30.0, "ts": "2026-10-04 15:38:25"}
[DBG] {"category": "QUEUE", "component": "ray", "elapsed_sec": 0.005101, "event": "END:human_pop_rollout", "host": "d6b2a058c4be", "pid": 156036, "rank": null, "ts": "2026-10-04 15:38:25"}
[DBG] {"category": "QUEUE", "component": "ray", "event": "BEGIN:human_pop_rollout", "host": "d6b2a058c4be", "pid": 156036, "rank": null, "ts": "2026-10-04 15:38:25"}
[DBG] {"category": "QUEUE", "component": "ray", "event": "watchdog_armed", "host": "d6b2a058c4be", "pid": 156036, "rank": null, "stage": "human_pop_rollout", "timeout_sec": 30.0, "ts": "2026-10-04 15:38:25"}
[DBG] {"category": "QUEUE", "component": "ray", "elapsed_sec": 0.069768, "event": "END:human_pop_rollout", "host": "d6b2a058c4be", "pid": 156036, "rank": null, "ts": "2026-10-04 15:38:25"}
[DBG] {"category": "QUEUE", "component": "ray", "event": "human_group_received", "group_id": "f87249f58e4742c98a4b6d66dedb0b81", "host": "d6b2a058c4be", "pid": 156036, "rank": null, "ts": "2026-10-04 15:38:25"}
[DBG] {"category": "RAY", "component": "ray", "event": "human_prompt_begin", "group_id": "f87249f58e4742c98a4b6d66dedb0b81", "host": "d6b2a058c4be", "pid": 156036, "rank": null, "ts": "2026-10-04 15:38:25"}
[DBG] {"category": "RAY", "component": "ray", "event": "human_prompt_end", "group_id": "f87249f58e4742c98a4b6d66dedb0b81", "host": "d6b2a058c4be", "human_scores": [1.0, 2.0, 3.0, 4.0], "pid": 156036, "policy_version": 0, "rank": null, "ts": "2026-10-04 15:38:36"}
[DBG] {"category": "RAY", "component": "ray", "event": "post_input_pipeline_begin", "group_id": "f87249f58e4742c98a4b6d66dedb0b81", "host": "d6b2a058c4be", "pid": 156036, "rank": null, "ts": "2026-10-04 15:38:36"}
[DBG] {"category": "QUEUE", "chosen_index": 3, "component": "ray", "event": "preference_sample_built", "group_id": "f87249f58e4742c98a4b6d66dedb0b81", "host": "d6b2a058c4be", "pid": 156036, "policy_version": 0, "rank": null, "rejected_index": 0, "ts": "2026-10-04 15:38:36"}
[DBG] {"category": "QUEUE", "component": "ray", "event": "BEGIN:human_put_preference", "group_id": "f87249f58e4742c98a4b6d66dedb0b81", "host": "d6b2a058c4be", "pid": 156036, "rank": null, "ts": "2026-10-04 15:38:36"}
[DBG] {"category": "QUEUE", "component": "ray", "event": "watchdog_armed", "host": "d6b2a058c4be", "pid": 156036, "rank": null, "stage": "human_put_preference", "timeout_sec": 30.0, "ts": "2026-10-04 15:38:36"}
[DBG] {"category": "QUEUE", "component": "ray", "elapsed_sec": 0.014758, "event": "END:human_put_preference", "host": "d6b2a058c4be", "pid": 156036, "rank": null, "ts": "2026-10-04 15:38:36"}
[DBG] {"category": "QUEUE", "component": "ray", "event": "preference_put_trace", "group_id": "f87249f58e4742c98a4b6d66dedb0b81", "host": "d6b2a058c4be", "pid": 156036, "queue_key": "smoke01:preference:f87249f58e4742c98a4b6d66dedb0b81", "rank": null, "size_after": 1, "size_before": 0, "ts": "2026-10-04 15:38:36"}
[DBG] {"category": "QUEUE", "component": "ray", "event": "preference_selected", "group_id": "f87249f58e4742c98a4b6d66dedb0b81", "host": "d6b2a058c4be", "pid": 156036, "preference_pending": 1, "rank": null, "selected": 1, "ts": "2026-10-04 15:38:36"}
[DBG] {"category": "RAY", "component": "ray", "event": "post_input_pipeline_end", "group_id": "f87249f58e4742c98a4b6d66dedb0b81", "host": "d6b2a058c4be", "pid": 156036, "rank": null, "selected": true, "ts": "2026-10-04 15:38:36"}
[DBG] {"axis/human_groups": 1, "category": "QUEUE", "component": "ray", "data/candidate_all": 1, "data/candidate_lgbm_agree": 0, "data/candidate_lgbm_only": 0, "data/candidate_neural_agree": 0, "data/candidate_neural_only": 0, "data/candidate_triple_agree": 0, "data/selected_pairs": 1, "data/selection_rate": 1.0, "event": "pipeline_metrics", "host": "d6b2a058c4be", "pid": 156036, "queue/preference": 1, "queue/rollout": 9, "rank": null, "ts": "2026-10-04 15:38:36"}
[DBG] {"category": "QUEUE", "component": "ray", "event": "BEGIN:human_pop_rollout", "host": "d6b2a058c4be", "pid": 156036, "rank": null, "ts": "2026-10-04 15:38:38"}
[DBG] {"category": "QUEUE", "component": "ray", "event": "watchdog_armed", "host": "d6b2a058c4be", "pid": 156036, "rank": null, "stage": "human_pop_rollout", "timeout_sec": 30.0, "ts": "2026-10-04 15:38:38"}
[DBG] {"category": "QUEUE", "component": "ray", "elapsed_sec": 0.033985, "event": "END:human_pop_rollout", "host": "d6b2a058c4be", "pid": 156036, "rank": null, "ts": "2026-10-04 15:38:38"}
[DBG] {"category": "QUEUE", "component": "ray", "event": "human_group_received", "group_id": "42548b99e0eb47029aeb128dd3aa55d8", "host": "d6b2a058c4be", "pid": 156036, "rank": null, "ts": "2026-10-04 15:38:38"}
[DBG] {"category": "RAY", "component": "ray", "event": "human_prompt_begin", "group_id": "42548b99e0eb47029aeb128dd3aa55d8", "host": "d6b2a058c4be", "pid": 156036, "rank": null, "ts": "2026-10-04 15:38:38"}
[DBG] {"category": "RAY", "component": "ray", "event": "human_prompt_end", "group_id": "42548b99e0eb47029aeb128dd3aa55d8", "host": "d6b2a058c4be", "human_scores": [1.0, 2.0, 3.0, 4.0], "pid": 156036, "policy_version": 0, "rank": null, "ts": "2026-10-04 15:38:42"}
[DBG] {"category": "RAY", "component": "ray", "event": "post_input_pipeline_begin", "group_id": "42548b99e0eb47029aeb128dd3aa55d8", "host": "d6b2a058c4be", "pid": 156036, "rank": null, "ts": "2026-10-04 15:38:42"}
[DBG] {"category": "QUEUE", "chosen_index": 3, "component": "ray", "event": "preference_sample_built", "group_id": "42548b99e0eb47029aeb128dd3aa55d8", "host": "d6b2a058c4be", "pid": 156036, "policy_version": 0, "rank": null, "rejected_index": 0, "ts": "2026-10-04 15:38:42"}
[DBG] {"category": "QUEUE", "component": "ray", "event": "BEGIN:human_put_preference", "group_id": "42548b99e0eb47029aeb128dd3aa55d8", "host": "d6b2a058c4be", "pid": 156036, "rank": null, "ts": "2026-10-04 15:38:42"}
[DBG] {"category": "QUEUE", "component": "ray", "event": "watchdog_armed", "host": "d6b2a058c4be", "pid": 156036, "rank": null, "stage": "human_put_preference", "timeout_sec": 30.0, "ts": "2026-10-04 15:38:42"}
[DBG] {"category": "QUEUE", "component": "ray", "elapsed_sec": 0.018499, "event": "END:human_put_preference", "host": "d6b2a058c4be", "pid": 156036, "rank": null, "ts": "2026-10-04 15:38:42"}
[DBG] {"category": "QUEUE", "component": "ray", "event": "preference_put_trace", "group_id": "42548b99e0eb47029aeb128dd3aa55d8", "host": "d6b2a058c4be", "pid": 156036, "queue_key": "smoke01:preference:42548b99e0eb47029aeb128dd3aa55d8", "rank": null, "size_after": 2, "size_before": 1, "ts": "2026-10-04 15:38:42"}
[DBG] {"category": "QUEUE", "component": "ray", "event": "preference_selected", "group_id": "42548b99e0eb47029aeb128dd3aa55d8", "host": "d6b2a058c4be", "pid": 156036, "preference_pending": 2, "rank": null, "selected": 2, "ts": "2026-10-04 15:38:42"}
[DBG] {"category": "RAY", "component": "ray", "event": "post_input_pipeline_end", "group_id": "42548b99e0eb47029aeb128dd3aa55d8", "host": "d6b2a058c4be", "pid": 156036, "rank": null, "selected": true, "ts": "2026-10-04 15:38:42"}
[DBG] {"axis/human_groups": 2, "category": "QUEUE", "component": "ray", "data/candidate_all": 2, "data/candidate_lgbm_agree": 0, "data/candidate_lgbm_only": 0, "data/candidate_neural_agree": 0, "data/candidate_neural_only": 0, "data/candidate_triple_agree": 0, "data/selected_pairs": 2, "data/selection_rate": 1.0, "event": "pipeline_metrics", "host": "d6b2a058c4be", "pid": 156036, "queue/preference": 2, "queue/rollout": 8, "rank": null, "ts": "2026-10-04 15:38:42"}
[DBG] {"category": "QUEUE", "component": "ray", "event": "BEGIN:human_pop_rollout", "host": "d6b2a058c4be", "pid": 156036, "rank": null, "ts": "2026-10-04 15:38:44"}
[DBG] {"category": "QUEUE", "component": "ray", "event": "watchdog_armed", "host": "d6b2a058c4be", "pid": 156036, "rank": null, "stage": "human_pop_rollout", "timeout_sec": 30.0, "ts": "2026-10-04 15:38:44"}
[DBG] {"category": "QUEUE", "component": "ray", "elapsed_sec": 0.04268, "event": "END:human_pop_rollout", "host": "d6b2a058c4be", "pid": 156036, "rank": null, "ts": "2026-10-04 15:38:44"}
[DBG] {"category": "QUEUE", "component": "ray", "event": "human_group_received", "group_id": "498c745a9a954e7991efbf77783548e4", "host": "d6b2a058c4be", "pid": 156036, "rank": null, "ts": "2026-10-04 15:38:44"}
[DBG] {"category": "RAY", "component": "ray", "event": "human_prompt_begin", "group_id": "498c745a9a954e7991efbf77783548e4", "host": "d6b2a058c4be", "pid": 156036, "rank": null, "ts": "2026-10-04 15:38:44"}
[DBG] {"category": "RAY", "component": "ray", "event": "human_prompt_end", "group_id": "498c745a9a954e7991efbf77783548e4", "host": "d6b2a058c4be", "human_scores": [1.0, 2.0, 3.0, 4.0], "pid": 156036, "policy_version": 0, "rank": null, "ts": "2026-10-04 15:38:46"}
[DBG] {"category": "RAY", "component": "ray", "event": "post_input_pipeline_begin", "group_id": "498c745a9a954e7991efbf77783548e4", "host": "d6b2a058c4be", "pid": 156036, "rank": null, "ts": "2026-10-04 15:38:46"}
[DBG] {"category": "QUEUE", "chosen_index": 3, "component": "ray", "event": "preference_sample_built", "group_id": "498c745a9a954e7991efbf77783548e4", "host": "d6b2a058c4be", "pid": 156036, "policy_version": 0, "rank": null, "rejected_index": 0, "ts": "2026-10-04 15:38:46"}
[DBG] {"category": "QUEUE", "component": "ray", "event": "BEGIN:human_put_preference", "group_id": "498c745a9a954e7991efbf77783548e4", "host": "d6b2a058c4be", "pid": 156036, "rank": null, "ts": "2026-10-04 15:38:46"}
[DBG] {"category": "QUEUE", "component": "ray", "event": "watchdog_armed", "host": "d6b2a058c4be", "pid": 156036, "rank": null, "stage": "human_put_preference", "timeout_sec": 30.0, "ts": "2026-10-04 15:38:46"}
[DBG] {"category": "QUEUE", "component": "ray", "elapsed_sec": 0.022625, "event": "END:human_put_preference", "host": "d6b2a058c4be", "pid": 156036, "rank": null, "ts": "2026-10-04 15:38:46"}
[DBG] {"category": "QUEUE", "component": "ray", "event": "preference_put_trace", "group_id": "498c745a9a954e7991efbf77783548e4", "host": "d6b2a058c4be", "pid": 156036, "queue_key": "smoke01:preference:498c745a9a954e7991efbf77783548e4", "rank": null, "size_after": 3, "size_before": 2, "ts": "2026-10-04 15:38:46"}
[DBG] {"category": "QUEUE", "component": "ray", "event": "preference_selected", "group_id": "498c745a9a954e7991efbf77783548e4", "host": "d6b2a058c4be", "pid": 156036, "preference_pending": 3, "rank": null, "selected": 3, "ts": "2026-10-04 15:38:46"}
[DBG] {"category": "RAY", "component": "ray", "event": "post_input_pipeline_end", "group_id": "498c745a9a954e7991efbf77783548e4", "host": "d6b2a058c4be", "pid": 156036, "rank": null, "selected": true, "ts": "2026-10-04 15:38:46"}
[DBG] {"axis/human_groups": 3, "category": "QUEUE", "component": "ray", "data/candidate_all": 3, "data/candidate_lgbm_agree": 0, "data/candidate_lgbm_only": 0, "data/candidate_neural_agree": 0, "data/candidate_neural_only": 0, "data/candidate_triple_agree": 0, "data/selected_pairs": 3, "data/selection_rate": 1.0, "event": "pipeline_metrics", "host": "d6b2a058c4be", "pid": 156036, "queue/preference": 3, "queue/rollout": 9, "rank": null, "ts": "2026-10-04 15:38:46"}
[DBG] {"category": "QUEUE", "component": "ray", "event": "BEGIN:human_pop_rollout", "host": "d6b2a058c4be", "pid": 156036, "rank": null, "ts": "2026-10-04 15:38:48"}
[DBG] {"category": "QUEUE", "component": "ray", "event": "watchdog_armed", "host": "d6b2a058c4be", "pid": 156036, "rank": null, "stage": "human_pop_rollout", "timeout_sec": 30.0, "ts": "2026-10-04 15:38:48"}
[DBG] {"category": "QUEUE", "component": "ray", "elapsed_sec": 0.052284, "event": "END:human_pop_rollout", "host": "d6b2a058c4be", "pid": 156036, "rank": null, "ts": "2026-10-04 15:38:48"}
[DBG] {"category": "QUEUE", "component": "ray", "event": "human_group_received", "group_id": "4819fb72edd94e0eb73933b8c58e5613", "host": "d6b2a058c4be", "pid": 156036, "rank": null, "ts": "2026-10-04 15:38:48"}
[DBG] {"category": "RAY", "component": "ray", "event": "human_prompt_begin", "group_id": "4819fb72edd94e0eb73933b8c58e5613", "host": "d6b2a058c4be", "pid": 156036, "rank": null, "ts": "2026-10-04 15:38:48"}
[DBG] {"category": "RAY", "component": "ray", "event": "human_prompt_end", "group_id": "4819fb72edd94e0eb73933b8c58e5613", "host": "d6b2a058c4be", "human_scores": [1.0, 2.0, 3.0, 4.0], "pid": 156036, "policy_version": 0, "rank": null, "ts": "2026-10-04 15:38:50"}
[DBG] {"category": "RAY", "component": "ray", "event": "post_input_pipeline_begin", "group_id": "4819fb72edd94e0eb73933b8c58e5613", "host": "d6b2a058c4be", "pid": 156036, "rank": null, "ts": "2026-10-04 15:38:50"}
[DBG] {"category": "QUEUE", "chosen_index": 3, "component": "ray", "event": "preference_sample_built", "group_id": "4819fb72edd94e0eb73933b8c58e5613", "host": "d6b2a058c4be", "pid": 156036, "policy_version": 0, "rank": null, "rejected_index": 0, "ts": "2026-10-04 15:38:50"}
[DBG] {"category": "QUEUE", "component": "ray", "event": "BEGIN:human_put_preference", "group_id": "4819fb72edd94e0eb73933b8c58e5613", "host": "d6b2a058c4be", "pid": 156036, "rank": null, "ts": "2026-10-04 15:38:50"}
[DBG] {"category": "QUEUE", "component": "ray", "event": "watchdog_armed", "host": "d6b2a058c4be", "pid": 156036, "rank": null, "stage": "human_put_preference", "timeout_sec": 30.0, "ts": "2026-10-04 15:38:50"}
[DBG] {"category": "QUEUE", "component": "ray", "elapsed_sec": 0.013173, "event": "END:human_put_preference", "host": "d6b2a058c4be", "pid": 156036, "rank": null, "ts": "2026-10-04 15:38:50"}
[DBG] {"category": "QUEUE", "component": "ray", "event": "preference_put_trace", "group_id": "4819fb72edd94e0eb73933b8c58e5613", "host": "d6b2a058c4be", "pid": 156036, "queue_key": "smoke01:preference:4819fb72edd94e0eb73933b8c58e5613", "rank": null, "size_after": 4, "size_before": 3, "ts": "2026-10-04 15:38:50"}
[DBG] {"category": "QUEUE", "component": "ray", "event": "preference_selected", "group_id": "4819fb72edd94e0eb73933b8c58e5613", "host": "d6b2a058c4be", "pid": 156036, "preference_pending": 4, "rank": null, "selected": 4, "ts": "2026-10-04 15:38:50"}
[DBG] {"category": "RAY", "component": "ray", "event": "post_input_pipeline_end", "group_id": "4819fb72edd94e0eb73933b8c58e5613", "host": "d6b2a058c4be", "pid": 156036, "rank": null, "selected": true, "ts": "2026-10-04 15:38:50"}
[DBG] {"axis/human_groups": 4, "category": "QUEUE", "component": "ray", "data/candidate_all": 4, "data/candidate_lgbm_agree": 0, "data/candidate_lgbm_only": 0, "data/candidate_neural_agree": 0, "data/candidate_neural_only": 0, "data/candidate_triple_agree": 0, "data/selected_pairs": 4, "data/selection_rate": 1.0, "event": "pipeline_metrics", "host": "d6b2a058c4be", "pid": 156036, "queue/preference": 4, "queue/rollout": 8, "rank": null, "ts": "2026-10-04 15:38:50"}
[DBG] {"category": "QUEUE", "component": "ray", "event": "BEGIN:human_pop_rollout", "host": "d6b2a058c4be", "pid": 156036, "rank": null, "ts": "2026-10-04 15:38:52"}
[DBG] {"category": "QUEUE", "component": "ray", "event": "watchdog_armed", "host": "d6b2a058c4be", "pid": 156036, "rank": null, "stage": "human_pop_rollout", "timeout_sec": 30.0, "ts": "2026-10-04 15:38:52"}
[DBG] {"category": "QUEUE", "component": "ray", "elapsed_sec": 0.048797, "event": "END:human_pop_rollout", "host": "d6b2a058c4be", "pid": 156036, "rank": null, "ts": "2026-10-04 15:38:52"}
[DBG] {"category": "QUEUE", "component": "ray", "event": "human_group_received", "group_id": "41f29b92055147a887021919bb967a9c", "host": "d6b2a058c4be", "pid": 156036, "rank": null, "ts": "2026-10-04 15:38:52"}
[DBG] {"category": "RAY", "component": "ray", "event": "human_prompt_begin", "group_id": "41f29b92055147a887021919bb967a9c", "host": "d6b2a058c4be", "pid": 156036, "rank": null, "ts": "2026-10-04 15:38:52"}
[DBG] {"category": "RAY", "component": "ray", "event": "human_prompt_end", "group_id": "41f29b92055147a887021919bb967a9c", "host": "d6b2a058c4be", "human_scores": [1.0, 2.0, 3.0, 4.0], "pid": 156036, "policy_version": 0, "rank": null, "ts": "2026-10-04 15:39:04"}
[DBG] {"category": "RAY", "component": "ray", "event": "post_input_pipeline_begin", "group_id": "41f29b92055147a887021919bb967a9c", "host": "d6b2a058c4be", "pid": 156036, "rank": null, "ts": "2026-10-04 15:39:04"}
[DBG] {"category": "QUEUE", "chosen_index": 3, "component": "ray", "event": "preference_sample_built", "group_id": "41f29b92055147a887021919bb967a9c", "host": "d6b2a058c4be", "pid": 156036, "policy_version": 0, "rank": null, "rejected_index": 0, "ts": "2026-10-04 15:39:04"}
[DBG] {"category": "QUEUE", "component": "ray", "event": "BEGIN:human_put_preference", "group_id": "41f29b92055147a887021919bb967a9c", "host": "d6b2a058c4be", "pid": 156036, "rank": null, "ts": "2026-10-04 15:39:04"}
[DBG] {"category": "QUEUE", "component": "ray", "event": "watchdog_armed", "host": "d6b2a058c4be", "pid": 156036, "rank": null, "stage": "human_put_preference", "timeout_sec": 30.0, "ts": "2026-10-04 15:39:04"}
[DBG] {"category": "QUEUE", "component": "ray", "elapsed_sec": 0.016658, "event": "END:human_put_preference", "host": "d6b2a058c4be", "pid": 156036, "rank": null, "ts": "2026-10-04 15:39:04"}
[DBG] {"category": "QUEUE", "component": "ray", "event": "preference_put_trace", "group_id": "41f29b92055147a887021919bb967a9c", "host": "d6b2a058c4be", "pid": 156036, "queue_key": "smoke01:preference:41f29b92055147a887021919bb967a9c", "rank": null, "size_after": 1, "size_before": 0, "ts": "2026-10-04 15:39:04"}
[DBG] {"category": "QUEUE", "component": "ray", "event": "preference_selected", "group_id": "41f29b92055147a887021919bb967a9c", "host": "d6b2a058c4be", "pid": 156036, "preference_pending": 1, "rank": null, "selected": 5, "ts": "2026-10-04 15:39:04"}
[DBG] {"category": "RAY", "component": "ray", "event": "post_input_pipeline_end", "group_id": "41f29b92055147a887021919bb967a9c", "host": "d6b2a058c4be", "pid": 156036, "rank": null, "selected": true, "ts": "2026-10-04 15:39:04"}
[DBG] {"axis/human_groups": 5, "category": "QUEUE", "component": "ray", "data/candidate_all": 5, "data/candidate_lgbm_agree": 0, "data/candidate_lgbm_only": 0, "data/candidate_neural_agree": 0, "data/candidate_neural_only": 0, "data/candidate_triple_agree": 0, "data/selected_pairs": 5, "data/selection_rate": 1.0, "event": "pipeline_metrics", "host": "d6b2a058c4be", "pid": 156036, "queue/preference": 1, "queue/rollout": 9, "rank": null, "ts": "2026-10-04 15:39:04"}
[DBG] {"category": "QUEUE", "component": "ray", "event": "BEGIN:human_pop_rollout", "host": "d6b2a058c4be", "pid": 156036, "rank": null, "ts": "2026-10-04 15:39:06"}
[DBG] {"category": "QUEUE", "component": "ray", "event": "watchdog_armed", "host": "d6b2a058c4be", "pid": 156036, "rank": null, "stage": "human_pop_rollout", "timeout_sec": 30.0, "ts": "2026-10-04 15:39:06"}
[DBG] {"category": "QUEUE", "component": "ray", "elapsed_sec": 0.028357, "event": "END:human_pop_rollout", "host": "d6b2a058c4be", "pid": 156036, "rank": null, "ts": "2026-10-04 15:39:06"}
[DBG] {"category": "QUEUE", "component": "ray", "event": "human_group_received", "group_id": "674ffa1763ae482683be134e70e3b207", "host": "d6b2a058c4be", "pid": 156036, "rank": null, "ts": "2026-10-04 15:39:06"}
[DBG] {"category": "RAY", "component": "ray", "event": "human_prompt_begin", "group_id": "674ffa1763ae482683be134e70e3b207", "host": "d6b2a058c4be", "pid": 156036, "rank": null, "ts": "2026-10-04 15:39:06"}
[DBG] {"category": "RAY", "component": "ray", "event": "human_prompt_end", "group_id": "674ffa1763ae482683be134e70e3b207", "host": "d6b2a058c4be", "human_scores": [1.0, 2.0, 3.0, 4.0], "pid": 156036, "policy_version": 0, "rank": null, "ts": "2026-10-04 15:39:08"}
[DBG] {"category": "RAY", "component": "ray", "event": "post_input_pipeline_begin", "group_id": "674ffa1763ae482683be134e70e3b207", "host": "d6b2a058c4be", "pid": 156036, "rank": null, "ts": "2026-10-04 15:39:08"}
[DBG] {"category": "QUEUE", "chosen_index": 3, "component": "ray", "event": "preference_sample_built", "group_id": "674ffa1763ae482683be134e70e3b207", "host": "d6b2a058c4be", "pid": 156036, "policy_version": 0, "rank": null, "rejected_index": 0, "ts": "2026-10-04 15:39:08"}
[DBG] {"category": "QUEUE", "component": "ray", "event": "BEGIN:human_put_preference", "group_id": "674ffa1763ae482683be134e70e3b207", "host": "d6b2a058c4be", "pid": 156036, "rank": null, "ts": "2026-10-04 15:39:08"}
[DBG] {"category": "QUEUE", "component": "ray", "event": "watchdog_armed", "host": "d6b2a058c4be", "pid": 156036, "rank": null, "stage": "human_put_preference", "timeout_sec": 30.0, "ts": "2026-10-04 15:39:08"}
[DBG] {"category": "QUEUE", "component": "ray", "elapsed_sec": 0.013603, "event": "END:human_put_preference", "host": "d6b2a058c4be", "pid": 156036, "rank": null, "ts": "2026-10-04 15:39:08"}
[DBG] {"category": "QUEUE", "component": "ray", "event": "preference_put_trace", "group_id": "674ffa1763ae482683be134e70e3b207", "host": "d6b2a058c4be", "pid": 156036, "queue_key": "smoke01:preference:674ffa1763ae482683be134e70e3b207", "rank": null, "size_after": 2, "size_before": 1, "ts": "2026-10-04 15:39:08"}
[DBG] {"category": "QUEUE", "component": "ray", "event": "preference_selected", "group_id": "674ffa1763ae482683be134e70e3b207", "host": "d6b2a058c4be", "pid": 156036, "preference_pending": 2, "rank": null, "selected": 6, "ts": "2026-10-04 15:39:08"}
[DBG] {"category": "RAY", "component": "ray", "event": "post_input_pipeline_end", "group_id": "674ffa1763ae482683be134e70e3b207", "host": "d6b2a058c4be", "pid": 156036, "rank": null, "selected": true, "ts": "2026-10-04 15:39:08"}
[DBG] {"axis/human_groups": 6, "category": "QUEUE", "component": "ray", "data/candidate_all": 6, "data/candidate_lgbm_agree": 0, "data/candidate_lgbm_only": 0, "data/candidate_neural_agree": 0, "data/candidate_neural_only": 0, "data/candidate_triple_agree": 0, "data/selected_pairs": 6, "data/selection_rate": 1.0, "event": "pipeline_metrics", "host": "d6b2a058c4be", "pid": 156036, "queue/preference": 2, "queue/rollout": 8, "rank": null, "ts": "2026-10-04 15:39:08"}
[DBG] {"category": "QUEUE", "component": "ray", "event": "BEGIN:human_pop_rollout", "host": "d6b2a058c4be", "pid": 156036, "rank": null, "ts": "2026-10-04 15:39:10"}
[DBG] {"category": "QUEUE", "component": "ray", "event": "watchdog_armed", "host": "d6b2a058c4be", "pid": 156036, "rank": null, "stage": "human_pop_rollout", "timeout_sec": 30.0, "ts": "2026-10-04 15:39:10"}
[DBG] {"category": "QUEUE", "component": "ray", "elapsed_sec": 0.030567, "event": "END:human_pop_rollout", "host": "d6b2a058c4be", "pid": 156036, "rank": null, "ts": "2026-10-04 15:39:10"}
[DBG] {"category": "QUEUE", "component": "ray", "event": "human_group_received", "group_id": "ef2b1735bd784a0bb45df8419954c61b", "host": "d6b2a058c4be", "pid": 156036, "rank": null, "ts": "2026-10-04 15:39:10"}
[DBG] {"category": "RAY", "component": "ray", "event": "human_prompt_begin", "group_id": "ef2b1735bd784a0bb45df8419954c61b", "host": "d6b2a058c4be", "pid": 156036, "rank": null, "ts": "2026-10-04 15:39:10"}
[DBG] {"category": "RAY", "component": "ray", "event": "human_prompt_end", "group_id": "ef2b1735bd784a0bb45df8419954c61b", "host": "d6b2a058c4be", "human_scores": [1.0, 2.0, 3.0, 4.0], "pid": 156036, "policy_version": 0, "rank": null, "ts": "2026-10-04 15:39:12"}
[DBG] {"category": "RAY", "component": "ray", "event": "post_input_pipeline_begin", "group_id": "ef2b1735bd784a0bb45df8419954c61b", "host": "d6b2a058c4be", "pid": 156036, "rank": null, "ts": "2026-10-04 15:39:12"}
[DBG] {"category": "QUEUE", "chosen_index": 3, "component": "ray", "event": "preference_sample_built", "group_id": "ef2b1735bd784a0bb45df8419954c61b", "host": "d6b2a058c4be", "pid": 156036, "policy_version": 0, "rank": null, "rejected_index": 0, "ts": "2026-10-04 15:39:12"}
[DBG] {"category": "QUEUE", "component": "ray", "event": "BEGIN:human_put_preference", "group_id": "ef2b1735bd784a0bb45df8419954c61b", "host": "d6b2a058c4be", "pid": 156036, "rank": null, "ts": "2026-10-04 15:39:12"}
[DBG] {"category": "QUEUE", "component": "ray", "event": "watchdog_armed", "host": "d6b2a058c4be", "pid": 156036, "rank": null, "stage": "human_put_preference", "timeout_sec": 30.0, "ts": "2026-10-04 15:39:12"}
[DBG] {"category": "QUEUE", "component": "ray", "elapsed_sec": 0.022991, "event": "END:human_put_preference", "host": "d6b2a058c4be", "pid": 156036, "rank": null, "ts": "2026-10-04 15:39:12"}
[DBG] {"category": "QUEUE", "component": "ray", "event": "preference_put_trace", "group_id": "ef2b1735bd784a0bb45df8419954c61b", "host": "d6b2a058c4be", "pid": 156036, "queue_key": "smoke01:preference:ef2b1735bd784a0bb45df8419954c61b", "rank": null, "size_after": 3, "size_before": 2, "ts": "2026-10-04 15:39:12"}
[DBG] {"category": "QUEUE", "component": "ray", "event": "preference_selected", "group_id": "ef2b1735bd784a0bb45df8419954c61b", "host": "d6b2a058c4be", "pid": 156036, "preference_pending": 3, "rank": null, "selected": 7, "ts": "2026-10-04 15:39:12"}
[DBG] {"category": "RAY", "component": "ray", "event": "post_input_pipeline_end", "group_id": "ef2b1735bd784a0bb45df8419954c61b", "host": "d6b2a058c4be", "pid": 156036, "rank": null, "selected": true, "ts": "2026-10-04 15:39:12"}
[DBG] {"axis/human_groups": 7, "category": "QUEUE", "component": "ray", "data/candidate_all": 7, "data/candidate_lgbm_agree": 0, "data/candidate_lgbm_only": 0, "data/candidate_neural_agree": 0, "data/candidate_neural_only": 0, "data/candidate_triple_agree": 0, "data/selected_pairs": 7, "data/selection_rate": 1.0, "event": "pipeline_metrics", "host": "d6b2a058c4be", "pid": 156036, "queue/preference": 3, "queue/rollout": 9, "rank": null, "ts": "2026-10-04 15:39:12"}
[DBG] {"category": "QUEUE", "component": "ray", "event": "BEGIN:human_pop_rollout", "host": "d6b2a058c4be", "pid": 156036, "rank": null, "ts": "2026-10-04 15:39:14"}
[DBG] {"category": "QUEUE", "component": "ray", "event": "watchdog_armed", "host": "d6b2a058c4be", "pid": 156036, "rank": null, "stage": "human_pop_rollout", "timeout_sec": 30.0, "ts": "2026-10-04 15:39:14"}
[DBG] {"category": "QUEUE", "component": "ray", "elapsed_sec": 0.024066, "event": "END:human_pop_rollout", "host": "d6b2a058c4be", "pid": 156036, "rank": null, "ts": "2026-10-04 15:39:14"}
[DBG] {"category": "QUEUE", "component": "ray", "event": "human_group_received", "group_id": "3248942b4f184685b316d36554b7401c", "host": "d6b2a058c4be", "pid": 156036, "rank": null, "ts": "2026-10-04 15:39:14"}
[DBG] {"category": "RAY", "component": "ray", "event": "human_prompt_begin", "group_id": "3248942b4f184685b316d36554b7401c", "host": "d6b2a058c4be", "pid": 156036, "rank": null, "ts": "2026-10-04 15:39:14"}
[DBG] {"category": "RAY", "component": "ray", "event": "human_prompt_end", "group_id": "3248942b4f184685b316d36554b7401c", "host": "d6b2a058c4be", "human_scores": [1.0, 2.0, 3.0, 4.0], "pid": 156036, "policy_version": 0, "rank": null, "ts": "2026-10-04 15:39:15"}
[DBG] {"category": "RAY", "component": "ray", "event": "post_input_pipeline_begin", "group_id": "3248942b4f184685b316d36554b7401c", "host": "d6b2a058c4be", "pid": 156036, "rank": null, "ts": "2026-10-04 15:39:15"}
[DBG] {"category": "QUEUE", "chosen_index": 3, "component": "ray", "event": "preference_sample_built", "group_id": "3248942b4f184685b316d36554b7401c", "host": "d6b2a058c4be", "pid": 156036, "policy_version": 0, "rank": null, "rejected_index": 0, "ts": "2026-10-04 15:39:15"}
[DBG] {"category": "QUEUE", "component": "ray", "event": "BEGIN:human_put_preference", "group_id": "3248942b4f184685b316d36554b7401c", "host": "d6b2a058c4be", "pid": 156036, "rank": null, "ts": "2026-10-04 15:39:15"}
[DBG] {"category": "QUEUE", "component": "ray", "event": "watchdog_armed", "host": "d6b2a058c4be", "pid": 156036, "rank": null, "stage": "human_put_preference", "timeout_sec": 30.0, "ts": "2026-10-04 15:39:15"}
[DBG] {"category": "QUEUE", "component": "ray", "elapsed_sec": 0.025803, "event": "END:human_put_preference", "host": "d6b2a058c4be", "pid": 156036, "rank": null, "ts": "2026-10-04 15:39:15"}
[DBG] {"category": "QUEUE", "component": "ray", "event": "preference_put_trace", "group_id": "3248942b4f184685b316d36554b7401c", "host": "d6b2a058c4be", "pid": 156036, "queue_key": "smoke01:preference:3248942b4f184685b316d36554b7401c", "rank": null, "size_after": 4, "size_before": 3, "ts": "2026-10-04 15:39:15"}
[DBG] {"category": "QUEUE", "component": "ray", "event": "preference_selected", "group_id": "3248942b4f184685b316d36554b7401c", "host": "d6b2a058c4be", "pid": 156036, "preference_pending": 4, "rank": null, "selected": 8, "ts": "2026-10-04 15:39:15"}
[DBG] {"category": "RAY", "component": "ray", "event": "post_input_pipeline_end", "group_id": "3248942b4f184685b316d36554b7401c", "host": "d6b2a058c4be", "pid": 156036, "rank": null, "selected": true, "ts": "2026-10-04 15:39:15"}
[DBG] {"axis/human_groups": 8, "category": "QUEUE", "component": "ray", "data/candidate_all": 8, "data/candidate_lgbm_agree": 0, "data/candidate_lgbm_only": 0, "data/candidate_neural_agree": 0, "data/candidate_neural_only": 0, "data/candidate_triple_agree": 0, "data/selected_pairs": 8, "data/selection_rate": 1.0, "event": "pipeline_metrics", "host": "d6b2a058c4be", "pid": 156036, "queue/preference": 4, "queue/rollout": 8, "rank": null, "ts": "2026-10-04 15:39:15"}
[DBG] {"category": "QUEUE", "component": "ray", "event": "BEGIN:human_pop_rollout", "host": "d6b2a058c4be", "pid": 156036, "rank": null, "ts": "2026-10-04 15:39:17"}
[DBG] {"category": "QUEUE", "component": "ray", "event": "watchdog_armed", "host": "d6b2a058c4be", "pid": 156036, "rank": null, "stage": "human_pop_rollout", "timeout_sec": 30.0, "ts": "2026-10-04 15:39:17"}
[DBG] {"category": "QUEUE", "component": "ray", "elapsed_sec": 0.052742, "event": "END:human_pop_rollout", "host": "d6b2a058c4be", "pid": 156036, "rank": null, "ts": "2026-10-04 15:39:17"}
[DBG] {"category": "QUEUE", "component": "ray", "event": "human_group_received", "group_id": "8bfeda180c184546abd64a9412c7e8e9", "host": "d6b2a058c4be", "pid": 156036, "rank": null, "ts": "2026-10-04 15:39:17"}
[DBG] {"category": "RAY", "component": "ray", "event": "human_prompt_begin", "group_id": "8bfeda180c184546abd64a9412c7e8e9", "host": "d6b2a058c4be", "pid": 156036, "rank": null, "ts": "2026-10-04 15:39:17"}
[DBG] {"category": "RAY", "component": "ray", "event": "shutdown_begin", "host": "d6b2a058c4be", "pid": 156036, "rank": null, "ts": "2026-10-04 15:43:49"}
[DBG] {"category": "RAY", "component": "ray", "event": "BEGIN:join_trainer", "host": "d6b2a058c4be", "pid": 156036, "rank": null, "ts": "2026-10-04 15:43:49"}
[DBG] {"category": "RAY", "component": "ray", "event": "watchdog_armed", "host": "d6b2a058c4be", "pid": 156036, "rank": null, "stage": "join_trainer", "timeout_sec": 30.0, "ts": "2026-10-04 15:43:49"}
[DBG] {"category": "RAY", "component": "ray", "error": "", "error_type": "KeyboardInterrupt", "event": "ERROR:join_trainer", "host": "d6b2a058c4be", "pid": 156036, "rank": null, "traceback": "Traceback (most recent call last):\n  File \"/root/Recursive_RLHF_training_for_LLM/orchestrator.py\", line 170, in run\n    self._human_loop()\n  File \"/root/Recursive_RLHF_training_for_LLM/orchestrator.py\", line 557, in _human_loop\n    gid = group.get(\"id\")\n            ^^^^^^^^^^^^^^\n  File \"/root/Recursive_RLHF_training_for_LLM/reward.py\", line 157, in score\n    raw = input(f\"scores ({len(group['responses'])} numbers, q=quit): \").strip()\n          ^^^^^^^^^^^^^^^^^^^^^^^^^^^^^^^^^^^^^^^^^^^^^^^^^^^^^^^^^^^^^^\nKeyboardInterrupt\n\nDuring handling of the above exception, another exception occurred:\n\nTraceback (most recent call last):\n  File \"/root/Recursive_RLHF_training_for_LLM/debug.py\", line 154, in stage\n    yield\n  File \"/root/Recursive_RLHF_training_for_LLM/orchestrator.py\", line 186, in run\n    ray.get(ref, timeout=30)\n  File \"/usr/local/lib/python3.11/dist-packages/ray/_private/auto_init_hook.py\", line 22, in auto_init_wrapper\n    return fn(*args, **kwargs)\n           ^^^^^^^^^^^^^^^^^^^\n  File \"/usr/local/lib/python3.11/dist-packages/ray/_private/client_mode_hook.py\", line 135, in wrapper\n    return func(*args, **kwargs)\n           ^^^^^^^^^^^^^^^^^^^^^\n  File \"/usr/local/lib/python3.11/dist-packages/ray/_private/worker.py\", line 3004, in get\n    values, debugger_breakpoint = worker.get_objects(\n                                  ^^^^^^^^^^^^^^^^^^^\n  File \"/usr/local/lib/python3.11/dist-packages/ray/_private/worker.py\", line 1007, in get_objects\n    ] = self.core_worker.get_objects(\n        ^^^^^^^^^^^^^^^^^^^^^^^^^^^^^\n  File \"python/ray/_raylet.pyx\", line 3473, in ray._raylet.CoreWorker.get_objects\n  File \"python/ray/includes/common.pxi\", line 105, in ray._raylet.check_status\nKeyboardInterrupt\n", "ts": "2026-10-04 15:43:50"}
[DBG] {"category": "RAY", "component": "ray", "elapsed_sec": 1.007958, "event": "END:join_trainer", "host": "d6b2a058c4be", "pid": 156036, "rank": null, "ts": "2026-10-04 15:43:50"}
