[DBG] {"category": "RAY", "component": "ray", "debug_all": false, "debug_data": false, "debug_fsdp": true, "debug_inference": false, "debug_queue": true, "debug_ray": true, "debug_reward": false, "debug_train": true, "event": "application_start", "host": "d6b2a058c4be", "pid": 51851, "rank": null, "ts": "2026-10-04 13:06:49"}
[DBG] {"address": "auto", "category": "RAY", "component": "ray", "event": "BEGIN:ray_init", "host": "d6b2a058c4be", "pid": 51851, "rank": null, "ts": "2026-10-04 13:06:49"}
[DBG] {"category": "RAY", "component": "ray", "event": "watchdog_armed", "host": "d6b2a058c4be", "pid": 51851, "rank": null, "stage": "ray_init", "timeout_sec": 30.0, "ts": "2026-10-04 13:06:49"}
[DBG] {"category": "RAY", "component": "ray", "elapsed_sec": 0.619642, "event": "END:ray_init", "host": "d6b2a058c4be", "pid": 51851, "rank": null, "ts": "2026-10-04 13:06:50"}
[DBG] {"category": "RAY", "component": "ray", "event": "cluster_resources", "host": "d6b2a058c4be", "pid": 51851, "rank": null, "resources": {"CPU": 27.0, "GPU": 3.0, "accelerator_type:RTX-A6000": 1.0, "memory": 115608872960.0, "node:172.20.0.2": 1.0, "node:__internal_head__": 1.0, "object_store_memory": 49546659840.0}, "ts": "2026-10-04 13:06:50"}
[DBG] {"category": "RAY", "component": "ray", "event": "resource_check", "gpu_available": 3, "gpu_needed": 3, "host": "d6b2a058c4be", "pid": 51851, "rank": null, "ts": "2026-10-04 13:06:50"}
[DBG] {"category": "RAY", "component": "ray", "event": "run_id", "host": "d6b2a058c4be", "pid": 51851, "rank": null, "run_id": "smoke01", "ts": "2026-10-04 13:06:50"}
[DBG] {"category": "RAY", "component": "ray", "event": "BEGIN:create_queue_actor", "host": "d6b2a058c4be", "pid": 51851, "rank": null, "ts": "2026-10-04 13:06:50"}
[DBG] {"category": "RAY", "component": "ray", "event": "watchdog_armed", "host": "d6b2a058c4be", "pid": 51851, "rank": null, "stage": "create_queue_actor", "timeout_sec": 30.0, "ts": "2026-10-04 13:06:50"}
[DBG] {"category": "RAY", "component": "ray", "elapsed_sec": 0.037343, "event": "END:create_queue_actor", "host": "d6b2a058c4be", "pid": 51851, "rank": null, "ts": "2026-10-04 13:06:50"}
[DBG] {"category": "QUEUE", "component": "ray", "event": "BEGIN:queue_describe", "host": "d6b2a058c4be", "pid": 51851, "rank": null, "ts": "2026-10-04 13:06:50"}
[DBG] {"category": "QUEUE", "component": "ray", "event": "watchdog_armed", "host": "d6b2a058c4be", "pid": 51851, "rank": null, "stage": "queue_describe", "timeout_sec": 30.0, "ts": "2026-10-04 13:06:50"}
[DBG] {"category": "QUEUE", "component": "ray", "elapsed_sec": 8.967106, "event": "END:queue_describe", "host": "d6b2a058c4be", "pid": 51851, "rank": null, "ts": "2026-10-04 13:06:59"}
[DBG] {"category": "RAY", "component": "ray", "event": "BEGIN:create_control_actor", "host": "d6b2a058c4be", "pid": 51851, "rank": null, "ts": "2026-10-04 13:06:59"}
[DBG] {"category": "RAY", "component": "ray", "event": "watchdog_armed", "host": "d6b2a058c4be", "pid": 51851, "rank": null, "stage": "create_control_actor", "timeout_sec": 30.0, "ts": "2026-10-04 13:06:59"}
[DBG] {"category": "RAY", "component": "ray", "elapsed_sec": 0.033933, "event": "END:create_control_actor", "host": "d6b2a058c4be", "pid": 51851, "rank": null, "ts": "2026-10-04 13:06:59"}
[DBG] {"category": "RAY", "component": "ray", "event": "BEGIN:create_tracker_actor", "host": "d6b2a058c4be", "pid": 51851, "rank": null, "ts": "2026-10-04 13:06:59"}
[DBG] {"category": "RAY", "component": "ray", "event": "watchdog_armed", "host": "d6b2a058c4be", "pid": 51851, "rank": null, "stage": "create_tracker_actor", "timeout_sec": 30.0, "ts": "2026-10-04 13:06:59"}
[DBG] {"category": "RAY", "component": "ray", "elapsed_sec": 0.034914, "event": "END:create_tracker_actor", "host": "d6b2a058c4be", "pid": 51851, "rank": null, "ts": "2026-10-04 13:06:59"}
[DBG] {"category": "RAY", "component": "ray", "event": "BEGIN:create_inference_actor", "gpus": 1, "host": "d6b2a058c4be", "pid": 51851, "rank": null, "ts": "2026-10-04 13:06:59"}
[DBG] {"category": "RAY", "component": "ray", "event": "watchdog_armed", "host": "d6b2a058c4be", "pid": 51851, "rank": null, "stage": "create_inference_actor", "timeout_sec": 30.0, "ts": "2026-10-04 13:06:59"}
[DBG] {"category": "RAY", "component": "ray", "elapsed_sec": 0.032283, "event": "END:create_inference_actor", "host": "d6b2a058c4be", "pid": 51851, "rank": null, "ts": "2026-10-04 13:06:59"}
[DBG] {"category": "RAY", "component": "ray", "event": "BEGIN:create_reward_actor", "gpus": 0, "host": "d6b2a058c4be", "pid": 51851, "rank": null, "ts": "2026-10-04 13:06:59"}
[DBG] {"category": "RAY", "component": "ray", "event": "watchdog_armed", "host": "d6b2a058c4be", "pid": 51851, "rank": null, "stage": "create_reward_actor", "timeout_sec": 30.0, "ts": "2026-10-04 13:06:59"}
[DBG] {"category": "RAY", "component": "ray", "elapsed_sec": 0.03336, "event": "END:create_reward_actor", "host": "d6b2a058c4be", "pid": 51851, "rank": null, "ts": "2026-10-04 13:06:59"}
[DBG] {"category": "RAY", "component": "ray", "event": "BEGIN:create_rollout_actor", "host": "d6b2a058c4be", "pid": 51851, "rank": null, "ts": "2026-10-04 13:06:59"}
[DBG] {"category": "RAY", "component": "ray", "event": "watchdog_armed", "host": "d6b2a058c4be", "pid": 51851, "rank": null, "stage": "create_rollout_actor", "timeout_sec": 30.0, "ts": "2026-10-04 13:06:59"}
[DBG] {"category": "RAY", "component": "ray", "elapsed_sec": 0.014057, "event": "END:create_rollout_actor", "host": "d6b2a058c4be", "pid": 51851, "rank": null, "ts": "2026-10-04 13:06:59"}
[DBG] {"category": "RAY", "component": "ray", "event": "BEGIN:create_trainer_actor", "host": "d6b2a058c4be", "pid": 51851, "rank": null, "ts": "2026-10-04 13:06:59"}
[DBG] {"category": "RAY", "component": "ray", "event": "watchdog_armed", "host": "d6b2a058c4be", "pid": 51851, "rank": null, "stage": "create_trainer_actor", "timeout_sec": 30.0, "ts": "2026-10-04 13:06:59"}
[DBG] {"category": "RAY", "component": "ray", "elapsed_sec": 0.012626, "event": "END:create_trainer_actor", "host": "d6b2a058c4be", "pid": 51851, "rank": null, "ts": "2026-10-04 13:06:59"}
[DBG] {"category": "RAY", "component": "ray", "event": "BEGIN:launch_trainer_actor", "host": "d6b2a058c4be", "pid": 51851, "rank": null, "ts": "2026-10-04 13:07:37"}
[DBG] {"category": "RAY", "component": "ray", "event": "watchdog_armed", "host": "d6b2a058c4be", "pid": 51851, "rank": null, "stage": "launch_trainer_actor", "timeout_sec": 30.0, "ts": "2026-10-04 13:07:37"}
[DBG] {"category": "RAY", "component": "ray", "elapsed_sec": 0.001973, "event": "END:launch_trainer_actor", "host": "d6b2a058c4be", "pid": 51851, "rank": null, "ts": "2026-10-04 13:07:37"}
[DBG] {"category": "RAY", "component": "ray", "event": "BEGIN:launch_rollout_producer", "host": "d6b2a058c4be", "pid": 51851, "rank": null, "ts": "2026-10-04 13:07:37"}
[DBG] {"category": "RAY", "component": "ray", "event": "watchdog_armed", "host": "d6b2a058c4be", "pid": 51851, "rank": null, "stage": "launch_rollout_producer", "timeout_sec": 30.0, "ts": "2026-10-04 13:07:37"}
[DBG] {"category": "RAY", "component": "ray", "elapsed_sec": 0.001315, "event": "END:launch_rollout_producer", "host": "d6b2a058c4be", "pid": 51851, "rank": null, "ts": "2026-10-04 13:07:37"}
[DBG] {"category": "RAY", "component": "ray", "event": "human_loop_start", "host": "d6b2a058c4be", "pid": 51851, "rank": null, "ts": "2026-10-04 13:07:37"}
[DBG] {"category": "QUEUE", "component": "ray", "event": "BEGIN:human_pop_rollout", "host": "d6b2a058c4be", "pid": 51851, "rank": null, "ts": "2026-10-04 13:07:38"}
[DBG] {"category": "QUEUE", "component": "ray", "event": "watchdog_armed", "host": "d6b2a058c4be", "pid": 51851, "rank": null, "stage": "human_pop_rollout", "timeout_sec": 30.0, "ts": "2026-10-04 13:07:38"}
[DBG] {"category": "QUEUE", "component": "ray", "elapsed_sec": 0.02933, "event": "END:human_pop_rollout", "host": "d6b2a058c4be", "pid": 51851, "rank": null, "ts": "2026-10-04 13:07:38"}
[DBG] {"category": "QUEUE", "component": "ray", "event": "BEGIN:human_pop_rollout", "host": "d6b2a058c4be", "pid": 51851, "rank": null, "ts": "2026-10-04 13:07:38"}
[DBG] {"category": "QUEUE", "component": "ray", "event": "watchdog_armed", "host": "d6b2a058c4be", "pid": 51851, "rank": null, "stage": "human_pop_rollout", "timeout_sec": 30.0, "ts": "2026-10-04 13:07:38"}
[DBG] {"category": "QUEUE", "component": "ray", "elapsed_sec": 0.007035, "event": "END:human_pop_rollout", "host": "d6b2a058c4be", "pid": 51851, "rank": null, "ts": "2026-10-04 13:07:38"}
[DBG] {"category": "QUEUE", "component": "ray", "event": "BEGIN:human_pop_rollout", "host": "d6b2a058c4be", "pid": 51851, "rank": null, "ts": "2026-10-04 13:07:38"}
[DBG] {"category": "QUEUE", "component": "ray", "event": "watchdog_armed", "host": "d6b2a058c4be", "pid": 51851, "rank": null, "stage": "human_pop_rollout", "timeout_sec": 30.0, "ts": "2026-10-04 13:07:38"}
[DBG] {"category": "QUEUE", "component": "ray", "elapsed_sec": 0.007041, "event": "END:human_pop_rollout", "host": "d6b2a058c4be", "pid": 51851, "rank": null, "ts": "2026-10-04 13:07:38"}
[DBG] {"category": "QUEUE", "component": "ray", "event": "BEGIN:human_pop_rollout", "host": "d6b2a058c4be", "pid": 51851, "rank": null, "ts": "2026-10-04 13:07:38"}
[DBG] {"category": "QUEUE", "component": "ray", "event": "watchdog_armed", "host": "d6b2a058c4be", "pid": 51851, "rank": null, "stage": "human_pop_rollout", "timeout_sec": 30.0, "ts": "2026-10-04 13:07:38"}
[DBG] {"category": "QUEUE", "component": "ray", "elapsed_sec": 0.006855, "event": "END:human_pop_rollout", "host": "d6b2a058c4be", "pid": 51851, "rank": null, "ts": "2026-10-04 13:07:38"}
[DBG] {"category": "QUEUE", "component": "ray", "event": "BEGIN:human_pop_rollout", "host": "d6b2a058c4be", "pid": 51851, "rank": null, "ts": "2026-10-04 13:07:39"}
[DBG] {"category": "QUEUE", "component": "ray", "event": "watchdog_armed", "host": "d6b2a058c4be", "pid": 51851, "rank": null, "stage": "human_pop_rollout", "timeout_sec": 30.0, "ts": "2026-10-04 13:07:39"}
[DBG] {"category": "QUEUE", "component": "ray", "elapsed_sec": 0.007043, "event": "END:human_pop_rollout", "host": "d6b2a058c4be", "pid": 51851, "rank": null, "ts": "2026-10-04 13:07:39"}
[DBG] {"category": "QUEUE", "component": "ray", "event": "BEGIN:human_pop_rollout", "host": "d6b2a058c4be", "pid": 51851, "rank": null, "ts": "2026-10-04 13:07:39"}
[DBG] {"category": "QUEUE", "component": "ray", "event": "watchdog_armed", "host": "d6b2a058c4be", "pid": 51851, "rank": null, "stage": "human_pop_rollout", "timeout_sec": 30.0, "ts": "2026-10-04 13:07:39"}
[DBG] {"category": "QUEUE", "component": "ray", "elapsed_sec": 0.006874, "event": "END:human_pop_rollout", "host": "d6b2a058c4be", "pid": 51851, "rank": null, "ts": "2026-10-04 13:07:39"}
[DBG] {"category": "QUEUE", "component": "ray", "event": "BEGIN:human_pop_rollout", "host": "d6b2a058c4be", "pid": 51851, "rank": null, "ts": "2026-10-04 13:07:39"}
[DBG] {"category": "QUEUE", "component": "ray", "event": "watchdog_armed", "host": "d6b2a058c4be", "pid": 51851, "rank": null, "stage": "human_pop_rollout", "timeout_sec": 30.0, "ts": "2026-10-04 13:07:39"}
[DBG] {"category": "QUEUE", "component": "ray", "elapsed_sec": 0.007169, "event": "END:human_pop_rollout", "host": "d6b2a058c4be", "pid": 51851, "rank": null, "ts": "2026-10-04 13:07:39"}
[DBG] {"category": "QUEUE", "component": "ray", "event": "BEGIN:human_pop_rollout", "host": "d6b2a058c4be", "pid": 51851, "rank": null, "ts": "2026-10-04 13:07:39"}
[DBG] {"category": "QUEUE", "component": "ray", "event": "watchdog_armed", "host": "d6b2a058c4be", "pid": 51851, "rank": null, "stage": "human_pop_rollout", "timeout_sec": 30.0, "ts": "2026-10-04 13:07:39"}
[DBG] {"category": "QUEUE", "component": "ray", "elapsed_sec": 0.007217, "event": "END:human_pop_rollout", "host": "d6b2a058c4be", "pid": 51851, "rank": null, "ts": "2026-10-04 13:07:39"}
[DBG] {"category": "QUEUE", "component": "ray", "event": "BEGIN:human_pop_rollout", "host": "d6b2a058c4be", "pid": 51851, "rank": null, "ts": "2026-10-04 13:07:39"}
[DBG] {"category": "QUEUE", "component": "ray", "event": "watchdog_armed", "host": "d6b2a058c4be", "pid": 51851, "rank": null, "stage": "human_pop_rollout", "timeout_sec": 30.0, "ts": "2026-10-04 13:07:39"}
[DBG] {"category": "QUEUE", "component": "ray", "elapsed_sec": 0.006407, "event": "END:human_pop_rollout", "host": "d6b2a058c4be", "pid": 51851, "rank": null, "ts": "2026-10-04 13:07:39"}
[DBG] {"category": "QUEUE", "component": "ray", "event": "BEGIN:human_pop_rollout", "host": "d6b2a058c4be", "pid": 51851, "rank": null, "ts": "2026-10-04 13:07:40"}
[DBG] {"category": "QUEUE", "component": "ray", "event": "watchdog_armed", "host": "d6b2a058c4be", "pid": 51851, "rank": null, "stage": "human_pop_rollout", "timeout_sec": 30.0, "ts": "2026-10-04 13:07:40"}
[DBG] {"category": "QUEUE", "component": "ray", "elapsed_sec": 0.006702, "event": "END:human_pop_rollout", "host": "d6b2a058c4be", "pid": 51851, "rank": null, "ts": "2026-10-04 13:07:40"}
[DBG] {"category": "QUEUE", "component": "ray", "event": "BEGIN:human_pop_rollout", "host": "d6b2a058c4be", "pid": 51851, "rank": null, "ts": "2026-10-04 13:07:40"}
[DBG] {"category": "QUEUE", "component": "ray", "event": "watchdog_armed", "host": "d6b2a058c4be", "pid": 51851, "rank": null, "stage": "human_pop_rollout", "timeout_sec": 30.0, "ts": "2026-10-04 13:07:40"}
[DBG] {"category": "QUEUE", "component": "ray", "elapsed_sec": 0.005291, "event": "END:human_pop_rollout", "host": "d6b2a058c4be", "pid": 51851, "rank": null, "ts": "2026-10-04 13:07:40"}
[DBG] {"category": "QUEUE", "component": "ray", "event": "BEGIN:human_pop_rollout", "host": "d6b2a058c4be", "pid": 51851, "rank": null, "ts": "2026-10-04 13:07:40"}
[DBG] {"category": "QUEUE", "component": "ray", "event": "watchdog_armed", "host": "d6b2a058c4be", "pid": 51851, "rank": null, "stage": "human_pop_rollout", "timeout_sec": 30.0, "ts": "2026-10-04 13:07:40"}
[DBG] {"category": "QUEUE", "component": "ray", "elapsed_sec": 0.006697, "event": "END:human_pop_rollout", "host": "d6b2a058c4be", "pid": 51851, "rank": null, "ts": "2026-10-04 13:07:40"}
[DBG] {"category": "QUEUE", "component": "ray", "event": "BEGIN:human_pop_rollout", "host": "d6b2a058c4be", "pid": 51851, "rank": null, "ts": "2026-10-04 13:07:40"}
[DBG] {"category": "QUEUE", "component": "ray", "event": "watchdog_armed", "host": "d6b2a058c4be", "pid": 51851, "rank": null, "stage": "human_pop_rollout", "timeout_sec": 30.0, "ts": "2026-10-04 13:07:40"}
[DBG] {"category": "QUEUE", "component": "ray", "elapsed_sec": 0.084811, "event": "END:human_pop_rollout", "host": "d6b2a058c4be", "pid": 51851, "rank": null, "ts": "2026-10-04 13:07:40"}
[DBG] {"category": "QUEUE", "component": "ray", "event": "human_group_received", "group_id": "63192e9e1e7548b5a8b79ba011dd4991", "host": "d6b2a058c4be", "pid": 51851, "rank": null, "ts": "2026-10-04 13:07:40"}
[DBG] {"category": "RAY", "component": "ray", "event": "human_prompt_begin", "group_id": "63192e9e1e7548b5a8b79ba011dd4991", "host": "d6b2a058c4be", "pid": 51851, "rank": null, "ts": "2026-10-04 13:07:40"}
[DBG] {"category": "RAY", "component": "ray", "event": "human_prompt_end", "group_id": "63192e9e1e7548b5a8b79ba011dd4991", "host": "d6b2a058c4be", "pid": 51851, "rank": null, "ts": "2026-10-04 13:09:28"}
[DBG] {"category": "QUEUE", "component": "ray", "event": "BEGIN:human_put_preference", "group_id": "63192e9e1e7548b5a8b79ba011dd4991", "host": "d6b2a058c4be", "pid": 51851, "rank": null, "ts": "2026-10-04 13:09:28"}
[DBG] {"category": "QUEUE", "component": "ray", "event": "watchdog_armed", "host": "d6b2a058c4be", "pid": 51851, "rank": null, "stage": "human_put_preference", "timeout_sec": 30.0, "ts": "2026-10-04 13:09:28"}
[DBG] {"category": "QUEUE", "component": "ray", "elapsed_sec": 0.033203, "event": "END:human_put_preference", "host": "d6b2a058c4be", "pid": 51851, "rank": null, "ts": "2026-10-04 13:09:28"}
[DBG] {"category": "QUEUE", "component": "ray", "event": "preference_selected", "group_id": "63192e9e1e7548b5a8b79ba011dd4991", "host": "d6b2a058c4be", "pid": 51851, "preference_pending": 1, "rank": null, "selected": 1, "ts": "2026-10-04 13:09:28"}
[DBG] {"axis/human_groups": 1, "category": "QUEUE", "component": "ray", "data/candidate_all": 1, "data/candidate_lgbm_agree": 0, "data/candidate_lgbm_only": 0, "data/candidate_neural_agree": 0, "data/candidate_neural_only": 0, "data/candidate_triple_agree": 0, "data/selected_pairs": 1, "data/selection_rate": 1.0, "event": "pipeline_metrics", "host": "d6b2a058c4be", "pid": 51851, "queue/preference": 1, "queue/rollout": 9, "rank": null, "ts": "2026-10-04 13:09:28"}
[DBG] {"category": "QUEUE", "component": "ray", "event": "BEGIN:human_pop_rollout", "host": "d6b2a058c4be", "pid": 51851, "rank": null, "ts": "2026-10-04 13:09:28"}
[DBG] {"category": "QUEUE", "component": "ray", "event": "watchdog_armed", "host": "d6b2a058c4be", "pid": 51851, "rank": null, "stage": "human_pop_rollout", "timeout_sec": 30.0, "ts": "2026-10-04 13:09:28"}
[DBG] {"category": "QUEUE", "component": "ray", "elapsed_sec": 0.03885, "event": "END:human_pop_rollout", "host": "d6b2a058c4be", "pid": 51851, "rank": null, "ts": "2026-10-04 13:09:28"}
[DBG] {"category": "QUEUE", "component": "ray", "event": "human_group_received", "group_id": "4cb45b8cee75403fa569300662a994f5", "host": "d6b2a058c4be", "pid": 51851, "rank": null, "ts": "2026-10-04 13:09:28"}
[DBG] {"category": "RAY", "component": "ray", "event": "human_prompt_begin", "group_id": "4cb45b8cee75403fa569300662a994f5", "host": "d6b2a058c4be", "pid": 51851, "rank": null, "ts": "2026-10-04 13:09:28"}
[DBG] {"category": "RAY", "component": "ray", "event": "human_prompt_end", "group_id": "4cb45b8cee75403fa569300662a994f5", "host": "d6b2a058c4be", "pid": 51851, "rank": null, "ts": "2026-10-04 13:09:32"}
[DBG] {"category": "QUEUE", "component": "ray", "event": "BEGIN:human_put_preference", "group_id": "4cb45b8cee75403fa569300662a994f5", "host": "d6b2a058c4be", "pid": 51851, "rank": null, "ts": "2026-10-04 13:09:32"}
[DBG] {"category": "QUEUE", "component": "ray", "event": "watchdog_armed", "host": "d6b2a058c4be", "pid": 51851, "rank": null, "stage": "human_put_preference", "timeout_sec": 30.0, "ts": "2026-10-04 13:09:32"}
[DBG] {"category": "QUEUE", "component": "ray", "elapsed_sec": 0.036189, "event": "END:human_put_preference", "host": "d6b2a058c4be", "pid": 51851, "rank": null, "ts": "2026-10-04 13:09:32"}
[DBG] {"category": "QUEUE", "component": "ray", "event": "preference_selected", "group_id": "4cb45b8cee75403fa569300662a994f5", "host": "d6b2a058c4be", "pid": 51851, "preference_pending": 2, "rank": null, "selected": 2, "ts": "2026-10-04 13:09:32"}
[DBG] {"axis/human_groups": 2, "category": "QUEUE", "component": "ray", "data/candidate_all": 2, "data/candidate_lgbm_agree": 0, "data/candidate_lgbm_only": 0, "data/candidate_neural_agree": 0, "data/candidate_neural_only": 0, "data/candidate_triple_agree": 0, "data/selected_pairs": 2, "data/selection_rate": 1.0, "event": "pipeline_metrics", "host": "d6b2a058c4be", "pid": 51851, "queue/preference": 2, "queue/rollout": 8, "rank": null, "ts": "2026-10-04 13:09:32"}
[DBG] {"category": "QUEUE", "component": "ray", "event": "BEGIN:human_pop_rollout", "host": "d6b2a058c4be", "pid": 51851, "rank": null, "ts": "2026-10-04 13:09:32"}
[DBG] {"category": "QUEUE", "component": "ray", "event": "watchdog_armed", "host": "d6b2a058c4be", "pid": 51851, "rank": null, "stage": "human_pop_rollout", "timeout_sec": 30.0, "ts": "2026-10-04 13:09:32"}
[DBG] {"category": "QUEUE", "component": "ray", "elapsed_sec": 0.050591, "event": "END:human_pop_rollout", "host": "d6b2a058c4be", "pid": 51851, "rank": null, "ts": "2026-10-04 13:09:32"}
[DBG] {"category": "QUEUE", "component": "ray", "event": "human_group_received", "group_id": "b7230fefa0f8456eb7a526192575dd57", "host": "d6b2a058c4be", "pid": 51851, "rank": null, "ts": "2026-10-04 13:09:32"}
[DBG] {"category": "RAY", "component": "ray", "event": "human_prompt_begin", "group_id": "b7230fefa0f8456eb7a526192575dd57", "host": "d6b2a058c4be", "pid": 51851, "rank": null, "ts": "2026-10-04 13:09:32"}
[DBG] {"category": "RAY", "component": "ray", "event": "human_prompt_end", "group_id": "b7230fefa0f8456eb7a526192575dd57", "host": "d6b2a058c4be", "pid": 51851, "rank": null, "ts": "2026-10-04 13:09:33"}
[DBG] {"category": "QUEUE", "component": "ray", "event": "BEGIN:human_put_preference", "group_id": "b7230fefa0f8456eb7a526192575dd57", "host": "d6b2a058c4be", "pid": 51851, "rank": null, "ts": "2026-10-04 13:09:33"}
[DBG] {"category": "QUEUE", "component": "ray", "event": "watchdog_armed", "host": "d6b2a058c4be", "pid": 51851, "rank": null, "stage": "human_put_preference", "timeout_sec": 30.0, "ts": "2026-10-04 13:09:33"}
[DBG] {"category": "QUEUE", "component": "ray", "elapsed_sec": 0.032385, "event": "END:human_put_preference", "host": "d6b2a058c4be", "pid": 51851, "rank": null, "ts": "2026-10-04 13:09:33"}
[DBG] {"category": "QUEUE", "component": "ray", "event": "preference_selected", "group_id": "b7230fefa0f8456eb7a526192575dd57", "host": "d6b2a058c4be", "pid": 51851, "preference_pending": 3, "rank": null, "selected": 3, "ts": "2026-10-04 13:09:33"}
[DBG] {"axis/human_groups": 3, "category": "QUEUE", "component": "ray", "data/candidate_all": 3, "data/candidate_lgbm_agree": 0, "data/candidate_lgbm_only": 0, "data/candidate_neural_agree": 0, "data/candidate_neural_only": 0, "data/candidate_triple_agree": 0, "data/selected_pairs": 3, "data/selection_rate": 1.0, "event": "pipeline_metrics", "host": "d6b2a058c4be", "pid": 51851, "queue/preference": 3, "queue/rollout": 9, "rank": null, "ts": "2026-10-04 13:09:33"}
[DBG] {"category": "QUEUE", "component": "ray", "event": "BEGIN:human_pop_rollout", "host": "d6b2a058c4be", "pid": 51851, "rank": null, "ts": "2026-10-04 13:09:33"}
[DBG] {"category": "QUEUE", "component": "ray", "event": "watchdog_armed", "host": "d6b2a058c4be", "pid": 51851, "rank": null, "stage": "human_pop_rollout", "timeout_sec": 30.0, "ts": "2026-10-04 13:09:33"}
[DBG] {"category": "QUEUE", "component": "ray", "elapsed_sec": 0.045092, "event": "END:human_pop_rollout", "host": "d6b2a058c4be", "pid": 51851, "rank": null, "ts": "2026-10-04 13:09:33"}
[DBG] {"category": "QUEUE", "component": "ray", "event": "human_group_received", "group_id": "6438dca0c6c1400a86f9347ef441307d", "host": "d6b2a058c4be", "pid": 51851, "rank": null, "ts": "2026-10-04 13:09:33"}
[DBG] {"category": "RAY", "component": "ray", "event": "human_prompt_begin", "group_id": "6438dca0c6c1400a86f9347ef441307d", "host": "d6b2a058c4be", "pid": 51851, "rank": null, "ts": "2026-10-04 13:09:33"}
[DBG] {"category": "RAY", "component": "ray", "event": "human_prompt_end", "group_id": "6438dca0c6c1400a86f9347ef441307d", "host": "d6b2a058c4be", "pid": 51851, "rank": null, "ts": "2026-10-04 13:09:35"}
[DBG] {"category": "QUEUE", "component": "ray", "event": "BEGIN:human_put_preference", "group_id": "6438dca0c6c1400a86f9347ef441307d", "host": "d6b2a058c4be", "pid": 51851, "rank": null, "ts": "2026-10-04 13:09:35"}
[DBG] {"category": "QUEUE", "component": "ray", "event": "watchdog_armed", "host": "d6b2a058c4be", "pid": 51851, "rank": null, "stage": "human_put_preference", "timeout_sec": 30.0, "ts": "2026-10-04 13:09:35"}
[DBG] {"category": "QUEUE", "component": "ray", "elapsed_sec": 0.02827, "event": "END:human_put_preference", "host": "d6b2a058c4be", "pid": 51851, "rank": null, "ts": "2026-10-04 13:09:35"}
[DBG] {"category": "QUEUE", "component": "ray", "event": "preference_selected", "group_id": "6438dca0c6c1400a86f9347ef441307d", "host": "d6b2a058c4be", "pid": 51851, "preference_pending": 4, "rank": null, "selected": 4, "ts": "2026-10-04 13:09:35"}
[DBG] {"axis/human_groups": 4, "category": "QUEUE", "component": "ray", "data/candidate_all": 4, "data/candidate_lgbm_agree": 0, "data/candidate_lgbm_only": 0, "data/candidate_neural_agree": 0, "data/candidate_neural_only": 0, "data/candidate_triple_agree": 0, "data/selected_pairs": 4, "data/selection_rate": 1.0, "event": "pipeline_metrics", "host": "d6b2a058c4be", "pid": 51851, "queue/preference": 4, "queue/rollout": 8, "rank": null, "ts": "2026-10-04 13:09:35"}
[DBG] {"category": "QUEUE", "component": "ray", "event": "BEGIN:human_pop_rollout", "host": "d6b2a058c4be", "pid": 51851, "rank": null, "ts": "2026-10-04 13:09:35"}
[DBG] {"category": "QUEUE", "component": "ray", "event": "watchdog_armed", "host": "d6b2a058c4be", "pid": 51851, "rank": null, "stage": "human_pop_rollout", "timeout_sec": 30.0, "ts": "2026-10-04 13:09:35"}
[DBG] {"category": "QUEUE", "component": "ray", "elapsed_sec": 0.04877, "event": "END:human_pop_rollout", "host": "d6b2a058c4be", "pid": 51851, "rank": null, "ts": "2026-10-04 13:09:35"}
[DBG] {"category": "QUEUE", "component": "ray", "event": "human_group_received", "group_id": "60bc1e349fef47cc9470590481e7a5b6", "host": "d6b2a058c4be", "pid": 51851, "rank": null, "ts": "2026-10-04 13:09:35"}
[DBG] {"category": "RAY", "component": "ray", "event": "human_prompt_begin", "group_id": "60bc1e349fef47cc9470590481e7a5b6", "host": "d6b2a058c4be", "pid": 51851, "rank": null, "ts": "2026-10-04 13:09:35"}
[DBG] {"category": "RAY", "component": "ray", "event": "human_prompt_end", "group_id": "60bc1e349fef47cc9470590481e7a5b6", "host": "d6b2a058c4be", "pid": 51851, "rank": null, "ts": "2026-10-04 13:09:36"}
[DBG] {"category": "QUEUE", "component": "ray", "event": "BEGIN:human_put_preference", "group_id": "60bc1e349fef47cc9470590481e7a5b6", "host": "d6b2a058c4be", "pid": 51851, "rank": null, "ts": "2026-10-04 13:09:36"}
[DBG] {"category": "QUEUE", "component": "ray", "event": "watchdog_armed", "host": "d6b2a058c4be", "pid": 51851, "rank": null, "stage": "human_put_preference", "timeout_sec": 30.0, "ts": "2026-10-04 13:09:36"}
[DBG] {"category": "QUEUE", "component": "ray", "elapsed_sec": 0.032893, "event": "END:human_put_preference", "host": "d6b2a058c4be", "pid": 51851, "rank": null, "ts": "2026-10-04 13:09:36"}
[DBG] {"category": "QUEUE", "component": "ray", "event": "preference_selected", "group_id": "60bc1e349fef47cc9470590481e7a5b6", "host": "d6b2a058c4be", "pid": 51851, "preference_pending": 5, "rank": null, "selected": 5, "ts": "2026-10-04 13:09:36"}
[DBG] {"axis/human_groups": 5, "category": "QUEUE", "component": "ray", "data/candidate_all": 5, "data/candidate_lgbm_agree": 0, "data/candidate_lgbm_only": 0, "data/candidate_neural_agree": 0, "data/candidate_neural_only": 0, "data/candidate_triple_agree": 0, "data/selected_pairs": 5, "data/selection_rate": 1.0, "event": "pipeline_metrics", "host": "d6b2a058c4be", "pid": 51851, "queue/preference": 5, "queue/rollout": 9, "rank": null, "ts": "2026-10-04 13:09:36"}
[DBG] {"category": "QUEUE", "component": "ray", "event": "BEGIN:human_pop_rollout", "host": "d6b2a058c4be", "pid": 51851, "rank": null, "ts": "2026-10-04 13:09:36"}
[DBG] {"category": "QUEUE", "component": "ray", "event": "watchdog_armed", "host": "d6b2a058c4be", "pid": 51851, "rank": null, "stage": "human_pop_rollout", "timeout_sec": 30.0, "ts": "2026-10-04 13:09:36"}
[DBG] {"category": "QUEUE", "component": "ray", "elapsed_sec": 0.046901, "event": "END:human_pop_rollout", "host": "d6b2a058c4be", "pid": 51851, "rank": null, "ts": "2026-10-04 13:09:36"}
[DBG] {"category": "QUEUE", "component": "ray", "event": "human_group_received", "group_id": "52db8bedc2f54a3c8816107f4986adf4", "host": "d6b2a058c4be", "pid": 51851, "rank": null, "ts": "2026-10-04 13:09:36"}
[DBG] {"category": "RAY", "component": "ray", "event": "human_prompt_begin", "group_id": "52db8bedc2f54a3c8816107f4986adf4", "host": "d6b2a058c4be", "pid": 51851, "rank": null, "ts": "2026-10-04 13:09:36"}
[DBG] {"category": "RAY", "component": "ray", "event": "shutdown_begin", "host": "d6b2a058c4be", "pid": 51851, "rank": null, "ts": "2026-10-04 13:15:21"}
